[qhead_k3_r100_09_lr56_fix09_dec10k_lr10x_bb40k_h30k_recon_s20260722]   [head-train] auto-detected num_encoder_layers=3 from backbone checkpoint
[qhead_k3_r100_09_lr56_fix09_dec10k_lr10x_bb40k_h30k_recon_s20260722]   [head-train] auto-detected qk_norm=True from backbone checkpoint
[qhead_k3_r100_09_lr56_fix09_dec10k_lr10x_bb40k_h30k_recon_s20260722]   [head-train] auto-detected attn_out_norm=True from backbone checkpoint
[qhead_k3_r100_09_lr56_fix09_dec10k_lr10x_bb40k_h30k_recon_s20260722]   [head-train] auto-detected patch_stats=none
[qhead_k3_r100_09_lr56_fix09_dec10k_lr10x_bb40k_h30k_recon_s20260722] Backbone loaded from /workspace/ckpt/k3_r100_09_lr56_fix09_dec10k_lr10x/arm6_v2_combab_alignT/leg_40k/cf393_arm6_v2_combab_alignT_cf373k3_cf412_k3_r100_09_lr56_fix09_dec10k_lr10x_40k.pth (0 params, frozen, encoder=student)
/workspace/cf-425/src/forecasting_head.py:188: UserWarning: enable_nested_tensor is True, but self.use_nested_tensor is False because encoder_layer.norm_first was True
  self.transformer = nn.TransformerEncoder(layer, num_layers=num_layers)
[qhead_k3_r100_09_lr56_fix09_dec10k_lr10x_bb40k_h30k_recon_s20260722] Forecasting head [transformer-q (2L H384 nhead8 causal)]: 3,605,136 trainable params
[qhead_k3_r100_09_lr56_fix09_dec10k_lr10x_bb40k_h30k_recon_s20260722] Optimizer: AdamW lr=0.001 betas=(0.9,0.999) wd=0.01 eps=1e-08
[qhead_k3_r100_09_lr56_fix09_dec10k_lr10x_bb40k_h30k_recon_s20260722] Schedule: constant warmup=0 decay_start=24000 final_ratio=0.1
[qhead_k3_r100_09_lr56_fix09_dec10k_lr10x_bb460k_h30k_recon_s20260722]   [head-train] auto-detected num_encoder_layers=3 from backbone checkpoint
[qhead_k3_r100_09_lr56_fix09_dec10k_lr10x_bb460k_h30k_recon_s20260722]   [head-train] auto-detected qk_norm=True from backbone checkpoint
[qhead_k3_r100_09_lr56_fix09_dec10k_lr10x_bb460k_h30k_recon_s20260722]   [head-train] auto-detected attn_out_norm=True from backbone checkpoint
[qhead_k3_r100_09_lr56_fix09_dec10k_lr10x_bb460k_h30k_recon_s20260722]   [head-train] auto-detected patch_stats=none
[qhead_k3_r100_09_lr56_fix09_dec10k_lr10x_bb460k_h30k_recon_s20260722] Backbone loaded from /workspace/ckpt/k3_r100_09_lr56_fix09_dec10k_lr10x/arm6_v2_combab_alignT/leg_460k/cf393_arm6_v2_combab_alignT_cf373k3_cf412_k3_r100_09_lr56_fix09_dec10k_lr10x_r2_460k.pth (0 params, frozen, encoder=student)
/workspace/cf-425/src/forecasting_head.py:188: UserWarning: enable_nested_tensor is True, but self.use_nested_tensor is False because encoder_layer.norm_first was True
  self.transformer = nn.TransformerEncoder(layer, num_layers=num_layers)
[qhead_k3_r100_09_lr56_fix09_dec10k_lr10x_bb460k_h30k_recon_s20260722] Forecasting head [transformer-q (2L H384 nhead8 causal)]: 3,605,136 trainable params
[qhead_k3_r100_09_lr56_fix09_dec10k_lr10x_bb460k_h30k_recon_s20260722] Optimizer: AdamW lr=0.001 betas=(0.9,0.999) wd=0.01 eps=1e-08
[qhead_k3_r100_09_lr56_fix09_dec10k_lr10x_bb460k_h30k_recon_s20260722] Schedule: constant warmup=0 decay_start=24000 final_ratio=0.1
[qhead_k3_r100_09_lr56_fix09_dec10k_lr10x_bb100k_h30k_recon_s20260722]   [head-train] auto-detected num_encoder_layers=3 from backbone checkpoint
[qhead_k3_r100_09_lr56_fix09_dec10k_lr10x_bb100k_h30k_recon_s20260722]   [head-train] auto-detected qk_norm=True from backbone checkpoint
[qhead_k3_r100_09_lr56_fix09_dec10k_lr10x_bb100k_h30k_recon_s20260722]   [head-train] auto-detected attn_out_norm=True from backbone checkpoint
[qhead_k3_r100_09_lr56_fix09_dec10k_lr10x_bb100k_h30k_recon_s20260722]   [head-train] auto-detected patch_stats=none
[qhead_k3_r100_09_lr56_fix09_dec10k_lr10x_bb100k_h30k_recon_s20260722] Backbone loaded from /workspace/ckpt/k3_r100_09_lr56_fix09_dec10k_lr10x/arm6_v2_combab_alignT/leg_100k/cf393_arm6_v2_combab_alignT_cf373k3_cf412_k3_r100_09_lr56_fix09_dec10k_lr10x_100k.pth (0 params, frozen, encoder=student)
[qhead_k3_r100_09_lr56_fix09_dec10k_lr10x_bb100k_h30k_recon_s20260722] Forecasting head [transformer-q (2L H384 nhead8 causal)]: 3,605,136 trainable params
[qhead_k3_r100_09_lr56_fix09_dec10k_lr10x_bb100k_h30k_recon_s20260722] Optimizer: AdamW lr=0.001 betas=(0.9,0.999) wd=0.01 eps=1e-08
[qhead_k3_r100_09_lr56_fix09_dec10k_lr10x_bb100k_h30k_recon_s20260722] Schedule: constant warmup=0 decay_start=24000 final_ratio=0.1
[qhead_k3_r100_09_lr56_fix09_dec10k_lr10x_bb140k_h30k_recon_s20260722]   [head-train] auto-detected num_encoder_layers=3 from backbone checkpoint
[qhead_k3_r100_09_lr56_fix09_dec10k_lr10x_bb140k_h30k_recon_s20260722]   [head-train] auto-detected qk_norm=True from backbone checkpoint
[qhead_k3_r100_09_lr56_fix09_dec10k_lr10x_bb140k_h30k_recon_s20260722]   [head-train] auto-detected attn_out_norm=True from backbone checkpoint
[qhead_k3_r100_09_lr56_fix09_dec10k_lr10x_bb140k_h30k_recon_s20260722]   [head-train] auto-detected patch_stats=none
[qhead_k3_r100_09_lr56_fix09_dec10k_lr10x_bb140k_h30k_recon_s20260722] Backbone loaded from /workspace/ckpt/k3_r100_09_lr56_fix09_dec10k_lr10x/arm6_v2_combab_alignT/leg_140k/cf393_arm6_v2_combab_alignT_cf373k3_cf412_k3_r100_09_lr56_fix09_dec10k_lr10x_140k.pth (0 params, frozen, encoder=student)
[qhead_k3_r100_09_lr56_fix09_dec10k_lr10x_bb140k_h30k_recon_s20260722] Forecasting head [transformer-q (2L H384 nhead8 causal)]: 3,605,136 trainable params
[qhead_k3_r100_09_lr56_fix09_dec10k_lr10x_bb140k_h30k_recon_s20260722] Optimizer: AdamW lr=0.001 betas=(0.9,0.999) wd=0.01 eps=1e-08
[qhead_k3_r100_09_lr56_fix09_dec10k_lr10x_bb140k_h30k_recon_s20260722] Schedule: constant warmup=0 decay_start=24000 final_ratio=0.1
[qhead_k3_r100_09_lr56_fix09_dec10k_lr10x_bb180k_h30k_recon_s20260722]   [head-train] auto-detected num_encoder_layers=3 from backbone checkpoint
[qhead_k3_r100_09_lr56_fix09_dec10k_lr10x_bb180k_h30k_recon_s20260722]   [head-train] auto-detected qk_norm=True from backbone checkpoint
[qhead_k3_r100_09_lr56_fix09_dec10k_lr10x_bb180k_h30k_recon_s20260722]   [head-train] auto-detected attn_out_norm=True from backbone checkpoint
[qhead_k3_r100_09_lr56_fix09_dec10k_lr10x_bb180k_h30k_recon_s20260722]   [head-train] auto-detected patch_stats=none
[qhead_k3_r100_09_lr56_fix09_dec10k_lr10x_bb180k_h30k_recon_s20260722] Backbone loaded from /workspace/ckpt/k3_r100_09_lr56_fix09_dec10k_lr10x/arm6_v2_combab_alignT/leg_180k/cf393_arm6_v2_combab_alignT_cf373k3_cf412_k3_r100_09_lr56_fix09_dec10k_lr10x_180k.pth (0 params, frozen, encoder=student)
[qhead_k3_r100_09_lr56_fix09_dec10k_lr10x_bb180k_h30k_recon_s20260722] Forecasting head [transformer-q (2L H384 nhead8 causal)]: 3,605,136 trainable params
[qhead_k3_r100_09_lr56_fix09_dec10k_lr10x_bb180k_h30k_recon_s20260722] Optimizer: AdamW lr=0.001 betas=(0.9,0.999) wd=0.01 eps=1e-08
[qhead_k3_r100_09_lr56_fix09_dec10k_lr10x_bb180k_h30k_recon_s20260722] Schedule: constant warmup=0 decay_start=24000 final_ratio=0.1
[qhead_k3_r100_09_lr56_fix09_dec10k_lr10x_bb200k_h30k_recon_s20260722]   [head-train] auto-detected num_encoder_layers=3 from backbone checkpoint
[qhead_k3_r100_09_lr56_fix09_dec10k_lr10x_bb200k_h30k_recon_s20260722]   [head-train] auto-detected qk_norm=True from backbone checkpoint
[qhead_k3_r100_09_lr56_fix09_dec10k_lr10x_bb200k_h30k_recon_s20260722]   [head-train] auto-detected attn_out_norm=True from backbone checkpoint
[qhead_k3_r100_09_lr56_fix09_dec10k_lr10x_bb200k_h30k_recon_s20260722]   [head-train] auto-detected patch_stats=none
[qhead_k3_r100_09_lr56_fix09_dec10k_lr10x_bb200k_h30k_recon_s20260722] Backbone loaded from /workspace/ckpt/k3_r100_09_lr56_fix09_dec10k_lr10x/arm6_v2_combab_alignT/leg_200k/cf393_arm6_v2_combab_alignT_cf373k3_cf412_k3_r100_09_lr56_fix09_dec10k_lr10x_200k.pth (0 params, frozen, encoder=student)
[qhead_k3_r100_09_lr56_fix09_dec10k_lr10x_bb200k_h30k_recon_s20260722] Forecasting head [transformer-q (2L H384 nhead8 causal)]: 3,605,136 trainable params
[qhead_k3_r100_09_lr56_fix09_dec10k_lr10x_bb200k_h30k_recon_s20260722] Optimizer: AdamW lr=0.001 betas=(0.9,0.999) wd=0.01 eps=1e-08
[qhead_k3_r100_09_lr56_fix09_dec10k_lr10x_bb200k_h30k_recon_s20260722] Schedule: constant warmup=0 decay_start=24000 final_ratio=0.1
[qhead_k3_r100_09_lr56_fix09_dec10k_lr10x_bb240k_h30k_recon_s20260722]   [head-train] auto-detected num_encoder_layers=3 from backbone checkpoint
[qhead_k3_r100_09_lr56_fix09_dec10k_lr10x_bb240k_h30k_recon_s20260722]   [head-train] auto-detected qk_norm=True from backbone checkpoint
[qhead_k3_r100_09_lr56_fix09_dec10k_lr10x_bb240k_h30k_recon_s20260722]   [head-train] auto-detected attn_out_norm=True from backbone checkpoint
[qhead_k3_r100_09_lr56_fix09_dec10k_lr10x_bb240k_h30k_recon_s20260722]   [head-train] auto-detected patch_stats=none
[qhead_k3_r100_09_lr56_fix09_dec10k_lr10x_bb240k_h30k_recon_s20260722] Backbone loaded from /workspace/ckpt/k3_r100_09_lr56_fix09_dec10k_lr10x/arm6_v2_combab_alignT/leg_240k/cf393_arm6_v2_combab_alignT_cf373k3_cf412_k3_r100_09_lr56_fix09_dec10k_lr10x_240k.pth (0 params, frozen, encoder=student)
[qhead_k3_r100_09_lr56_fix09_dec10k_lr10x_bb240k_h30k_recon_s20260722] Forecasting head [transformer-q (2L H384 nhead8 causal)]: 3,605,136 trainable params
[qhead_k3_r100_09_lr56_fix09_dec10k_lr10x_bb240k_h30k_recon_s20260722] Optimizer: AdamW lr=0.001 betas=(0.9,0.999) wd=0.01 eps=1e-08
[qhead_k3_r100_09_lr56_fix09_dec10k_lr10x_bb240k_h30k_recon_s20260722] Schedule: constant warmup=0 decay_start=24000 final_ratio=0.1
[qhead_k3_r100_09_lr56_fix09_dec10k_lr10x_bb300k_h30k_recon_s20260722]   [head-train] auto-detected num_encoder_layers=3 from backbone checkpoint
[qhead_k3_r100_09_lr56_fix09_dec10k_lr10x_bb300k_h30k_recon_s20260722]   [head-train] auto-detected qk_norm=True from backbone checkpoint
[qhead_k3_r100_09_lr56_fix09_dec10k_lr10x_bb300k_h30k_recon_s20260722]   [head-train] auto-detected attn_out_norm=True from backbone checkpoint
[qhead_k3_r100_09_lr56_fix09_dec10k_lr10x_bb300k_h30k_recon_s20260722]   [head-train] auto-detected patch_stats=none
[qhead_k3_r100_09_lr56_fix09_dec10k_lr10x_bb300k_h30k_recon_s20260722] Backbone loaded from /workspace/ckpt/k3_r100_09_lr56_fix09_dec10k_lr10x/arm6_v2_combab_alignT/leg_300k/cf393_arm6_v2_combab_alignT_cf373k3_cf412_k3_r100_09_lr56_fix09_dec10k_lr10x_300k.pth (0 params, frozen, encoder=student)
[qhead_k3_r100_09_lr56_fix09_dec10k_lr10x_bb300k_h30k_recon_s20260722] Forecasting head [transformer-q (2L H384 nhead8 causal)]: 3,605,136 trainable params
[qhead_k3_r100_09_lr56_fix09_dec10k_lr10x_bb300k_h30k_recon_s20260722] Optimizer: AdamW lr=0.001 betas=(0.9,0.999) wd=0.01 eps=1e-08
[qhead_k3_r100_09_lr56_fix09_dec10k_lr10x_bb300k_h30k_recon_s20260722] Schedule: constant warmup=0 decay_start=24000 final_ratio=0.1
[qhead_k3_r100_09_lr56_fix09_dec10k_lr10x_bb360k_h30k_recon_s20260722]   [head-train] auto-detected num_encoder_layers=3 from backbone checkpoint
[qhead_k3_r100_09_lr56_fix09_dec10k_lr10x_bb360k_h30k_recon_s20260722]   [head-train] auto-detected qk_norm=True from backbone checkpoint
[qhead_k3_r100_09_lr56_fix09_dec10k_lr10x_bb360k_h30k_recon_s20260722]   [head-train] auto-detected attn_out_norm=True from backbone checkpoint
[qhead_k3_r100_09_lr56_fix09_dec10k_lr10x_bb360k_h30k_recon_s20260722]   [head-train] auto-detected patch_stats=none
[qhead_k3_r100_09_lr56_fix09_dec10k_lr10x_bb360k_h30k_recon_s20260722] Backbone loaded from /workspace/ckpt/k3_r100_09_lr56_fix09_dec10k_lr10x/arm6_v2_combab_alignT/leg_360k/cf393_arm6_v2_combab_alignT_cf373k3_cf412_k3_r100_09_lr56_fix09_dec10k_lr10x_360k.pth (0 params, frozen, encoder=student)
[qhead_k3_r100_09_lr56_fix09_dec10k_lr10x_bb360k_h30k_recon_s20260722] Forecasting head [transformer-q (2L H384 nhead8 causal)]: 3,605,136 trainable params
[qhead_k3_r100_09_lr56_fix09_dec10k_lr10x_bb360k_h30k_recon_s20260722] Optimizer: AdamW lr=0.001 betas=(0.9,0.999) wd=0.01 eps=1e-08
[qhead_k3_r100_09_lr56_fix09_dec10k_lr10x_bb360k_h30k_recon_s20260722] Schedule: constant warmup=0 decay_start=24000 final_ratio=0.1
[qhead_k3_r100_09_lr56_fix09_dec10k_lr10x_bb400k_h30k_recon_s20260722]   [head-train] auto-detected num_encoder_layers=3 from backbone checkpoint
[qhead_k3_r100_09_lr56_fix09_dec10k_lr10x_bb400k_h30k_recon_s20260722]   [head-train] auto-detected qk_norm=True from backbone checkpoint
[qhead_k3_r100_09_lr56_fix09_dec10k_lr10x_bb400k_h30k_recon_s20260722]   [head-train] auto-detected attn_out_norm=True from backbone checkpoint
[qhead_k3_r100_09_lr56_fix09_dec10k_lr10x_bb400k_h30k_recon_s20260722]   [head-train] auto-detected patch_stats=none
[qhead_k3_r100_09_lr56_fix09_dec10k_lr10x_bb400k_h30k_recon_s20260722] Backbone loaded from /workspace/ckpt/k3_r100_09_lr56_fix09_dec10k_lr10x/arm6_v2_combab_alignT/leg_400k/cf393_arm6_v2_combab_alignT_cf373k3_cf412_k3_r100_09_lr56_fix09_dec10k_lr10x_400k.pth (0 params, frozen, encoder=student)
[qhead_k3_r100_09_lr56_fix09_dec10k_lr10x_bb400k_h30k_recon_s20260722] Forecasting head [transformer-q (2L H384 nhead8 causal)]: 3,605,136 trainable params
[qhead_k3_r100_09_lr56_fix09_dec10k_lr10x_bb400k_h30k_recon_s20260722] Optimizer: AdamW lr=0.001 betas=(0.9,0.999) wd=0.01 eps=1e-08
[qhead_k3_r100_09_lr56_fix09_dec10k_lr10x_bb400k_h30k_recon_s20260722] Schedule: constant warmup=0 decay_start=24000 final_ratio=0.1
[qhead_k3_r100_09_lr56_fix09_dec10k_lr10x_bb40k_h30k_recon_s20260722] Data: MIX 100% HF + 0% synth, hf_bs=256, synth_bs=0, synth_seed=20280722, emit_labels=True
[shared] 10 jobs on one stream: qhead_k3_r100_09_lr56_fix09_dec10k_lr10x_bb40k_h30k_recon_s20260722, qhead_k3_r100_09_lr56_fix09_dec10k_lr10x_bb460k_h30k_recon_s20260722, qhead_k3_r100_09_lr56_fix09_dec10k_lr10x_bb100k_h30k_recon_s20260722, qhead_k3_r100_09_lr56_fix09_dec10k_lr10x_bb140k_h30k_recon_s20260722, qhead_k3_r100_09_lr56_fix09_dec10k_lr10x_bb180k_h30k_recon_s20260722, qhead_k3_r100_09_lr56_fix09_dec10k_lr10x_bb200k_h30k_recon_s20260722, qhead_k3_r100_09_lr56_fix09_dec10k_lr10x_bb240k_h30k_recon_s20260722, qhead_k3_r100_09_lr56_fix09_dec10k_lr10x_bb300k_h30k_recon_s20260722, qhead_k3_r100_09_lr56_fix09_dec10k_lr10x_bb360k_h30k_recon_s20260722, qhead_k3_r100_09_lr56_fix09_dec10k_lr10x_bb400k_h30k_recon_s20260722
[qhead_k3_r100_09_lr56_fix09_dec10k_lr10x_bb40k_h30k_recon_s20260722] Loss CSV: /workspace/ckpt/cf-425/recon/eval/k3_r100_09_lr56_fix09_dec10k_lr10x_bb40k_h30k_recon/qhead_k3_r100_09_lr56_fix09_dec10k_lr10x_bb40k_h30k_recon_s20260722_losses.csv
[qhead_k3_r100_09_lr56_fix09_dec10k_lr10x_bb40k_h30k_recon_s20260722] 
[qhead_k3_r100_09_lr56_fix09_dec10k_lr10x_bb40k_h30k_recon_s20260722] Training for 30000 steps, bs=256, lr=0.001, forecast_len=16
[qhead_k3_r100_09_lr56_fix09_dec10k_lr10x_bb40k_h30k_recon_s20260722] RECONSTRUCTION mode: encoder (head decodes what latent represents, not future)
[qhead_k3_r100_09_lr56_fix09_dec10k_lr10x_bb40k_h30k_recon_s20260722] Checkpoints: /workspace/ckpt/cf-425/recon/eval/k3_r100_09_lr56_fix09_dec10k_lr10x_bb40k_h30k_recon/qhead_k3_r100_09_lr56_fix09_dec10k_lr10x_bb40k_h30k_recon_s20260722_*.pth
[qhead_k3_r100_09_lr56_fix09_dec10k_lr10x_bb460k_h30k_recon_s20260722] Loss CSV: /workspace/ckpt/cf-425/recon/eval/k3_r100_09_lr56_fix09_dec10k_lr10x_bb460k_h30k_recon/qhead_k3_r100_09_lr56_fix09_dec10k_lr10x_bb460k_h30k_recon_s20260722_losses.csv
[qhead_k3_r100_09_lr56_fix09_dec10k_lr10x_bb460k_h30k_recon_s20260722] 
[qhead_k3_r100_09_lr56_fix09_dec10k_lr10x_bb460k_h30k_recon_s20260722] Training for 30000 steps, bs=256, lr=0.001, forecast_len=16
[qhead_k3_r100_09_lr56_fix09_dec10k_lr10x_bb460k_h30k_recon_s20260722] RECONSTRUCTION mode: encoder (head decodes what latent represents, not future)
[qhead_k3_r100_09_lr56_fix09_dec10k_lr10x_bb460k_h30k_recon_s20260722] Checkpoints: /workspace/ckpt/cf-425/recon/eval/k3_r100_09_lr56_fix09_dec10k_lr10x_bb460k_h30k_recon/qhead_k3_r100_09_lr56_fix09_dec10k_lr10x_bb460k_h30k_recon_s20260722_*.pth
[qhead_k3_r100_09_lr56_fix09_dec10k_lr10x_bb100k_h30k_recon_s20260722] Loss CSV: /workspace/ckpt/cf-425/recon/eval/k3_r100_09_lr56_fix09_dec10k_lr10x_bb100k_h30k_recon/qhead_k3_r100_09_lr56_fix09_dec10k_lr10x_bb100k_h30k_recon_s20260722_losses.csv
[qhead_k3_r100_09_lr56_fix09_dec10k_lr10x_bb100k_h30k_recon_s20260722] 
[qhead_k3_r100_09_lr56_fix09_dec10k_lr10x_bb100k_h30k_recon_s20260722] Training for 30000 steps, bs=256, lr=0.001, forecast_len=16
[qhead_k3_r100_09_lr56_fix09_dec10k_lr10x_bb100k_h30k_recon_s20260722] RECONSTRUCTION mode: encoder (head decodes what latent represents, not future)
[qhead_k3_r100_09_lr56_fix09_dec10k_lr10x_bb100k_h30k_recon_s20260722] Checkpoints: /workspace/ckpt/cf-425/recon/eval/k3_r100_09_lr56_fix09_dec10k_lr10x_bb100k_h30k_recon/qhead_k3_r100_09_lr56_fix09_dec10k_lr10x_bb100k_h30k_recon_s20260722_*.pth
[qhead_k3_r100_09_lr56_fix09_dec10k_lr10x_bb140k_h30k_recon_s20260722] Loss CSV: /workspace/ckpt/cf-425/recon/eval/k3_r100_09_lr56_fix09_dec10k_lr10x_bb140k_h30k_recon/qhead_k3_r100_09_lr56_fix09_dec10k_lr10x_bb140k_h30k_recon_s20260722_losses.csv
[qhead_k3_r100_09_lr56_fix09_dec10k_lr10x_bb140k_h30k_recon_s20260722] 
[qhead_k3_r100_09_lr56_fix09_dec10k_lr10x_bb140k_h30k_recon_s20260722] Training for 30000 steps, bs=256, lr=0.001, forecast_len=16
[qhead_k3_r100_09_lr56_fix09_dec10k_lr10x_bb140k_h30k_recon_s20260722] RECONSTRUCTION mode: encoder (head decodes what latent represents, not future)
[qhead_k3_r100_09_lr56_fix09_dec10k_lr10x_bb140k_h30k_recon_s20260722] Checkpoints: /workspace/ckpt/cf-425/recon/eval/k3_r100_09_lr56_fix09_dec10k_lr10x_bb140k_h30k_recon/qhead_k3_r100_09_lr56_fix09_dec10k_lr10x_bb140k_h30k_recon_s20260722_*.pth
[qhead_k3_r100_09_lr56_fix09_dec10k_lr10x_bb180k_h30k_recon_s20260722] Loss CSV: /workspace/ckpt/cf-425/recon/eval/k3_r100_09_lr56_fix09_dec10k_lr10x_bb180k_h30k_recon/qhead_k3_r100_09_lr56_fix09_dec10k_lr10x_bb180k_h30k_recon_s20260722_losses.csv
[qhead_k3_r100_09_lr56_fix09_dec10k_lr10x_bb180k_h30k_recon_s20260722] 
[qhead_k3_r100_09_lr56_fix09_dec10k_lr10x_bb180k_h30k_recon_s20260722] Training for 30000 steps, bs=256, lr=0.001, forecast_len=16
[qhead_k3_r100_09_lr56_fix09_dec10k_lr10x_bb180k_h30k_recon_s20260722] RECONSTRUCTION mode: encoder (head decodes what latent represents, not future)
[qhead_k3_r100_09_lr56_fix09_dec10k_lr10x_bb180k_h30k_recon_s20260722] Checkpoints: /workspace/ckpt/cf-425/recon/eval/k3_r100_09_lr56_fix09_dec10k_lr10x_bb180k_h30k_recon/qhead_k3_r100_09_lr56_fix09_dec10k_lr10x_bb180k_h30k_recon_s20260722_*.pth
[qhead_k3_r100_09_lr56_fix09_dec10k_lr10x_bb200k_h30k_recon_s20260722] Loss CSV: /workspace/ckpt/cf-425/recon/eval/k3_r100_09_lr56_fix09_dec10k_lr10x_bb200k_h30k_recon/qhead_k3_r100_09_lr56_fix09_dec10k_lr10x_bb200k_h30k_recon_s20260722_losses.csv
[qhead_k3_r100_09_lr56_fix09_dec10k_lr10x_bb200k_h30k_recon_s20260722] 
[qhead_k3_r100_09_lr56_fix09_dec10k_lr10x_bb200k_h30k_recon_s20260722] Training for 30000 steps, bs=256, lr=0.001, forecast_len=16
[qhead_k3_r100_09_lr56_fix09_dec10k_lr10x_bb200k_h30k_recon_s20260722] RECONSTRUCTION mode: encoder (head decodes what latent represents, not future)
[qhead_k3_r100_09_lr56_fix09_dec10k_lr10x_bb200k_h30k_recon_s20260722] Checkpoints: /workspace/ckpt/cf-425/recon/eval/k3_r100_09_lr56_fix09_dec10k_lr10x_bb200k_h30k_recon/qhead_k3_r100_09_lr56_fix09_dec10k_lr10x_bb200k_h30k_recon_s20260722_*.pth
[qhead_k3_r100_09_lr56_fix09_dec10k_lr10x_bb240k_h30k_recon_s20260722] Loss CSV: /workspace/ckpt/cf-425/recon/eval/k3_r100_09_lr56_fix09_dec10k_lr10x_bb240k_h30k_recon/qhead_k3_r100_09_lr56_fix09_dec10k_lr10x_bb240k_h30k_recon_s20260722_losses.csv
[qhead_k3_r100_09_lr56_fix09_dec10k_lr10x_bb240k_h30k_recon_s20260722] 
[qhead_k3_r100_09_lr56_fix09_dec10k_lr10x_bb240k_h30k_recon_s20260722] Training for 30000 steps, bs=256, lr=0.001, forecast_len=16
[qhead_k3_r100_09_lr56_fix09_dec10k_lr10x_bb240k_h30k_recon_s20260722] RECONSTRUCTION mode: encoder (head decodes what latent represents, not future)
[qhead_k3_r100_09_lr56_fix09_dec10k_lr10x_bb240k_h30k_recon_s20260722] Checkpoints: /workspace/ckpt/cf-425/recon/eval/k3_r100_09_lr56_fix09_dec10k_lr10x_bb240k_h30k_recon/qhead_k3_r100_09_lr56_fix09_dec10k_lr10x_bb240k_h30k_recon_s20260722_*.pth
[qhead_k3_r100_09_lr56_fix09_dec10k_lr10x_bb300k_h30k_recon_s20260722] Loss CSV: /workspace/ckpt/cf-425/recon/eval/k3_r100_09_lr56_fix09_dec10k_lr10x_bb300k_h30k_recon/qhead_k3_r100_09_lr56_fix09_dec10k_lr10x_bb300k_h30k_recon_s20260722_losses.csv
[qhead_k3_r100_09_lr56_fix09_dec10k_lr10x_bb300k_h30k_recon_s20260722] 
[qhead_k3_r100_09_lr56_fix09_dec10k_lr10x_bb300k_h30k_recon_s20260722] Training for 30000 steps, bs=256, lr=0.001, forecast_len=16
[qhead_k3_r100_09_lr56_fix09_dec10k_lr10x_bb300k_h30k_recon_s20260722] RECONSTRUCTION mode: encoder (head decodes what latent represents, not future)
[qhead_k3_r100_09_lr56_fix09_dec10k_lr10x_bb300k_h30k_recon_s20260722] Checkpoints: /workspace/ckpt/cf-425/recon/eval/k3_r100_09_lr56_fix09_dec10k_lr10x_bb300k_h30k_recon/qhead_k3_r100_09_lr56_fix09_dec10k_lr10x_bb300k_h30k_recon_s20260722_*.pth
[qhead_k3_r100_09_lr56_fix09_dec10k_lr10x_bb360k_h30k_recon_s20260722] Loss CSV: /workspace/ckpt/cf-425/recon/eval/k3_r100_09_lr56_fix09_dec10k_lr10x_bb360k_h30k_recon/qhead_k3_r100_09_lr56_fix09_dec10k_lr10x_bb360k_h30k_recon_s20260722_losses.csv
[qhead_k3_r100_09_lr56_fix09_dec10k_lr10x_bb360k_h30k_recon_s20260722] 
[qhead_k3_r100_09_lr56_fix09_dec10k_lr10x_bb360k_h30k_recon_s20260722] Training for 30000 steps, bs=256, lr=0.001, forecast_len=16
[qhead_k3_r100_09_lr56_fix09_dec10k_lr10x_bb360k_h30k_recon_s20260722] RECONSTRUCTION mode: encoder (head decodes what latent represents, not future)
[qhead_k3_r100_09_lr56_fix09_dec10k_lr10x_bb360k_h30k_recon_s20260722] Checkpoints: /workspace/ckpt/cf-425/recon/eval/k3_r100_09_lr56_fix09_dec10k_lr10x_bb360k_h30k_recon/qhead_k3_r100_09_lr56_fix09_dec10k_lr10x_bb360k_h30k_recon_s20260722_*.pth
[qhead_k3_r100_09_lr56_fix09_dec10k_lr10x_bb400k_h30k_recon_s20260722] Loss CSV: /workspace/ckpt/cf-425/recon/eval/k3_r100_09_lr56_fix09_dec10k_lr10x_bb400k_h30k_recon/qhead_k3_r100_09_lr56_fix09_dec10k_lr10x_bb400k_h30k_recon_s20260722_losses.csv
[qhead_k3_r100_09_lr56_fix09_dec10k_lr10x_bb400k_h30k_recon_s20260722] 
[qhead_k3_r100_09_lr56_fix09_dec10k_lr10x_bb400k_h30k_recon_s20260722] Training for 30000 steps, bs=256, lr=0.001, forecast_len=16
[qhead_k3_r100_09_lr56_fix09_dec10k_lr10x_bb400k_h30k_recon_s20260722] RECONSTRUCTION mode: encoder (head decodes what latent represents, not future)
[qhead_k3_r100_09_lr56_fix09_dec10k_lr10x_bb400k_h30k_recon_s20260722] Checkpoints: /workspace/ckpt/cf-425/recon/eval/k3_r100_09_lr56_fix09_dec10k_lr10x_bb400k_h30k_recon/qhead_k3_r100_09_lr56_fix09_dec10k_lr10x_bb400k_h30k_recon_s20260722_*.pth
[shared] 1 steps: 0.09 steps/s since the start, 0.09 steps/s over the last 1, 0.9 job steps/s, peak 5.73 GiB allocated, 6.34 GiB reserved
[qhead_k3_r100_09_lr56_fix09_dec10k_lr10x_bb40k_h30k_recon_s20260722] [    500] loss=0.021754  ema_loss=0.027873  2.4 sps  ETA 3.4h
[qhead_k3_r100_09_lr56_fix09_dec10k_lr10x_bb40k_h30k_recon_s20260722]   -> New best: /workspace/ckpt/cf-425/recon/eval/k3_r100_09_lr56_fix09_dec10k_lr10x_bb40k_h30k_recon/qhead_k3_r100_09_lr56_fix09_dec10k_lr10x_bb40k_h30k_recon_s20260722_best.pth (ema_loss=0.027873)
[qhead_k3_r100_09_lr56_fix09_dec10k_lr10x_bb460k_h30k_recon_s20260722] [    500] loss=0.030571  ema_loss=0.039791  2.4 sps  ETA 3.4h
[qhead_k3_r100_09_lr56_fix09_dec10k_lr10x_bb460k_h30k_recon_s20260722]   -> New best: /workspace/ckpt/cf-425/recon/eval/k3_r100_09_lr56_fix09_dec10k_lr10x_bb460k_h30k_recon/qhead_k3_r100_09_lr56_fix09_dec10k_lr10x_bb460k_h30k_recon_s20260722_best.pth (ema_loss=0.039791)
[qhead_k3_r100_09_lr56_fix09_dec10k_lr10x_bb100k_h30k_recon_s20260722] [    500] loss=0.024609  ema_loss=0.028739  2.4 sps  ETA 3.4h
[qhead_k3_r100_09_lr56_fix09_dec10k_lr10x_bb100k_h30k_recon_s20260722]   -> New best: /workspace/ckpt/cf-425/recon/eval/k3_r100_09_lr56_fix09_dec10k_lr10x_bb100k_h30k_recon/qhead_k3_r100_09_lr56_fix09_dec10k_lr10x_bb100k_h30k_recon_s20260722_best.pth (ema_loss=0.028739)
[qhead_k3_r100_09_lr56_fix09_dec10k_lr10x_bb140k_h30k_recon_s20260722] [    500] loss=0.022262  ema_loss=0.029798  2.4 sps  ETA 3.4h
[qhead_k3_r100_09_lr56_fix09_dec10k_lr10x_bb140k_h30k_recon_s20260722]   -> New best: /workspace/ckpt/cf-425/recon/eval/k3_r100_09_lr56_fix09_dec10k_lr10x_bb140k_h30k_recon/qhead_k3_r100_09_lr56_fix09_dec10k_lr10x_bb140k_h30k_recon_s20260722_best.pth (ema_loss=0.029798)
[qhead_k3_r100_09_lr56_fix09_dec10k_lr10x_bb180k_h30k_recon_s20260722] [    500] loss=0.022679  ema_loss=0.029730  2.4 sps  ETA 3.4h
[qhead_k3_r100_09_lr56_fix09_dec10k_lr10x_bb180k_h30k_recon_s20260722]   -> New best: /workspace/ckpt/cf-425/recon/eval/k3_r100_09_lr56_fix09_dec10k_lr10x_bb180k_h30k_recon/qhead_k3_r100_09_lr56_fix09_dec10k_lr10x_bb180k_h30k_recon_s20260722_best.pth (ema_loss=0.029730)
[qhead_k3_r100_09_lr56_fix09_dec10k_lr10x_bb200k_h30k_recon_s20260722] [    500] loss=0.023897  ema_loss=0.030391  2.4 sps  ETA 3.4h
[qhead_k3_r100_09_lr56_fix09_dec10k_lr10x_bb200k_h30k_recon_s20260722]   -> New best: /workspace/ckpt/cf-425/recon/eval/k3_r100_09_lr56_fix09_dec10k_lr10x_bb200k_h30k_recon/qhead_k3_r100_09_lr56_fix09_dec10k_lr10x_bb200k_h30k_recon_s20260722_best.pth (ema_loss=0.030391)
[qhead_k3_r100_09_lr56_fix09_dec10k_lr10x_bb240k_h30k_recon_s20260722] [    500] loss=0.023207  ema_loss=0.030788  2.4 sps  ETA 3.4h
[qhead_k3_r100_09_lr56_fix09_dec10k_lr10x_bb240k_h30k_recon_s20260722]   -> New best: /workspace/ckpt/cf-425/recon/eval/k3_r100_09_lr56_fix09_dec10k_lr10x_bb240k_h30k_recon/qhead_k3_r100_09_lr56_fix09_dec10k_lr10x_bb240k_h30k_recon_s20260722_best.pth (ema_loss=0.030788)
[qhead_k3_r100_09_lr56_fix09_dec10k_lr10x_bb300k_h30k_recon_s20260722] [    500] loss=0.026321  ema_loss=0.033163  2.4 sps  ETA 3.4h
[qhead_k3_r100_09_lr56_fix09_dec10k_lr10x_bb300k_h30k_recon_s20260722]   -> New best: /workspace/ckpt/cf-425/recon/eval/k3_r100_09_lr56_fix09_dec10k_lr10x_bb300k_h30k_recon/qhead_k3_r100_09_lr56_fix09_dec10k_lr10x_bb300k_h30k_recon_s20260722_best.pth (ema_loss=0.033163)
[qhead_k3_r100_09_lr56_fix09_dec10k_lr10x_bb360k_h30k_recon_s20260722] [    500] loss=0.026691  ema_loss=0.034905  2.4 sps  ETA 3.4h
[qhead_k3_r100_09_lr56_fix09_dec10k_lr10x_bb360k_h30k_recon_s20260722]   -> New best: /workspace/ckpt/cf-425/recon/eval/k3_r100_09_lr56_fix09_dec10k_lr10x_bb360k_h30k_recon/qhead_k3_r100_09_lr56_fix09_dec10k_lr10x_bb360k_h30k_recon_s20260722_best.pth (ema_loss=0.034905)
[qhead_k3_r100_09_lr56_fix09_dec10k_lr10x_bb400k_h30k_recon_s20260722] [    500] loss=0.028611  ema_loss=0.037871  2.4 sps  ETA 3.4h
[qhead_k3_r100_09_lr56_fix09_dec10k_lr10x_bb400k_h30k_recon_s20260722]   -> New best: /workspace/ckpt/cf-425/recon/eval/k3_r100_09_lr56_fix09_dec10k_lr10x_bb400k_h30k_recon/qhead_k3_r100_09_lr56_fix09_dec10k_lr10x_bb400k_h30k_recon_s20260722_best.pth (ema_loss=0.037871)
[shared] 500 steps: 2.42 steps/s since the start, 2.56 steps/s over the last 499, 25.6 job steps/s, peak 5.76 GiB allocated, 6.34 GiB reserved
[qhead_k3_r100_09_lr56_fix09_dec10k_lr10x_bb40k_h30k_recon_s20260722] [   1000] loss=0.016437  ema_loss=0.016850  2.5 sps  ETA 3.3h
[qhead_k3_r100_09_lr56_fix09_dec10k_lr10x_bb40k_h30k_recon_s20260722]   -> New best: /workspace/ckpt/cf-425/recon/eval/k3_r100_09_lr56_fix09_dec10k_lr10x_bb40k_h30k_recon/qhead_k3_r100_09_lr56_fix09_dec10k_lr10x_bb40k_h30k_recon_s20260722_best.pth (ema_loss=0.016850)
[qhead_k3_r100_09_lr56_fix09_dec10k_lr10x_bb460k_h30k_recon_s20260722] [   1000] loss=0.022146  ema_loss=0.023681  2.5 sps  ETA 3.3h
[qhead_k3_r100_09_lr56_fix09_dec10k_lr10x_bb460k_h30k_recon_s20260722]   -> New best: /workspace/ckpt/cf-425/recon/eval/k3_r100_09_lr56_fix09_dec10k_lr10x_bb460k_h30k_recon/qhead_k3_r100_09_lr56_fix09_dec10k_lr10x_bb460k_h30k_recon_s20260722_best.pth (ema_loss=0.023681)
[qhead_k3_r100_09_lr56_fix09_dec10k_lr10x_bb100k_h30k_recon_s20260722] [   1000] loss=0.016491  ema_loss=0.017707  2.5 sps  ETA 3.3h
[qhead_k3_r100_09_lr56_fix09_dec10k_lr10x_bb100k_h30k_recon_s20260722]   -> New best: /workspace/ckpt/cf-425/recon/eval/k3_r100_09_lr56_fix09_dec10k_lr10x_bb100k_h30k_recon/qhead_k3_r100_09_lr56_fix09_dec10k_lr10x_bb100k_h30k_recon_s20260722_best.pth (ema_loss=0.017707)
[qhead_k3_r100_09_lr56_fix09_dec10k_lr10x_bb140k_h30k_recon_s20260722] [   1000] loss=0.017174  ema_loss=0.018539  2.5 sps  ETA 3.3h
[qhead_k3_r100_09_lr56_fix09_dec10k_lr10x_bb140k_h30k_recon_s20260722]   -> New best: /workspace/ckpt/cf-425/recon/eval/k3_r100_09_lr56_fix09_dec10k_lr10x_bb140k_h30k_recon/qhead_k3_r100_09_lr56_fix09_dec10k_lr10x_bb140k_h30k_recon_s20260722_best.pth (ema_loss=0.018539)
[qhead_k3_r100_09_lr56_fix09_dec10k_lr10x_bb180k_h30k_recon_s20260722] [   1000] loss=0.017488  ema_loss=0.018920  2.5 sps  ETA 3.3h
[qhead_k3_r100_09_lr56_fix09_dec10k_lr10x_bb180k_h30k_recon_s20260722]   -> New best: /workspace/ckpt/cf-425/recon/eval/k3_r100_09_lr56_fix09_dec10k_lr10x_bb180k_h30k_recon/qhead_k3_r100_09_lr56_fix09_dec10k_lr10x_bb180k_h30k_recon_s20260722_best.pth (ema_loss=0.018920)
[qhead_k3_r100_09_lr56_fix09_dec10k_lr10x_bb200k_h30k_recon_s20260722] [   1000] loss=0.017867  ema_loss=0.019417  2.5 sps  ETA 3.3h
[qhead_k3_r100_09_lr56_fix09_dec10k_lr10x_bb200k_h30k_recon_s20260722]   -> New best: /workspace/ckpt/cf-425/recon/eval/k3_r100_09_lr56_fix09_dec10k_lr10x_bb200k_h30k_recon/qhead_k3_r100_09_lr56_fix09_dec10k_lr10x_bb200k_h30k_recon_s20260722_best.pth (ema_loss=0.019417)
[qhead_k3_r100_09_lr56_fix09_dec10k_lr10x_bb240k_h30k_recon_s20260722] [   1000] loss=0.018337  ema_loss=0.019694  2.5 sps  ETA 3.3h
[qhead_k3_r100_09_lr56_fix09_dec10k_lr10x_bb240k_h30k_recon_s20260722]   -> New best: /workspace/ckpt/cf-425/recon/eval/k3_r100_09_lr56_fix09_dec10k_lr10x_bb240k_h30k_recon/qhead_k3_r100_09_lr56_fix09_dec10k_lr10x_bb240k_h30k_recon_s20260722_best.pth (ema_loss=0.019694)
[qhead_k3_r100_09_lr56_fix09_dec10k_lr10x_bb300k_h30k_recon_s20260722] [   1000] loss=0.019969  ema_loss=0.020611  2.5 sps  ETA 3.3h
[qhead_k3_r100_09_lr56_fix09_dec10k_lr10x_bb300k_h30k_recon_s20260722]   -> New best: /workspace/ckpt/cf-425/recon/eval/k3_r100_09_lr56_fix09_dec10k_lr10x_bb300k_h30k_recon/qhead_k3_r100_09_lr56_fix09_dec10k_lr10x_bb300k_h30k_recon_s20260722_best.pth (ema_loss=0.020611)
[qhead_k3_r100_09_lr56_fix09_dec10k_lr10x_bb360k_h30k_recon_s20260722] [   1000] loss=0.020302  ema_loss=0.021926  2.5 sps  ETA 3.3h
[qhead_k3_r100_09_lr56_fix09_dec10k_lr10x_bb360k_h30k_recon_s20260722]   -> New best: /workspace/ckpt/cf-425/recon/eval/k3_r100_09_lr56_fix09_dec10k_lr10x_bb360k_h30k_recon/qhead_k3_r100_09_lr56_fix09_dec10k_lr10x_bb360k_h30k_recon_s20260722_best.pth (ema_loss=0.021926)
[qhead_k3_r100_09_lr56_fix09_dec10k_lr10x_bb400k_h30k_recon_s20260722] [   1000] loss=0.021517  ema_loss=0.023023  2.5 sps  ETA 3.3h
[qhead_k3_r100_09_lr56_fix09_dec10k_lr10x_bb400k_h30k_recon_s20260722]   -> New best: /workspace/ckpt/cf-425/recon/eval/k3_r100_09_lr56_fix09_dec10k_lr10x_bb400k_h30k_recon/qhead_k3_r100_09_lr56_fix09_dec10k_lr10x_bb400k_h30k_recon_s20260722_best.pth (ema_loss=0.023023)
[shared] 1000 steps: 2.47 steps/s since the start, 2.52 steps/s over the last 500, 25.2 job steps/s, peak 5.76 GiB allocated, 6.34 GiB reserved
[qhead_k3_r100_09_lr56_fix09_dec10k_lr10x_bb40k_h30k_recon_s20260722] [   1500] loss=0.016626  ema_loss=0.014187  2.5 sps  ETA 3.2h
[qhead_k3_r100_09_lr56_fix09_dec10k_lr10x_bb40k_h30k_recon_s20260722]   -> New best: /workspace/ckpt/cf-425/recon/eval/k3_r100_09_lr56_fix09_dec10k_lr10x_bb40k_h30k_recon/qhead_k3_r100_09_lr56_fix09_dec10k_lr10x_bb40k_h30k_recon_s20260722_best.pth (ema_loss=0.014187)
[qhead_k3_r100_09_lr56_fix09_dec10k_lr10x_bb460k_h30k_recon_s20260722] [   1500] loss=0.019011  ema_loss=0.019696  2.5 sps  ETA 3.2h
[qhead_k3_r100_09_lr56_fix09_dec10k_lr10x_bb460k_h30k_recon_s20260722]   -> New best: /workspace/ckpt/cf-425/recon/eval/k3_r100_09_lr56_fix09_dec10k_lr10x_bb460k_h30k_recon/qhead_k3_r100_09_lr56_fix09_dec10k_lr10x_bb460k_h30k_recon_s20260722_best.pth (ema_loss=0.019696)
[qhead_k3_r100_09_lr56_fix09_dec10k_lr10x_bb100k_h30k_recon_s20260722] [   1500] loss=0.014968  ema_loss=0.015014  2.5 sps  ETA 3.2h
[qhead_k3_r100_09_lr56_fix09_dec10k_lr10x_bb100k_h30k_recon_s20260722]   -> New best: /workspace/ckpt/cf-425/recon/eval/k3_r100_09_lr56_fix09_dec10k_lr10x_bb100k_h30k_recon/qhead_k3_r100_09_lr56_fix09_dec10k_lr10x_bb100k_h30k_recon_s20260722_best.pth (ema_loss=0.015014)
[qhead_k3_r100_09_lr56_fix09_dec10k_lr10x_bb140k_h30k_recon_s20260722] [   1500] loss=0.015471  ema_loss=0.015596  2.5 sps  ETA 3.2h
[qhead_k3_r100_09_lr56_fix09_dec10k_lr10x_bb140k_h30k_recon_s20260722]   -> New best: /workspace/ckpt/cf-425/recon/eval/k3_r100_09_lr56_fix09_dec10k_lr10x_bb140k_h30k_recon/qhead_k3_r100_09_lr56_fix09_dec10k_lr10x_bb140k_h30k_recon_s20260722_best.pth (ema_loss=0.015596)
[qhead_k3_r100_09_lr56_fix09_dec10k_lr10x_bb180k_h30k_recon_s20260722] [   1500] loss=0.016774  ema_loss=0.016216  2.5 sps  ETA 3.2h
[qhead_k3_r100_09_lr56_fix09_dec10k_lr10x_bb180k_h30k_recon_s20260722]   -> New best: /workspace/ckpt/cf-425/recon/eval/k3_r100_09_lr56_fix09_dec10k_lr10x_bb180k_h30k_recon/qhead_k3_r100_09_lr56_fix09_dec10k_lr10x_bb180k_h30k_recon_s20260722_best.pth (ema_loss=0.016216)
[qhead_k3_r100_09_lr56_fix09_dec10k_lr10x_bb200k_h30k_recon_s20260722] [   1500] loss=0.017648  ema_loss=0.016965  2.5 sps  ETA 3.2h
[qhead_k3_r100_09_lr56_fix09_dec10k_lr10x_bb200k_h30k_recon_s20260722]   -> New best: /workspace/ckpt/cf-425/recon/eval/k3_r100_09_lr56_fix09_dec10k_lr10x_bb200k_h30k_recon/qhead_k3_r100_09_lr56_fix09_dec10k_lr10x_bb200k_h30k_recon_s20260722_best.pth (ema_loss=0.016965)
[qhead_k3_r100_09_lr56_fix09_dec10k_lr10x_bb240k_h30k_recon_s20260722] [   1500] loss=0.018808  ema_loss=0.016898  2.5 sps  ETA 3.2h
[qhead_k3_r100_09_lr56_fix09_dec10k_lr10x_bb240k_h30k_recon_s20260722]   -> New best: /workspace/ckpt/cf-425/recon/eval/k3_r100_09_lr56_fix09_dec10k_lr10x_bb240k_h30k_recon/qhead_k3_r100_09_lr56_fix09_dec10k_lr10x_bb240k_h30k_recon_s20260722_best.pth (ema_loss=0.016898)
[qhead_k3_r100_09_lr56_fix09_dec10k_lr10x_bb300k_h30k_recon_s20260722] [   1500] loss=0.021034  ema_loss=0.017928  2.5 sps  ETA 3.2h
[qhead_k3_r100_09_lr56_fix09_dec10k_lr10x_bb300k_h30k_recon_s20260722]   -> New best: /workspace/ckpt/cf-425/recon/eval/k3_r100_09_lr56_fix09_dec10k_lr10x_bb300k_h30k_recon/qhead_k3_r100_09_lr56_fix09_dec10k_lr10x_bb300k_h30k_recon_s20260722_best.pth (ema_loss=0.017928)
[qhead_k3_r100_09_lr56_fix09_dec10k_lr10x_bb360k_h30k_recon_s20260722] [   1500] loss=0.019364  ema_loss=0.018949  2.5 sps  ETA 3.2h
[qhead_k3_r100_09_lr56_fix09_dec10k_lr10x_bb360k_h30k_recon_s20260722]   -> New best: /workspace/ckpt/cf-425/recon/eval/k3_r100_09_lr56_fix09_dec10k_lr10x_bb360k_h30k_recon/qhead_k3_r100_09_lr56_fix09_dec10k_lr10x_bb360k_h30k_recon_s20260722_best.pth (ema_loss=0.018949)
[qhead_k3_r100_09_lr56_fix09_dec10k_lr10x_bb400k_h30k_recon_s20260722] [   1500] loss=0.019049  ema_loss=0.019328  2.5 sps  ETA 3.2h
[qhead_k3_r100_09_lr56_fix09_dec10k_lr10x_bb400k_h30k_recon_s20260722]   -> New best: /workspace/ckpt/cf-425/recon/eval/k3_r100_09_lr56_fix09_dec10k_lr10x_bb400k_h30k_recon/qhead_k3_r100_09_lr56_fix09_dec10k_lr10x_bb400k_h30k_recon_s20260722_best.pth (ema_loss=0.019328)
[shared] 1500 steps: 2.48 steps/s since the start, 2.50 steps/s over the last 500, 25.0 job steps/s, peak 5.76 GiB allocated, 6.34 GiB reserved
Traceback (most recent call last):
  File "/usr/local/lib/python3.12/dist-packages/huggingface_hub/utils/_http.py", line 402, in hf_raise_for_status
    response.raise_for_status()
  File "/usr/local/lib/python3.12/dist-packages/requests/models.py", line 1167, in raise_for_status
    raise HTTPError(http_error_msg, response=self)
requests.exceptions.HTTPError: 429 Client Error: Too Many Requests for url: https://huggingface.co/datasets/jeremycochoy/gift-pretrain-full-4096/resolve/main/small_v1/shard_00012.parquet

The above exception was the direct cause of the following exception:

Traceback (most recent call last):
  File "/workspace/cf-425/experiments/2026-04-13_gift-eval/scripts/train_forecasting_heads_shared.py", line 195, in <module>
    main()
  File "/workspace/cf-425/experiments/2026-04-13_gift-eval/scripts/train_forecasting_heads_shared.py", line 190, in main
    train(members, loader)
  File "/workspace/cf-425/experiments/2026-04-13_gift-eval/scripts/train_forecasting_heads_shared.py", line 150, in train
    batch = next(data_iter)
            ^^^^^^^^^^^^^^^
  File "/workspace/cf-425/src/dataloader.py", line 784, in __iter__
    hf_batch = next(hf_iter)
               ^^^^^^^^^^^^^
  File "/workspace/cf-425/src/dataloader.py", line 196, in __iter__
    raise item
  File "/workspace/cf-425/src/dataloader.py", line 163, in _producer
    for item in self._iterable:
  File "/workspace/cf-425/src/dataloader.py", line 498, in _raw_iter
    row = next(row_iter)
          ^^^^^^^^^^^^^^
  File "/workspace/cf-425/src/dataloader.py", line 332, in _pyarrow_stream_from_shards
    pf = pq.ParquetFile(f)
         ^^^^^^^^^^^^^^^^^
  File "/usr/local/lib/python3.12/dist-packages/pyarrow/parquet/core.py", line 331, in __init__
    self.reader.open(
  File "pyarrow/_parquet.pyx", line 1676, in pyarrow._parquet.ParquetReader.open
  File "pyarrow/error.pxi", line 89, in pyarrow.lib.check_status
  File "/usr/local/lib/python3.12/dist-packages/huggingface_hub/hf_file_system.py", line 1016, in read
    return super().read(length)
           ^^^^^^^^^^^^^^^^^^^^
  File "/usr/local/lib/python3.12/dist-packages/fsspec/spec.py", line 1856, in read
    out = self.cache._fetch(self.loc, self.loc + length)
          ^^^^^^^^^^^^^^^^^^^^^^^^^^^^^^^^^^^^^^^^^^^^^^
  File "/usr/local/lib/python3.12/dist-packages/fsspec/caching.py", line 189, in _fetch
    self.cache = self.fetcher(start, end)  # new block replaces old
                 ^^^^^^^^^^^^^^^^^^^^^^^^
  File "/usr/local/lib/python3.12/dist-packages/huggingface_hub/hf_file_system.py", line 977, in _fetch_range
    hf_raise_for_status(r)
  File "/usr/local/lib/python3.12/dist-packages/huggingface_hub/utils/_http.py", line 475, in hf_raise_for_status
    raise _format(HfHubHTTPError, str(e), response) from e
huggingface_hub.errors.HfHubHTTPError: 429 Client Error: Too Many Requests for url: https://huggingface.co/datasets/jeremycochoy/gift-pretrain-full-4096/resolve/main/small_v1/shard_00012.parquet (Request ID: Root=1-6ac75e14-408ae9a701d4220b629717c7;955edfa8-0120-47d0-a9ce-8c3647adff55)

We had to rate limit you, you hit the quota of 5000 resolvers requests per 5 minutes period. Upgrade to a PRO user or Team/Enterprise organization account (https://hf.co/pricing) to get higher limits. See https://huggingface.co/docs/hub/rate-limits
