08-01-14:36 align_teacher_a09 step=4900 15.2 sps alive=yes nan=0
08-01-14:36 align_teacher_sched step=4900 15.6 sps alive=yes nan=0
08-01-14:36 pred_moco_sched step=4900 17.3 sps alive=yes nan=0
08-01-14:36 rep_moco_sched step=1700 6.1 sps alive=yes nan=0
08-01-14:51 align_teacher_a09 step=18800 15.2 sps alive=yes nan=0
08-01-14:51 align_teacher_sched step=19100 15.6 sps alive=yes nan=0
08-01-14:51 pred_moco_sched step=20600 17.1 sps alive=yes nan=0
08-01-14:51 rep_moco_sched step=7100 6.1 sps alive=yes nan=0
08-01-15:06 align_teacher_a09 step=32500 15.2 sps alive=yes nan=0
08-01-15:06 align_teacher_sched step=32700 15.4 sps alive=yes nan=0
08-01-15:06 pred_moco_sched step=36200 17.3 sps alive=yes nan=0
08-01-15:06 rep_moco_sched step=12600 6.1 sps alive=yes nan=0
08-01-15:21 align_teacher_a09 step=46600 15.3 sps alive=yes nan=0
08-01-15:21 align_teacher_sched step=46800 15.5 sps alive=yes nan=0
08-01-15:21 pred_moco_sched step=52100 17.3 sps alive=yes nan=0
08-01-15:21 rep_moco_sched step=18200 6.1 sps alive=yes nan=0
08-01-15:36 align_teacher_a09 step=60700 15.4 sps alive=yes nan=0
08-01-15:36 align_teacher_sched step=61200 15.6 sps alive=yes nan=0
08-01-15:36 pred_moco_sched step=67900 17.4 sps alive=yes nan=0
08-01-15:36 rep_moco_sched step=23900 6.2 sps alive=yes nan=0
08-01-15:51 align_teacher_a09 step=74700 15.4 sps alive=yes nan=0
08-01-15:51 align_teacher_sched step=74800 15.5 sps alive=yes nan=0
08-01-15:51 pred_moco_sched step=83200 17.3 sps alive=yes nan=0
08-01-15:51 rep_moco_sched step=29700 6.2 sps alive=yes nan=0
08-01-16:06 align_teacher_a09 step=88600 15.4 sps alive=yes nan=0
08-01-16:06 align_teacher_sched step=88600 15.5 sps alive=yes nan=0
08-01-16:06 pred_moco_sched step=98200 17.2 sps alive=yes nan=0
08-01-16:06 rep_moco_sched step=35200 6.2 sps alive=yes nan=0
08-01-16:21 align_teacher_a09 step=100000 15.4 sps alive=no nan=0
08-01-16:21 align_teacher_sched step=100000 15.4 sps alive=no nan=0
08-01-16:21 pred_moco_sched step=100000 17.2 sps alive=no nan=0
08-01-16:21 rep_moco_sched step=41300 6.3 sps alive=yes nan=0
08-01-16:36 align_teacher_a09 step=100000 15.4 sps alive=no nan=0
08-01-16:36 align_teacher_sched step=100000 15.4 sps alive=no nan=0
08-01-16:36 pred_moco_sched step=100000 17.2 sps alive=no nan=0
08-01-16:36 rep_moco_sched step=47600 6.4 sps alive=yes nan=0
08-01-16:51 align_teacher_a09 step=100000 15.4 sps alive=no nan=0
08-01-16:51 align_teacher_sched step=100000 15.4 sps alive=no nan=0
08-01-16:51 pred_moco_sched step=100000 17.2 sps alive=no nan=0
08-01-16:51 rep_moco_sched step=53900 6.4 sps alive=yes nan=0
08-01-17:06 align_teacher_a09 step=100000 15.4 sps alive=no nan=0
08-01-17:06 align_teacher_sched step=100000 15.4 sps alive=no nan=0
08-01-17:06 pred_moco_sched step=100000 17.2 sps alive=no nan=0
08-01-17:06 rep_moco_sched step=60000 6.5 sps alive=yes nan=0
08-01-17:21 align_teacher_a09 step=100000 15.4 sps alive=no nan=0
08-01-17:21 align_teacher_sched step=100000 15.4 sps alive=no nan=0
08-01-17:21 pred_moco_sched step=100000 17.2 sps alive=no nan=0
08-01-17:21 rep_moco_sched step=66300 6.5 sps alive=yes nan=0
08-01-17:36 align_teacher_a09 step=100000 15.4 sps alive=no nan=0
08-01-17:36 align_teacher_sched step=100000 15.4 sps alive=no nan=0
08-01-17:36 pred_moco_sched step=100000 17.2 sps alive=no nan=0
08-01-17:36 rep_moco_sched step=72600 6.6 sps alive=yes nan=0
08-01-17:51 align_teacher_a09 step=100000 15.4 sps alive=no nan=0
08-01-17:51 align_teacher_sched step=100000 15.4 sps alive=no nan=0
08-01-17:51 pred_moco_sched step=100000 17.2 sps alive=no nan=0
08-01-17:51 rep_moco_sched step=78700 6.6 sps alive=yes nan=0
08-01-18:06 align_teacher_a09 step=100000 15.4 sps alive=no nan=0
08-01-18:06 align_teacher_sched step=100000 15.4 sps alive=no nan=0
08-01-18:06 pred_moco_sched step=100000 17.2 sps alive=no nan=0
08-01-18:06 rep_moco_sched step=84900 6.6 sps alive=yes nan=0
08-01-18:21 align_teacher_a09 step=100000 15.4 sps alive=no nan=0
08-01-18:21 align_teacher_sched step=100000 15.4 sps alive=no nan=0
08-01-18:21 pred_moco_sched step=100000 17.2 sps alive=no nan=0
08-01-18:21 rep_moco_sched step=91300 6.6 sps alive=yes nan=0
08-01-18:36 align_teacher_a09 step=100000 15.4 sps alive=no nan=0
08-01-18:36 align_teacher_sched step=100000 15.4 sps alive=no nan=0
08-01-18:36 pred_moco_sched step=100000 17.2 sps alive=no nan=0
08-01-18:36 rep_moco_sched step=97400 6.6 sps alive=yes nan=0
08-01-18:51 align_teacher_a09 step=100000 15.4 sps alive=no nan=0
08-01-18:51 align_teacher_sched step=100000 15.4 sps alive=no nan=0
08-01-18:51 pred_moco_sched step=100000 17.2 sps alive=no nan=0
08-01-18:51 rep_moco_sched step=100000 6.6 sps alive=no nan=0
08-01-18:51 all arms stopped — monitor exiting
