[07-09 18:55:50] [queue g1] RUN cell HL=6 step=20000
[07-09 18:55:50] [dl-cell-6L-step20000 g1] QH train 10000 on bb_allt08_xftrip_nobn_enc3_emateach_sigreg_qk_aon_b512_cpc_lC_emb10_enc10_tau090_seed2_step20000.pth resume=qhead_6L_allt08_xftrip_nobn_enc3_emateach_sigreg_qk_aon_b512_cpc_lC_emb10_enc10_tau090_seed2_step12500_FINAL.pth
[07-09 19:46:56] [dl-cell-6L-step20000 g1] QH done
[07-09 19:46:56] [dl-cell-6L-step20000 g1] EVAL full-97 start
[07-09 23:37:01] [dl-cell-6L-step20000 g1] EVAL done GM=1.1349
[07-09 23:37:01] [queue g1] OK  cell HL=6 step=20000
[07-09 23:37:01] [queue g1] RUN cell HL=6 step=25000
[07-09 23:37:01] [dl-cell-6L-step25000 g1] QH train 10000 on bb_allt08_xftrip_nobn_enc3_emateach_sigreg_qk_aon_b512_cpc_lC_emb10_enc10_tau090_seed2_step25000.pth resume=qhead_6L_allt08_xftrip_nobn_enc3_emateach_sigreg_qk_aon_b512_cpc_lC_emb10_enc10_tau090_seed2_step12500_FINAL.pth
[07-10 00:13:00] [queue g1] RUN cell HL=6 step=20000
[07-10 00:13:00] [dl-cell-6L-step20000 g1] QH skip (FINAL exists)
[07-10 00:13:00] [dl-cell-6L-step20000 g1] EVAL skip GM=1.1349
[07-10 00:13:00] [queue g1] OK  cell HL=6 step=20000
[07-10 00:13:00] [queue g1] RUN cell HL=6 step=25000
[07-10 00:13:00] [dl-cell-6L-step25000 g1] skip (claim held by another worker)
[07-10 00:13:00] [queue g1] OK  cell HL=6 step=25000
[07-10 00:13:00] [queue g1] RUN cell HL=2 step=30000
[07-10 00:13:00] [dl-cell-2L-step30000 g1] QH train 10000 on bb_allt08_xftrip_nobn_enc3_emateach_sigreg_qk_aon_b512_cpc_lC_emb10_enc10_tau090_seed2_r2_step30000.pth resume=qhead_2L_allt08_xftrip_nobn_enc3_emateach_sigreg_qk_aon_b512_cpc_lC_emb10_enc10_tau090_seed2_step12500_FINAL.pth
[07-10 00:28:17] [dl-cell-6L-step25000 g1] QH done
[07-10 00:28:17] [dl-cell-6L-step25000 g1] EVAL full-97 start
[07-10 01:00:18] [dl-cell-2L-step30000 g1] QH done
[07-10 01:00:18] [dl-cell-2L-step30000 g1] EVAL full-97 start
[07-10 03:54:10] [queue g1] RUN cell HL=6 step=20000
[07-10 03:54:10] [dl-cell-6L-step20000 g1] QH skip (FINAL exists)
[07-10 03:54:10] [dl-cell-6L-step20000 g1] EVAL skip GM=1.1349
[07-10 03:54:10] [queue g1] OK  cell HL=6 step=20000
[07-10 03:54:10] [queue g1] RUN cell HL=6 step=25000
[07-10 03:54:10] [dl-cell-6L-step25000 g1] skip (claim held by another worker)
[07-10 03:54:10] [queue g1] OK  cell HL=6 step=25000
[07-10 03:54:10] [queue g1] RUN cell HL=2 step=30000
[07-10 03:54:10] [dl-cell-2L-step30000 g1] skip (claim held by another worker)
[07-10 03:54:10] [queue g1] OK  cell HL=2 step=30000
[07-10 03:54:10] [queue g1] RUN cell HL=6 step=30000
[07-10 03:54:10] [dl-cell-6L-step30000 g1] skip (claim held by another worker)
[07-10 03:54:10] [queue g1] OK  cell HL=6 step=30000
[07-10 03:54:10] [queue g1] RUN cell HL=2 step=35000
[07-10 03:54:10] [dl-cell-2L-step35000 g1] QH train 10000 on bb_allt08_xftrip_nobn_enc3_emateach_sigreg_qk_aon_b512_cpc_lC_emb10_enc10_tau090_seed2_r2_step35000.pth resume=qhead_2L_allt08_xftrip_nobn_enc3_emateach_sigreg_qk_aon_b512_cpc_lC_emb10_enc10_tau090_seed2_step12500_FINAL.pth
[07-10 04:49:30] [dl-cell-2L-step35000 g1] QH done
[07-10 04:49:30] [dl-cell-2L-step35000 g1] EVAL full-97 start
[07-10 05:09:17] [dl-cell-6L-step25000 g1] EVAL done GM=1.1325
[07-10 05:09:17] [queue g1] OK  cell HL=6 step=25000
[07-10 05:09:17] [queue g1] RUN cell HL=2 step=30000
[07-10 05:09:17] [dl-cell-2L-step30000 g1] skip (claim held by another worker)
[07-10 05:09:17] [queue g1] OK  cell HL=2 step=30000
[07-10 05:09:17] [queue g1] RUN cell HL=6 step=30000
[07-10 05:09:17] [dl-cell-6L-step30000 g1] skip (claim held by another worker)
[07-10 05:09:17] [queue g1] OK  cell HL=6 step=30000
[07-10 05:09:17] [queue g1] RUN cell HL=2 step=35000
[07-10 05:09:17] [dl-cell-2L-step35000 g1] skip (claim held by another worker)
[07-10 05:09:17] [queue g1] OK  cell HL=2 step=35000
[07-10 05:09:17] [queue g1] RUN cell HL=6 step=35000
[07-10 05:09:17] [dl-cell-6L-step35000 g1] QH train 10000 on bb_allt08_xftrip_nobn_enc3_emateach_sigreg_qk_aon_b512_cpc_lC_emb10_enc10_tau090_seed2_r2_step35000.pth resume=qhead_6L_allt08_xftrip_nobn_enc3_emateach_sigreg_qk_aon_b512_cpc_lC_emb10_enc10_tau090_seed2_step12500_FINAL.pth
[07-10 05:33:29] [dl-cell-2L-step30000 g1] EVAL done GM=1.1333
[07-10 05:33:29] [queue g1] OK  cell HL=2 step=30000
[07-10 05:33:29] [queue g1] RUN cell HL=6 step=30000
[07-10 05:33:29] [dl-cell-6L-step30000 g1] skip (claim held by another worker)
[07-10 05:33:29] [queue g1] OK  cell HL=6 step=30000
[07-10 05:33:29] [queue g1] RUN cell HL=2 step=35000
[07-10 05:33:29] [dl-cell-2L-step35000 g1] skip (claim held by another worker)
[07-10 05:33:29] [queue g1] OK  cell HL=2 step=35000
[07-10 05:33:29] [queue g1] RUN cell HL=6 step=35000
[07-10 05:33:29] [dl-cell-6L-step35000 g1] skip (claim held by another worker)
[07-10 05:33:29] [queue g1] OK  cell HL=6 step=35000
[07-10 05:33:29] [queue g1] RUN cell HL=2 step=37500
[07-10 05:33:29] [dl-cell-2L-step37500 g1] QH train 10000 on bb_allt08_xftrip_nobn_enc3_emateach_sigreg_qk_aon_b512_cpc_lC_emb10_enc10_tau090_seed2_r2_step37500.pth resume=qhead_2L_allt08_xftrip_nobn_enc3_emateach_sigreg_qk_aon_b512_cpc_lC_emb10_enc10_tau090_seed2_step12500_FINAL.pth
[07-10 06:37:31] [dl-cell-6L-step35000 g1] QH done
[07-10 06:37:31] [dl-cell-6L-step35000 g1] EVAL full-97 start
[07-10 06:46:12] [dl-cell-2L-step37500 g1] QH done
[07-10 06:46:12] [dl-cell-2L-step37500 g1] EVAL full-97 start
[07-10 10:28:43] [dl-cell-2L-step35000 g1] EVAL done GM=1.1599
[07-10 10:28:43] [queue g1] OK  cell HL=2 step=35000
[07-10 10:28:43] [queue g1] RUN cell HL=6 step=35000
[07-10 10:28:43] [dl-cell-6L-step35000 g1] skip (claim held by another worker)
[07-10 10:28:43] [queue g1] OK  cell HL=6 step=35000
[07-10 10:28:43] [queue g1] RUN cell HL=2 step=37500
[07-10 10:28:44] [dl-cell-2L-step37500 g1] skip (claim held by another worker)
[07-10 10:28:44] [queue g1] OK  cell HL=2 step=37500
[07-10 10:28:44] [queue g1] RUN cell HL=6 step=37500
[07-10 10:28:44] [dl-cell-6L-step37500 g1] skip (claim held by another worker)
[07-10 10:28:44] [queue g1] OK  cell HL=6 step=37500
[07-10 10:28:44] [queue g1] queue done
[07-10 11:27:33] [dl-cell-6L-step35000 g1] EVAL done GM=1.1522
[07-10 11:27:33] [queue g1] OK  cell HL=6 step=35000
[07-10 11:27:33] [queue g1] RUN cell HL=2 step=37500
[07-10 11:27:33] [dl-cell-2L-step37500 g1] skip (claim held by another worker)
[07-10 11:27:33] [queue g1] OK  cell HL=2 step=37500
[07-10 11:27:33] [queue g1] RUN cell HL=6 step=37500
[07-10 11:27:33] [dl-cell-6L-step37500 g1] skip (claim held by another worker)
[07-10 11:27:33] [queue g1] OK  cell HL=6 step=37500
[07-10 11:27:33] [queue g1] queue done
[07-10 11:30:48] [dl-cell-2L-step37500 g1] EVAL done GM=1.1498
[07-10 11:30:48] [queue g1] OK  cell HL=2 step=37500
[07-10 11:30:48] [queue g1] RUN cell HL=6 step=37500
[07-10 11:30:48] [dl-cell-6L-step37500 g1] skip (claim held by another worker)
[07-10 11:30:48] [queue g1] OK  cell HL=6 step=37500
[07-10 11:30:48] [queue g1] queue done
