Device: cuda | Params: 16,894,908
Training for 25000 steps, bs=512, lr=0.001, T=4096, C=1, mix_ratio=0.0078125, freq_emb_dim=3, seasonality_emb_dim=3, mixup_p=0.3, rev_norm_kind=ewma(span=128), patch_stats=none, encoder_type=gru
Checkpoints: /home/jupyter/contrastive-forecasting/sync_b512_armC_seed2/bb_allt08_xftrip_nobn_enc3_emateach_sigreg_qk_aon_b512_cpc_lC_emb10_enc10_tau090_seed2_*.pth
Loss CSV: /home/jupyter/contrastive-forecasting/sync_b512_armC_seed2/bb_allt08_xftrip_nobn_enc3_emateach_sigreg_qk_aon_b512_cpc_lC_emb10_enc10_tau090_seed2_losses.csv
Attn-amplitude CSV: /home/jupyter/contrastive-forecasting/sync_b512_armC_seed2/bb_allt08_xftrip_nobn_enc3_emateach_sigreg_qk_aon_b512_cpc_lC_emb10_enc10_tau090_seed2_attn_amplitude.csv (every 200 steps)
Data: MIX 99% HF + 1% synth (forked-arma) + 0% crossfade + 1 triplet(s)=3 rows, hf_bs=508, synth_bs=4, cross_bs=0, total_bs=515
[    100] loss=4.4168  ema_loss=10.8048  gap=-0.0595  ema_gap=-0.2217  mixup=30/100  0.6 sps  ETA 12.3h  cpc=0.2908
              R²_rand=0.4088  R²_naive=0.3358  U_t=0.1007  U_b=0.1640  AUC=0.9937  Top1=0.5721
  timing: data=71.2ms  fwd=809.1ms  bwd=629.5ms  total=1510.8ms
  -> Saved /home/jupyter/contrastive-forecasting/sync_b512_armC_seed2/bb_allt08_xftrip_nobn_enc3_emateach_sigreg_qk_aon_b512_cpc_lC_emb10_enc10_tau090_seed2_best_gap.pth
  -> Saved /home/jupyter/contrastive-forecasting/sync_b512_armC_seed2/bb_allt08_xftrip_nobn_enc3_emateach_sigreg_qk_aon_b512_cpc_lC_emb10_enc10_tau090_seed2_best_loss.pth
[    200] loss=3.8668  ema_loss=6.5302  gap=0.1568  ema_gap=-0.0165  mixup=36/100  0.6 sps  ETA 12.1h  cpc=0.0854
              R²_rand=0.4624  R²_naive=0.4142  U_t=0.1945  U_b=0.3219  AUC=0.9993  Top1=0.9734
  timing: data=10.9ms  fwd=827.2ms  bwd=624.2ms  total=1463.4ms
  -> Saved /home/jupyter/contrastive-forecasting/sync_b512_armC_seed2/bb_allt08_xftrip_nobn_enc3_emateach_sigreg_qk_aon_b512_cpc_lC_emb10_enc10_tau090_seed2_best_gap.pth
  -> Saved /home/jupyter/contrastive-forecasting/sync_b512_armC_seed2/bb_allt08_xftrip_nobn_enc3_emateach_sigreg_qk_aon_b512_cpc_lC_emb10_enc10_tau090_seed2_best_loss.pth
[    300] loss=3.9186  ema_loss=4.8400  gap=0.2144  ema_gap=0.1177  mixup=27/100  0.6 sps  ETA 12.1h  cpc=0.0894
              R²_rand=0.4760  R²_naive=0.4390  U_t=0.2559  U_b=0.4118  AUC=1.0000  Top1=0.9922
  timing: data=11.3ms  fwd=859.6ms  bwd=635.8ms  total=1507.7ms
  -> Saved /home/jupyter/contrastive-forecasting/sync_b512_armC_seed2/bb_allt08_xftrip_nobn_enc3_emateach_sigreg_qk_aon_b512_cpc_lC_emb10_enc10_tau090_seed2_best_gap.pth
  -> Saved /home/jupyter/contrastive-forecasting/sync_b512_armC_seed2/bb_allt08_xftrip_nobn_enc3_emateach_sigreg_qk_aon_b512_cpc_lC_emb10_enc10_tau090_seed2_best_loss.pth
[    400] loss=4.0069  ema_loss=4.2400  gap=0.2472  ema_gap=0.1906  mixup=30/100  0.6 sps  ETA 11.9h  cpc=0.0681
              R²_rand=0.4821  R²_naive=0.4555  U_t=0.3028  U_b=0.4807  AUC=1.0000  Top1=0.9966
  timing: data=9.5ms  fwd=783.2ms  bwd=623.4ms  total=1417.0ms
  -> Saved /home/jupyter/contrastive-forecasting/sync_b512_armC_seed2/bb_allt08_xftrip_nobn_enc3_emateach_sigreg_qk_aon_b512_cpc_lC_emb10_enc10_tau090_seed2_best_gap.pth
  -> Saved /home/jupyter/contrastive-forecasting/sync_b512_armC_seed2/bb_allt08_xftrip_nobn_enc3_emateach_sigreg_qk_aon_b512_cpc_lC_emb10_enc10_tau090_seed2_best_loss.pth
[    500] loss=3.9468  ema_loss=4.0622  gap=0.2507  ema_gap=0.2281  mixup=31/100  0.6 sps  ETA 11.8h  cpc=0.0279
              R²_rand=0.4795  R²_naive=0.4538  U_t=0.2948  U_b=0.5458  AUC=1.0000  Top1=0.9912
  timing: data=10.2ms  fwd=773.6ms  bwd=623.9ms  total=1408.7ms
  -> Saved /home/jupyter/contrastive-forecasting/sync_b512_armC_seed2/bb_allt08_xftrip_nobn_enc3_emateach_sigreg_qk_aon_b512_cpc_lC_emb10_enc10_tau090_seed2_best_gap.pth
  -> Saved /home/jupyter/contrastive-forecasting/sync_b512_armC_seed2/bb_allt08_xftrip_nobn_enc3_emateach_sigreg_qk_aon_b512_cpc_lC_emb10_enc10_tau090_seed2_best_loss.pth
  -> Saved /home/jupyter/contrastive-forecasting/sync_b512_armC_seed2/bb_allt08_xftrip_nobn_enc3_emateach_sigreg_qk_aon_b512_cpc_lC_emb10_enc10_tau090_seed2_step500.pth
[    600] loss=3.8549  ema_loss=3.9770  gap=0.2425  ema_gap=0.2398  mixup=27/100  0.6 sps  ETA 11.7h  cpc=0.0319
              R²_rand=0.4776  R²_naive=0.4464  U_t=0.3028  U_b=0.5913  AUC=1.0000  Top1=0.9971
  timing: data=9.7ms  fwd=775.7ms  bwd=621.2ms  total=1407.3ms
  -> Saved /home/jupyter/contrastive-forecasting/sync_b512_armC_seed2/bb_allt08_xftrip_nobn_enc3_emateach_sigreg_qk_aon_b512_cpc_lC_emb10_enc10_tau090_seed2_best_gap.pth
  -> Saved /home/jupyter/contrastive-forecasting/sync_b512_armC_seed2/bb_allt08_xftrip_nobn_enc3_emateach_sigreg_qk_aon_b512_cpc_lC_emb10_enc10_tau090_seed2_best_loss.pth
[    700] loss=3.8271  ema_loss=3.9146  gap=0.2382  ema_gap=0.2401  mixup=35/100  0.6 sps  ETA 11.6h  cpc=0.0625
              R²_rand=0.4776  R²_naive=0.4459  U_t=0.3168  U_b=0.6063  AUC=1.0000  Top1=0.9983
  timing: data=9.1ms  fwd=778.2ms  bwd=621.2ms  total=1409.2ms
  -> Saved /home/jupyter/contrastive-forecasting/sync_b512_armC_seed2/bb_allt08_xftrip_nobn_enc3_emateach_sigreg_qk_aon_b512_cpc_lC_emb10_enc10_tau090_seed2_best_gap.pth
  -> Saved /home/jupyter/contrastive-forecasting/sync_b512_armC_seed2/bb_allt08_xftrip_nobn_enc3_emateach_sigreg_qk_aon_b512_cpc_lC_emb10_enc10_tau090_seed2_best_loss.pth
[    800] loss=3.8488  ema_loss=3.8577  gap=0.2337  ema_gap=0.2353  mixup=28/100  0.6 sps  ETA 11.5h  cpc=0.0297
              R²_rand=0.4644  R²_naive=0.4381  U_t=0.3107  U_b=0.5987  AUC=1.0000  Top1=0.9978
  timing: data=10.2ms  fwd=776.9ms  bwd=620.6ms  total=1408.5ms
  -> Saved /home/jupyter/contrastive-forecasting/sync_b512_armC_seed2/bb_allt08_xftrip_nobn_enc3_emateach_sigreg_qk_aon_b512_cpc_lC_emb10_enc10_tau090_seed2_best_loss.pth
[    900] loss=3.7688  ema_loss=3.8015  gap=0.2309  ema_gap=0.2356  mixup=20/100  0.6 sps  ETA 11.4h  cpc=0.0130
              R²_rand=0.4716  R²_naive=0.4352  U_t=0.3205  U_b=0.6431  AUC=1.0000  Top1=0.9942
  timing: data=10.1ms  fwd=775.6ms  bwd=620.6ms  total=1407.0ms
  -> Saved /home/jupyter/contrastive-forecasting/sync_b512_armC_seed2/bb_allt08_xftrip_nobn_enc3_emateach_sigreg_qk_aon_b512_cpc_lC_emb10_enc10_tau090_seed2_best_loss.pth
[   1000] loss=3.7981  ema_loss=3.7842  gap=0.2198  ema_gap=0.2349  mixup=36/100  0.6 sps  ETA 11.4h  cpc=0.0078
              R²_rand=0.4647  R²_naive=0.4302  U_t=0.3096  U_b=0.6461  AUC=0.9999  Top1=0.9869
  timing: data=10.4ms  fwd=774.9ms  bwd=621.0ms  total=1407.1ms
  -> Saved /home/jupyter/contrastive-forecasting/sync_b512_armC_seed2/bb_allt08_xftrip_nobn_enc3_emateach_sigreg_qk_aon_b512_cpc_lC_emb10_enc10_tau090_seed2_best_loss.pth
  -> Saved /home/jupyter/contrastive-forecasting/sync_b512_armC_seed2/bb_allt08_xftrip_nobn_enc3_emateach_sigreg_qk_aon_b512_cpc_lC_emb10_enc10_tau090_seed2_step1000.pth
[   1100] loss=3.8332  ema_loss=3.7850  gap=0.2297  ema_gap=0.2333  mixup=40/100  0.6 sps  ETA 11.3h  cpc=0.0656
              R²_rand=0.4718  R²_naive=0.4377  U_t=0.3202  U_b=0.6063  AUC=1.0000  Top1=0.9966
  timing: data=11.1ms  fwd=776.7ms  bwd=621.7ms  total=1410.4ms
[   1200] loss=3.7992  ema_loss=3.7749  gap=0.2318  ema_gap=0.2331  mixup=33/100  0.6 sps  ETA 11.5h  cpc=0.0647
              R²_rand=0.4704  R²_naive=0.4362  U_t=0.3174  U_b=0.6021  AUC=1.0000  Top1=0.9977
  timing: data=15.4ms  fwd=1131.5ms  bwd=704.6ms  total=1853.1ms
  -> Saved /home/jupyter/contrastive-forecasting/sync_b512_armC_seed2/bb_allt08_xftrip_nobn_enc3_emateach_sigreg_qk_aon_b512_cpc_lC_emb10_enc10_tau090_seed2_best_loss.pth
[   1300] loss=3.7592  ema_loss=3.7409  gap=0.2391  ema_gap=0.2363  mixup=29/100  0.6 sps  ETA 11.6h  cpc=0.0104
              R²_rand=0.4682  R²_naive=0.4377  U_t=0.3040  U_b=0.6409  AUC=1.0000  Top1=0.9963
  timing: data=19.2ms  fwd=1148.8ms  bwd=714.5ms  total=1884.2ms
  -> Saved /home/jupyter/contrastive-forecasting/sync_b512_armC_seed2/bb_allt08_xftrip_nobn_enc3_emateach_sigreg_qk_aon_b512_cpc_lC_emb10_enc10_tau090_seed2_best_loss.pth
[   1400] loss=3.7042  ema_loss=3.7038  gap=0.2512  ema_gap=0.2411  mixup=20/100  0.6 sps  ETA 11.6h  cpc=0.0942
              R²_rand=0.4817  R²_naive=0.4486  U_t=0.3062  U_b=0.5926  AUC=1.0000  Top1=0.9980
  timing: data=9.6ms  fwd=821.9ms  bwd=626.2ms  total=1458.8ms
  -> Saved /home/jupyter/contrastive-forecasting/sync_b512_armC_seed2/bb_allt08_xftrip_nobn_enc3_emateach_sigreg_qk_aon_b512_cpc_lC_emb10_enc10_tau090_seed2_best_gap.pth
  -> Saved /home/jupyter/contrastive-forecasting/sync_b512_armC_seed2/bb_allt08_xftrip_nobn_enc3_emateach_sigreg_qk_aon_b512_cpc_lC_emb10_enc10_tau090_seed2_best_loss.pth
[   1500] loss=3.6716  ema_loss=3.6582  gap=0.2452  ema_gap=0.2448  mixup=27/100  0.6 sps  ETA 11.7h  cpc=0.0236
              R²_rand=0.4709  R²_naive=0.4434  U_t=0.3161  U_b=0.6278  AUC=1.0000  Top1=0.9985
  timing: data=83.7ms  fwd=1155.9ms  bwd=715.7ms  total=1956.8ms
  -> Saved /home/jupyter/contrastive-forecasting/sync_b512_armC_seed2/bb_allt08_xftrip_nobn_enc3_emateach_sigreg_qk_aon_b512_cpc_lC_emb10_enc10_tau090_seed2_best_gap.pth
  -> Saved /home/jupyter/contrastive-forecasting/sync_b512_armC_seed2/bb_allt08_xftrip_nobn_enc3_emateach_sigreg_qk_aon_b512_cpc_lC_emb10_enc10_tau090_seed2_best_loss.pth
  -> Saved /home/jupyter/contrastive-forecasting/sync_b512_armC_seed2/bb_allt08_xftrip_nobn_enc3_emateach_sigreg_qk_aon_b512_cpc_lC_emb10_enc10_tau090_seed2_step1500.pth
[   1600] loss=3.6428  ema_loss=3.6176  gap=0.2496  ema_gap=0.2468  mixup=30/100  0.6 sps  ETA 11.8h  cpc=0.0363
              R²_rand=0.4753  R²_naive=0.4449  U_t=0.3148  U_b=0.6386  AUC=1.0000  Top1=0.9975
  timing: data=16.9ms  fwd=1083.0ms  bwd=702.0ms  total=1803.5ms
  -> Saved /home/jupyter/contrastive-forecasting/sync_b512_armC_seed2/bb_allt08_xftrip_nobn_enc3_emateach_sigreg_qk_aon_b512_cpc_lC_emb10_enc10_tau090_seed2_best_gap.pth
  -> Saved /home/jupyter/contrastive-forecasting/sync_b512_armC_seed2/bb_allt08_xftrip_nobn_enc3_emateach_sigreg_qk_aon_b512_cpc_lC_emb10_enc10_tau090_seed2_best_loss.pth
[   1700] loss=3.6050  ema_loss=3.5927  gap=0.2513  ema_gap=0.2486  mixup=33/100  0.6 sps  ETA 11.8h  cpc=0.0089
              R²_rand=0.4732  R²_naive=0.4442  U_t=0.3008  U_b=0.6559  AUC=1.0000  Top1=0.9947
  timing: data=16.6ms  fwd=963.6ms  bwd=662.9ms  total=1644.4ms
  -> Saved /home/jupyter/contrastive-forecasting/sync_b512_armC_seed2/bb_allt08_xftrip_nobn_enc3_emateach_sigreg_qk_aon_b512_cpc_lC_emb10_enc10_tau090_seed2_best_gap.pth
  -> Saved /home/jupyter/contrastive-forecasting/sync_b512_armC_seed2/bb_allt08_xftrip_nobn_enc3_emateach_sigreg_qk_aon_b512_cpc_lC_emb10_enc10_tau090_seed2_best_loss.pth
[   1800] loss=3.5746  ema_loss=3.5538  gap=0.2466  ema_gap=0.2518  mixup=28/100  0.5 sps  ETA 11.9h  cpc=0.0741
              R²_rand=0.4804  R²_naive=0.4448  U_t=0.2995  U_b=0.5933  AUC=1.0000  Top1=0.9962
  timing: data=20.5ms  fwd=1197.6ms  bwd=788.8ms  total=2008.7ms
  -> Saved /home/jupyter/contrastive-forecasting/sync_b512_armC_seed2/bb_allt08_xftrip_nobn_enc3_emateach_sigreg_qk_aon_b512_cpc_lC_emb10_enc10_tau090_seed2_best_gap.pth
  -> Saved /home/jupyter/contrastive-forecasting/sync_b512_armC_seed2/bb_allt08_xftrip_nobn_enc3_emateach_sigreg_qk_aon_b512_cpc_lC_emb10_enc10_tau090_seed2_best_loss.pth
[   1900] loss=3.5361  ema_loss=3.5608  gap=0.2581  ema_gap=0.2517  mixup=33/100  0.5 sps  ETA 12.0h  cpc=0.0714
              R²_rand=0.4841  R²_naive=0.4494  U_t=0.2909  U_b=0.6150  AUC=1.0000  Top1=0.9969
  timing: data=26.6ms  fwd=1213.2ms  bwd=819.6ms  total=2061.1ms
[   2000] loss=3.5780  ema_loss=3.5576  gap=0.2538  ema_gap=0.2507  mixup=31/100  0.5 sps  ETA 11.9h  cpc=0.0073
              R²_rand=0.4660  R²_naive=0.4396  U_t=0.3031  U_b=0.6503  AUC=0.9998  Top1=0.9937
  timing: data=15.6ms  fwd=948.6ms  bwd=659.6ms  total=1625.0ms
  -> Saved /home/jupyter/contrastive-forecasting/sync_b512_armC_seed2/bb_allt08_xftrip_nobn_enc3_emateach_sigreg_qk_aon_b512_cpc_lC_emb10_enc10_tau090_seed2_step2000.pth
[   2100] loss=3.5342  ema_loss=3.5413  gap=0.2475  ema_gap=0.2521  mixup=24/100  0.5 sps  ETA 11.8h  cpc=0.0167
              R²_rand=0.4724  R²_naive=0.4417  U_t=0.2913  U_b=0.6473  AUC=1.0000  Top1=0.9969
  timing: data=10.8ms  fwd=841.0ms  bwd=626.1ms  total=1478.7ms
  -> Saved /home/jupyter/contrastive-forecasting/sync_b512_armC_seed2/bb_allt08_xftrip_nobn_enc3_emateach_sigreg_qk_aon_b512_cpc_lC_emb10_enc10_tau090_seed2_best_gap.pth
  -> Saved /home/jupyter/contrastive-forecasting/sync_b512_armC_seed2/bb_allt08_xftrip_nobn_enc3_emateach_sigreg_qk_aon_b512_cpc_lC_emb10_enc10_tau090_seed2_best_loss.pth
[   2200] loss=3.4903  ema_loss=3.5242  gap=0.2547  ema_gap=0.2522  mixup=32/100  0.5 sps  ETA 11.7h  cpc=0.0133
              R²_rand=0.4719  R²_naive=0.4438  U_t=0.2895  U_b=0.6562  AUC=1.0000  Top1=0.9965
  timing: data=10.5ms  fwd=766.5ms  bwd=620.3ms  total=1398.0ms
  -> Saved /home/jupyter/contrastive-forecasting/sync_b512_armC_seed2/bb_allt08_xftrip_nobn_enc3_emateach_sigreg_qk_aon_b512_cpc_lC_emb10_enc10_tau090_seed2_best_gap.pth
  -> Saved /home/jupyter/contrastive-forecasting/sync_b512_armC_seed2/bb_allt08_xftrip_nobn_enc3_emateach_sigreg_qk_aon_b512_cpc_lC_emb10_enc10_tau090_seed2_best_loss.pth
[   2300] loss=3.4554  ema_loss=3.5178  gap=0.2564  ema_gap=0.2551  mixup=26/100  0.5 sps  ETA 11.7h  cpc=0.0104
              R²_rand=0.4697  R²_naive=0.4398  U_t=0.2850  U_b=0.6624  AUC=0.9998  Top1=0.9836
  timing: data=126.9ms  fwd=766.2ms  bwd=620.2ms  total=1514.0ms
  -> Saved /home/jupyter/contrastive-forecasting/sync_b512_armC_seed2/bb_allt08_xftrip_nobn_enc3_emateach_sigreg_qk_aon_b512_cpc_lC_emb10_enc10_tau090_seed2_best_gap.pth
  -> Saved /home/jupyter/contrastive-forecasting/sync_b512_armC_seed2/bb_allt08_xftrip_nobn_enc3_emateach_sigreg_qk_aon_b512_cpc_lC_emb10_enc10_tau090_seed2_best_loss.pth
[   2400] loss=3.5176  ema_loss=3.4804  gap=0.2640  ema_gap=0.2587  mixup=29/100  0.5 sps  ETA 11.6h  cpc=0.0654
              R²_rand=0.4717  R²_naive=0.4449  U_t=0.2874  U_b=0.6255  AUC=1.0000  Top1=0.9951
  timing: data=8.9ms  fwd=763.8ms  bwd=620.5ms  total=1393.9ms
  -> Saved /home/jupyter/contrastive-forecasting/sync_b512_armC_seed2/bb_allt08_xftrip_nobn_enc3_emateach_sigreg_qk_aon_b512_cpc_lC_emb10_enc10_tau090_seed2_best_gap.pth
  -> Saved /home/jupyter/contrastive-forecasting/sync_b512_armC_seed2/bb_allt08_xftrip_nobn_enc3_emateach_sigreg_qk_aon_b512_cpc_lC_emb10_enc10_tau090_seed2_best_loss.pth
[   2500] loss=3.3329  ema_loss=3.4649  gap=0.2814  ema_gap=0.2656  mixup=23/100  0.5 sps  ETA 11.5h  cpc=0.0167
              R²_rand=0.4751  R²_naive=0.4560  U_t=0.2896  U_b=0.6556  AUC=1.0000  Top1=0.9923
  timing: data=9.4ms  fwd=767.1ms  bwd=620.0ms  total=1397.3ms
  -> Saved /home/jupyter/contrastive-forecasting/sync_b512_armC_seed2/bb_allt08_xftrip_nobn_enc3_emateach_sigreg_qk_aon_b512_cpc_lC_emb10_enc10_tau090_seed2_best_gap.pth
  -> Saved /home/jupyter/contrastive-forecasting/sync_b512_armC_seed2/bb_allt08_xftrip_nobn_enc3_emateach_sigreg_qk_aon_b512_cpc_lC_emb10_enc10_tau090_seed2_best_loss.pth
  -> Saved /home/jupyter/contrastive-forecasting/sync_b512_armC_seed2/bb_allt08_xftrip_nobn_enc3_emateach_sigreg_qk_aon_b512_cpc_lC_emb10_enc10_tau090_seed2_2k.pth
  -> Saved /home/jupyter/contrastive-forecasting/sync_b512_armC_seed2/bb_allt08_xftrip_nobn_enc3_emateach_sigreg_qk_aon_b512_cpc_lC_emb10_enc10_tau090_seed2_step2500.pth
[   2600] loss=3.3684  ema_loss=3.4304  gap=0.2801  ema_gap=0.2708  mixup=28/100  0.5 sps  ETA 11.4h  cpc=0.0123
              R²_rand=0.4711  R²_naive=0.4519  U_t=0.2867  U_b=0.6707  AUC=0.9999  Top1=0.9848
  timing: data=10.7ms  fwd=785.0ms  bwd=624.5ms  total=1420.9ms
  -> Saved /home/jupyter/contrastive-forecasting/sync_b512_armC_seed2/bb_allt08_xftrip_nobn_enc3_emateach_sigreg_qk_aon_b512_cpc_lC_emb10_enc10_tau090_seed2_best_gap.pth
  -> Saved /home/jupyter/contrastive-forecasting/sync_b512_armC_seed2/bb_allt08_xftrip_nobn_enc3_emateach_sigreg_qk_aon_b512_cpc_lC_emb10_enc10_tau090_seed2_best_loss.pth
[   2700] loss=3.3588  ema_loss=3.3940  gap=0.2772  ema_gap=0.2765  mixup=27/100  0.5 sps  ETA 11.4h  cpc=0.0135
              R²_rand=0.4679  R²_naive=0.4461  U_t=0.3139  U_b=0.6844  AUC=0.9999  Top1=0.9914
  timing: data=17.5ms  fwd=1173.5ms  bwd=721.1ms  total=1913.8ms
  -> Saved /home/jupyter/contrastive-forecasting/sync_b512_armC_seed2/bb_allt08_xftrip_nobn_enc3_emateach_sigreg_qk_aon_b512_cpc_lC_emb10_enc10_tau090_seed2_best_gap.pth
  -> Saved /home/jupyter/contrastive-forecasting/sync_b512_armC_seed2/bb_allt08_xftrip_nobn_enc3_emateach_sigreg_qk_aon_b512_cpc_lC_emb10_enc10_tau090_seed2_best_loss.pth
[   2800] loss=3.3954  ema_loss=3.3882  gap=0.2850  ema_gap=0.2806  mixup=31/100  0.5 sps  ETA 11.4h  cpc=0.0080
              R²_rand=0.4709  R²_naive=0.4513  U_t=0.3209  U_b=0.6865  AUC=1.0000  Top1=0.9966
  timing: data=15.9ms  fwd=1073.4ms  bwd=698.5ms  total=1789.3ms
  -> Saved /home/jupyter/contrastive-forecasting/sync_b512_armC_seed2/bb_allt08_xftrip_nobn_enc3_emateach_sigreg_qk_aon_b512_cpc_lC_emb10_enc10_tau090_seed2_best_gap.pth
  -> Saved /home/jupyter/contrastive-forecasting/sync_b512_armC_seed2/bb_allt08_xftrip_nobn_enc3_emateach_sigreg_qk_aon_b512_cpc_lC_emb10_enc10_tau090_seed2_best_loss.pth
[   2900] loss=3.4618  ema_loss=3.3958  gap=0.2985  ema_gap=0.2858  mixup=27/100  0.5 sps  ETA 11.3h  cpc=0.0122
              R²_rand=0.4708  R²_naive=0.4538  U_t=0.3237  U_b=0.6879  AUC=0.9998  Top1=0.9865
  timing: data=11.6ms  fwd=888.0ms  bwd=646.7ms  total=1547.4ms
  -> Saved /home/jupyter/contrastive-forecasting/sync_b512_armC_seed2/bb_allt08_xftrip_nobn_enc3_emateach_sigreg_qk_aon_b512_cpc_lC_emb10_enc10_tau090_seed2_best_gap.pth
[   3000] loss=3.3895  ema_loss=3.4034  gap=0.3058  ema_gap=0.2928  mixup=20/100  0.5 sps  ETA 11.4h  cpc=0.0101
              R²_rand=0.4770  R²_naive=0.4599  U_t=0.3143  U_b=0.6967  AUC=1.0000  Top1=0.9962
  timing: data=25.3ms  fwd=1172.9ms  bwd=727.5ms  total=1927.4ms
  -> Saved /home/jupyter/contrastive-forecasting/sync_b512_armC_seed2/bb_allt08_xftrip_nobn_enc3_emateach_sigreg_qk_aon_b512_cpc_lC_emb10_enc10_tau090_seed2_best_gap.pth
  -> Saved /home/jupyter/contrastive-forecasting/sync_b512_armC_seed2/bb_allt08_xftrip_nobn_enc3_emateach_sigreg_qk_aon_b512_cpc_lC_emb10_enc10_tau090_seed2_step3000.pth
[   3100] loss=3.3377  ema_loss=3.4144  gap=0.2959  ema_gap=0.2984  mixup=29/100  0.5 sps  ETA 11.3h  cpc=0.0099
              R²_rand=0.4722  R²_naive=0.4547  U_t=0.3361  U_b=0.6825  AUC=0.9998  Top1=0.9838
  timing: data=15.4ms  fwd=984.5ms  bwd=665.1ms  total=1666.4ms
  -> Saved /home/jupyter/contrastive-forecasting/sync_b512_armC_seed2/bb_allt08_xftrip_nobn_enc3_emateach_sigreg_qk_aon_b512_cpc_lC_emb10_enc10_tau090_seed2_best_gap.pth
[   3200] loss=3.5471  ema_loss=3.4651  gap=0.3181  ema_gap=0.3016  mixup=38/100  0.5 sps  ETA 11.3h  cpc=0.0548
              R²_rand=0.4851  R²_naive=0.4694  U_t=0.3316  U_b=0.6533  AUC=1.0000  Top1=0.9972
  timing: data=16.5ms  fwd=905.0ms  bwd=648.8ms  total=1571.5ms
  -> Saved /home/jupyter/contrastive-forecasting/sync_b512_armC_seed2/bb_allt08_xftrip_nobn_enc3_emateach_sigreg_qk_aon_b512_cpc_lC_emb10_enc10_tau090_seed2_best_gap.pth
[   3300] loss=3.4439  ema_loss=3.4969  gap=0.3244  ema_gap=0.3126  mixup=29/100  0.5 sps  ETA 11.3h  cpc=0.0079
              R²_rand=0.4826  R²_naive=0.4682  U_t=0.3517  U_b=0.7005  AUC=1.0000  Top1=0.9953
  timing: data=25.9ms  fwd=1152.3ms  bwd=705.7ms  total=1885.6ms
  -> Saved /home/jupyter/contrastive-forecasting/sync_b512_armC_seed2/bb_allt08_xftrip_nobn_enc3_emateach_sigreg_qk_aon_b512_cpc_lC_emb10_enc10_tau090_seed2_best_gap.pth
[   3400] loss=3.5106  ema_loss=3.5241  gap=0.3312  ema_gap=0.3223  mixup=29/100  0.5 sps  ETA 11.2h  cpc=0.0100
              R²_rand=0.4811  R²_naive=0.4697  U_t=0.3581  U_b=0.7004  AUC=1.0000  Top1=0.9953
  timing: data=75.4ms  fwd=889.8ms  bwd=646.0ms  total=1612.3ms
  -> Saved /home/jupyter/contrastive-forecasting/sync_b512_armC_seed2/bb_allt08_xftrip_nobn_enc3_emateach_sigreg_qk_aon_b512_cpc_lC_emb10_enc10_tau090_seed2_best_gap.pth
[   3500] loss=3.5450  ema_loss=3.5377  gap=0.3275  ema_gap=0.3285  mixup=30/100  0.5 sps  ETA 11.1h  cpc=0.0166
              R²_rand=0.4699  R²_naive=0.4588  U_t=0.3475  U_b=0.6711  AUC=0.9997  Top1=0.9733
  timing: data=10.1ms  fwd=772.9ms  bwd=622.2ms  total=1406.0ms
  -> Saved /home/jupyter/contrastive-forecasting/sync_b512_armC_seed2/bb_allt08_xftrip_nobn_enc3_emateach_sigreg_qk_aon_b512_cpc_lC_emb10_enc10_tau090_seed2_best_gap.pth
  -> Saved /home/jupyter/contrastive-forecasting/sync_b512_armC_seed2/bb_allt08_xftrip_nobn_enc3_emateach_sigreg_qk_aon_b512_cpc_lC_emb10_enc10_tau090_seed2_step3500.pth
[   3600] loss=3.5549  ema_loss=3.5679  gap=0.3600  ema_gap=0.3424  mixup=29/100  0.5 sps  ETA 11.1h  cpc=0.0087
              R²_rand=0.4815  R²_naive=0.4792  U_t=0.3868  U_b=0.7051  AUC=1.0000  Top1=0.9981
  timing: data=10.0ms  fwd=765.7ms  bwd=621.0ms  total=1397.6ms
  -> Saved /home/jupyter/contrastive-forecasting/sync_b512_armC_seed2/bb_allt08_xftrip_nobn_enc3_emateach_sigreg_qk_aon_b512_cpc_lC_emb10_enc10_tau090_seed2_best_gap.pth
[   3700] loss=3.5894  ema_loss=3.5816  gap=0.3613  ema_gap=0.3535  mixup=34/100  0.5 sps  ETA 11.0h  cpc=0.0484
              R²_rand=0.4872  R²_naive=0.4813  U_t=0.3880  U_b=0.6467  AUC=1.0000  Top1=0.9975
  timing: data=10.7ms  fwd=771.5ms  bwd=621.1ms  total=1404.1ms
  -> Saved /home/jupyter/contrastive-forecasting/sync_b512_armC_seed2/bb_allt08_xftrip_nobn_enc3_emateach_sigreg_qk_aon_b512_cpc_lC_emb10_enc10_tau090_seed2_best_gap.pth
[   3800] loss=3.6751  ema_loss=3.6178  gap=0.3688  ema_gap=0.3653  mixup=36/100  0.5 sps  ETA 10.9h  cpc=0.0083
              R²_rand=0.4867  R²_naive=0.4809  U_t=0.3913  U_b=0.7144  AUC=1.0000  Top1=0.9967
  timing: data=10.6ms  fwd=767.0ms  bwd=620.4ms  total=1398.8ms
  -> Saved /home/jupyter/contrastive-forecasting/sync_b512_armC_seed2/bb_allt08_xftrip_nobn_enc3_emateach_sigreg_qk_aon_b512_cpc_lC_emb10_enc10_tau090_seed2_best_gap.pth
[   3900] loss=3.7483  ema_loss=3.7070  gap=0.4181  ema_gap=0.3809  mixup=30/100  0.5 sps  ETA 10.8h  cpc=0.0088
              R²_rand=0.4950  R²_naive=0.5001  U_t=0.4643  U_b=0.7036  AUC=0.9999  Top1=0.9939
  timing: data=9.6ms  fwd=769.0ms  bwd=620.2ms  total=1399.6ms
  -> Saved /home/jupyter/contrastive-forecasting/sync_b512_armC_seed2/bb_allt08_xftrip_nobn_enc3_emateach_sigreg_qk_aon_b512_cpc_lC_emb10_enc10_tau090_seed2_best_gap.pth
[   4000] loss=3.6974  ema_loss=3.7576  gap=0.4046  ema_gap=0.3943  mixup=30/100  0.5 sps  ETA 10.7h  cpc=0.0066
              R²_rand=0.4964  R²_naive=0.4958  U_t=0.4452  U_b=0.7100  AUC=0.9999  Top1=0.9948
  timing: data=8.9ms  fwd=767.7ms  bwd=620.7ms  total=1398.1ms
  -> Saved /home/jupyter/contrastive-forecasting/sync_b512_armC_seed2/bb_allt08_xftrip_nobn_enc3_emateach_sigreg_qk_aon_b512_cpc_lC_emb10_enc10_tau090_seed2_best_gap.pth
  -> Saved /home/jupyter/contrastive-forecasting/sync_b512_armC_seed2/bb_allt08_xftrip_nobn_enc3_emateach_sigreg_qk_aon_b512_cpc_lC_emb10_enc10_tau090_seed2_step4000.pth
[   4100] loss=3.8521  ema_loss=3.7875  gap=0.4031  ema_gap=0.4013  mixup=33/100  0.5 sps  ETA 10.7h  cpc=0.0076
              R²_rand=0.4878  R²_naive=0.4888  U_t=0.4620  U_b=0.7291  AUC=0.9999  Top1=0.9969
  timing: data=10.2ms  fwd=772.5ms  bwd=620.6ms  total=1404.0ms
  -> Saved /home/jupyter/contrastive-forecasting/sync_b512_armC_seed2/bb_allt08_xftrip_nobn_enc3_emateach_sigreg_qk_aon_b512_cpc_lC_emb10_enc10_tau090_seed2_best_gap.pth
[   4200] loss=3.8985  ema_loss=3.8551  gap=0.4075  ema_gap=0.4099  mixup=24/100  0.5 sps  ETA 10.6h  cpc=0.0078
              R²_rand=0.4759  R²_naive=0.4825  U_t=0.4805  U_b=0.7260  AUC=0.9993  Top1=0.9888
  timing: data=9.8ms  fwd=767.1ms  bwd=620.9ms  total=1398.6ms
  -> Saved /home/jupyter/contrastive-forecasting/sync_b512_armC_seed2/bb_allt08_xftrip_nobn_enc3_emateach_sigreg_qk_aon_b512_cpc_lC_emb10_enc10_tau090_seed2_best_gap.pth
[   4300] loss=3.9614  ema_loss=3.9168  gap=0.4276  ema_gap=0.4168  mixup=28/100  0.5 sps  ETA 10.5h  cpc=0.0061
              R²_rand=0.4941  R²_naive=0.4974  U_t=0.4991  U_b=0.7442  AUC=0.9999  Top1=0.9957
  timing: data=10.2ms  fwd=765.2ms  bwd=620.7ms  total=1396.8ms
  -> Saved /home/jupyter/contrastive-forecasting/sync_b512_armC_seed2/bb_allt08_xftrip_nobn_enc3_emateach_sigreg_qk_aon_b512_cpc_lC_emb10_enc10_tau090_seed2_best_gap.pth
[   4400] loss=3.9829  ema_loss=3.9838  gap=0.4198  ema_gap=0.4206  mixup=30/100  0.5 sps  ETA 10.4h  cpc=0.0094
              R²_rand=0.4900  R²_naive=0.4922  U_t=0.4836  U_b=0.7466  AUC=0.9998  Top1=0.9827
  timing: data=10.7ms  fwd=766.6ms  bwd=620.6ms  total=1398.6ms
  -> Saved /home/jupyter/contrastive-forecasting/sync_b512_armC_seed2/bb_allt08_xftrip_nobn_enc3_emateach_sigreg_qk_aon_b512_cpc_lC_emb10_enc10_tau090_seed2_best_gap.pth
[   4500] loss=4.1631  ema_loss=4.0449  gap=0.4202  ema_gap=0.4244  mixup=29/100  0.5 sps  ETA 10.4h  cpc=0.0067
              R²_rand=0.4869  R²_naive=0.4904  U_t=0.4922  U_b=0.7607  AUC=1.0000  Top1=0.9928
  timing: data=10.4ms  fwd=770.1ms  bwd=620.6ms  total=1401.8ms
  -> Saved /home/jupyter/contrastive-forecasting/sync_b512_armC_seed2/bb_allt08_xftrip_nobn_enc3_emateach_sigreg_qk_aon_b512_cpc_lC_emb10_enc10_tau090_seed2_best_gap.pth
  -> Saved /home/jupyter/contrastive-forecasting/sync_b512_armC_seed2/bb_allt08_xftrip_nobn_enc3_emateach_sigreg_qk_aon_b512_cpc_lC_emb10_enc10_tau090_seed2_step4500.pth
[   4600] loss=4.1690  ema_loss=4.1028  gap=0.4314  ema_gap=0.4296  mixup=33/100  0.6 sps  ETA 10.3h  cpc=0.0036
              R²_rand=0.4965  R²_naive=0.5001  U_t=0.5414  U_b=0.7671  AUC=1.0000  Top1=0.9981
  timing: data=10.9ms  fwd=769.2ms  bwd=620.7ms  total=1401.6ms
  -> Saved /home/jupyter/contrastive-forecasting/sync_b512_armC_seed2/bb_allt08_xftrip_nobn_enc3_emateach_sigreg_qk_aon_b512_cpc_lC_emb10_enc10_tau090_seed2_best_gap.pth
[   4700] loss=4.1171  ema_loss=4.1768  gap=0.4483  ema_gap=0.4403  mixup=33/100  0.6 sps  ETA 10.2h  cpc=0.0083
              R²_rand=0.4997  R²_naive=0.5061  U_t=0.5143  U_b=0.7649  AUC=1.0000  Top1=0.9995
  timing: data=11.1ms  fwd=767.1ms  bwd=620.3ms  total=1399.2ms
  -> Saved /home/jupyter/contrastive-forecasting/sync_b512_armC_seed2/bb_allt08_xftrip_nobn_enc3_emateach_sigreg_qk_aon_b512_cpc_lC_emb10_enc10_tau090_seed2_best_gap.pth
[   4800] loss=4.2492  ema_loss=4.2059  gap=0.4630  ema_gap=0.4489  mixup=28/100  0.6 sps  ETA 10.2h  cpc=0.0046
              R²_rand=0.4981  R²_naive=0.5084  U_t=0.5690  U_b=0.7703  AUC=1.0000  Top1=0.9986
  timing: data=9.3ms  fwd=767.3ms  bwd=620.3ms  total=1397.7ms
  -> Saved /home/jupyter/contrastive-forecasting/sync_b512_armC_seed2/bb_allt08_xftrip_nobn_enc3_emateach_sigreg_qk_aon_b512_cpc_lC_emb10_enc10_tau090_seed2_best_gap.pth
[   4900] loss=4.2933  ema_loss=4.2466  gap=0.4623  ema_gap=0.4532  mixup=36/100  0.6 sps  ETA 10.1h  cpc=0.0051
              R²_rand=0.4915  R²_naive=0.5052  U_t=0.5605  U_b=0.7786  AUC=0.9999  Top1=0.9887
  timing: data=10.5ms  fwd=766.6ms  bwd=620.8ms  total=1398.6ms
  -> Saved /home/jupyter/contrastive-forecasting/sync_b512_armC_seed2/bb_allt08_xftrip_nobn_enc3_emateach_sigreg_qk_aon_b512_cpc_lC_emb10_enc10_tau090_seed2_best_gap.pth
[   5000] loss=4.2784  ema_loss=4.2874  gap=0.4719  ema_gap=0.4598  mixup=30/100  0.6 sps  ETA 10.0h  cpc=0.0190
              R²_rand=0.5001  R²_naive=0.5090  U_t=0.5635  U_b=0.7837  AUC=1.0000  Top1=0.9990
  timing: data=10.7ms  fwd=768.7ms  bwd=620.3ms  total=1400.4ms
  -> Saved /home/jupyter/contrastive-forecasting/sync_b512_armC_seed2/bb_allt08_xftrip_nobn_enc3_emateach_sigreg_qk_aon_b512_cpc_lC_emb10_enc10_tau090_seed2_best_gap.pth
  -> Saved /home/jupyter/contrastive-forecasting/sync_b512_armC_seed2/bb_allt08_xftrip_nobn_enc3_emateach_sigreg_qk_aon_b512_cpc_lC_emb10_enc10_tau090_seed2_5k.pth
  -> Saved /home/jupyter/contrastive-forecasting/sync_b512_armC_seed2/bb_allt08_xftrip_nobn_enc3_emateach_sigreg_qk_aon_b512_cpc_lC_emb10_enc10_tau090_seed2_step5000.pth
[   5100] loss=4.3413  ema_loss=4.3211  gap=0.4705  ema_gap=0.4698  mixup=33/100  0.6 sps  ETA 10.0h  cpc=0.0693
              R²_rand=0.4961  R²_naive=0.5066  U_t=0.5406  U_b=0.7674  AUC=0.9999  Top1=0.9896
  timing: data=9.6ms  fwd=766.5ms  bwd=620.7ms  total=1397.6ms
  -> Saved /home/jupyter/contrastive-forecasting/sync_b512_armC_seed2/bb_allt08_xftrip_nobn_enc3_emateach_sigreg_qk_aon_b512_cpc_lC_emb10_enc10_tau090_seed2_best_gap.pth
[   5200] loss=4.3856  ema_loss=4.3695  gap=0.4981  ema_gap=0.4871  mixup=30/100  0.6 sps  ETA 9.9h  cpc=0.0094
              R²_rand=0.4990  R²_naive=0.5151  U_t=0.5334  U_b=0.7738  AUC=1.0000  Top1=0.9984
  timing: data=10.8ms  fwd=765.9ms  bwd=621.0ms  total=1398.5ms
  -> Saved /home/jupyter/contrastive-forecasting/sync_b512_armC_seed2/bb_allt08_xftrip_nobn_enc3_emateach_sigreg_qk_aon_b512_cpc_lC_emb10_enc10_tau090_seed2_best_gap.pth
[   5300] loss=4.2839  ema_loss=4.3706  gap=0.5332  ema_gap=0.5026  mixup=37/100  0.6 sps  ETA 9.8h  cpc=0.0333
              R²_rand=0.5138  R²_naive=0.5347  U_t=0.5808  U_b=0.6976  AUC=1.0000  Top1=0.9995
  timing: data=9.6ms  fwd=768.2ms  bwd=620.8ms  total=1399.4ms
  -> Saved /home/jupyter/contrastive-forecasting/sync_b512_armC_seed2/bb_allt08_xftrip_nobn_enc3_emateach_sigreg_qk_aon_b512_cpc_lC_emb10_enc10_tau090_seed2_best_gap.pth
[   5400] loss=4.4567  ema_loss=4.3765  gap=0.5209  ema_gap=0.5114  mixup=17/100  0.6 sps  ETA 9.8h  cpc=0.0562
              R²_rand=0.5065  R²_naive=0.5247  U_t=0.5912  U_b=0.7045  AUC=1.0000  Top1=0.9992
  timing: data=10.4ms  fwd=764.0ms  bwd=623.5ms  total=1398.7ms
  -> Saved /home/jupyter/contrastive-forecasting/sync_b512_armC_seed2/bb_allt08_xftrip_nobn_enc3_emateach_sigreg_qk_aon_b512_cpc_lC_emb10_enc10_tau090_seed2_best_gap.pth
[   5500] loss=4.4733  ema_loss=4.4066  gap=0.5128  ema_gap=0.5118  mixup=26/100  0.6 sps  ETA 9.7h  cpc=0.0426
              R²_rand=0.5005  R²_naive=0.5183  U_t=0.5990  U_b=0.7060  AUC=1.0000  Top1=0.9993
  timing: data=10.1ms  fwd=769.1ms  bwd=621.0ms  total=1400.9ms
  -> Saved /home/jupyter/contrastive-forecasting/sync_b512_armC_seed2/bb_allt08_xftrip_nobn_enc3_emateach_sigreg_qk_aon_b512_cpc_lC_emb10_enc10_tau090_seed2_best_gap.pth
  -> Saved /home/jupyter/contrastive-forecasting/sync_b512_armC_seed2/bb_allt08_xftrip_nobn_enc3_emateach_sigreg_qk_aon_b512_cpc_lC_emb10_enc10_tau090_seed2_step5500.pth
[   5600] loss=4.3869  ema_loss=4.3993  gap=0.5227  ema_gap=0.5182  mixup=38/100  0.6 sps  ETA 9.6h  cpc=0.0035
              R²_rand=0.4986  R²_naive=0.5218  U_t=0.5832  U_b=0.8034  AUC=1.0000  Top1=0.9993
  timing: data=10.4ms  fwd=766.5ms  bwd=623.4ms  total=1401.0ms
  -> Saved /home/jupyter/contrastive-forecasting/sync_b512_armC_seed2/bb_allt08_xftrip_nobn_enc3_emateach_sigreg_qk_aon_b512_cpc_lC_emb10_enc10_tau090_seed2_best_gap.pth
[   5700] loss=4.4251  ema_loss=4.4171  gap=0.5289  ema_gap=0.5239  mixup=30/100  0.6 sps  ETA 9.6h  cpc=0.0253
              R²_rand=0.4965  R²_naive=0.5214  U_t=0.6231  U_b=0.7633  AUC=1.0000  Top1=0.9987
  timing: data=10.2ms  fwd=771.0ms  bwd=620.4ms  total=1402.2ms
  -> Saved /home/jupyter/contrastive-forecasting/sync_b512_armC_seed2/bb_allt08_xftrip_nobn_enc3_emateach_sigreg_qk_aon_b512_cpc_lC_emb10_enc10_tau090_seed2_best_gap.pth
[   5800] loss=4.2976  ema_loss=4.3936  gap=0.5251  ema_gap=0.5256  mixup=30/100  0.6 sps  ETA 9.5h  cpc=0.0092
              R²_rand=0.5079  R²_naive=0.5246  U_t=0.5822  U_b=0.8082  AUC=1.0000  Top1=0.9987
  timing: data=9.9ms  fwd=765.3ms  bwd=620.8ms  total=1396.8ms
  -> Saved /home/jupyter/contrastive-forecasting/sync_b512_armC_seed2/bb_allt08_xftrip_nobn_enc3_emateach_sigreg_qk_aon_b512_cpc_lC_emb10_enc10_tau090_seed2_best_gap.pth
[   5900] loss=4.4012  ema_loss=4.3964  gap=0.5284  ema_gap=0.5267  mixup=37/100  0.6 sps  ETA 9.5h  cpc=0.0396
              R²_rand=0.5009  R²_naive=0.5230  U_t=0.6128  U_b=0.7255  AUC=1.0000  Top1=0.9995
  timing: data=10.7ms  fwd=763.0ms  bwd=621.0ms  total=1395.5ms
  -> Saved /home/jupyter/contrastive-forecasting/sync_b512_armC_seed2/bb_allt08_xftrip_nobn_enc3_emateach_sigreg_qk_aon_b512_cpc_lC_emb10_enc10_tau090_seed2_best_gap.pth
[   6000] loss=4.4135  ema_loss=4.3908  gap=0.5217  ema_gap=0.5257  mixup=26/100  0.6 sps  ETA 9.4h  cpc=0.0026
              R²_rand=0.4925  R²_naive=0.5140  U_t=0.6163  U_b=0.8122  AUC=1.0000  Top1=0.9992
  timing: data=34.2ms  fwd=768.2ms  bwd=620.6ms  total=1423.7ms
  -> Saved /home/jupyter/contrastive-forecasting/sync_b512_armC_seed2/bb_allt08_xftrip_nobn_enc3_emateach_sigreg_qk_aon_b512_cpc_lC_emb10_enc10_tau090_seed2_step6000.pth
[   6100] loss=4.3290  ema_loss=4.4063  gap=0.5187  ema_gap=0.5275  mixup=29/100  0.6 sps  ETA 9.3h  cpc=0.0069
              R²_rand=0.4907  R²_naive=0.5113  U_t=0.5701  U_b=0.7840  AUC=0.9999  Top1=0.9921
  timing: data=10.3ms  fwd=767.5ms  bwd=620.7ms  total=1399.2ms
  -> Saved /home/jupyter/contrastive-forecasting/sync_b512_armC_seed2/bb_allt08_xftrip_nobn_enc3_emateach_sigreg_qk_aon_b512_cpc_lC_emb10_enc10_tau090_seed2_best_gap.pth
[   6200] loss=4.3901  ema_loss=4.3893  gap=0.5277  ema_gap=0.5341  mixup=36/100  0.6 sps  ETA 9.3h  cpc=0.0368
              R²_rand=0.4989  R²_naive=0.5198  U_t=0.6235  U_b=0.7150  AUC=1.0000  Top1=0.9992
  timing: data=10.4ms  fwd=768.2ms  bwd=620.8ms  total=1400.2ms
  -> Saved /home/jupyter/contrastive-forecasting/sync_b512_armC_seed2/bb_allt08_xftrip_nobn_enc3_emateach_sigreg_qk_aon_b512_cpc_lC_emb10_enc10_tau090_seed2_best_gap.pth
[   6300] loss=4.4360  ema_loss=4.3872  gap=0.5324  ema_gap=0.5308  mixup=27/100  0.6 sps  ETA 9.2h  cpc=0.0381
              R²_rand=0.4961  R²_naive=0.5178  U_t=0.6346  U_b=0.7390  AUC=1.0000  Top1=0.9994
  timing: data=9.3ms  fwd=767.0ms  bwd=620.6ms  total=1397.6ms
[   6400] loss=4.4225  ema_loss=4.4065  gap=0.5421  ema_gap=0.5319  mixup=20/100  0.6 sps  ETA 9.2h  cpc=0.0353
              R²_rand=0.5020  R²_naive=0.5250  U_t=0.6300  U_b=0.7453  AUC=1.0000  Top1=0.9997
  timing: data=9.3ms  fwd=770.9ms  bwd=621.0ms  total=1402.0ms
[   6500] loss=4.3505  ema_loss=4.3819  gap=0.5241  ema_gap=0.5319  mixup=31/100  0.6 sps  ETA 9.1h  cpc=0.0049
              R²_rand=0.4950  R²_naive=0.5132  U_t=0.6411  U_b=0.8184  AUC=1.0000  Top1=0.9993
  timing: data=10.4ms  fwd=767.5ms  bwd=620.7ms  total=1399.3ms
  -> Saved /home/jupyter/contrastive-forecasting/sync_b512_armC_seed2/bb_allt08_xftrip_nobn_enc3_emateach_sigreg_qk_aon_b512_cpc_lC_emb10_enc10_tau090_seed2_step6500.pth
[   6600] loss=4.3693  ema_loss=4.3733  gap=0.5296  ema_gap=0.5275  mixup=29/100  0.6 sps  ETA 9.1h  cpc=0.0034
              R²_rand=0.4962  R²_naive=0.5161  U_t=0.6268  U_b=0.8206  AUC=1.0000  Top1=0.9992
  timing: data=10.6ms  fwd=767.7ms  bwd=620.5ms  total=1399.5ms
[   6700] loss=4.3514  ema_loss=4.3818  gap=0.5404  ema_gap=0.5317  mixup=40/100  0.6 sps  ETA 9.0h  cpc=0.0257
              R²_rand=0.4988  R²_naive=0.5221  U_t=0.6222  U_b=0.7599  AUC=1.0000  Top1=0.9999
  timing: data=11.0ms  fwd=770.1ms  bwd=620.9ms  total=1402.7ms
[   6800] loss=4.3069  ema_loss=4.3751  gap=0.5519  ema_gap=0.5361  mixup=21/100  0.6 sps  ETA 8.9h  cpc=0.0035
              R²_rand=0.5043  R²_naive=0.5285  U_t=0.5961  U_b=0.8127  AUC=1.0000  Top1=0.9990
  timing: data=9.1ms  fwd=768.4ms  bwd=620.5ms  total=1398.7ms
  -> Saved /home/jupyter/contrastive-forecasting/sync_b512_armC_seed2/bb_allt08_xftrip_nobn_enc3_emateach_sigreg_qk_aon_b512_cpc_lC_emb10_enc10_tau090_seed2_best_gap.pth
[   6900] loss=4.3962  ema_loss=4.3554  gap=0.5366  ema_gap=0.5397  mixup=30/100  0.6 sps  ETA 8.9h  cpc=0.0300
              R²_rand=0.4948  R²_naive=0.5174  U_t=0.6298  U_b=0.7772  AUC=1.0000  Top1=0.9996
  timing: data=10.3ms  fwd=768.1ms  bwd=620.6ms  total=1399.7ms
  -> Saved /home/jupyter/contrastive-forecasting/sync_b512_armC_seed2/bb_allt08_xftrip_nobn_enc3_emateach_sigreg_qk_aon_b512_cpc_lC_emb10_enc10_tau090_seed2_best_gap.pth
[   7000] loss=4.2658  ema_loss=4.3544  gap=0.5212  ema_gap=0.5343  mixup=36/100  0.6 sps  ETA 8.8h  cpc=0.0061
              R²_rand=0.4954  R²_naive=0.5113  U_t=0.6321  U_b=0.8042  AUC=0.9999  Top1=0.9875
  timing: data=10.2ms  fwd=765.4ms  bwd=620.3ms  total=1396.7ms
  -> Saved /home/jupyter/contrastive-forecasting/sync_b512_armC_seed2/bb_allt08_xftrip_nobn_enc3_emateach_sigreg_qk_aon_b512_cpc_lC_emb10_enc10_tau090_seed2_step7000.pth
[   7100] loss=4.2975  ema_loss=4.3411  gap=0.5304  ema_gap=0.5336  mixup=27/100  0.6 sps  ETA 8.8h  cpc=0.0051
              R²_rand=0.4952  R²_naive=0.5145  U_t=0.6226  U_b=0.8138  AUC=0.9996  Top1=0.9948
  timing: data=10.3ms  fwd=773.7ms  bwd=621.0ms  total=1405.7ms
[   7200] loss=4.2855  ema_loss=4.3161  gap=0.5210  ema_gap=0.5321  mixup=34/100  0.6 sps  ETA 8.7h  cpc=0.0068
              R²_rand=0.4940  R²_naive=0.5120  U_t=0.6040  U_b=0.8214  AUC=1.0000  Top1=0.9995
  timing: data=9.9ms  fwd=766.9ms  bwd=620.5ms  total=1398.1ms
[   7300] loss=4.2762  ema_loss=4.3185  gap=0.5258  ema_gap=0.5283  mixup=33/100  0.6 sps  ETA 8.7h  cpc=0.0067
              R²_rand=0.4973  R²_naive=0.5160  U_t=0.6162  U_b=0.8174  AUC=0.9999  Top1=0.9927
  timing: data=32.6ms  fwd=766.8ms  bwd=620.8ms  total=1420.9ms
[   7400] loss=4.2856  ema_loss=4.3263  gap=0.5504  ema_gap=0.5292  mixup=41/100  0.6 sps  ETA 8.6h  cpc=0.0282
              R²_rand=0.5069  R²_naive=0.5298  U_t=0.6492  U_b=0.7627  AUC=1.0000  Top1=0.9996
  timing: data=34.9ms  fwd=763.3ms  bwd=620.4ms  total=1419.3ms
[   7500] loss=4.2754  ema_loss=4.2944  gap=0.5359  ema_gap=0.5304  mixup=30/100  0.6 sps  ETA 8.6h  cpc=0.0046
              R²_rand=0.5028  R²_naive=0.5209  U_t=0.6500  U_b=0.8256  AUC=1.0000  Top1=0.9983
  timing: data=10.4ms  fwd=765.0ms  bwd=620.6ms  total=1396.8ms
  -> Saved /home/jupyter/contrastive-forecasting/sync_b512_armC_seed2/bb_allt08_xftrip_nobn_enc3_emateach_sigreg_qk_aon_b512_cpc_lC_emb10_enc10_tau090_seed2_7k.pth
  -> Saved /home/jupyter/contrastive-forecasting/sync_b512_armC_seed2/bb_allt08_xftrip_nobn_enc3_emateach_sigreg_qk_aon_b512_cpc_lC_emb10_enc10_tau090_seed2_step7500.pth
[   7600] loss=4.3110  ema_loss=4.3067  gap=0.5331  ema_gap=0.5303  mixup=31/100  0.6 sps  ETA 8.5h  cpc=0.0032
              R²_rand=0.5025  R²_naive=0.5211  U_t=0.6324  U_b=0.8105  AUC=1.0000  Top1=0.9997
  timing: data=10.0ms  fwd=765.2ms  bwd=620.7ms  total=1396.6ms
[   7700] loss=4.2600  ema_loss=4.2959  gap=0.5325  ema_gap=0.5329  mixup=30/100  0.6 sps  ETA 8.4h  cpc=0.0041
              R²_rand=0.5011  R²_naive=0.5211  U_t=0.6239  U_b=0.8115  AUC=1.0000  Top1=0.9950
  timing: data=11.0ms  fwd=764.3ms  bwd=620.4ms  total=1396.4ms
[   7800] loss=4.3350  ema_loss=4.2885  gap=0.5170  ema_gap=0.5304  mixup=30/100  0.6 sps  ETA 8.4h  cpc=0.0255
              R²_rand=0.4948  R²_naive=0.5129  U_t=0.6546  U_b=0.7513  AUC=1.0000  Top1=0.9974
  timing: data=10.2ms  fwd=766.9ms  bwd=620.9ms  total=1398.6ms
[   7900] loss=4.3090  ema_loss=4.2710  gap=0.5401  ema_gap=0.5275  mixup=31/100  0.6 sps  ETA 8.3h  cpc=0.0491
              R²_rand=0.5072  R²_naive=0.5273  U_t=0.6353  U_b=0.7313  AUC=1.0000  Top1=0.9990
  timing: data=10.1ms  fwd=764.2ms  bwd=623.4ms  total=1398.5ms
[   8000] loss=4.2960  ema_loss=4.2843  gap=0.5252  ema_gap=0.5258  mixup=40/100  0.6 sps  ETA 8.3h  cpc=0.0447
              R²_rand=0.5063  R²_naive=0.5227  U_t=0.5901  U_b=0.7247  AUC=1.0000  Top1=0.9993
  timing: data=34.5ms  fwd=763.9ms  bwd=620.6ms  total=1419.7ms
  -> Saved /home/jupyter/contrastive-forecasting/sync_b512_armC_seed2/bb_allt08_xftrip_nobn_enc3_emateach_sigreg_qk_aon_b512_cpc_lC_emb10_enc10_tau090_seed2_step8000.pth
[   8100] loss=4.2465  ema_loss=4.3054  gap=0.5362  ema_gap=0.5286  mixup=30/100  0.6 sps  ETA 8.2h  cpc=0.0055
              R²_rand=0.5096  R²_naive=0.5277  U_t=0.6183  U_b=0.7995  AUC=1.0000  Top1=0.9986
  timing: data=9.7ms  fwd=765.5ms  bwd=620.5ms  total=1396.5ms
[   8200] loss=4.2771  ema_loss=4.2512  gap=0.5336  ema_gap=0.5362  mixup=32/100  0.6 sps  ETA 8.2h  cpc=0.0338
              R²_rand=0.5058  R²_naive=0.5243  U_t=0.6278  U_b=0.7569  AUC=1.0000  Top1=0.9987
  timing: data=9.7ms  fwd=767.5ms  bwd=620.5ms  total=1398.4ms
[   8300] loss=4.2079  ema_loss=4.2549  gap=0.5378  ema_gap=0.5366  mixup=34/100  0.6 sps  ETA 8.1h  cpc=0.0458
              R²_rand=0.5103  R²_naive=0.5295  U_t=0.5990  U_b=0.7178  AUC=1.0000  Top1=0.9995
  timing: data=8.9ms  fwd=766.9ms  bwd=620.7ms  total=1397.3ms
[   8400] loss=4.2400  ema_loss=4.2475  gap=0.5286  ema_gap=0.5345  mixup=32/100  0.6 sps  ETA 8.1h  cpc=0.0065
              R²_rand=0.4987  R²_naive=0.5179  U_t=0.6392  U_b=0.8155  AUC=1.0000  Top1=0.9990
  timing: data=10.3ms  fwd=764.7ms  bwd=621.3ms  total=1397.0ms
[   8500] loss=4.2391  ema_loss=4.2544  gap=0.5254  ema_gap=0.5319  mixup=37/100  0.6 sps  ETA 8.0h  cpc=0.0415
              R²_rand=0.5092  R²_naive=0.5239  U_t=0.5941  U_b=0.7266  AUC=1.0000  Top1=0.9993
  timing: data=11.3ms  fwd=768.9ms  bwd=620.8ms  total=1401.7ms
  -> Saved /home/jupyter/contrastive-forecasting/sync_b512_armC_seed2/bb_allt08_xftrip_nobn_enc3_emateach_sigreg_qk_aon_b512_cpc_lC_emb10_enc10_tau090_seed2_step8500.pth
[   8600] loss=4.2472  ema_loss=4.2469  gap=0.5234  ema_gap=0.5278  mixup=33/100  0.6 sps  ETA 8.0h  cpc=0.0070
              R²_rand=0.5061  R²_naive=0.5235  U_t=0.6280  U_b=0.8188  AUC=1.0000  Top1=0.9990
  timing: data=9.2ms  fwd=766.1ms  bwd=620.6ms  total=1396.6ms
[   8700] loss=4.4295  ema_loss=4.2667  gap=0.4887  ema_gap=0.5178  mixup=25/100  0.6 sps  ETA 7.9h  cpc=0.0515
              R²_rand=0.5000  R²_naive=0.5080  U_t=0.5565  U_b=0.7161  AUC=1.0000  Top1=0.9962
  timing: data=9.8ms  fwd=767.6ms  bwd=620.6ms  total=1398.8ms
[   8800] loss=4.2942  ema_loss=4.2748  gap=0.5218  ema_gap=0.5196  mixup=31/100  0.6 sps  ETA 7.9h  cpc=0.0405
              R²_rand=0.5038  R²_naive=0.5229  U_t=0.6422  U_b=0.7247  AUC=1.0000  Top1=0.9995
  timing: data=9.6ms  fwd=762.7ms  bwd=620.6ms  total=1393.6ms
[   8900] loss=4.2102  ema_loss=4.2510  gap=0.5119  ema_gap=0.5173  mixup=30/100  0.6 sps  ETA 7.8h  cpc=0.0079
              R²_rand=0.5103  R²_naive=0.5222  U_t=0.6034  U_b=0.8059  AUC=1.0000  Top1=0.9978
  timing: data=21.5ms  fwd=764.5ms  bwd=620.4ms  total=1407.2ms
[   9000] loss=4.2835  ema_loss=4.2400  gap=0.5346  ema_gap=0.5184  mixup=30/100  0.6 sps  ETA 7.7h  cpc=0.0090
              R²_rand=0.5171  R²_naive=0.5313  U_t=0.6039  U_b=0.7932  AUC=1.0000  Top1=0.9984
  timing: data=10.5ms  fwd=766.3ms  bwd=620.3ms  total=1397.9ms
  -> Saved /home/jupyter/contrastive-forecasting/sync_b512_armC_seed2/bb_allt08_xftrip_nobn_enc3_emateach_sigreg_qk_aon_b512_cpc_lC_emb10_enc10_tau090_seed2_step9000.pth
[   9100] loss=4.2221  ema_loss=4.2362  gap=0.5125  ema_gap=0.5219  mixup=31/100  0.6 sps  ETA 7.7h  cpc=0.0044
              R²_rand=0.5033  R²_naive=0.5178  U_t=0.6350  U_b=0.8055  AUC=1.0000  Top1=0.9997
  timing: data=9.4ms  fwd=767.1ms  bwd=620.8ms  total=1398.1ms
[   9200] loss=4.2525  ema_loss=4.2464  gap=0.5198  ema_gap=0.5173  mixup=20/100  0.6 sps  ETA 7.6h  cpc=0.0069
              R²_rand=0.5135  R²_naive=0.5260  U_t=0.6068  U_b=0.8038  AUC=1.0000  Top1=0.9988
  timing: data=8.6ms  fwd=767.0ms  bwd=620.4ms  total=1396.7ms
[   9300] loss=4.2321  ema_loss=4.2523  gap=0.5188  ema_gap=0.5160  mixup=33/100  0.6 sps  ETA 7.6h  cpc=0.0109
              R²_rand=0.5135  R²_naive=0.5277  U_t=0.5871  U_b=0.7948  AUC=1.0000  Top1=0.9993
  timing: data=10.6ms  fwd=765.6ms  bwd=620.7ms  total=1397.7ms
[   9400] loss=4.1971  ema_loss=4.2197  gap=0.5357  ema_gap=0.5250  mixup=33/100  0.6 sps  ETA 7.5h  cpc=0.0041
              R²_rand=0.5184  R²_naive=0.5328  U_t=0.6382  U_b=0.7921  AUC=1.0000  Top1=0.9958
  timing: data=8.7ms  fwd=765.8ms  bwd=620.9ms  total=1396.1ms
[   9500] loss=4.1084  ema_loss=4.1731  gap=0.5440  ema_gap=0.5319  mixup=30/100  0.6 sps  ETA 7.5h  cpc=0.0058
              R²_rand=0.5244  R²_naive=0.5404  U_t=0.6034  U_b=0.7976  AUC=1.0000  Top1=0.9942
  timing: data=8.9ms  fwd=763.2ms  bwd=623.5ms  total=1396.3ms
  -> Saved /home/jupyter/contrastive-forecasting/sync_b512_armC_seed2/bb_allt08_xftrip_nobn_enc3_emateach_sigreg_qk_aon_b512_cpc_lC_emb10_enc10_tau090_seed2_step9500.pth
[   9600] loss=4.2022  ema_loss=4.1865  gap=0.5208  ema_gap=0.5269  mixup=30/100  0.6 sps  ETA 7.4h  cpc=0.0047
              R²_rand=0.5140  R²_naive=0.5268  U_t=0.6341  U_b=0.8010  AUC=1.0000  Top1=0.9976
  timing: data=10.0ms  fwd=768.9ms  bwd=623.5ms  total=1403.2ms
[   9700] loss=4.1429  ema_loss=4.2118  gap=0.5046  ema_gap=0.5190  mixup=34/100  0.6 sps  ETA 7.4h  cpc=0.0091
              R²_rand=0.5088  R²_naive=0.5179  U_t=0.6081  U_b=0.7933  AUC=1.0000  Top1=0.9948
  timing: data=10.4ms  fwd=764.7ms  bwd=620.5ms  total=1397.1ms
[   9800] loss=4.1422  ema_loss=4.1960  gap=0.5364  ema_gap=0.5180  mixup=33/100  0.6 sps  ETA 7.3h  cpc=0.0065
              R²_rand=0.5241  R²_naive=0.5368  U_t=0.6325  U_b=0.8034  AUC=1.0000  Top1=0.9983
  timing: data=9.9ms  fwd=769.9ms  bwd=620.5ms  total=1401.1ms
[   9900] loss=4.2973  ema_loss=4.1773  gap=0.5143  ema_gap=0.5219  mixup=25/100  0.6 sps  ETA 7.3h  cpc=0.1501
              R²_rand=0.5130  R²_naive=0.5246  U_t=0.6028  U_b=0.7932  AUC=1.0000  Top1=0.9942
  timing: data=9.1ms  fwd=770.3ms  bwd=620.4ms  total=1400.6ms
[  10000] loss=4.1168  ema_loss=4.1471  gap=0.5009  ema_gap=0.5265  mixup=26/100  0.6 sps  ETA 7.2h  cpc=0.0075
              R²_rand=0.5110  R²_naive=0.5198  U_t=0.6086  U_b=0.7926  AUC=1.0000  Top1=0.9948
  timing: data=9.7ms  fwd=770.8ms  bwd=620.3ms  total=1401.7ms
  -> Saved /home/jupyter/contrastive-forecasting/sync_b512_armC_seed2/bb_allt08_xftrip_nobn_enc3_emateach_sigreg_qk_aon_b512_cpc_lC_emb10_enc10_tau090_seed2_10k.pth
  -> Saved /home/jupyter/contrastive-forecasting/sync_b512_armC_seed2/bb_allt08_xftrip_nobn_enc3_emateach_sigreg_qk_aon_b512_cpc_lC_emb10_enc10_tau090_seed2_step10000.pth
[  10100] loss=4.1093  ema_loss=4.1504  gap=0.5276  ema_gap=0.5263  mixup=31/100  0.6 sps  ETA 7.2h  cpc=0.0057
              R²_rand=0.5211  R²_naive=0.5345  U_t=0.5970  U_b=0.7952  AUC=1.0000  Top1=0.9987
  timing: data=10.5ms  fwd=769.3ms  bwd=620.9ms  total=1401.5ms
[  10200] loss=4.1607  ema_loss=4.1289  gap=0.5125  ema_gap=0.5264  mixup=30/100  0.6 sps  ETA 7.1h  cpc=0.0049
              R²_rand=0.5143  R²_naive=0.5262  U_t=0.6138  U_b=0.7991  AUC=1.0000  Top1=0.9995
  timing: data=11.2ms  fwd=766.6ms  bwd=620.5ms  total=1399.0ms
[  10300] loss=4.0853  ema_loss=4.1202  gap=0.5439  ema_gap=0.5276  mixup=24/100  0.6 sps  ETA 7.1h  cpc=0.0104
              R²_rand=0.5326  R²_naive=0.5452  U_t=0.6149  U_b=0.7962  AUC=1.0000  Top1=0.9993
  timing: data=11.2ms  fwd=767.3ms  bwd=620.3ms  total=1399.7ms
[  10400] loss=4.1128  ema_loss=4.1224  gap=0.5425  ema_gap=0.5265  mixup=25/100  0.6 sps  ETA 7.0h  cpc=0.0046
              R²_rand=0.5310  R²_naive=0.5453  U_t=0.6155  U_b=0.7963  AUC=1.0000  Top1=0.9981
  timing: data=10.3ms  fwd=770.3ms  bwd=620.2ms  total=1401.6ms
[  10500] loss=4.1140  ema_loss=4.1077  gap=0.5343  ema_gap=0.5292  mixup=33/100  0.6 sps  ETA 7.0h  cpc=0.0045
              R²_rand=0.5242  R²_naive=0.5384  U_t=0.6141  U_b=0.8003  AUC=1.0000  Top1=0.9975
  timing: data=8.5ms  fwd=770.9ms  bwd=620.2ms  total=1400.4ms
  -> Saved /home/jupyter/contrastive-forecasting/sync_b512_armC_seed2/bb_allt08_xftrip_nobn_enc3_emateach_sigreg_qk_aon_b512_cpc_lC_emb10_enc10_tau090_seed2_step10500.pth
[  10600] loss=4.0789  ema_loss=4.0892  gap=0.5468  ema_gap=0.5317  mixup=27/100  0.6 sps  ETA 6.9h  cpc=0.0094
              R²_rand=0.5247  R²_naive=0.5449  U_t=0.6172  U_b=0.8026  AUC=1.0000  Top1=0.9965
  timing: data=10.4ms  fwd=770.3ms  bwd=620.0ms  total=1401.5ms
[  10700] loss=4.1174  ema_loss=4.0948  gap=0.5195  ema_gap=0.5275  mixup=32/100  0.6 sps  ETA 6.9h  cpc=0.0024
              R²_rand=0.5183  R²_naive=0.5308  U_t=0.6370  U_b=0.8006  AUC=1.0000  Top1=0.9989
  timing: data=9.4ms  fwd=769.3ms  bwd=620.0ms  total=1399.4ms
[  10800] loss=4.0389  ema_loss=4.1044  gap=0.5368  ema_gap=0.5252  mixup=32/100  0.6 sps  ETA 6.8h  cpc=0.0103
              R²_rand=0.5328  R²_naive=0.5452  U_t=0.6211  U_b=0.7849  AUC=1.0000  Top1=0.9964
  timing: data=10.2ms  fwd=768.7ms  bwd=620.4ms  total=1400.0ms
[  10900] loss=4.0414  ema_loss=4.0768  gap=0.5461  ema_gap=0.5352  mixup=33/100  0.6 sps  ETA 6.8h  cpc=0.0056
              R²_rand=0.5290  R²_naive=0.5454  U_t=0.6180  U_b=0.7956  AUC=1.0000  Top1=0.9992
  timing: data=10.4ms  fwd=769.0ms  bwd=620.7ms  total=1400.9ms
[  11000] loss=4.1009  ema_loss=4.0815  gap=0.5287  ema_gap=0.5294  mixup=31/100  0.6 sps  ETA 6.7h  cpc=0.0070
              R²_rand=0.5206  R²_naive=0.5366  U_t=0.5943  U_b=0.7936  AUC=1.0000  Top1=0.9975
  timing: data=10.7ms  fwd=768.5ms  bwd=620.3ms  total=1400.4ms
  -> Saved /home/jupyter/contrastive-forecasting/sync_b512_armC_seed2/bb_allt08_xftrip_nobn_enc3_emateach_sigreg_qk_aon_b512_cpc_lC_emb10_enc10_tau090_seed2_step11000.pth
[  11100] loss=4.0258  ema_loss=4.0743  gap=0.5361  ema_gap=0.5279  mixup=33/100  0.6 sps  ETA 6.7h  cpc=0.0066
              R²_rand=0.5310  R²_naive=0.5453  U_t=0.6054  U_b=0.7924  AUC=1.0000  Top1=0.9971
  timing: data=10.5ms  fwd=771.1ms  bwd=620.8ms  total=1403.2ms
[  11200] loss=4.0751  ema_loss=4.0318  gap=0.5457  ema_gap=0.5322  mixup=33/100  0.6 sps  ETA 6.6h  cpc=0.0027
              R²_rand=0.5302  R²_naive=0.5460  U_t=0.6586  U_b=0.7972  AUC=1.0000  Top1=0.9981
  timing: data=10.9ms  fwd=766.8ms  bwd=622.9ms  total=1401.4ms
[  11300] loss=3.9629  ema_loss=4.0223  gap=0.5372  ema_gap=0.5327  mixup=33/100  0.6 sps  ETA 6.6h  cpc=0.0093
              R²_rand=0.5298  R²_naive=0.5439  U_t=0.6042  U_b=0.8078  AUC=1.0000  Top1=0.9990
  timing: data=11.3ms  fwd=890.4ms  bwd=934.2ms  total=1836.8ms
[  11400] loss=4.0102  ema_loss=4.0228  gap=0.5392  ema_gap=0.5324  mixup=25/100  0.6 sps  ETA 6.6h  cpc=0.0051
              R²_rand=0.5306  R²_naive=0.5443  U_t=0.6158  U_b=0.8061  AUC=1.0000  Top1=0.9994
  timing: data=12.3ms  fwd=975.1ms  bwd=1163.6ms  total=2152.0ms
[  11500] loss=4.0537  ema_loss=4.0189  gap=0.5207  ema_gap=0.5313  mixup=36/100  0.6 sps  ETA 6.6h  cpc=0.0058
              R²_rand=0.5170  R²_naive=0.5314  U_t=0.6080  U_b=0.7976  AUC=1.0000  Top1=0.9988
  timing: data=13.3ms  fwd=977.2ms  bwd=1153.0ms  total=2144.5ms
  -> Saved /home/jupyter/contrastive-forecasting/sync_b512_armC_seed2/bb_allt08_xftrip_nobn_enc3_emateach_sigreg_qk_aon_b512_cpc_lC_emb10_enc10_tau090_seed2_step11500.pth
[  11600] loss=4.0413  ema_loss=4.0443  gap=0.5481  ema_gap=0.5313  mixup=27/100  0.6 sps  ETA 6.5h  cpc=0.0104
              R²_rand=0.5318  R²_naive=0.5473  U_t=0.6072  U_b=0.7840  AUC=1.0000  Top1=0.9995
  timing: data=11.8ms  fwd=977.2ms  bwd=1170.3ms  total=2160.3ms
[  11700] loss=3.9796  ema_loss=4.0503  gap=0.5641  ema_gap=0.5414  mixup=33/100  0.6 sps  ETA 6.5h  cpc=0.0090
              R²_rand=0.5432  R²_naive=0.5591  U_t=0.5822  U_b=0.7831  AUC=1.0000  Top1=0.9981
  timing: data=11.4ms  fwd=969.5ms  bwd=1151.6ms  total=2133.5ms
  -> Saved /home/jupyter/contrastive-forecasting/sync_b512_armC_seed2/bb_allt08_xftrip_nobn_enc3_emateach_sigreg_qk_aon_b512_cpc_lC_emb10_enc10_tau090_seed2_best_gap.pth
[  11800] loss=3.9507  ema_loss=4.0313  gap=0.5395  ema_gap=0.5448  mixup=34/100  0.6 sps  ETA 6.5h  cpc=0.0123
              R²_rand=0.5357  R²_naive=0.5479  U_t=0.5866  U_b=0.7857  AUC=1.0000  Top1=0.9977
  timing: data=12.1ms  fwd=973.9ms  bwd=1143.7ms  total=2130.6ms
  -> Saved /home/jupyter/contrastive-forecasting/sync_b512_armC_seed2/bb_allt08_xftrip_nobn_enc3_emateach_sigreg_qk_aon_b512_cpc_lC_emb10_enc10_tau090_seed2_best_gap.pth
[  11900] loss=3.9922  ema_loss=3.9936  gap=0.5434  ema_gap=0.5477  mixup=30/100  0.6 sps  ETA 6.5h  cpc=0.0051
              R²_rand=0.5289  R²_naive=0.5440  U_t=0.6285  U_b=0.8016  AUC=1.0000  Top1=0.9996
  timing: data=12.9ms  fwd=970.6ms  bwd=1152.6ms  total=2137.1ms
  -> Saved /home/jupyter/contrastive-forecasting/sync_b512_armC_seed2/bb_allt08_xftrip_nobn_enc3_emateach_sigreg_qk_aon_b512_cpc_lC_emb10_enc10_tau090_seed2_best_gap.pth
[  12000] loss=4.0696  ema_loss=4.0408  gap=0.5309  ema_gap=0.5377  mixup=34/100  0.6 sps  ETA 6.4h  cpc=0.0066
              R²_rand=0.5264  R²_naive=0.5397  U_t=0.5839  U_b=0.7876  AUC=1.0000  Top1=0.9987
  timing: data=12.7ms  fwd=973.5ms  bwd=1159.8ms  total=2147.0ms
  -> Saved /home/jupyter/contrastive-forecasting/sync_b512_armC_seed2/bb_allt08_xftrip_nobn_enc3_emateach_sigreg_qk_aon_b512_cpc_lC_emb10_enc10_tau090_seed2_step12000.pth
[  12100] loss=3.9716  ema_loss=4.0542  gap=0.5178  ema_gap=0.5310  mixup=27/100  0.6 sps  ETA 6.4h  cpc=0.0055
              R²_rand=0.5283  R²_naive=0.5385  U_t=0.5943  U_b=0.7934  AUC=1.0000  Top1=0.9991
  timing: data=14.1ms  fwd=979.0ms  bwd=1145.3ms  total=2139.4ms
[  12200] loss=4.0285  ema_loss=4.0051  gap=0.5348  ema_gap=0.5352  mixup=31/100  0.6 sps  ETA 6.4h  cpc=0.0040
              R²_rand=0.5312  R²_naive=0.5462  U_t=0.6315  U_b=0.7967  AUC=0.9999  Top1=0.9913
  timing: data=12.3ms  fwd=971.3ms  bwd=1166.5ms  total=2151.1ms
[  12300] loss=3.9376  ema_loss=4.0281  gap=0.5620  ema_gap=0.5407  mixup=32/100  0.6 sps  ETA 6.4h  cpc=0.0036
              R²_rand=0.5429  R²_naive=0.5585  U_t=0.6437  U_b=0.7968  AUC=1.0000  Top1=0.9990
  timing: data=12.7ms  fwd=975.4ms  bwd=1152.0ms  total=2141.1ms
[  12400] loss=4.0200  ema_loss=4.0383  gap=0.5305  ema_gap=0.5336  mixup=30/100  0.6 sps  ETA 6.3h  cpc=0.0074
              R²_rand=0.5311  R²_naive=0.5444  U_t=0.6163  U_b=0.7898  AUC=1.0000  Top1=0.9971
  timing: data=11.6ms  fwd=888.8ms  bwd=925.1ms  total=1826.4ms
[  12500] loss=4.0900  ema_loss=4.0194  gap=0.5724  ema_gap=0.5430  mixup=28/100  0.6 sps  ETA 6.3h  cpc=0.0535
              R²_rand=0.5404  R²_naive=0.5615  U_t=0.6209  U_b=0.7205  AUC=1.0000  Top1=0.9994
  timing: data=9.9ms  fwd=804.6ms  bwd=742.5ms  total=1558.0ms
  -> Saved /home/jupyter/contrastive-forecasting/sync_b512_armC_seed2/bb_allt08_xftrip_nobn_enc3_emateach_sigreg_qk_aon_b512_cpc_lC_emb10_enc10_tau090_seed2_12k.pth
  -> Saved /home/jupyter/contrastive-forecasting/sync_b512_armC_seed2/bb_allt08_xftrip_nobn_enc3_emateach_sigreg_qk_aon_b512_cpc_lC_emb10_enc10_tau090_seed2_step12500.pth
[  12600] loss=3.9433  ema_loss=3.9965  gap=0.5653  ema_gap=0.5583  mixup=26/100  0.6 sps  ETA 6.2h  cpc=0.0063
              R²_rand=0.5347  R²_naive=0.5545  U_t=0.6083  U_b=0.7910  AUC=1.0000  Top1=0.9995
  timing: data=9.6ms  fwd=820.9ms  bwd=784.6ms  total=1616.0ms
  -> Saved /home/jupyter/contrastive-forecasting/sync_b512_armC_seed2/bb_allt08_xftrip_nobn_enc3_emateach_sigreg_qk_aon_b512_cpc_lC_emb10_enc10_tau090_seed2_best_gap.pth
[  12700] loss=3.9761  ema_loss=3.9876  gap=0.5472  ema_gap=0.5555  mixup=29/100  0.6 sps  ETA 6.2h  cpc=0.0092
              R²_rand=0.5317  R²_naive=0.5480  U_t=0.6139  U_b=0.7877  AUC=1.0000  Top1=0.9964
  timing: data=13.2ms  fwd=809.9ms  bwd=792.4ms  total=1616.3ms
[  12800] loss=4.0197  ema_loss=3.9967  gap=0.5601  ema_gap=0.5544  mixup=34/100  0.6 sps  ETA 6.1h  cpc=0.0403
              R²_rand=0.5374  R²_naive=0.5552  U_t=0.6538  U_b=0.7298  AUC=1.0000  Top1=0.9983
  timing: data=9.6ms  fwd=806.9ms  bwd=781.3ms  total=1598.6ms
[  12900] loss=4.0610  ema_loss=3.9773  gap=0.5324  ema_gap=0.5466  mixup=31/100  0.6 sps  ETA 6.1h  cpc=0.0599
              R²_rand=0.5305  R²_naive=0.5433  U_t=0.6134  U_b=0.6986  AUC=1.0000  Top1=0.9988
  timing: data=8.9ms  fwd=810.3ms  bwd=792.5ms  total=1612.5ms
[  13000] loss=3.8998  ema_loss=3.9797  gap=0.5354  ema_gap=0.5393  mixup=28/100  0.6 sps  ETA 6.1h  cpc=0.0091
              R²_rand=0.5370  R²_naive=0.5499  U_t=0.5978  U_b=0.8042  AUC=1.0000  Top1=0.9978
  timing: data=9.6ms  fwd=810.3ms  bwd=789.7ms  total=1610.6ms
  -> Saved /home/jupyter/contrastive-forecasting/sync_b512_armC_seed2/bb_allt08_xftrip_nobn_enc3_emateach_sigreg_qk_aon_b512_cpc_lC_emb10_enc10_tau090_seed2_step13000.pth
[  13100] loss=4.0479  ema_loss=4.0153  gap=0.5540  ema_gap=0.5350  mixup=28/100  0.6 sps  ETA 6.0h  cpc=0.0446
              R²_rand=0.5393  R²_naive=0.5568  U_t=0.6468  U_b=0.7148  AUC=1.0000  Top1=0.9993
  timing: data=9.2ms  fwd=818.5ms  bwd=805.4ms  total=1634.0ms
[  13200] loss=4.0022  ema_loss=3.9703  gap=0.5333  ema_gap=0.5425  mixup=24/100  0.6 sps  ETA 6.0h  cpc=0.0045
              R²_rand=0.5314  R²_naive=0.5458  U_t=0.6158  U_b=0.7927  AUC=1.0000  Top1=0.9968
  timing: data=8.3ms  fwd=815.6ms  bwd=803.5ms  total=1628.4ms
[  13300] loss=3.9988  ema_loss=3.9689  gap=0.5386  ema_gap=0.5401  mixup=32/100  0.5 sps  ETA 5.9h  cpc=0.0283
              R²_rand=0.5371  R²_naive=0.5501  U_t=0.6174  U_b=0.7401  AUC=1.0000  Top1=0.9978
  timing: data=8.2ms  fwd=821.0ms  bwd=811.6ms  total=1641.7ms
[  13400] loss=4.0613  ema_loss=3.9480  gap=0.5087  ema_gap=0.5345  mixup=28/100  0.5 sps  ETA 5.9h  cpc=0.0503
              R²_rand=0.5231  R²_naive=0.5361  U_t=0.5734  U_b=0.6960  AUC=1.0000  Top1=0.9971
  timing: data=8.8ms  fwd=813.5ms  bwd=801.7ms  total=1624.9ms
[  13500] loss=3.8547  ema_loss=3.9214  gap=0.5507  ema_gap=0.5460  mixup=30/100  0.5 sps  ETA 5.8h  cpc=0.0036
              R²_rand=0.5402  R²_naive=0.5554  U_t=0.6113  U_b=0.7868  AUC=1.0000  Top1=0.9963
  timing: data=8.5ms  fwd=816.4ms  bwd=804.0ms  total=1629.8ms
  -> Saved /home/jupyter/contrastive-forecasting/sync_b512_armC_seed2/bb_allt08_xftrip_nobn_enc3_emateach_sigreg_qk_aon_b512_cpc_lC_emb10_enc10_tau090_seed2_step13500.pth
[  13600] loss=3.9963  ema_loss=3.9135  gap=0.5530  ema_gap=0.5475  mixup=23/100  0.5 sps  ETA 5.8h  cpc=0.0078
              R²_rand=0.5340  R²_naive=0.5524  U_t=0.6139  U_b=0.7860  AUC=1.0000  Top1=0.9963
  timing: data=8.0ms  fwd=807.2ms  bwd=799.0ms  total=1615.1ms
[  13700] loss=3.8819  ema_loss=3.9398  gap=0.5459  ema_gap=0.5487  mixup=34/100  0.5 sps  ETA 5.7h  cpc=0.0097
              R²_rand=0.5363  R²_naive=0.5522  U_t=0.6153  U_b=0.7748  AUC=1.0000  Top1=0.9946
  timing: data=8.5ms  fwd=815.7ms  bwd=814.6ms  total=1639.7ms
[  13800] loss=3.9573  ema_loss=3.9011  gap=0.5635  ema_gap=0.5542  mixup=27/100  0.5 sps  ETA 5.7h  cpc=0.0065
              R²_rand=0.5373  R²_naive=0.5566  U_t=0.6526  U_b=0.7925  AUC=1.0000  Top1=0.9987
  timing: data=9.1ms  fwd=807.0ms  bwd=784.2ms  total=1601.2ms
[  13900] loss=3.9645  ema_loss=3.9427  gap=0.5370  ema_gap=0.5459  mixup=31/100  0.5 sps  ETA 5.6h  cpc=0.0095
              R²_rand=0.5316  R²_naive=0.5462  U_t=0.6176  U_b=0.7834  AUC=1.0000  Top1=0.9978
  timing: data=9.8ms  fwd=797.6ms  bwd=760.3ms  total=1568.6ms
[  14000] loss=3.9628  ema_loss=3.9463  gap=0.5261  ema_gap=0.5448  mixup=39/100  0.5 sps  ETA 5.6h  cpc=0.0256
              R²_rand=0.5282  R²_naive=0.5419  U_t=0.6141  U_b=0.7317  AUC=1.0000  Top1=0.9984
  timing: data=9.1ms  fwd=796.4ms  bwd=765.1ms  total=1571.5ms
  -> Saved /home/jupyter/contrastive-forecasting/sync_b512_armC_seed2/bb_allt08_xftrip_nobn_enc3_emateach_sigreg_qk_aon_b512_cpc_lC_emb10_enc10_tau090_seed2_step14000.pth
[  14100] loss=3.9671  ema_loss=3.9319  gap=0.5416  ema_gap=0.5483  mixup=32/100  0.5 sps  ETA 5.5h  cpc=0.0058
              R²_rand=0.5328  R²_naive=0.5482  U_t=0.6127  U_b=0.7921  AUC=1.0000  Top1=0.9982
  timing: data=30.0ms  fwd=797.9ms  bwd=762.5ms  total=1591.3ms
[  14200] loss=3.9976  ema_loss=3.9608  gap=0.5841  ema_gap=0.5591  mixup=34/100  0.5 sps  ETA 5.5h  cpc=0.0546
              R²_rand=0.5477  R²_naive=0.5687  U_t=0.6437  U_b=0.7160  AUC=1.0000  Top1=0.9994
  timing: data=8.7ms  fwd=800.3ms  bwd=763.8ms  total=1573.7ms
  -> Saved /home/jupyter/contrastive-forecasting/sync_b512_armC_seed2/bb_allt08_xftrip_nobn_enc3_emateach_sigreg_qk_aon_b512_cpc_lC_emb10_enc10_tau090_seed2_best_gap.pth
[  14300] loss=3.9786  ema_loss=3.9538  gap=0.5311  ema_gap=0.5562  mixup=37/100  0.5 sps  ETA 5.4h  cpc=0.0124
              R²_rand=0.5244  R²_naive=0.5405  U_t=0.6303  U_b=0.7733  AUC=1.0000  Top1=0.9986
  timing: data=8.7ms  fwd=801.0ms  bwd=766.2ms  total=1576.8ms
[  14400] loss=3.9190  ema_loss=3.9717  gap=0.5750  ema_gap=0.5573  mixup=35/100  0.5 sps  ETA 5.4h  cpc=0.0286
              R²_rand=0.5507  R²_naive=0.5694  U_t=0.6029  U_b=0.7386  AUC=1.0000  Top1=0.9989
  timing: data=8.8ms  fwd=816.8ms  bwd=795.2ms  total=1621.6ms
[  14500] loss=3.8980  ema_loss=3.9404  gap=0.5801  ema_gap=0.5600  mixup=32/100  0.5 sps  ETA 5.3h  cpc=0.0103
              R²_rand=0.5532  R²_naive=0.5694  U_t=0.6077  U_b=0.7802  AUC=1.0000  Top1=0.9984
  timing: data=9.2ms  fwd=815.9ms  bwd=799.8ms  total=1625.8ms
  -> Saved /home/jupyter/contrastive-forecasting/sync_b512_armC_seed2/bb_allt08_xftrip_nobn_enc3_emateach_sigreg_qk_aon_b512_cpc_lC_emb10_enc10_tau090_seed2_best_gap.pth
  -> Saved /home/jupyter/contrastive-forecasting/sync_b512_armC_seed2/bb_allt08_xftrip_nobn_enc3_emateach_sigreg_qk_aon_b512_cpc_lC_emb10_enc10_tau090_seed2_step14500.pth
[  14600] loss=3.9158  ema_loss=3.9516  gap=0.5587  ema_gap=0.5568  mixup=36/100  0.5 sps  ETA 5.3h  cpc=0.0072
              R²_rand=0.5386  R²_naive=0.5566  U_t=0.6169  U_b=0.7791  AUC=1.0000  Top1=0.9993
  timing: data=8.7ms  fwd=821.3ms  bwd=796.1ms  total=1627.0ms
[  14700] loss=3.9676  ema_loss=3.9271  gap=0.5542  ema_gap=0.5558  mixup=29/100  0.5 sps  ETA 5.2h  cpc=0.0535
              R²_rand=0.5387  R²_naive=0.5571  U_t=0.6522  U_b=0.6999  AUC=1.0000  Top1=0.9981
  timing: data=9.4ms  fwd=821.8ms  bwd=805.1ms  total=1637.2ms
[  14800] loss=3.8083  ema_loss=3.8781  gap=0.5609  ema_gap=0.5581  mixup=37/100  0.5 sps  ETA 5.2h  cpc=0.0088
              R²_rand=0.5438  R²_naive=0.5609  U_t=0.6259  U_b=0.7900  AUC=1.0000  Top1=0.9976
  timing: data=8.2ms  fwd=819.2ms  bwd=808.7ms  total=1637.0ms
[  14900] loss=3.8418  ema_loss=3.8502  gap=0.5639  ema_gap=0.5603  mixup=28/100  0.5 sps  ETA 5.1h  cpc=0.0071
              R²_rand=0.5474  R²_naive=0.5624  U_t=0.6393  U_b=0.7955  AUC=1.0000  Top1=0.9986
  timing: data=8.7ms  fwd=819.4ms  bwd=810.8ms  total=1639.8ms
  -> Saved /home/jupyter/contrastive-forecasting/sync_b512_armC_seed2/bb_allt08_xftrip_nobn_enc3_emateach_sigreg_qk_aon_b512_cpc_lC_emb10_enc10_tau090_seed2_best_gap.pth
[  15000] loss=3.9517  ema_loss=3.8815  gap=0.5516  ema_gap=0.5557  mixup=24/100  0.5 sps  ETA 5.1h  cpc=0.0226
              R²_rand=0.5355  R²_naive=0.5524  U_t=0.6017  U_b=0.7917  AUC=1.0000  Top1=0.9982
  timing: data=9.2ms  fwd=818.1ms  bwd=811.5ms  total=1639.7ms
  -> Saved /home/jupyter/contrastive-forecasting/sync_b512_armC_seed2/bb_allt08_xftrip_nobn_enc3_emateach_sigreg_qk_aon_b512_cpc_lC_emb10_enc10_tau090_seed2_15k.pth
  -> Saved /home/jupyter/contrastive-forecasting/sync_b512_armC_seed2/bb_allt08_xftrip_nobn_enc3_emateach_sigreg_qk_aon_b512_cpc_lC_emb10_enc10_tau090_seed2_step15000.pth
[  15100] loss=3.8968  ema_loss=3.9139  gap=0.5550  ema_gap=0.5524  mixup=19/100  0.5 sps  ETA 5.0h  cpc=0.0121
              R²_rand=0.5390  R²_naive=0.5572  U_t=0.6003  U_b=0.7836  AUC=1.0000  Top1=0.9979
  timing: data=8.3ms  fwd=816.3ms  bwd=810.8ms  total=1636.4ms
[  15200] loss=3.9469  ema_loss=3.8988  gap=0.5511  ema_gap=0.5600  mixup=27/100  0.5 sps  ETA 5.0h  cpc=0.0098
              R²_rand=0.5394  R²_naive=0.5543  U_t=0.6096  U_b=0.7868  AUC=1.0000  Top1=0.9988
  timing: data=9.2ms  fwd=812.7ms  bwd=809.9ms  total=1632.5ms
[  15300] loss=3.9068  ema_loss=3.9262  gap=0.5426  ema_gap=0.5550  mixup=30/100  0.5 sps  ETA 4.9h  cpc=0.0050
              R²_rand=0.5357  R²_naive=0.5518  U_t=0.6062  U_b=0.7889  AUC=1.0000  Top1=0.9978
  timing: data=9.7ms  fwd=799.2ms  bwd=768.8ms  total=1578.5ms
[  15400] loss=3.8896  ema_loss=3.9218  gap=0.5638  ema_gap=0.5551  mixup=28/100  0.5 sps  ETA 4.9h  cpc=0.0126
              R²_rand=0.5496  R²_naive=0.5643  U_t=0.6124  U_b=0.7856  AUC=1.0000  Top1=0.9993
  timing: data=24.8ms  fwd=799.4ms  bwd=761.0ms  total=1586.1ms
[  15500] loss=3.8321  ema_loss=3.8989  gap=0.5646  ema_gap=0.5569  mixup=31/100  0.5 sps  ETA 4.9h  cpc=0.0163
              R²_rand=0.5485  R²_naive=0.5650  U_t=0.5916  U_b=0.7834  AUC=1.0000  Top1=0.9993
  timing: data=9.6ms  fwd=811.5ms  bwd=787.3ms  total=1609.4ms
  -> Saved /home/jupyter/contrastive-forecasting/sync_b512_armC_seed2/bb_allt08_xftrip_nobn_enc3_emateach_sigreg_qk_aon_b512_cpc_lC_emb10_enc10_tau090_seed2_step15500.pth
[  15600] loss=3.8695  ema_loss=3.8912  gap=0.5474  ema_gap=0.5579  mixup=31/100  0.5 sps  ETA 4.8h  cpc=0.0436
              R²_rand=0.5390  R²_naive=0.5558  U_t=0.6496  U_b=0.7104  AUC=1.0000  Top1=0.9990
  timing: data=8.6ms  fwd=817.7ms  bwd=804.5ms  total=1631.6ms
[  15700] loss=3.8229  ema_loss=3.8657  gap=0.5508  ema_gap=0.5513  mixup=32/100  0.5 sps  ETA 4.8h  cpc=0.0055
              R²_rand=0.5422  R²_naive=0.5577  U_t=0.6084  U_b=0.7871  AUC=1.0000  Top1=0.9962
  timing: data=9.0ms  fwd=820.9ms  bwd=811.1ms  total=1641.9ms
[  15800] loss=3.8838  ema_loss=3.8714  gap=0.5426  ema_gap=0.5478  mixup=35/100  0.5 sps  ETA 4.7h  cpc=0.0081
              R²_rand=0.5355  R²_naive=0.5519  U_t=0.5970  U_b=0.7786  AUC=1.0000  Top1=0.9983
  timing: data=9.7ms  fwd=817.5ms  bwd=811.0ms  total=1639.0ms
[  15900] loss=3.8759  ema_loss=3.9190  gap=0.5628  ema_gap=0.5527  mixup=28/100  0.5 sps  ETA 4.7h  cpc=0.0041
              R²_rand=0.5456  R²_naive=0.5617  U_t=0.5972  U_b=0.7807  AUC=1.0000  Top1=0.9987
  timing: data=9.1ms  fwd=794.0ms  bwd=734.3ms  total=1538.2ms
[  16000] loss=3.8495  ema_loss=3.8826  gap=0.5601  ema_gap=0.5562  mixup=31/100  0.5 sps  ETA 4.6h  cpc=0.0034
              R²_rand=0.5442  R²_naive=0.5610  U_t=0.6258  U_b=0.7825  AUC=1.0000  Top1=0.9988
  timing: data=9.2ms  fwd=776.0ms  bwd=646.7ms  total=1432.7ms
  -> Saved /home/jupyter/contrastive-forecasting/sync_b512_armC_seed2/bb_allt08_xftrip_nobn_enc3_emateach_sigreg_qk_aon_b512_cpc_lC_emb10_enc10_tau090_seed2_step16000.pth
[  16100] loss=3.8259  ema_loss=3.8594  gap=0.5458  ema_gap=0.5528  mixup=27/100  0.5 sps  ETA 4.5h  cpc=0.0050
              R²_rand=0.5378  R²_naive=0.5536  U_t=0.6140  U_b=0.7869  AUC=1.0000  Top1=0.9984
  timing: data=9.3ms  fwd=779.0ms  bwd=661.5ms  total=1450.8ms
[  16200] loss=3.9056  ema_loss=3.8584  gap=0.5547  ema_gap=0.5486  mixup=31/100  0.5 sps  ETA 4.5h  cpc=0.0334
              R²_rand=0.5396  R²_naive=0.5592  U_t=0.6249  U_b=0.7412  AUC=1.0000  Top1=0.9990
  timing: data=9.2ms  fwd=783.2ms  bwd=674.0ms  total=1467.3ms
[  16300] loss=3.8357  ema_loss=3.8231  gap=0.5801  ema_gap=0.5613  mixup=27/100  0.5 sps  ETA 4.4h  cpc=0.0579
              R²_rand=0.5511  R²_naive=0.5707  U_t=0.6239  U_b=0.7172  AUC=1.0000  Top1=0.9984
  timing: data=8.1ms  fwd=796.0ms  bwd=724.2ms  total=1529.1ms
  -> Saved /home/jupyter/contrastive-forecasting/sync_b512_armC_seed2/bb_allt08_xftrip_nobn_enc3_emateach_sigreg_qk_aon_b512_cpc_lC_emb10_enc10_tau090_seed2_best_gap.pth
[  16400] loss=3.8251  ema_loss=3.8523  gap=0.5639  ema_gap=0.5646  mixup=22/100  0.5 sps  ETA 4.4h  cpc=0.0052
              R²_rand=0.5413  R²_naive=0.5585  U_t=0.6265  U_b=0.7928  AUC=1.0000  Top1=0.9993
  timing: data=7.7ms  fwd=803.8ms  bwd=730.6ms  total=1543.0ms
  -> Saved /home/jupyter/contrastive-forecasting/sync_b512_armC_seed2/bb_allt08_xftrip_nobn_enc3_emateach_sigreg_qk_aon_b512_cpc_lC_emb10_enc10_tau090_seed2_best_gap.pth
[  16500] loss=3.9099  ema_loss=3.8917  gap=0.5557  ema_gap=0.5614  mixup=27/100  0.5 sps  ETA 4.3h  cpc=0.0052
              R²_rand=0.5356  R²_naive=0.5530  U_t=0.6146  U_b=0.7887  AUC=1.0000  Top1=0.9987
  timing: data=8.7ms  fwd=800.4ms  bwd=730.7ms  total=1540.6ms
  -> Saved /home/jupyter/contrastive-forecasting/sync_b512_armC_seed2/bb_allt08_xftrip_nobn_enc3_emateach_sigreg_qk_aon_b512_cpc_lC_emb10_enc10_tau090_seed2_step16500.pth
[  16600] loss=3.9326  ema_loss=3.8874  gap=0.5424  ema_gap=0.5580  mixup=30/100  0.5 sps  ETA 4.3h  cpc=0.0488
              R²_rand=0.5416  R²_naive=0.5547  U_t=0.6086  U_b=0.7099  AUC=1.0000  Top1=0.9983
  timing: data=8.1ms  fwd=797.1ms  bwd=726.5ms  total=1532.5ms
[  16700] loss=4.0250  ema_loss=3.9286  gap=0.5585  ema_gap=0.5512  mixup=38/100  0.5 sps  ETA 4.2h  cpc=0.0446
              R²_rand=0.5402  R²_naive=0.5578  U_t=0.6477  U_b=0.7025  AUC=1.0000  Top1=0.9989
  timing: data=9.2ms  fwd=810.7ms  bwd=762.6ms  total=1583.5ms
[  16800] loss=3.8646  ema_loss=3.9199  gap=0.5564  ema_gap=0.5567  mixup=35/100  0.5 sps  ETA 4.2h  cpc=0.0088
              R²_rand=0.5433  R²_naive=0.5601  U_t=0.6081  U_b=0.7820  AUC=1.0000  Top1=0.9980
  timing: data=9.2ms  fwd=808.3ms  bwd=781.4ms  total=1599.8ms
[  16900] loss=3.9894  ema_loss=3.9413  gap=0.5577  ema_gap=0.5572  mixup=31/100  0.5 sps  ETA 4.1h  cpc=0.0126
              R²_rand=0.5360  R²_naive=0.5539  U_t=0.5769  U_b=0.7446  AUC=1.0000  Top1=0.9971
  timing: data=39.7ms  fwd=806.3ms  bwd=775.2ms  total=1622.0ms
[  17000] loss=3.8495  ema_loss=3.9300  gap=0.5778  ema_gap=0.5618  mixup=31/100  0.5 sps  ETA 4.1h  cpc=0.0112
              R²_rand=0.5510  R²_naive=0.5728  U_t=0.5832  U_b=0.7603  AUC=1.0000  Top1=0.9974
  timing: data=8.2ms  fwd=801.5ms  bwd=724.9ms  total=1535.5ms
  -> Saved /home/jupyter/contrastive-forecasting/sync_b512_armC_seed2/bb_allt08_xftrip_nobn_enc3_emateach_sigreg_qk_aon_b512_cpc_lC_emb10_enc10_tau090_seed2_step17000.pth
[  17100] loss=3.8734  ema_loss=3.9122  gap=0.5853  ema_gap=0.5729  mixup=35/100  0.5 sps  ETA 4.0h  cpc=0.0455
              R²_rand=0.5532  R²_naive=0.5732  U_t=0.6201  U_b=0.7002  AUC=1.0000  Top1=0.9981
  timing: data=8.7ms  fwd=798.5ms  bwd=752.4ms  total=1560.5ms
  -> Saved /home/jupyter/contrastive-forecasting/sync_b512_armC_seed2/bb_allt08_xftrip_nobn_enc3_emateach_sigreg_qk_aon_b512_cpc_lC_emb10_enc10_tau090_seed2_best_gap.pth
[  17200] loss=3.8146  ema_loss=3.8753  gap=0.5580  ema_gap=0.5698  mixup=23/100  0.5 sps  ETA 4.0h  cpc=0.0051
              R²_rand=0.5461  R²_naive=0.5618  U_t=0.6170  U_b=0.7853  AUC=1.0000  Top1=0.9990
  timing: data=8.2ms  fwd=799.7ms  bwd=755.2ms  total=1563.9ms
[  17300] loss=3.8318  ema_loss=3.8638  gap=0.5639  ema_gap=0.5640  mixup=39/100  0.5 sps  ETA 3.9h  cpc=0.0287
              R²_rand=0.5456  R²_naive=0.5642  U_t=0.6354  U_b=0.7246  AUC=1.0000  Top1=0.9986
  timing: data=10.0ms  fwd=794.5ms  bwd=763.2ms  total=1568.5ms
[  17400] loss=3.9087  ema_loss=3.8517  gap=0.5398  ema_gap=0.5554  mixup=32/100  0.5 sps  ETA 3.9h  cpc=0.0099
              R²_rand=0.5375  R²_naive=0.5520  U_t=0.5974  U_b=0.7633  AUC=1.0000  Top1=0.9984
  timing: data=45.5ms  fwd=796.6ms  bwd=757.2ms  total=1600.0ms
[  17500] loss=3.8065  ema_loss=3.8359  gap=0.5521  ema_gap=0.5611  mixup=32/100  0.5 sps  ETA 3.8h  cpc=0.0145
              R²_rand=0.5446  R²_naive=0.5577  U_t=0.5752  U_b=0.7788  AUC=1.0000  Top1=0.9970
  timing: data=8.3ms  fwd=798.8ms  bwd=756.9ms  total=1564.9ms
  -> Saved /home/jupyter/contrastive-forecasting/sync_b512_armC_seed2/bb_allt08_xftrip_nobn_enc3_emateach_sigreg_qk_aon_b512_cpc_lC_emb10_enc10_tau090_seed2_17k.pth
  -> Saved /home/jupyter/contrastive-forecasting/sync_b512_armC_seed2/bb_allt08_xftrip_nobn_enc3_emateach_sigreg_qk_aon_b512_cpc_lC_emb10_enc10_tau090_seed2_step17500.pth
[  17600] loss=3.8226  ema_loss=3.8409  gap=0.5560  ema_gap=0.5614  mixup=33/100  0.5 sps  ETA 3.8h  cpc=0.0093
              R²_rand=0.5442  R²_naive=0.5588  U_t=0.6193  U_b=0.7851  AUC=1.0000  Top1=0.9990
  timing: data=9.0ms  fwd=810.2ms  bwd=787.3ms  total=1607.3ms
[  17700] loss=3.8281  ema_loss=3.8427  gap=0.5523  ema_gap=0.5589  mixup=30/100  0.5 sps  ETA 3.7h  cpc=0.0112
              R²_rand=0.5422  R²_naive=0.5576  U_t=0.6060  U_b=0.7835  AUC=1.0000  Top1=0.9981
  timing: data=9.1ms  fwd=812.4ms  bwd=801.4ms  total=1623.8ms
[  17800] loss=3.8180  ema_loss=3.8228  gap=0.5590  ema_gap=0.5580  mixup=29/100  0.5 sps  ETA 3.7h  cpc=0.0047
              R²_rand=0.5419  R²_naive=0.5595  U_t=0.6274  U_b=0.7852  AUC=1.0000  Top1=0.9982
  timing: data=9.5ms  fwd=819.2ms  bwd=792.3ms  total=1621.9ms
[  17900] loss=3.9929  ema_loss=3.8526  gap=0.5976  ema_gap=0.5659  mixup=24/100  0.5 sps  ETA 3.6h  cpc=0.0816
              R²_rand=0.5589  R²_naive=0.5787  U_t=0.6546  U_b=0.6962  AUC=1.0000  Top1=0.9997
  timing: data=7.4ms  fwd=817.1ms  bwd=801.7ms  total=1627.0ms
[  18000] loss=3.8569  ema_loss=3.8634  gap=0.5522  ema_gap=0.5641  mixup=30/100  0.5 sps  ETA 3.6h  cpc=0.0045
              R²_rand=0.5380  R²_naive=0.5560  U_t=0.6183  U_b=0.7813  AUC=1.0000  Top1=0.9986
  timing: data=8.9ms  fwd=801.4ms  bwd=749.2ms  total=1560.3ms
  -> Saved /home/jupyter/contrastive-forecasting/sync_b512_armC_seed2/bb_allt08_xftrip_nobn_enc3_emateach_sigreg_qk_aon_b512_cpc_lC_emb10_enc10_tau090_seed2_step18000.pth
[  18100] loss=3.9153  ema_loss=3.8764  gap=0.5748  ema_gap=0.5611  mixup=29/100  0.5 sps  ETA 3.5h  cpc=0.0447
              R²_rand=0.5468  R²_naive=0.5660  U_t=0.6370  U_b=0.7145  AUC=1.0000  Top1=0.9992
  timing: data=9.2ms  fwd=795.0ms  bwd=733.4ms  total=1538.3ms
[  18200] loss=3.9404  ema_loss=3.8752  gap=0.5562  ema_gap=0.5606  mixup=24/100  0.5 sps  ETA 3.5h  cpc=0.0174
              R²_rand=0.5420  R²_naive=0.5569  U_t=0.6098  U_b=0.7713  AUC=1.0000  Top1=0.9915
  timing: data=9.0ms  fwd=800.4ms  bwd=745.9ms  total=1556.1ms
[  18300] loss=3.8834  ema_loss=3.8656  gap=0.5569  ema_gap=0.5601  mixup=27/100  0.5 sps  ETA 3.4h  cpc=0.0053
              R²_rand=0.5433  R²_naive=0.5574  U_t=0.6522  U_b=0.7853  AUC=1.0000  Top1=0.9989
  timing: data=9.4ms  fwd=808.1ms  bwd=795.1ms  total=1613.4ms
[  18400] loss=3.9567  ema_loss=3.8885  gap=0.5513  ema_gap=0.5486  mixup=34/100  0.5 sps  ETA 3.4h  cpc=0.0484
              R²_rand=0.5444  R²_naive=0.5595  U_t=0.6221  U_b=0.6860  AUC=1.0000  Top1=0.9994
  timing: data=8.8ms  fwd=809.8ms  bwd=800.7ms  total=1620.3ms
[  18500] loss=3.8148  ema_loss=3.8608  gap=0.5443  ema_gap=0.5494  mixup=29/100  0.5 sps  ETA 3.3h  cpc=0.0072
              R²_rand=0.5448  R²_naive=0.5591  U_t=0.5742  U_b=0.7638  AUC=1.0000  Top1=0.9983
  timing: data=8.8ms  fwd=818.1ms  bwd=793.0ms  total=1620.8ms
  -> Saved /home/jupyter/contrastive-forecasting/sync_b512_armC_seed2/bb_allt08_xftrip_nobn_enc3_emateach_sigreg_qk_aon_b512_cpc_lC_emb10_enc10_tau090_seed2_step18500.pth
[  18600] loss=3.7899  ema_loss=3.8438  gap=0.5620  ema_gap=0.5599  mixup=22/100  0.5 sps  ETA 3.3h  cpc=0.0047
              R²_rand=0.5484  R²_naive=0.5650  U_t=0.6229  U_b=0.7753  AUC=1.0000  Top1=0.9960
  timing: data=8.8ms  fwd=823.5ms  bwd=809.6ms  total=1642.8ms
[  18700] loss=3.8967  ema_loss=3.8302  gap=0.5552  ema_gap=0.5577  mixup=32/100  0.5 sps  ETA 3.2h  cpc=0.0469
              R²_rand=0.5429  R²_naive=0.5586  U_t=0.6626  U_b=0.6996  AUC=1.0000  Top1=0.9989
  timing: data=9.4ms  fwd=813.0ms  bwd=778.0ms  total=1601.2ms
[  18800] loss=3.8611  ema_loss=3.8489  gap=0.5690  ema_gap=0.5533  mixup=30/100  0.5 sps  ETA 3.2h  cpc=0.0035
              R²_rand=0.5499  R²_naive=0.5688  U_t=0.6254  U_b=0.7814  AUC=1.0000  Top1=0.9990
  timing: data=8.8ms  fwd=810.8ms  bwd=768.4ms  total=1588.9ms
[  18900] loss=3.8536  ema_loss=3.8313  gap=0.5553  ema_gap=0.5561  mixup=25/100  0.5 sps  ETA 3.1h  cpc=0.0517
              R²_rand=0.5441  R²_naive=0.5596  U_t=0.6293  U_b=0.7083  AUC=1.0000  Top1=0.9984
  timing: data=9.2ms  fwd=815.3ms  bwd=801.9ms  total=1627.2ms
[  19000] loss=3.8723  ema_loss=3.8498  gap=0.5624  ema_gap=0.5512  mixup=37/100  0.5 sps  ETA 3.1h  cpc=0.0100
              R²_rand=0.5444  R²_naive=0.5626  U_t=0.6037  U_b=0.7697  AUC=1.0000  Top1=0.9976
  timing: data=38.8ms  fwd=808.5ms  bwd=809.7ms  total=1657.8ms
  -> Saved /home/jupyter/contrastive-forecasting/sync_b512_armC_seed2/bb_allt08_xftrip_nobn_enc3_emateach_sigreg_qk_aon_b512_cpc_lC_emb10_enc10_tau090_seed2_step19000.pth
[  19100] loss=3.7689  ema_loss=3.8160  gap=0.5207  ema_gap=0.5551  mixup=27/100  0.5 sps  ETA 3.0h  cpc=0.0046
              R²_rand=0.5332  R²_naive=0.5449  U_t=0.6100  U_b=0.7766  AUC=1.0000  Top1=0.9977
  timing: data=8.3ms  fwd=809.4ms  bwd=811.7ms  total=1630.3ms
[  19200] loss=3.7945  ema_loss=3.8318  gap=0.5529  ema_gap=0.5506  mixup=22/100  0.5 sps  ETA 3.0h  cpc=0.0042
              R²_rand=0.5478  R²_naive=0.5619  U_t=0.6206  U_b=0.7787  AUC=1.0000  Top1=0.9981
  timing: data=9.1ms  fwd=807.8ms  bwd=811.4ms  total=1629.2ms
[  19300] loss=3.8864  ema_loss=3.8355  gap=0.5518  ema_gap=0.5577  mixup=32/100  0.5 sps  ETA 2.9h  cpc=0.0538
              R²_rand=0.5439  R²_naive=0.5581  U_t=0.6291  U_b=0.7024  AUC=1.0000  Top1=0.9990
  timing: data=9.7ms  fwd=811.3ms  bwd=810.0ms  total=1631.8ms
[  19400] loss=3.7644  ema_loss=3.8271  gap=0.5583  ema_gap=0.5518  mixup=31/100  0.5 sps  ETA 2.9h  cpc=0.0091
              R²_rand=0.5522  R²_naive=0.5666  U_t=0.5894  U_b=0.7667  AUC=1.0000  Top1=0.9984
  timing: data=10.1ms  fwd=813.2ms  bwd=808.6ms  total=1632.7ms
[  19500] loss=3.8536  ema_loss=3.8149  gap=0.5592  ema_gap=0.5556  mixup=27/100  0.5 sps  ETA 2.8h  cpc=0.0572
              R²_rand=0.5511  R²_naive=0.5668  U_t=0.6258  U_b=0.6844  AUC=1.0000  Top1=0.9984
  timing: data=9.0ms  fwd=806.8ms  bwd=795.6ms  total=1612.2ms
  -> Saved /home/jupyter/contrastive-forecasting/sync_b512_armC_seed2/bb_allt08_xftrip_nobn_enc3_emateach_sigreg_qk_aon_b512_cpc_lC_emb10_enc10_tau090_seed2_step19500.pth
[  19600] loss=3.8954  ema_loss=3.8206  gap=0.5605  ema_gap=0.5553  mixup=39/100  0.5 sps  ETA 2.8h  cpc=0.0568
              R²_rand=0.5441  R²_naive=0.5630  U_t=0.6134  U_b=0.7027  AUC=1.0000  Top1=0.9984
  timing: data=71.7ms  fwd=808.8ms  bwd=796.3ms  total=1677.7ms
[  19700] loss=3.8374  ema_loss=3.8213  gap=0.5755  ema_gap=0.5625  mixup=30/100  0.5 sps  ETA 2.7h  cpc=0.0122
              R²_rand=0.5460  R²_naive=0.5668  U_t=0.5816  U_b=0.7707  AUC=1.0000  Top1=0.9971
  timing: data=8.5ms  fwd=822.2ms  bwd=815.4ms  total=1647.0ms
[  19800] loss=3.8426  ema_loss=3.8340  gap=0.5617  ema_gap=0.5631  mixup=36/100  0.5 sps  ETA 2.7h  cpc=0.0069
              R²_rand=0.5460  R²_naive=0.5627  U_t=0.6193  U_b=0.7697  AUC=1.0000  Top1=0.9982
  timing: data=10.4ms  fwd=821.3ms  bwd=810.7ms  total=1643.3ms
[  19900] loss=3.7993  ema_loss=3.8409  gap=0.5731  ema_gap=0.5608  mixup=30/100  0.5 sps  ETA 2.6h  cpc=0.0076
              R²_rand=0.5541  R²_naive=0.5698  U_t=0.6088  U_b=0.7705  AUC=1.0000  Top1=0.9984
  timing: data=24.4ms  fwd=1186.3ms  bwd=786.3ms  total=1998.7ms
[  20000] loss=3.8076  ema_loss=3.8412  gap=0.5663  ema_gap=0.5611  mixup=32/100  0.5 sps  ETA 2.6h  cpc=0.0057
              R²_rand=0.5473  R²_naive=0.5650  U_t=0.6036  U_b=0.7714  AUC=1.0000  Top1=0.9950
  timing: data=25.6ms  fwd=1188.8ms  bwd=797.4ms  total=2013.5ms
  -> Saved /home/jupyter/contrastive-forecasting/sync_b512_armC_seed2/bb_allt08_xftrip_nobn_enc3_emateach_sigreg_qk_aon_b512_cpc_lC_emb10_enc10_tau090_seed2_20k.pth
  -> Saved /home/jupyter/contrastive-forecasting/sync_b512_armC_seed2/bb_allt08_xftrip_nobn_enc3_emateach_sigreg_qk_aon_b512_cpc_lC_emb10_enc10_tau090_seed2_step20000.pth
[  20100] loss=3.8422  ema_loss=3.8156  gap=0.5649  ema_gap=0.5602  mixup=39/100  0.5 sps  ETA 2.5h  cpc=0.0542
              R²_rand=0.5497  R²_naive=0.5648  U_t=0.6473  U_b=0.6899  AUC=1.0000  Top1=0.9980
  timing: data=14.0ms  fwd=967.3ms  bwd=797.1ms  total=1779.7ms
[  20200] loss=3.8333  ema_loss=3.8148  gap=0.5372  ema_gap=0.5538  mixup=25/100  0.5 sps  ETA 2.5h  cpc=0.0067
              R²_rand=0.5398  R²_naive=0.5523  U_t=0.6335  U_b=0.7853  AUC=1.0000  Top1=0.9933
  timing: data=36.0ms  fwd=1181.7ms  bwd=794.5ms  total=2013.9ms
[  20300] loss=4.0002  ema_loss=3.8367  gap=0.5254  ema_gap=0.5440  mixup=27/100  0.5 sps  ETA 2.4h  cpc=0.0035
              R²_rand=0.5301  R²_naive=0.5462  U_t=0.5965  U_b=0.7476  AUC=1.0000  Top1=0.9982
  timing: data=24.4ms  fwd=1168.7ms  bwd=811.9ms  total=2006.6ms
[  20400] loss=3.8235  ema_loss=3.8381  gap=0.5379  ema_gap=0.5518  mixup=31/100  0.5 sps  ETA 2.4h  cpc=0.0067
              R²_rand=0.5395  R²_naive=0.5521  U_t=0.5774  U_b=0.7660  AUC=1.0000  Top1=0.9963
  timing: data=14.2ms  fwd=988.4ms  bwd=802.2ms  total=1806.2ms
[  20500] loss=3.8528  ema_loss=3.8281  gap=0.5613  ema_gap=0.5550  mixup=39/100  0.5 sps  ETA 2.3h  cpc=0.0056
              R²_rand=0.5417  R²_naive=0.5602  U_t=0.6460  U_b=0.7720  AUC=1.0000  Top1=0.9981
  timing: data=45.2ms  fwd=1192.0ms  bwd=791.4ms  total=2030.3ms
  -> Saved /home/jupyter/contrastive-forecasting/sync_b512_armC_seed2/bb_allt08_xftrip_nobn_enc3_emateach_sigreg_qk_aon_b512_cpc_lC_emb10_enc10_tau090_seed2_step20500.pth
[  20600] loss=3.8194  ema_loss=3.8195  gap=0.5560  ema_gap=0.5543  mixup=29/100  0.5 sps  ETA 2.3h  cpc=0.0065
              R²_rand=0.5429  R²_naive=0.5598  U_t=0.6059  U_b=0.7772  AUC=1.0000  Top1=0.9988
  timing: data=35.5ms  fwd=1200.3ms  bwd=1115.1ms  total=2700.0ms
[  20700] loss=3.8697  ema_loss=3.8317  gap=0.5411  ema_gap=0.5516  mixup=30/100  0.5 sps  ETA 2.2h  cpc=0.0087
              R²_rand=0.5430  R²_naive=0.5560  U_t=0.5696  U_b=0.7527  AUC=1.0000  Top1=0.9977
  timing: data=12.8ms  fwd=1011.2ms  bwd=1260.4ms  total=2285.3ms
[  20800] loss=3.7755  ema_loss=3.8164  gap=0.5655  ema_gap=0.5544  mixup=31/100  0.5 sps  ETA 2.2h  cpc=0.0052
              R²_rand=0.5500  R²_naive=0.5655  U_t=0.6064  U_b=0.7763  AUC=1.0000  Top1=0.9993
  timing: data=41.9ms  fwd=1015.8ms  bwd=1308.6ms  total=2367.3ms
[  20900] loss=3.8197  ema_loss=3.8202  gap=0.5645  ema_gap=0.5523  mixup=24/100  0.5 sps  ETA 2.2h  cpc=0.0092
              R²_rand=0.5515  R²_naive=0.5661  U_t=0.6330  U_b=0.7743  AUC=1.0000  Top1=0.9975
  timing: data=12.6ms  fwd=1011.3ms  bwd=1317.5ms  total=2342.3ms
[  21000] loss=3.8256  ema_loss=3.8545  gap=0.5694  ema_gap=0.5605  mixup=26/100  0.5 sps  ETA 2.1h  cpc=0.0040
              R²_rand=0.5474  R²_naive=0.5645  U_t=0.6630  U_b=0.7728  AUC=1.0000  Top1=0.9990
  timing: data=12.7ms  fwd=1019.2ms  bwd=1306.9ms  total=2339.7ms
  -> Saved /home/jupyter/contrastive-forecasting/sync_b512_armC_seed2/bb_allt08_xftrip_nobn_enc3_emateach_sigreg_qk_aon_b512_cpc_lC_emb10_enc10_tau090_seed2_step21000.pth
[  21100] loss=3.8275  ema_loss=3.8517  gap=0.5121  ema_gap=0.5507  mixup=27/100  0.5 sps  ETA 2.1h  cpc=0.0104
              R²_rand=0.5351  R²_naive=0.5440  U_t=0.5601  U_b=0.7589  AUC=1.0000  Top1=0.9939
  timing: data=11.8ms  fwd=1024.9ms  bwd=1307.9ms  total=2345.6ms
[  21200] loss=3.8591  ema_loss=3.8550  gap=0.5492  ema_gap=0.5468  mixup=26/100  0.5 sps  ETA 2.0h  cpc=0.0064
              R²_rand=0.5428  R²_naive=0.5586  U_t=0.6058  U_b=0.7600  AUC=1.0000  Top1=0.9993
  timing: data=26.8ms  fwd=1223.7ms  bwd=1191.0ms  total=2442.8ms
[  21300] loss=3.8293  ema_loss=3.8403  gap=0.5380  ema_gap=0.5463  mixup=32/100  0.5 sps  ETA 2.0h  cpc=0.0055
              R²_rand=0.5383  R²_naive=0.5539  U_t=0.5868  U_b=0.7450  AUC=1.0000  Top1=0.9954
  timing: data=16.5ms  fwd=1153.2ms  bwd=1263.5ms  total=2434.5ms
[  21400] loss=3.8871  ema_loss=3.8242  gap=0.5775  ema_gap=0.5532  mixup=31/100  0.5 sps  ETA 1.9h  cpc=0.0493
              R²_rand=0.5530  R²_naive=0.5726  U_t=0.6302  U_b=0.7046  AUC=1.0000  Top1=0.9993
  timing: data=28.8ms  fwd=1264.1ms  bwd=1216.0ms  total=2510.4ms
[  21500] loss=3.8744  ema_loss=3.8185  gap=0.5631  ema_gap=0.5544  mixup=27/100  0.5 sps  ETA 1.9h  cpc=0.0471
              R²_rand=0.5460  R²_naive=0.5653  U_t=0.6196  U_b=0.7073  AUC=1.0000  Top1=0.9987
  timing: data=30.3ms  fwd=1198.5ms  bwd=1261.8ms  total=2492.1ms
  -> Saved /home/jupyter/contrastive-forecasting/sync_b512_armC_seed2/bb_allt08_xftrip_nobn_enc3_emateach_sigreg_qk_aon_b512_cpc_lC_emb10_enc10_tau090_seed2_step21500.pth
[  21600] loss=3.8103  ema_loss=3.8047  gap=0.5583  ema_gap=0.5606  mixup=27/100  0.5 sps  ETA 1.8h  cpc=0.0064
              R²_rand=0.5496  R²_naive=0.5645  U_t=0.6295  U_b=0.7728  AUC=1.0000  Top1=0.9981
  timing: data=37.5ms  fwd=1315.4ms  bwd=1206.0ms  total=2560.6ms
[  21700] loss=3.7850  ema_loss=3.8410  gap=0.5698  ema_gap=0.5595  mixup=35/100  0.5 sps  ETA 1.8h  cpc=0.0052
              R²_rand=0.5488  R²_naive=0.5687  U_t=0.5785  U_b=0.7581  AUC=1.0000  Top1=0.9988
  timing: data=34.4ms  fwd=1177.7ms  bwd=1247.1ms  total=2460.6ms
[  21800] loss=3.7989  ema_loss=3.8267  gap=0.5641  ema_gap=0.5605  mixup=23/100  0.5 sps  ETA 1.7h  cpc=0.0085
              R²_rand=0.5520  R²_naive=0.5669  U_t=0.6038  U_b=0.7663  AUC=1.0000  Top1=0.9986
  timing: data=13.0ms  fwd=1033.3ms  bwd=1296.9ms  total=2344.3ms
[  21900] loss=3.8124  ema_loss=3.8360  gap=0.5447  ema_gap=0.5563  mixup=24/100  0.5 sps  ETA 1.7h  cpc=0.0077
              R²_rand=0.5451  R²_naive=0.5596  U_t=0.5895  U_b=0.7604  AUC=1.0000  Top1=0.9967
  timing: data=13.0ms  fwd=1034.0ms  bwd=1305.6ms  total=2353.5ms
[  22000] loss=3.8879  ema_loss=3.8622  gap=0.5473  ema_gap=0.5508  mixup=32/100  0.5 sps  ETA 1.6h  cpc=0.0083
              R²_rand=0.5426  R²_naive=0.5590  U_t=0.5706  U_b=0.7540  AUC=1.0000  Top1=0.9980
  timing: data=12.8ms  fwd=1019.2ms  bwd=1304.5ms  total=2337.5ms
  -> Saved /home/jupyter/contrastive-forecasting/sync_b512_armC_seed2/bb_allt08_xftrip_nobn_enc3_emateach_sigreg_qk_aon_b512_cpc_lC_emb10_enc10_tau090_seed2_step22000.pth
[  22100] loss=3.8895  ema_loss=3.8455  gap=0.5587  ema_gap=0.5558  mixup=24/100  0.5 sps  ETA 1.6h  cpc=0.0604
              R²_rand=0.5483  R²_naive=0.5658  U_t=0.5991  U_b=0.6794  AUC=1.0000  Top1=0.9990
  timing: data=9.6ms  fwd=842.6ms  bwd=841.3ms  total=1694.3ms
[  22200] loss=3.8842  ema_loss=3.8394  gap=0.5546  ema_gap=0.5599  mixup=28/100  0.5 sps  ETA 1.5h  cpc=0.0346
              R²_rand=0.5454  R²_naive=0.5612  U_t=0.5652  U_b=0.7437  AUC=1.0000  Top1=0.9963
  timing: data=9.6ms  fwd=807.8ms  bwd=762.4ms  total=1580.7ms
[  22300] loss=3.7372  ema_loss=3.7917  gap=0.5490  ema_gap=0.5595  mixup=33/100  0.5 sps  ETA 1.5h  cpc=0.0033
              R²_rand=0.5494  R²_naive=0.5629  U_t=0.5737  U_b=0.7486  AUC=1.0000  Top1=0.9981
  timing: data=9.4ms  fwd=815.4ms  bwd=792.9ms  total=1618.7ms
[  22400] loss=3.8714  ema_loss=3.8040  gap=0.5378  ema_gap=0.5477  mixup=43/100  0.5 sps  ETA 1.4h  cpc=0.0426
              R²_rand=0.5405  R²_naive=0.5566  U_t=0.6090  U_b=0.6754  AUC=1.0000  Top1=0.9982
  timing: data=9.8ms  fwd=816.4ms  bwd=782.4ms  total=1609.5ms
[  22500] loss=3.9093  ema_loss=3.7993  gap=0.5404  ema_gap=0.5424  mixup=30/100  0.5 sps  ETA 1.3h  cpc=0.0513
              R²_rand=0.5427  R²_naive=0.5584  U_t=0.5988  U_b=0.6673  AUC=1.0000  Top1=0.9979
  timing: data=9.3ms  fwd=824.3ms  bwd=792.3ms  total=1626.8ms
  -> Saved /home/jupyter/contrastive-forecasting/sync_b512_armC_seed2/bb_allt08_xftrip_nobn_enc3_emateach_sigreg_qk_aon_b512_cpc_lC_emb10_enc10_tau090_seed2_22k.pth
  -> Saved /home/jupyter/contrastive-forecasting/sync_b512_armC_seed2/bb_allt08_xftrip_nobn_enc3_emateach_sigreg_qk_aon_b512_cpc_lC_emb10_enc10_tau090_seed2_step22500.pth
[  22600] loss=3.9017  ema_loss=3.8279  gap=0.5638  ema_gap=0.5430  mixup=29/100  0.5 sps  ETA 1.3h  cpc=0.0055
              R²_rand=0.5559  R²_naive=0.5700  U_t=0.5878  U_b=0.7465  AUC=1.0000  Top1=0.9978
  timing: data=9.4ms  fwd=815.1ms  bwd=780.4ms  total=1605.8ms
[  22700] loss=3.8474  ema_loss=3.8034  gap=0.5311  ema_gap=0.5461  mixup=38/100  0.5 sps  ETA 1.2h  cpc=0.0077
              R²_rand=0.5373  R²_naive=0.5518  U_t=0.5857  U_b=0.7518  AUC=1.0000  Top1=0.9990
  timing: data=17.5ms  fwd=1163.9ms  bwd=800.8ms  total=1983.9ms
[  22800] loss=3.7178  ema_loss=3.8023  gap=0.5632  ema_gap=0.5538  mixup=20/100  0.5 sps  ETA 1.2h  cpc=0.0108
              R²_rand=0.5573  R²_naive=0.5711  U_t=0.5876  U_b=0.7390  AUC=1.0000  Top1=0.9977
  timing: data=15.1ms  fwd=1135.8ms  bwd=808.2ms  total=1960.5ms
[  22900] loss=3.8156  ema_loss=3.8318  gap=0.5690  ema_gap=0.5549  mixup=31/100  0.5 sps  ETA 1.1h  cpc=0.0033
              R²_rand=0.5561  R²_naive=0.5729  U_t=0.6079  U_b=0.7640  AUC=1.0000  Top1=0.9987
  timing: data=13.3ms  fwd=946.8ms  bwd=805.8ms  total=1767.1ms
[  23000] loss=3.8031  ema_loss=3.8142  gap=0.5488  ema_gap=0.5493  mixup=29/100  0.5 sps  ETA 1.1h  cpc=0.0092
              R²_rand=0.5467  R²_naive=0.5616  U_t=0.6316  U_b=0.7649  AUC=1.0000  Top1=0.9983
  timing: data=21.3ms  fwd=1238.9ms  bwd=803.2ms  total=2065.0ms
  -> Saved /home/jupyter/contrastive-forecasting/sync_b512_armC_seed2/bb_allt08_xftrip_nobn_enc3_emateach_sigreg_qk_aon_b512_cpc_lC_emb10_enc10_tau090_seed2_step23000.pth
[  23100] loss=3.8318  ema_loss=3.8144  gap=0.5416  ema_gap=0.5423  mixup=28/100  0.5 sps  ETA 1.0h  cpc=0.0424
              R²_rand=0.5452  R²_naive=0.5609  U_t=0.6065  U_b=0.6881  AUC=1.0000  Top1=0.9991
  timing: data=12.4ms  fwd=951.4ms  bwd=797.6ms  total=1762.5ms
[  23200] loss=3.7615  ema_loss=3.7918  gap=0.5550  ema_gap=0.5376  mixup=25/100  0.5 sps  ETA 1.0h  cpc=0.0532
              R²_rand=0.5549  R²_naive=0.5706  U_t=0.5593  U_b=0.6743  AUC=1.0000  Top1=0.9991
  timing: data=10.0ms  fwd=833.1ms  bwd=806.6ms  total=1650.6ms
[  23300] loss=3.7457  ema_loss=3.7628  gap=0.5463  ema_gap=0.5384  mixup=27/100  0.5 sps  ETA 0.9h  cpc=0.0154
              R²_rand=0.5578  R²_naive=0.5677  U_t=0.5560  U_b=0.7352  AUC=1.0000  Top1=0.9991
  timing: data=11.3ms  fwd=823.2ms  bwd=809.4ms  total=1644.9ms
[  23400] loss=3.7384  ema_loss=3.7517  gap=0.5553  ema_gap=0.5426  mixup=29/100  0.5 sps  ETA 0.9h  cpc=0.0150
              R²_rand=0.5549  R²_naive=0.5692  U_t=0.5949  U_b=0.7473  AUC=1.0000  Top1=0.9987
  timing: data=8.6ms  fwd=821.3ms  bwd=817.0ms  total=1647.8ms
[  23500] loss=3.7294  ema_loss=3.7502  gap=0.5303  ema_gap=0.5421  mixup=33/100  0.5 sps  ETA 0.8h  cpc=0.0187
              R²_rand=0.5477  R²_naive=0.5590  U_t=0.5650  U_b=0.7290  AUC=1.0000  Top1=0.9985
  timing: data=8.7ms  fwd=809.3ms  bwd=772.7ms  total=1591.6ms
  -> Saved /home/jupyter/contrastive-forecasting/sync_b512_armC_seed2/bb_allt08_xftrip_nobn_enc3_emateach_sigreg_qk_aon_b512_cpc_lC_emb10_enc10_tau090_seed2_step23500.pth
[  23600] loss=4.0922  ema_loss=3.7721  gap=0.5705  ema_gap=0.5356  mixup=28/100  0.5 sps  ETA 0.8h  cpc=0.0749
              R²_rand=0.5523  R²_naive=0.5710  U_t=0.6137  U_b=0.6632  AUC=1.0000  Top1=0.9991
  timing: data=9.5ms  fwd=805.2ms  bwd=774.8ms  total=1590.4ms
[  23700] loss=3.7624  ema_loss=3.7610  gap=0.5330  ema_gap=0.5464  mixup=25/100  0.5 sps  ETA 0.7h  cpc=0.0032
              R²_rand=0.5431  R²_naive=0.5547  U_t=0.5931  U_b=0.7631  AUC=1.0000  Top1=0.9992
  timing: data=9.9ms  fwd=807.0ms  bwd=769.0ms  total=1586.7ms
[  23800] loss=3.7568  ema_loss=3.7661  gap=0.5396  ema_gap=0.5422  mixup=34/100  0.5 sps  ETA 0.7h  cpc=0.0060
              R²_rand=0.5450  R²_naive=0.5591  U_t=0.5810  U_b=0.7464  AUC=1.0000  Top1=0.9982
  timing: data=10.4ms  fwd=811.6ms  bwd=771.8ms  total=1594.6ms
[  23900] loss=3.7512  ema_loss=3.7476  gap=0.5259  ema_gap=0.5460  mixup=29/100  0.5 sps  ETA 0.6h  cpc=0.0203
              R²_rand=0.5385  R²_naive=0.5506  U_t=0.5910  U_b=0.7303  AUC=1.0000  Top1=0.9985
  timing: data=9.3ms  fwd=807.2ms  bwd=771.0ms  total=1588.4ms
[  24000] loss=3.7312  ema_loss=3.7366  gap=0.4997  ema_gap=0.5356  mixup=27/100  0.5 sps  ETA 0.5h  cpc=0.0056
              R²_rand=0.5380  R²_naive=0.5444  U_t=0.5395  U_b=0.7492  AUC=1.0000  Top1=0.9963
  timing: data=10.1ms  fwd=848.1ms  bwd=783.8ms  total=1643.1ms
  -> Saved /home/jupyter/contrastive-forecasting/sync_b512_armC_seed2/bb_allt08_xftrip_nobn_enc3_emateach_sigreg_qk_aon_b512_cpc_lC_emb10_enc10_tau090_seed2_step24000.pth
[  24100] loss=3.9804  ema_loss=3.7862  gap=0.5660  ema_gap=0.5355  mixup=27/100  0.5 sps  ETA 0.5h  cpc=0.0539
              R²_rand=0.5504  R²_naive=0.5676  U_t=0.6330  U_b=0.6853  AUC=1.0000  Top1=0.9992
  timing: data=17.5ms  fwd=1229.3ms  bwd=802.3ms  total=2050.7ms
[  24200] loss=3.8422  ema_loss=3.8038  gap=0.5358  ema_gap=0.5395  mixup=36/100  0.5 sps  ETA 0.4h  cpc=0.0535
              R²_rand=0.5473  R²_naive=0.5588  U_t=0.5861  U_b=0.6739  AUC=1.0000  Top1=0.9985
  timing: data=19.6ms  fwd=1043.4ms  bwd=801.2ms  total=1865.5ms
[  24300] loss=3.7843  ema_loss=3.8692  gap=0.5575  ema_gap=0.5431  mixup=32/100  0.5 sps  ETA 0.4h  cpc=0.0080
              R²_rand=0.5559  R²_naive=0.5701  U_t=0.5803  U_b=0.7449  AUC=1.0000  Top1=0.9983
  timing: data=13.2ms  fwd=1018.1ms  bwd=801.6ms  total=1834.3ms
[  24400] loss=4.0059  ema_loss=3.8438  gap=0.5499  ema_gap=0.5482  mixup=28/100  0.5 sps  ETA 0.3h  cpc=0.0114
              R²_rand=0.5438  R²_naive=0.5585  U_t=0.5931  U_b=0.7398  AUC=1.0000  Top1=0.9960
  timing: data=21.6ms  fwd=1217.6ms  bwd=813.8ms  total=2054.7ms
[  24500] loss=3.8167  ema_loss=3.8499  gap=0.5361  ema_gap=0.5398  mixup=28/100  0.5 sps  ETA 0.3h  cpc=0.0129
              R²_rand=0.5488  R²_naive=0.5597  U_t=0.5891  U_b=0.7436  AUC=1.0000  Top1=0.9985
  timing: data=12.0ms  fwd=942.8ms  bwd=815.6ms  total=1771.6ms
  -> Saved /home/jupyter/contrastive-forecasting/sync_b512_armC_seed2/bb_allt08_xftrip_nobn_enc3_emateach_sigreg_qk_aon_b512_cpc_lC_emb10_enc10_tau090_seed2_step24500.pth
[  24600] loss=4.1103  ema_loss=3.9026  gap=0.5287  ema_gap=0.5330  mixup=32/100  0.5 sps  ETA 0.2h  cpc=0.0349
              R²_rand=0.5332  R²_naive=0.5502  U_t=0.5950  U_b=0.7023  AUC=1.0000  Top1=0.9990
  timing: data=9.3ms  fwd=821.9ms  bwd=814.0ms  total=1646.1ms
[  24700] loss=3.9119  ema_loss=3.9051  gap=0.5517  ema_gap=0.5380  mixup=33/100  0.5 sps  ETA 0.2h  cpc=0.0534
              R²_rand=0.5548  R²_naive=0.5671  U_t=0.6147  U_b=0.6658  AUC=1.0000  Top1=0.9991
  timing: data=9.9ms  fwd=822.1ms  bwd=812.7ms  total=1645.5ms
[  24800] loss=3.7950  ema_loss=3.8561  gap=0.5459  ema_gap=0.5388  mixup=31/100  0.5 sps  ETA 0.1h  cpc=0.0202
              R²_rand=0.5533  R²_naive=0.5666  U_t=0.5731  U_b=0.7022  AUC=1.0000  Top1=0.9989
  timing: data=10.7ms  fwd=822.0ms  bwd=813.8ms  total=1647.3ms
[  24900] loss=3.8280  ema_loss=3.8459  gap=0.5525  ema_gap=0.5335  mixup=39/100  0.5 sps  ETA 0.1h  cpc=0.0092
              R²_rand=0.5559  R²_naive=0.5700  U_t=0.5706  U_b=0.7178  AUC=0.9999  Top1=0.9904
  timing: data=10.0ms  fwd=813.5ms  bwd=805.4ms  total=1629.8ms
[  25000] loss=3.6906  ema_loss=3.8122  gap=0.5367  ema_gap=0.5427  mixup=34/100  0.5 sps  ETA 0.0h  cpc=0.0063
              R²_rand=0.5501  R²_naive=0.5641  U_t=0.5644  U_b=0.7245  AUC=1.0000  Top1=0.9968
  timing: data=9.8ms  fwd=809.0ms  bwd=769.5ms  total=1589.2ms
  -> Saved /home/jupyter/contrastive-forecasting/sync_b512_armC_seed2/bb_allt08_xftrip_nobn_enc3_emateach_sigreg_qk_aon_b512_cpc_lC_emb10_enc10_tau090_seed2_25k.pth
  -> Saved /home/jupyter/contrastive-forecasting/sync_b512_armC_seed2/bb_allt08_xftrip_nobn_enc3_emateach_sigreg_qk_aon_b512_cpc_lC_emb10_enc10_tau090_seed2_step25000.pth
  -> Saved /home/jupyter/contrastive-forecasting/sync_b512_armC_seed2/bb_allt08_xftrip_nobn_enc3_emateach_sigreg_qk_aon_b512_cpc_lC_emb10_enc10_tau090_seed2_final.pth

Done in 13.6h. Best gap=0.5729 at step 17100, Best loss=3.3882 at step 2800
