  [head-train] auto-detected freq_emb_dim=3 from backbone checkpoint
  [head-train] auto-detected seasonality_emb_dim=3 from backbone checkpoint
  [head-train] auto-detected num_encoder_layers=3 from backbone checkpoint
  [head-train] auto-detected qk_norm=True from backbone checkpoint
  [head-train] auto-detected attn_out_norm=True from backbone checkpoint
  [head-train] auto-detected patch_stats=none
Backbone loaded from /home/jupyter/contrastive-forecasting/sync_b512_armC_seed2/bb_allt08_xftrip_nobn_enc3_emateach_sigreg_qk_aon_b512_cpc_lC_emb10_enc10_tau090_seed2_r2_step37500.pth (0 params, frozen)
/home/jupyter/.local/lib/python3.10/site-packages/torch/nn/modules/transformer.py:392: UserWarning: enable_nested_tensor is True, but self.use_nested_tensor is False because encoder_layer.norm_first was True
  warnings.warn(
Forecasting head [transformer-q (6L H384 nhead6 causal)]: 10,702,992 trainable params
Optimizer: AdamW lr=0.001 betas=(0.9,0.98) wd=0.1 eps=1e-08
Schedule: cosine warmup=1000 decay_start=8000 final_ratio=0.1
Loaded head weights from /home/jupyter/contrastive-forecasting/sync_b512_armC_seed2/heads/qhead_6L_allt08_xftrip_nobn_enc3_emateach_sigreg_qk_aon_b512_cpc_lC_emb10_enc10_tau090_seed2_step12500_FINAL.pth (no optimizer state)
Loss CSV: /home/jupyter/contrastive-forecasting/sync_b512_armC_seed2/heads/qhead_6L_allt08_xftrip_nobn_enc3_emateach_sigreg_qk_aon_b512_cpc_lC_emb10_enc10_tau090_seed2_step37500_losses.csv
Data: MIX 100% HF + 0% synth, hf_bs=256, synth_bs=0, synth_seed=20042, emit_labels=True

Training for 10000 steps, bs=256, lr=0.001, forecast_len=16
RECONSTRUCTION mode: forecaster (head decodes what latent represents, not future)
Checkpoints: /home/jupyter/contrastive-forecasting/sync_b512_armC_seed2/heads/qhead_6L_allt08_xftrip_nobn_enc3_emateach_sigreg_qk_aon_b512_cpc_lC_emb10_enc10_tau090_seed2_step37500_*.pth
[    200] loss=0.213034  ema_loss=0.235870  2.2 sps  ETA 1.2h
  -> New best: /home/jupyter/contrastive-forecasting/sync_b512_armC_seed2/heads/qhead_6L_allt08_xftrip_nobn_enc3_emateach_sigreg_qk_aon_b512_cpc_lC_emb10_enc10_tau090_seed2_step37500_best.pth (ema_loss=0.235870)
[    400] loss=0.208052  ema_loss=0.211964  2.3 sps  ETA 1.2h
  -> New best: /home/jupyter/contrastive-forecasting/sync_b512_armC_seed2/heads/qhead_6L_allt08_xftrip_nobn_enc3_emateach_sigreg_qk_aon_b512_cpc_lC_emb10_enc10_tau090_seed2_step37500_best.pth (ema_loss=0.211964)
[    600] loss=0.205269  ema_loss=0.206389  2.3 sps  ETA 1.1h
  -> New best: /home/jupyter/contrastive-forecasting/sync_b512_armC_seed2/heads/qhead_6L_allt08_xftrip_nobn_enc3_emateach_sigreg_qk_aon_b512_cpc_lC_emb10_enc10_tau090_seed2_step37500_best.pth (ema_loss=0.206389)
[    800] loss=0.192359  ema_loss=0.204002  2.3 sps  ETA 1.1h
  -> New best: /home/jupyter/contrastive-forecasting/sync_b512_armC_seed2/heads/qhead_6L_allt08_xftrip_nobn_enc3_emateach_sigreg_qk_aon_b512_cpc_lC_emb10_enc10_tau090_seed2_step37500_best.pth (ema_loss=0.204002)
[   1000] loss=0.207873  ema_loss=0.203957  2.3 sps  ETA 1.1h
  -> New best: /home/jupyter/contrastive-forecasting/sync_b512_armC_seed2/heads/qhead_6L_allt08_xftrip_nobn_enc3_emateach_sigreg_qk_aon_b512_cpc_lC_emb10_enc10_tau090_seed2_step37500_best.pth (ema_loss=0.203957)
[   1200] loss=0.200910  ema_loss=0.202168  2.3 sps  ETA 1.0h
  -> New best: /home/jupyter/contrastive-forecasting/sync_b512_armC_seed2/heads/qhead_6L_allt08_xftrip_nobn_enc3_emateach_sigreg_qk_aon_b512_cpc_lC_emb10_enc10_tau090_seed2_step37500_best.pth (ema_loss=0.202168)
[   1400] loss=0.197148  ema_loss=0.202336  2.3 sps  ETA 1.0h
[   1600] loss=0.191520  ema_loss=0.201146  2.3 sps  ETA 1.0h
  -> New best: /home/jupyter/contrastive-forecasting/sync_b512_armC_seed2/heads/qhead_6L_allt08_xftrip_nobn_enc3_emateach_sigreg_qk_aon_b512_cpc_lC_emb10_enc10_tau090_seed2_step37500_best.pth (ema_loss=0.201146)
[   1800] loss=0.211717  ema_loss=0.202125  2.4 sps  ETA 1.0h
[   2000] loss=0.196404  ema_loss=0.201477  2.4 sps  ETA 0.9h
[   2200] loss=0.209137  ema_loss=0.202022  2.3 sps  ETA 0.9h
[   2400] loss=0.201319  ema_loss=0.201586  2.3 sps  ETA 0.9h
[   2600] loss=0.189621  ema_loss=0.200655  2.3 sps  ETA 0.9h
  -> New best: /home/jupyter/contrastive-forecasting/sync_b512_armC_seed2/heads/qhead_6L_allt08_xftrip_nobn_enc3_emateach_sigreg_qk_aon_b512_cpc_lC_emb10_enc10_tau090_seed2_step37500_best.pth (ema_loss=0.200655)
[   2800] loss=0.190623  ema_loss=0.200812  2.3 sps  ETA 0.9h
[   3000] loss=0.196587  ema_loss=0.200109  2.3 sps  ETA 0.8h
  -> New best: /home/jupyter/contrastive-forecasting/sync_b512_armC_seed2/heads/qhead_6L_allt08_xftrip_nobn_enc3_emateach_sigreg_qk_aon_b512_cpc_lC_emb10_enc10_tau090_seed2_step37500_best.pth (ema_loss=0.200109)
[   3200] loss=0.193382  ema_loss=0.201468  2.3 sps  ETA 0.8h
[   3400] loss=0.202961  ema_loss=0.200546  2.3 sps  ETA 0.8h
[   3600] loss=0.185737  ema_loss=0.199675  2.3 sps  ETA 0.8h
  -> New best: /home/jupyter/contrastive-forecasting/sync_b512_armC_seed2/heads/qhead_6L_allt08_xftrip_nobn_enc3_emateach_sigreg_qk_aon_b512_cpc_lC_emb10_enc10_tau090_seed2_step37500_best.pth (ema_loss=0.199675)
[   3800] loss=0.194554  ema_loss=0.200348  2.3 sps  ETA 0.7h
[   4000] loss=0.221008  ema_loss=0.199715  2.3 sps  ETA 0.7h
[   4200] loss=0.200070  ema_loss=0.199925  2.3 sps  ETA 0.7h
[   4400] loss=0.197781  ema_loss=0.200066  2.3 sps  ETA 0.7h
[   4600] loss=0.191112  ema_loss=0.200028  2.3 sps  ETA 0.6h
[   4800] loss=0.197782  ema_loss=0.199249  2.3 sps  ETA 0.6h
  -> New best: /home/jupyter/contrastive-forecasting/sync_b512_armC_seed2/heads/qhead_6L_allt08_xftrip_nobn_enc3_emateach_sigreg_qk_aon_b512_cpc_lC_emb10_enc10_tau090_seed2_step37500_best.pth (ema_loss=0.199249)
[   5000] loss=0.201586  ema_loss=0.199891  2.3 sps  ETA 0.6h
[   5200] loss=0.209837  ema_loss=0.199476  2.3 sps  ETA 0.6h
[   5400] loss=0.198700  ema_loss=0.200235  2.3 sps  ETA 0.5h
[   5600] loss=0.190419  ema_loss=0.199059  2.3 sps  ETA 0.5h
  -> New best: /home/jupyter/contrastive-forecasting/sync_b512_armC_seed2/heads/qhead_6L_allt08_xftrip_nobn_enc3_emateach_sigreg_qk_aon_b512_cpc_lC_emb10_enc10_tau090_seed2_step37500_best.pth (ema_loss=0.199059)
[   5800] loss=0.189532  ema_loss=0.199207  2.4 sps  ETA 0.5h
[   6000] loss=0.191235  ema_loss=0.198916  2.4 sps  ETA 0.5h
  -> New best: /home/jupyter/contrastive-forecasting/sync_b512_armC_seed2/heads/qhead_6L_allt08_xftrip_nobn_enc3_emateach_sigreg_qk_aon_b512_cpc_lC_emb10_enc10_tau090_seed2_step37500_best.pth (ema_loss=0.198916)
[   6200] loss=0.191490  ema_loss=0.198906  2.4 sps  ETA 0.4h
  -> New best: /home/jupyter/contrastive-forecasting/sync_b512_armC_seed2/heads/qhead_6L_allt08_xftrip_nobn_enc3_emateach_sigreg_qk_aon_b512_cpc_lC_emb10_enc10_tau090_seed2_step37500_best.pth (ema_loss=0.198906)
[   6400] loss=0.215072  ema_loss=0.198205  2.4 sps  ETA 0.4h
  -> New best: /home/jupyter/contrastive-forecasting/sync_b512_armC_seed2/heads/qhead_6L_allt08_xftrip_nobn_enc3_emateach_sigreg_qk_aon_b512_cpc_lC_emb10_enc10_tau090_seed2_step37500_best.pth (ema_loss=0.198205)
[   6600] loss=0.198763  ema_loss=0.197917  2.4 sps  ETA 0.4h
  -> New best: /home/jupyter/contrastive-forecasting/sync_b512_armC_seed2/heads/qhead_6L_allt08_xftrip_nobn_enc3_emateach_sigreg_qk_aon_b512_cpc_lC_emb10_enc10_tau090_seed2_step37500_best.pth (ema_loss=0.197917)
[   6800] loss=0.208986  ema_loss=0.199227  2.4 sps  ETA 0.4h
[   7000] loss=0.185119  ema_loss=0.198899  2.4 sps  ETA 0.4h
[   7200] loss=0.185245  ema_loss=0.198763  2.4 sps  ETA 0.3h
[   7400] loss=0.200638  ema_loss=0.199485  2.4 sps  ETA 0.3h
[   7600] loss=0.204305  ema_loss=0.198810  2.4 sps  ETA 0.3h
[   7800] loss=0.189713  ema_loss=0.198712  2.4 sps  ETA 0.3h
[   8000] loss=0.193179  ema_loss=0.198431  2.4 sps  ETA 0.2h
[   8200] loss=0.206902  ema_loss=0.198601  2.4 sps  ETA 0.2h
[   8400] loss=0.198897  ema_loss=0.197440  2.4 sps  ETA 0.2h
  -> New best: /home/jupyter/contrastive-forecasting/sync_b512_armC_seed2/heads/qhead_6L_allt08_xftrip_nobn_enc3_emateach_sigreg_qk_aon_b512_cpc_lC_emb10_enc10_tau090_seed2_step37500_best.pth (ema_loss=0.197440)
[   8600] loss=0.204176  ema_loss=0.198057  2.4 sps  ETA 0.2h
[   8800] loss=0.201815  ema_loss=0.198301  2.5 sps  ETA 0.1h
[   9000] loss=0.188954  ema_loss=0.197578  2.5 sps  ETA 0.1h
[   9200] loss=0.178190  ema_loss=0.197770  2.5 sps  ETA 0.1h
[   9400] loss=0.202593  ema_loss=0.198687  2.5 sps  ETA 0.1h
[   9600] loss=0.203131  ema_loss=0.198740  2.5 sps  ETA 0.0h
[   9800] loss=0.209111  ema_loss=0.198463  2.5 sps  ETA 0.0h
[  10000] loss=0.195498  ema_loss=0.198086  2.5 sps  ETA 0.0h

Done in 1.1h. Best loss=0.197440 at step 8400
