  [head-train] auto-detected freq_emb_dim=3 from backbone checkpoint
  [head-train] auto-detected seasonality_emb_dim=3 from backbone checkpoint
  [head-train] auto-detected num_encoder_layers=3 from backbone checkpoint
  [head-train] auto-detected qk_norm=True from backbone checkpoint
  [head-train] auto-detected attn_out_norm=True from backbone checkpoint
  [head-train] auto-detected patch_stats=none
Backbone loaded from /tmp/contrastive-forecasting-363/experiments/2026-06-24_sigreg_lambda_sweep/runs/bb_allt08_xftrip_nobn_enc3_emateach_sigreg_qk_aon_b512_cpc_emb100_enc01_final.pth (0 params, frozen)
/home/jupyter/.local/lib/python3.10/site-packages/torch/nn/modules/transformer.py:392: UserWarning: enable_nested_tensor is True, but self.use_nested_tensor is False because encoder_layer.norm_first was True
  warnings.warn(
Forecasting head [transformer-q (2L H384 nhead6 causal)]: 3,605,136 trainable params
Optimizer: AdamW lr=0.001 betas=(0.9,0.98) wd=0.1 eps=1e-08
Schedule: cosine warmup=1000 decay_start=8000 final_ratio=0.1
Loaded head weights from /tmp/contrastive-forecasting-363/experiments/2026-06-24_sigreg_lambda_sweep/runs/qhead_2L_allt08_xftrip_nobn_enc3_emateach_sigreg_qk_aon_b512_cpc_emb100_enc01_FINAL.pth (no optimizer state)
Loss CSV: /tmp/contrastive-forecasting-363/experiments/2026-06-24_sigreg_lambda_sweep/runs/qhead_2L_allt08_xftrip_nobn_enc3_emateach_sigreg_qk_aon_b512_cpc_emb100_enc01_last_losses.csv
Data: MIX 100% HF + 0% synth, hf_bs=256, synth_bs=0, synth_seed=20042, emit_labels=True

Training for 10000 steps, bs=256, lr=0.001, forecast_len=16
RECONSTRUCTION mode: forecaster (head decodes what latent represents, not future)
Checkpoints: /tmp/contrastive-forecasting-363/experiments/2026-06-24_sigreg_lambda_sweep/runs/qhead_2L_allt08_xftrip_nobn_enc3_emateach_sigreg_qk_aon_b512_cpc_emb100_enc01_last_*.pth
[    200] loss=0.212452  ema_loss=0.229385  5.2 sps  ETA 0.5h
  -> New best: /tmp/contrastive-forecasting-363/experiments/2026-06-24_sigreg_lambda_sweep/runs/qhead_2L_allt08_xftrip_nobn_enc3_emateach_sigreg_qk_aon_b512_cpc_emb100_enc01_last_best.pth (ema_loss=0.229385)
[    400] loss=0.210386  ema_loss=0.211363  5.5 sps  ETA 0.5h
  -> New best: /tmp/contrastive-forecasting-363/experiments/2026-06-24_sigreg_lambda_sweep/runs/qhead_2L_allt08_xftrip_nobn_enc3_emateach_sigreg_qk_aon_b512_cpc_emb100_enc01_last_best.pth (ema_loss=0.211363)
[    600] loss=0.206241  ema_loss=0.207828  5.7 sps  ETA 0.5h
  -> New best: /tmp/contrastive-forecasting-363/experiments/2026-06-24_sigreg_lambda_sweep/runs/qhead_2L_allt08_xftrip_nobn_enc3_emateach_sigreg_qk_aon_b512_cpc_emb100_enc01_last_best.pth (ema_loss=0.207828)
[    800] loss=0.192725  ema_loss=0.205668  5.7 sps  ETA 0.4h
  -> New best: /tmp/contrastive-forecasting-363/experiments/2026-06-24_sigreg_lambda_sweep/runs/qhead_2L_allt08_xftrip_nobn_enc3_emateach_sigreg_qk_aon_b512_cpc_emb100_enc01_last_best.pth (ema_loss=0.205668)
[   1000] loss=0.209869  ema_loss=0.205575  5.8 sps  ETA 0.4h
  -> New best: /tmp/contrastive-forecasting-363/experiments/2026-06-24_sigreg_lambda_sweep/runs/qhead_2L_allt08_xftrip_nobn_enc3_emateach_sigreg_qk_aon_b512_cpc_emb100_enc01_last_best.pth (ema_loss=0.205575)
[   1200] loss=0.203074  ema_loss=0.203579  5.8 sps  ETA 0.4h
  -> New best: /tmp/contrastive-forecasting-363/experiments/2026-06-24_sigreg_lambda_sweep/runs/qhead_2L_allt08_xftrip_nobn_enc3_emateach_sigreg_qk_aon_b512_cpc_emb100_enc01_last_best.pth (ema_loss=0.203579)
[   1400] loss=0.199480  ema_loss=0.203616  5.8 sps  ETA 0.4h
[   1600] loss=0.193564  ema_loss=0.202378  5.8 sps  ETA 0.4h
  -> New best: /tmp/contrastive-forecasting-363/experiments/2026-06-24_sigreg_lambda_sweep/runs/qhead_2L_allt08_xftrip_nobn_enc3_emateach_sigreg_qk_aon_b512_cpc_emb100_enc01_last_best.pth (ema_loss=0.202378)
[   1800] loss=0.211872  ema_loss=0.203384  5.9 sps  ETA 0.4h
[   2000] loss=0.197594  ema_loss=0.202730  5.9 sps  ETA 0.4h
[   2200] loss=0.210926  ema_loss=0.203154  5.9 sps  ETA 0.4h
[   2400] loss=0.201839  ema_loss=0.202715  5.9 sps  ETA 0.4h
[   2600] loss=0.191426  ema_loss=0.201766  5.9 sps  ETA 0.3h
  -> New best: /tmp/contrastive-forecasting-363/experiments/2026-06-24_sigreg_lambda_sweep/runs/qhead_2L_allt08_xftrip_nobn_enc3_emateach_sigreg_qk_aon_b512_cpc_emb100_enc01_last_best.pth (ema_loss=0.201766)
[   2800] loss=0.191772  ema_loss=0.201874  5.9 sps  ETA 0.3h
[   3000] loss=0.197374  ema_loss=0.201109  5.9 sps  ETA 0.3h
  -> New best: /tmp/contrastive-forecasting-363/experiments/2026-06-24_sigreg_lambda_sweep/runs/qhead_2L_allt08_xftrip_nobn_enc3_emateach_sigreg_qk_aon_b512_cpc_emb100_enc01_last_best.pth (ema_loss=0.201109)
[   3200] loss=0.193931  ema_loss=0.202363  5.9 sps  ETA 0.3h
[   3400] loss=0.204036  ema_loss=0.201545  5.9 sps  ETA 0.3h
[   3600] loss=0.187882  ema_loss=0.200687  5.9 sps  ETA 0.3h
  -> New best: /tmp/contrastive-forecasting-363/experiments/2026-06-24_sigreg_lambda_sweep/runs/qhead_2L_allt08_xftrip_nobn_enc3_emateach_sigreg_qk_aon_b512_cpc_emb100_enc01_last_best.pth (ema_loss=0.200687)
[   3800] loss=0.196333  ema_loss=0.201449  5.9 sps  ETA 0.3h
[   4000] loss=0.221484  ema_loss=0.200716  5.9 sps  ETA 0.3h
[   4200] loss=0.201775  ema_loss=0.200922  5.9 sps  ETA 0.3h
[   4400] loss=0.198499  ema_loss=0.201000  5.9 sps  ETA 0.3h
[   4600] loss=0.192548  ema_loss=0.201024  5.9 sps  ETA 0.3h
[   4800] loss=0.197979  ema_loss=0.200286  5.9 sps  ETA 0.2h
  -> New best: /tmp/contrastive-forecasting-363/experiments/2026-06-24_sigreg_lambda_sweep/runs/qhead_2L_allt08_xftrip_nobn_enc3_emateach_sigreg_qk_aon_b512_cpc_emb100_enc01_last_best.pth (ema_loss=0.200286)
[   5000] loss=0.202029  ema_loss=0.200938  5.9 sps  ETA 0.2h
[   5200] loss=0.210891  ema_loss=0.200465  5.9 sps  ETA 0.2h
[   5400] loss=0.199443  ema_loss=0.201307  5.9 sps  ETA 0.2h
[   5600] loss=0.192014  ema_loss=0.200157  5.9 sps  ETA 0.2h
  -> New best: /tmp/contrastive-forecasting-363/experiments/2026-06-24_sigreg_lambda_sweep/runs/qhead_2L_allt08_xftrip_nobn_enc3_emateach_sigreg_qk_aon_b512_cpc_emb100_enc01_last_best.pth (ema_loss=0.200157)
[   5800] loss=0.190192  ema_loss=0.200337  5.9 sps  ETA 0.2h
[   6000] loss=0.192773  ema_loss=0.200011  5.9 sps  ETA 0.2h
  -> New best: /tmp/contrastive-forecasting-363/experiments/2026-06-24_sigreg_lambda_sweep/runs/qhead_2L_allt08_xftrip_nobn_enc3_emateach_sigreg_qk_aon_b512_cpc_emb100_enc01_last_best.pth (ema_loss=0.200011)
[   6200] loss=0.193669  ema_loss=0.200094  5.9 sps  ETA 0.2h
[   6400] loss=0.215915  ema_loss=0.199404  5.9 sps  ETA 0.2h
  -> New best: /tmp/contrastive-forecasting-363/experiments/2026-06-24_sigreg_lambda_sweep/runs/qhead_2L_allt08_xftrip_nobn_enc3_emateach_sigreg_qk_aon_b512_cpc_emb100_enc01_last_best.pth (ema_loss=0.199404)
[   6600] loss=0.199224  ema_loss=0.199107  5.9 sps  ETA 0.2h
  -> New best: /tmp/contrastive-forecasting-363/experiments/2026-06-24_sigreg_lambda_sweep/runs/qhead_2L_allt08_xftrip_nobn_enc3_emateach_sigreg_qk_aon_b512_cpc_emb100_enc01_last_best.pth (ema_loss=0.199107)
[   6800] loss=0.209654  ema_loss=0.200440  5.9 sps  ETA 0.2h
[   7000] loss=0.187513  ema_loss=0.200150  5.9 sps  ETA 0.1h
[   7200] loss=0.186793  ema_loss=0.200019  5.9 sps  ETA 0.1h
[   7400] loss=0.201532  ema_loss=0.200663  5.9 sps  ETA 0.1h
[   7600] loss=0.204773  ema_loss=0.199991  5.9 sps  ETA 0.1h
[   7800] loss=0.190147  ema_loss=0.200068  5.9 sps  ETA 0.1h
[   8000] loss=0.195101  ema_loss=0.199835  5.9 sps  ETA 0.1h
[   8200] loss=0.207713  ema_loss=0.199974  5.9 sps  ETA 0.1h
[   8400] loss=0.200588  ema_loss=0.198856  5.9 sps  ETA 0.1h
  -> New best: /tmp/contrastive-forecasting-363/experiments/2026-06-24_sigreg_lambda_sweep/runs/qhead_2L_allt08_xftrip_nobn_enc3_emateach_sigreg_qk_aon_b512_cpc_emb100_enc01_last_best.pth (ema_loss=0.198856)
[   8600] loss=0.204835  ema_loss=0.199455  5.9 sps  ETA 0.1h
[   8800] loss=0.203379  ema_loss=0.199754  5.9 sps  ETA 0.1h
[   9000] loss=0.189224  ema_loss=0.198932  5.9 sps  ETA 0.0h
[   9200] loss=0.179973  ema_loss=0.199184  5.9 sps  ETA 0.0h
[   9400] loss=0.203843  ema_loss=0.200081  5.9 sps  ETA 0.0h
[   9600] loss=0.204429  ema_loss=0.200260  5.9 sps  ETA 0.0h
[   9800] loss=0.210592  ema_loss=0.199934  5.9 sps  ETA 0.0h
[  10000] loss=0.197117  ema_loss=0.199503  5.9 sps  ETA 0.0h

Done in 0.5h. Best loss=0.198856 at step 8400
