  [head-train] auto-detected freq_emb_dim=3 from backbone checkpoint
  [head-train] auto-detected seasonality_emb_dim=3 from backbone checkpoint
  [head-train] auto-detected num_encoder_layers=3 from backbone checkpoint
  [head-train] auto-detected qk_norm=True from backbone checkpoint
  [head-train] auto-detected attn_out_norm=True from backbone checkpoint
  [head-train] auto-detected patch_stats=none
Backbone loaded from /tmp/contrastive-forecasting-363/experiments/2026-06-24_sigreg_lambda_sweep/runs/bb_allt08_xftrip_nobn_enc3_emateach_sigreg_qk_aon_b512_cpc_emb100_enc01_final.pth (0 params, frozen)
/home/jupyter/.local/lib/python3.10/site-packages/torch/nn/modules/transformer.py:392: UserWarning: enable_nested_tensor is True, but self.use_nested_tensor is False because encoder_layer.norm_first was True
  warnings.warn(
Forecasting head [transformer-q (6L H384 nhead6 causal)]: 10,702,992 trainable params
Optimizer: AdamW lr=0.001 betas=(0.9,0.98) wd=0.1 eps=1e-08
Schedule: cosine warmup=1000 decay_start=8000 final_ratio=0.1
Loaded head weights from /tmp/contrastive-forecasting-363/experiments/2026-06-24_sigreg_lambda_sweep/runs/qhead_6L_allt08_xftrip_nobn_enc3_emateach_sigreg_qk_aon_b512_cpc_emb100_enc01_FINAL.pth (no optimizer state)
Loss CSV: /tmp/contrastive-forecasting-363/experiments/2026-06-24_sigreg_lambda_sweep/runs/qhead_6L_allt08_xftrip_nobn_enc3_emateach_sigreg_qk_aon_b512_cpc_emb100_enc01_last_losses.csv
Data: MIX 100% HF + 0% synth, hf_bs=256, synth_bs=0, synth_seed=20042, emit_labels=True

Training for 10000 steps, bs=256, lr=0.001, forecast_len=16
RECONSTRUCTION mode: forecaster (head decodes what latent represents, not future)
Checkpoints: /tmp/contrastive-forecasting-363/experiments/2026-06-24_sigreg_lambda_sweep/runs/qhead_6L_allt08_xftrip_nobn_enc3_emateach_sigreg_qk_aon_b512_cpc_emb100_enc01_last_*.pth
[    200] loss=0.208866  ema_loss=0.226729  3.9 sps  ETA 0.7h
  -> New best: /tmp/contrastive-forecasting-363/experiments/2026-06-24_sigreg_lambda_sweep/runs/qhead_6L_allt08_xftrip_nobn_enc3_emateach_sigreg_qk_aon_b512_cpc_emb100_enc01_last_best.pth (ema_loss=0.226729)
[    400] loss=0.206416  ema_loss=0.208416  4.2 sps  ETA 0.6h
  -> New best: /tmp/contrastive-forecasting-363/experiments/2026-06-24_sigreg_lambda_sweep/runs/qhead_6L_allt08_xftrip_nobn_enc3_emateach_sigreg_qk_aon_b512_cpc_emb100_enc01_last_best.pth (ema_loss=0.208416)
[    600] loss=0.202849  ema_loss=0.204319  4.2 sps  ETA 0.6h
  -> New best: /tmp/contrastive-forecasting-363/experiments/2026-06-24_sigreg_lambda_sweep/runs/qhead_6L_allt08_xftrip_nobn_enc3_emateach_sigreg_qk_aon_b512_cpc_emb100_enc01_last_best.pth (ema_loss=0.204319)
[    800] loss=0.189815  ema_loss=0.202021  4.2 sps  ETA 0.6h
  -> New best: /tmp/contrastive-forecasting-363/experiments/2026-06-24_sigreg_lambda_sweep/runs/qhead_6L_allt08_xftrip_nobn_enc3_emateach_sigreg_qk_aon_b512_cpc_emb100_enc01_last_best.pth (ema_loss=0.202021)
[   1000] loss=0.205442  ema_loss=0.201881  4.3 sps  ETA 0.6h
  -> New best: /tmp/contrastive-forecasting-363/experiments/2026-06-24_sigreg_lambda_sweep/runs/qhead_6L_allt08_xftrip_nobn_enc3_emateach_sigreg_qk_aon_b512_cpc_emb100_enc01_last_best.pth (ema_loss=0.201881)
[   1200] loss=0.199151  ema_loss=0.199910  4.3 sps  ETA 0.6h
  -> New best: /tmp/contrastive-forecasting-363/experiments/2026-06-24_sigreg_lambda_sweep/runs/qhead_6L_allt08_xftrip_nobn_enc3_emateach_sigreg_qk_aon_b512_cpc_emb100_enc01_last_best.pth (ema_loss=0.199910)
[   1400] loss=0.194916  ema_loss=0.200001  4.3 sps  ETA 0.6h
[   1600] loss=0.189406  ema_loss=0.198659  4.3 sps  ETA 0.5h
  -> New best: /tmp/contrastive-forecasting-363/experiments/2026-06-24_sigreg_lambda_sweep/runs/qhead_6L_allt08_xftrip_nobn_enc3_emateach_sigreg_qk_aon_b512_cpc_emb100_enc01_last_best.pth (ema_loss=0.198659)
[   1800] loss=0.208954  ema_loss=0.199643  4.3 sps  ETA 0.5h
[   2000] loss=0.194174  ema_loss=0.199005  4.3 sps  ETA 0.5h
[   2200] loss=0.206362  ema_loss=0.199439  4.3 sps  ETA 0.5h
[   2400] loss=0.198910  ema_loss=0.198985  4.3 sps  ETA 0.5h
[   2600] loss=0.187094  ema_loss=0.198059  4.3 sps  ETA 0.5h
  -> New best: /tmp/contrastive-forecasting-363/experiments/2026-06-24_sigreg_lambda_sweep/runs/qhead_6L_allt08_xftrip_nobn_enc3_emateach_sigreg_qk_aon_b512_cpc_emb100_enc01_last_best.pth (ema_loss=0.198059)
[   2800] loss=0.187946  ema_loss=0.198190  4.3 sps  ETA 0.5h
[   3000] loss=0.193839  ema_loss=0.197444  4.3 sps  ETA 0.4h
  -> New best: /tmp/contrastive-forecasting-363/experiments/2026-06-24_sigreg_lambda_sweep/runs/qhead_6L_allt08_xftrip_nobn_enc3_emateach_sigreg_qk_aon_b512_cpc_emb100_enc01_last_best.pth (ema_loss=0.197444)
[   3200] loss=0.190168  ema_loss=0.198792  4.3 sps  ETA 0.4h
[   3400] loss=0.200157  ema_loss=0.197813  4.3 sps  ETA 0.4h
[   3600] loss=0.183550  ema_loss=0.196971  4.3 sps  ETA 0.4h
  -> New best: /tmp/contrastive-forecasting-363/experiments/2026-06-24_sigreg_lambda_sweep/runs/qhead_6L_allt08_xftrip_nobn_enc3_emateach_sigreg_qk_aon_b512_cpc_emb100_enc01_last_best.pth (ema_loss=0.196971)
[   3800] loss=0.192124  ema_loss=0.197687  4.3 sps  ETA 0.4h
[   4000] loss=0.217672  ema_loss=0.196986  4.3 sps  ETA 0.4h
[   4200] loss=0.197038  ema_loss=0.197192  4.3 sps  ETA 0.4h
[   4400] loss=0.194377  ema_loss=0.197312  4.3 sps  ETA 0.4h
[   4600] loss=0.188859  ema_loss=0.197268  4.3 sps  ETA 0.3h
[   4800] loss=0.195136  ema_loss=0.196559  4.4 sps  ETA 0.3h
  -> New best: /tmp/contrastive-forecasting-363/experiments/2026-06-24_sigreg_lambda_sweep/runs/qhead_6L_allt08_xftrip_nobn_enc3_emateach_sigreg_qk_aon_b512_cpc_emb100_enc01_last_best.pth (ema_loss=0.196559)
[   5000] loss=0.198599  ema_loss=0.197173  4.3 sps  ETA 0.3h
[   5200] loss=0.207415  ema_loss=0.196737  4.4 sps  ETA 0.3h
[   5400] loss=0.196532  ema_loss=0.197540  4.4 sps  ETA 0.3h
[   5600] loss=0.187723  ema_loss=0.196384  4.4 sps  ETA 0.3h
  -> New best: /tmp/contrastive-forecasting-363/experiments/2026-06-24_sigreg_lambda_sweep/runs/qhead_6L_allt08_xftrip_nobn_enc3_emateach_sigreg_qk_aon_b512_cpc_emb100_enc01_last_best.pth (ema_loss=0.196384)
[   5800] loss=0.186663  ema_loss=0.196505  4.4 sps  ETA 0.3h
[   6000] loss=0.188929  ema_loss=0.196190  4.4 sps  ETA 0.3h
  -> New best: /tmp/contrastive-forecasting-363/experiments/2026-06-24_sigreg_lambda_sweep/runs/qhead_6L_allt08_xftrip_nobn_enc3_emateach_sigreg_qk_aon_b512_cpc_emb100_enc01_last_best.pth (ema_loss=0.196190)
[   6200] loss=0.189462  ema_loss=0.196260  4.4 sps  ETA 0.2h
[   6400] loss=0.212782  ema_loss=0.195501  4.4 sps  ETA 0.2h
  -> New best: /tmp/contrastive-forecasting-363/experiments/2026-06-24_sigreg_lambda_sweep/runs/qhead_6L_allt08_xftrip_nobn_enc3_emateach_sigreg_qk_aon_b512_cpc_emb100_enc01_last_best.pth (ema_loss=0.195501)
[   6600] loss=0.195828  ema_loss=0.195226  4.4 sps  ETA 0.2h
  -> New best: /tmp/contrastive-forecasting-363/experiments/2026-06-24_sigreg_lambda_sweep/runs/qhead_6L_allt08_xftrip_nobn_enc3_emateach_sigreg_qk_aon_b512_cpc_emb100_enc01_last_best.pth (ema_loss=0.195226)
[   6800] loss=0.205999  ema_loss=0.196542  4.4 sps  ETA 0.2h
[   7000] loss=0.182109  ema_loss=0.196228  4.4 sps  ETA 0.2h
[   7200] loss=0.182062  ema_loss=0.196042  4.4 sps  ETA 0.2h
[   7400] loss=0.197770  ema_loss=0.196826  4.4 sps  ETA 0.2h
[   7600] loss=0.201368  ema_loss=0.196140  4.4 sps  ETA 0.2h
[   7800] loss=0.186896  ema_loss=0.196048  4.4 sps  ETA 0.1h
[   8000] loss=0.190444  ema_loss=0.195750  4.4 sps  ETA 0.1h
[   8200] loss=0.204305  ema_loss=0.195895  4.4 sps  ETA 0.1h
[   8400] loss=0.196609  ema_loss=0.194783  4.4 sps  ETA 0.1h
  -> New best: /tmp/contrastive-forecasting-363/experiments/2026-06-24_sigreg_lambda_sweep/runs/qhead_6L_allt08_xftrip_nobn_enc3_emateach_sigreg_qk_aon_b512_cpc_emb100_enc01_last_best.pth (ema_loss=0.194783)
[   8600] loss=0.201460  ema_loss=0.195374  4.4 sps  ETA 0.1h
[   8800] loss=0.199237  ema_loss=0.195664  4.4 sps  ETA 0.1h
[   9000] loss=0.185988  ema_loss=0.194873  4.4 sps  ETA 0.1h
[   9200] loss=0.175472  ema_loss=0.195118  4.4 sps  ETA 0.1h
[   9400] loss=0.199904  ema_loss=0.196059  4.4 sps  ETA 0.0h
[   9600] loss=0.200262  ema_loss=0.196102  4.4 sps  ETA 0.0h
[   9800] loss=0.206658  ema_loss=0.195829  4.4 sps  ETA 0.0h
[  10000] loss=0.192729  ema_loss=0.195445  4.4 sps  ETA 0.0h

Done in 0.6h. Best loss=0.194783 at step 8400
