  [head-train] auto-detected freq_emb_dim=3 from backbone checkpoint
  [head-train] auto-detected seasonality_emb_dim=3 from backbone checkpoint
  [head-train] auto-detected num_encoder_layers=3 from backbone checkpoint
  [head-train] auto-detected qk_norm=True from backbone checkpoint
  [head-train] auto-detected attn_out_norm=True from backbone checkpoint
  [head-train] auto-detected patch_stats=none
Backbone loaded from /tmp/contrastive-forecasting-357/reports/2026-06-21_lejepa_sigreg_tau098/runs/bb_allt08_xftrip_nobn_enc3_emateach_sigreg_qk_aon_b512_cpc_tau090_final.pth (0 params, frozen)
/home/jupyter/.local/lib/python3.10/site-packages/torch/nn/modules/transformer.py:392: UserWarning: enable_nested_tensor is True, but self.use_nested_tensor is False because encoder_layer.norm_first was True
  warnings.warn(
Forecasting head [transformer-q (6L H384 nhead6 causal)]: 10,702,992 trainable params
Optimizer: AdamW lr=0.001 betas=(0.9,0.98) wd=0.1 eps=1e-08
Schedule: cosine warmup=1000 decay_start=8000 final_ratio=0.1
Loaded head weights from /tmp/contrastive-forecasting-357/reports/2026-06-21_lejepa_sigreg_tau098/runs/qhead_6L_allt08_xftrip_nobn_enc3_emateach_sigreg_qk_aon_b512_cpc_tau090_FINAL.pth (no optimizer state)
Loss CSV: /tmp/contrastive-forecasting-357/reports/2026-06-21_lejepa_sigreg_tau098/runs/qhead_6L_allt08_xftrip_nobn_enc3_emateach_sigreg_qk_aon_b512_cpc_tau090_last_losses.csv
Data: MIX 100% HF + 0% synth, hf_bs=256, synth_bs=0, synth_seed=20042, emit_labels=True

Training for 10000 steps, bs=256, lr=0.001, forecast_len=16
RECONSTRUCTION mode: forecaster (head decodes what latent represents, not future)
Checkpoints: /tmp/contrastive-forecasting-357/reports/2026-06-21_lejepa_sigreg_tau098/runs/qhead_6L_allt08_xftrip_nobn_enc3_emateach_sigreg_qk_aon_b512_cpc_tau090_last_*.pth
[    200] loss=0.219418  ema_loss=0.264655  3.9 sps  ETA 0.7h
  -> New best: /tmp/contrastive-forecasting-357/reports/2026-06-21_lejepa_sigreg_tau098/runs/qhead_6L_allt08_xftrip_nobn_enc3_emateach_sigreg_qk_aon_b512_cpc_tau090_last_best.pth (ema_loss=0.264655)
[    400] loss=0.212709  ema_loss=0.219100  4.1 sps  ETA 0.6h
  -> New best: /tmp/contrastive-forecasting-357/reports/2026-06-21_lejepa_sigreg_tau098/runs/qhead_6L_allt08_xftrip_nobn_enc3_emateach_sigreg_qk_aon_b512_cpc_tau090_last_best.pth (ema_loss=0.219100)
[    600] loss=0.207445  ema_loss=0.210350  4.2 sps  ETA 0.6h
  -> New best: /tmp/contrastive-forecasting-357/reports/2026-06-21_lejepa_sigreg_tau098/runs/qhead_6L_allt08_xftrip_nobn_enc3_emateach_sigreg_qk_aon_b512_cpc_tau090_last_best.pth (ema_loss=0.210350)
[    800] loss=0.193748  ema_loss=0.206801  4.2 sps  ETA 0.6h
  -> New best: /tmp/contrastive-forecasting-357/reports/2026-06-21_lejepa_sigreg_tau098/runs/qhead_6L_allt08_xftrip_nobn_enc3_emateach_sigreg_qk_aon_b512_cpc_tau090_last_best.pth (ema_loss=0.206801)
[   1000] loss=0.209584  ema_loss=0.206001  4.3 sps  ETA 0.6h
  -> New best: /tmp/contrastive-forecasting-357/reports/2026-06-21_lejepa_sigreg_tau098/runs/qhead_6L_allt08_xftrip_nobn_enc3_emateach_sigreg_qk_aon_b512_cpc_tau090_last_best.pth (ema_loss=0.206001)
[   1200] loss=0.202586  ema_loss=0.203470  4.3 sps  ETA 0.6h
  -> New best: /tmp/contrastive-forecasting-357/reports/2026-06-21_lejepa_sigreg_tau098/runs/qhead_6L_allt08_xftrip_nobn_enc3_emateach_sigreg_qk_aon_b512_cpc_tau090_last_best.pth (ema_loss=0.203470)
[   1400] loss=0.197936  ema_loss=0.203056  4.3 sps  ETA 0.6h
  -> New best: /tmp/contrastive-forecasting-357/reports/2026-06-21_lejepa_sigreg_tau098/runs/qhead_6L_allt08_xftrip_nobn_enc3_emateach_sigreg_qk_aon_b512_cpc_tau090_last_best.pth (ema_loss=0.203056)
[   1600] loss=0.192074  ema_loss=0.201455  4.3 sps  ETA 0.5h
  -> New best: /tmp/contrastive-forecasting-357/reports/2026-06-21_lejepa_sigreg_tau098/runs/qhead_6L_allt08_xftrip_nobn_enc3_emateach_sigreg_qk_aon_b512_cpc_tau090_last_best.pth (ema_loss=0.201455)
[   1800] loss=0.210883  ema_loss=0.202166  4.3 sps  ETA 0.5h
[   2000] loss=0.196347  ema_loss=0.201355  4.3 sps  ETA 0.5h
  -> New best: /tmp/contrastive-forecasting-357/reports/2026-06-21_lejepa_sigreg_tau098/runs/qhead_6L_allt08_xftrip_nobn_enc3_emateach_sigreg_qk_aon_b512_cpc_tau090_last_best.pth (ema_loss=0.201355)
[   2200] loss=0.208962  ema_loss=0.201648  4.3 sps  ETA 0.5h
[   2400] loss=0.200202  ema_loss=0.201138  4.3 sps  ETA 0.5h
  -> New best: /tmp/contrastive-forecasting-357/reports/2026-06-21_lejepa_sigreg_tau098/runs/qhead_6L_allt08_xftrip_nobn_enc3_emateach_sigreg_qk_aon_b512_cpc_tau090_last_best.pth (ema_loss=0.201138)
[   2600] loss=0.189497  ema_loss=0.200153  4.3 sps  ETA 0.5h
  -> New best: /tmp/contrastive-forecasting-357/reports/2026-06-21_lejepa_sigreg_tau098/runs/qhead_6L_allt08_xftrip_nobn_enc3_emateach_sigreg_qk_aon_b512_cpc_tau090_last_best.pth (ema_loss=0.200153)
[   2800] loss=0.189840  ema_loss=0.200187  4.3 sps  ETA 0.5h
[   3000] loss=0.195829  ema_loss=0.199358  4.3 sps  ETA 0.4h
  -> New best: /tmp/contrastive-forecasting-357/reports/2026-06-21_lejepa_sigreg_tau098/runs/qhead_6L_allt08_xftrip_nobn_enc3_emateach_sigreg_qk_aon_b512_cpc_tau090_last_best.pth (ema_loss=0.199358)
[   3200] loss=0.192396  ema_loss=0.200620  4.3 sps  ETA 0.4h
[   3400] loss=0.201902  ema_loss=0.199624  4.3 sps  ETA 0.4h
[   3600] loss=0.185402  ema_loss=0.198727  4.3 sps  ETA 0.4h
  -> New best: /tmp/contrastive-forecasting-357/reports/2026-06-21_lejepa_sigreg_tau098/runs/qhead_6L_allt08_xftrip_nobn_enc3_emateach_sigreg_qk_aon_b512_cpc_tau090_last_best.pth (ema_loss=0.198727)
[   3800] loss=0.193868  ema_loss=0.199438  4.3 sps  ETA 0.4h
[   4000] loss=0.219336  ema_loss=0.198692  4.3 sps  ETA 0.4h
  -> New best: /tmp/contrastive-forecasting-357/reports/2026-06-21_lejepa_sigreg_tau098/runs/qhead_6L_allt08_xftrip_nobn_enc3_emateach_sigreg_qk_aon_b512_cpc_tau090_last_best.pth (ema_loss=0.198692)
[   4200] loss=0.199416  ema_loss=0.198873  4.3 sps  ETA 0.4h
[   4400] loss=0.196452  ema_loss=0.198970  4.3 sps  ETA 0.4h
[   4600] loss=0.190251  ema_loss=0.198878  4.3 sps  ETA 0.3h
[   4800] loss=0.196227  ema_loss=0.198137  4.3 sps  ETA 0.3h
  -> New best: /tmp/contrastive-forecasting-357/reports/2026-06-21_lejepa_sigreg_tau098/runs/qhead_6L_allt08_xftrip_nobn_enc3_emateach_sigreg_qk_aon_b512_cpc_tau090_last_best.pth (ema_loss=0.198137)
[   5000] loss=0.200424  ema_loss=0.198762  4.3 sps  ETA 0.3h
[   5200] loss=0.208605  ema_loss=0.198294  4.3 sps  ETA 0.3h
[   5400] loss=0.197794  ema_loss=0.199073  4.3 sps  ETA 0.3h
[   5600] loss=0.189301  ema_loss=0.197848  4.4 sps  ETA 0.3h
  -> New best: /tmp/contrastive-forecasting-357/reports/2026-06-21_lejepa_sigreg_tau098/runs/qhead_6L_allt08_xftrip_nobn_enc3_emateach_sigreg_qk_aon_b512_cpc_tau090_last_best.pth (ema_loss=0.197848)
[   5800] loss=0.187846  ema_loss=0.198008  4.3 sps  ETA 0.3h
[   6000] loss=0.190295  ema_loss=0.197717  4.3 sps  ETA 0.3h
  -> New best: /tmp/contrastive-forecasting-357/reports/2026-06-21_lejepa_sigreg_tau098/runs/qhead_6L_allt08_xftrip_nobn_enc3_emateach_sigreg_qk_aon_b512_cpc_tau090_last_best.pth (ema_loss=0.197717)
[   6200] loss=0.190768  ema_loss=0.197762  4.4 sps  ETA 0.2h
[   6400] loss=0.214070  ema_loss=0.196994  4.4 sps  ETA 0.2h
  -> New best: /tmp/contrastive-forecasting-357/reports/2026-06-21_lejepa_sigreg_tau098/runs/qhead_6L_allt08_xftrip_nobn_enc3_emateach_sigreg_qk_aon_b512_cpc_tau090_last_best.pth (ema_loss=0.196994)
[   6600] loss=0.197434  ema_loss=0.196696  4.4 sps  ETA 0.2h
  -> New best: /tmp/contrastive-forecasting-357/reports/2026-06-21_lejepa_sigreg_tau098/runs/qhead_6L_allt08_xftrip_nobn_enc3_emateach_sigreg_qk_aon_b512_cpc_tau090_last_best.pth (ema_loss=0.196696)
[   6800] loss=0.207835  ema_loss=0.198006  4.4 sps  ETA 0.2h
[   7000] loss=0.184434  ema_loss=0.197699  4.4 sps  ETA 0.2h
[   7200] loss=0.183771  ema_loss=0.197521  4.4 sps  ETA 0.2h
[   7400] loss=0.199301  ema_loss=0.198255  4.4 sps  ETA 0.2h
[   7600] loss=0.202674  ema_loss=0.197538  4.4 sps  ETA 0.2h
[   7800] loss=0.188247  ema_loss=0.197497  4.4 sps  ETA 0.1h
[   8000] loss=0.191946  ema_loss=0.197217  4.4 sps  ETA 0.1h
[   8200] loss=0.205093  ema_loss=0.197353  4.4 sps  ETA 0.1h
[   8400] loss=0.197739  ema_loss=0.196208  4.4 sps  ETA 0.1h
  -> New best: /tmp/contrastive-forecasting-357/reports/2026-06-21_lejepa_sigreg_tau098/runs/qhead_6L_allt08_xftrip_nobn_enc3_emateach_sigreg_qk_aon_b512_cpc_tau090_last_best.pth (ema_loss=0.196208)
[   8600] loss=0.202631  ema_loss=0.196802  4.4 sps  ETA 0.1h
[   8800] loss=0.200481  ema_loss=0.197090  4.4 sps  ETA 0.1h
[   9000] loss=0.187384  ema_loss=0.196294  4.4 sps  ETA 0.1h
[   9200] loss=0.176893  ema_loss=0.196543  4.4 sps  ETA 0.1h
[   9400] loss=0.201380  ema_loss=0.197437  4.4 sps  ETA 0.0h
[   9600] loss=0.201888  ema_loss=0.197495  4.4 sps  ETA 0.0h
[   9800] loss=0.207694  ema_loss=0.197255  4.4 sps  ETA 0.0h
[  10000] loss=0.194487  ema_loss=0.196842  4.4 sps  ETA 0.0h

Done in 0.6h. Best loss=0.196208 at step 8400
