  [head-train] auto-detected freq_emb_dim=3 from backbone checkpoint
  [head-train] auto-detected seasonality_emb_dim=3 from backbone checkpoint
  [head-train] auto-detected num_encoder_layers=3 from backbone checkpoint
  [head-train] auto-detected qk_norm=True from backbone checkpoint
  [head-train] auto-detected attn_out_norm=True from backbone checkpoint
  [head-train] auto-detected patch_stats=none
Backbone loaded from /tmp/contrastive-forecasting-357/reports/2026-06-21_lejepa_sigreg_tau098/runs/bb_allt08_xftrip_nobn_enc3_emateach_sigreg_qk_aon_b512_cpc_tau080_FINAL.pth (0 params, frozen)
/home/jupyter/.local/lib/python3.10/site-packages/torch/nn/modules/transformer.py:392: UserWarning: enable_nested_tensor is True, but self.use_nested_tensor is False because encoder_layer.norm_first was True
  warnings.warn(
Forecasting head [transformer-q (6L H384 nhead6 causal)]: 10,702,992 trainable params
Optimizer: AdamW lr=0.001 betas=(0.9,0.98) wd=0.1 eps=1e-08
Schedule: cosine warmup=2000 decay_start=24000 final_ratio=0.1
Loss CSV: /tmp/contrastive-forecasting-357/reports/2026-06-21_lejepa_sigreg_tau098/runs/qhead_6L_allt08_xftrip_nobn_enc3_emateach_sigreg_qk_aon_b512_cpc_tau080_losses.csv
Data: MIX 100% HF + 0% synth, hf_bs=256, synth_bs=0, synth_seed=20042, emit_labels=True

Training for 30000 steps, bs=256, lr=0.001, forecast_len=16
RECONSTRUCTION mode: forecaster (head decodes what latent represents, not future)
Checkpoints: /tmp/contrastive-forecasting-357/reports/2026-06-21_lejepa_sigreg_tau098/runs/qhead_6L_allt08_xftrip_nobn_enc3_emateach_sigreg_qk_aon_b512_cpc_tau080_*.pth
[    200] loss=0.243922  ema_loss=0.333303  3.9 sps  ETA 2.1h
  -> New best: /tmp/contrastive-forecasting-357/reports/2026-06-21_lejepa_sigreg_tau098/runs/qhead_6L_allt08_xftrip_nobn_enc3_emateach_sigreg_qk_aon_b512_cpc_tau080_best.pth (ema_loss=0.333303)
[    400] loss=0.228944  ema_loss=0.244795  4.1 sps  ETA 2.0h
  -> New best: /tmp/contrastive-forecasting-357/reports/2026-06-21_lejepa_sigreg_tau098/runs/qhead_6L_allt08_xftrip_nobn_enc3_emateach_sigreg_qk_aon_b512_cpc_tau080_best.pth (ema_loss=0.244795)
[    600] loss=0.216751  ema_loss=0.223149  4.2 sps  ETA 2.0h
  -> New best: /tmp/contrastive-forecasting-357/reports/2026-06-21_lejepa_sigreg_tau098/runs/qhead_6L_allt08_xftrip_nobn_enc3_emateach_sigreg_qk_aon_b512_cpc_tau080_best.pth (ema_loss=0.223149)
[    800] loss=0.199786  ema_loss=0.215213  4.2 sps  ETA 1.9h
  -> New best: /tmp/contrastive-forecasting-357/reports/2026-06-21_lejepa_sigreg_tau098/runs/qhead_6L_allt08_xftrip_nobn_enc3_emateach_sigreg_qk_aon_b512_cpc_tau080_best.pth (ema_loss=0.215213)
[   1000] loss=0.215875  ema_loss=0.213041  4.2 sps  ETA 1.9h
  -> New best: /tmp/contrastive-forecasting-357/reports/2026-06-21_lejepa_sigreg_tau098/runs/qhead_6L_allt08_xftrip_nobn_enc3_emateach_sigreg_qk_aon_b512_cpc_tau080_best.pth (ema_loss=0.213041)
Traceback (most recent call last):
  File "/tmp/contrastive-forecasting-357/experiments/2026-04-13_gift-eval/scripts/train_forecasting_head.py", line 883, in <module>
    main()
  File "/tmp/contrastive-forecasting-357/experiments/2026-04-13_gift-eval/scripts/train_forecasting_head.py", line 831, in main
    csv_logger.log(step, loss_val, hf_rows_consumed)
  File "/tmp/contrastive-forecasting-357/experiments/2026-04-13_gift-eval/scripts/train_forecasting_head.py", line 296, in log
    self.flush()
  File "/tmp/contrastive-forecasting-357/experiments/2026-04-13_gift-eval/scripts/train_forecasting_head.py", line 301, in flush
    self._file.flush()
OSError: [Errno 28] No space left on device
  [head-train] auto-detected freq_emb_dim=3 from backbone checkpoint
  [head-train] auto-detected seasonality_emb_dim=3 from backbone checkpoint
  [head-train] auto-detected num_encoder_layers=3 from backbone checkpoint
  [head-train] auto-detected qk_norm=True from backbone checkpoint
  [head-train] auto-detected attn_out_norm=True from backbone checkpoint
  [head-train] auto-detected patch_stats=none
Backbone loaded from /tmp/contrastive-forecasting-357/reports/2026-06-21_lejepa_sigreg_tau098/runs/bb_allt08_xftrip_nobn_enc3_emateach_sigreg_qk_aon_b512_cpc_tau080_FINAL.pth (0 params, frozen)
/home/jupyter/.local/lib/python3.10/site-packages/torch/nn/modules/transformer.py:392: UserWarning: enable_nested_tensor is True, but self.use_nested_tensor is False because encoder_layer.norm_first was True
  warnings.warn(
Forecasting head [transformer-q (6L H384 nhead6 causal)]: 10,702,992 trainable params
Optimizer: AdamW lr=0.001 betas=(0.9,0.98) wd=0.1 eps=1e-08
Schedule: cosine warmup=2000 decay_start=24000 final_ratio=0.1
Loss CSV: /tmp/contrastive-forecasting-357/reports/2026-06-21_lejepa_sigreg_tau098/runs/qhead_6L_allt08_xftrip_nobn_enc3_emateach_sigreg_qk_aon_b512_cpc_tau080_losses.csv
Data: MIX 100% HF + 0% synth, hf_bs=256, synth_bs=0, synth_seed=20042, emit_labels=True

Training for 30000 steps, bs=256, lr=0.001, forecast_len=16
RECONSTRUCTION mode: forecaster (head decodes what latent represents, not future)
Checkpoints: /tmp/contrastive-forecasting-357/reports/2026-06-21_lejepa_sigreg_tau098/runs/qhead_6L_allt08_xftrip_nobn_enc3_emateach_sigreg_qk_aon_b512_cpc_tau080_*.pth
[    200] loss=0.243922  ema_loss=0.333303  3.9 sps  ETA 2.1h
  -> New best: /tmp/contrastive-forecasting-357/reports/2026-06-21_lejepa_sigreg_tau098/runs/qhead_6L_allt08_xftrip_nobn_enc3_emateach_sigreg_qk_aon_b512_cpc_tau080_best.pth (ema_loss=0.333303)
[    400] loss=0.228944  ema_loss=0.244795  4.1 sps  ETA 2.0h
  -> New best: /tmp/contrastive-forecasting-357/reports/2026-06-21_lejepa_sigreg_tau098/runs/qhead_6L_allt08_xftrip_nobn_enc3_emateach_sigreg_qk_aon_b512_cpc_tau080_best.pth (ema_loss=0.244795)
[    600] loss=0.216751  ema_loss=0.223149  4.2 sps  ETA 1.9h
  -> New best: /tmp/contrastive-forecasting-357/reports/2026-06-21_lejepa_sigreg_tau098/runs/qhead_6L_allt08_xftrip_nobn_enc3_emateach_sigreg_qk_aon_b512_cpc_tau080_best.pth (ema_loss=0.223149)
[    800] loss=0.199786  ema_loss=0.215213  4.2 sps  ETA 1.9h
  -> New best: /tmp/contrastive-forecasting-357/reports/2026-06-21_lejepa_sigreg_tau098/runs/qhead_6L_allt08_xftrip_nobn_enc3_emateach_sigreg_qk_aon_b512_cpc_tau080_best.pth (ema_loss=0.215213)
[   1000] loss=0.215875  ema_loss=0.213041  4.2 sps  ETA 1.9h
  -> New best: /tmp/contrastive-forecasting-357/reports/2026-06-21_lejepa_sigreg_tau098/runs/qhead_6L_allt08_xftrip_nobn_enc3_emateach_sigreg_qk_aon_b512_cpc_tau080_best.pth (ema_loss=0.213041)
[   1200] loss=0.208428  ema_loss=0.209918  4.3 sps  ETA 1.9h
  -> New best: /tmp/contrastive-forecasting-357/reports/2026-06-21_lejepa_sigreg_tau098/runs/qhead_6L_allt08_xftrip_nobn_enc3_emateach_sigreg_qk_aon_b512_cpc_tau080_best.pth (ema_loss=0.209918)
[   1400] loss=0.204632  ema_loss=0.209259  4.3 sps  ETA 1.9h
  -> New best: /tmp/contrastive-forecasting-357/reports/2026-06-21_lejepa_sigreg_tau098/runs/qhead_6L_allt08_xftrip_nobn_enc3_emateach_sigreg_qk_aon_b512_cpc_tau080_best.pth (ema_loss=0.209259)
[   1600] loss=0.199235  ema_loss=0.207393  4.2 sps  ETA 1.9h
  -> New best: /tmp/contrastive-forecasting-357/reports/2026-06-21_lejepa_sigreg_tau098/runs/qhead_6L_allt08_xftrip_nobn_enc3_emateach_sigreg_qk_aon_b512_cpc_tau080_best.pth (ema_loss=0.207393)
[   1800] loss=0.216033  ema_loss=0.207976  4.3 sps  ETA 1.8h
[   2000] loss=0.201677  ema_loss=0.206809  4.3 sps  ETA 1.8h
  -> New best: /tmp/contrastive-forecasting-357/reports/2026-06-21_lejepa_sigreg_tau098/runs/qhead_6L_allt08_xftrip_nobn_enc3_emateach_sigreg_qk_aon_b512_cpc_tau080_best.pth (ema_loss=0.206809)
[   2200] loss=0.214148  ema_loss=0.206810  4.3 sps  ETA 1.8h
[   2400] loss=0.204523  ema_loss=0.205970  4.3 sps  ETA 1.8h
  -> New best: /tmp/contrastive-forecasting-357/reports/2026-06-21_lejepa_sigreg_tau098/runs/qhead_6L_allt08_xftrip_nobn_enc3_emateach_sigreg_qk_aon_b512_cpc_tau080_best.pth (ema_loss=0.205970)
[   2600] loss=0.193620  ema_loss=0.204621  4.3 sps  ETA 1.8h
  -> New best: /tmp/contrastive-forecasting-357/reports/2026-06-21_lejepa_sigreg_tau098/runs/qhead_6L_allt08_xftrip_nobn_enc3_emateach_sigreg_qk_aon_b512_cpc_tau080_best.pth (ema_loss=0.204621)
[   2800] loss=0.193585  ema_loss=0.204435  4.3 sps  ETA 1.8h
  -> New best: /tmp/contrastive-forecasting-357/reports/2026-06-21_lejepa_sigreg_tau098/runs/qhead_6L_allt08_xftrip_nobn_enc3_emateach_sigreg_qk_aon_b512_cpc_tau080_best.pth (ema_loss=0.204435)
[   3000] loss=0.200306  ema_loss=0.203287  4.3 sps  ETA 1.8h
  -> New best: /tmp/contrastive-forecasting-357/reports/2026-06-21_lejepa_sigreg_tau098/runs/qhead_6L_allt08_xftrip_nobn_enc3_emateach_sigreg_qk_aon_b512_cpc_tau080_best.pth (ema_loss=0.203287)
[   3200] loss=0.195902  ema_loss=0.204313  4.3 sps  ETA 1.7h
[   3400] loss=0.206208  ema_loss=0.203309  4.3 sps  ETA 1.7h
[   3600] loss=0.189136  ema_loss=0.202212  4.3 sps  ETA 1.7h
  -> New best: /tmp/contrastive-forecasting-357/reports/2026-06-21_lejepa_sigreg_tau098/runs/qhead_6L_allt08_xftrip_nobn_enc3_emateach_sigreg_qk_aon_b512_cpc_tau080_best.pth (ema_loss=0.202212)
[   3800] loss=0.196897  ema_loss=0.202739  4.3 sps  ETA 1.7h
[   4000] loss=0.222185  ema_loss=0.201810  4.3 sps  ETA 1.7h
  -> New best: /tmp/contrastive-forecasting-357/reports/2026-06-21_lejepa_sigreg_tau098/runs/qhead_6L_allt08_xftrip_nobn_enc3_emateach_sigreg_qk_aon_b512_cpc_tau080_best.pth (ema_loss=0.201810)
[   4200] loss=0.202942  ema_loss=0.201870  4.3 sps  ETA 1.7h
[   4400] loss=0.199499  ema_loss=0.201766  4.3 sps  ETA 1.7h
  -> New best: /tmp/contrastive-forecasting-357/reports/2026-06-21_lejepa_sigreg_tau098/runs/qhead_6L_allt08_xftrip_nobn_enc3_emateach_sigreg_qk_aon_b512_cpc_tau080_best.pth (ema_loss=0.201766)
[   4600] loss=0.193168  ema_loss=0.201643  4.3 sps  ETA 1.6h
  -> New best: /tmp/contrastive-forecasting-357/reports/2026-06-21_lejepa_sigreg_tau098/runs/qhead_6L_allt08_xftrip_nobn_enc3_emateach_sigreg_qk_aon_b512_cpc_tau080_best.pth (ema_loss=0.201643)
[   4800] loss=0.198782  ema_loss=0.200802  4.3 sps  ETA 1.6h
  -> New best: /tmp/contrastive-forecasting-357/reports/2026-06-21_lejepa_sigreg_tau098/runs/qhead_6L_allt08_xftrip_nobn_enc3_emateach_sigreg_qk_aon_b512_cpc_tau080_best.pth (ema_loss=0.200802)
[   5000] loss=0.202724  ema_loss=0.201304  4.3 sps  ETA 1.6h
[   5200] loss=0.210712  ema_loss=0.200770  4.3 sps  ETA 1.6h
  -> New best: /tmp/contrastive-forecasting-357/reports/2026-06-21_lejepa_sigreg_tau098/runs/qhead_6L_allt08_xftrip_nobn_enc3_emateach_sigreg_qk_aon_b512_cpc_tau080_best.pth (ema_loss=0.200770)
[   5400] loss=0.200137  ema_loss=0.201556  4.3 sps  ETA 1.6h
[   5600] loss=0.191953  ema_loss=0.200270  4.3 sps  ETA 1.6h
  -> New best: /tmp/contrastive-forecasting-357/reports/2026-06-21_lejepa_sigreg_tau098/runs/qhead_6L_allt08_xftrip_nobn_enc3_emateach_sigreg_qk_aon_b512_cpc_tau080_best.pth (ema_loss=0.200270)
[   5800] loss=0.190405  ema_loss=0.200320  4.3 sps  ETA 1.6h
[   6000] loss=0.192541  ema_loss=0.199957  4.3 sps  ETA 1.5h
  -> New best: /tmp/contrastive-forecasting-357/reports/2026-06-21_lejepa_sigreg_tau098/runs/qhead_6L_allt08_xftrip_nobn_enc3_emateach_sigreg_qk_aon_b512_cpc_tau080_best.pth (ema_loss=0.199957)
[   6200] loss=0.193928  ema_loss=0.199946  4.3 sps  ETA 1.5h
  -> New best: /tmp/contrastive-forecasting-357/reports/2026-06-21_lejepa_sigreg_tau098/runs/qhead_6L_allt08_xftrip_nobn_enc3_emateach_sigreg_qk_aon_b512_cpc_tau080_best.pth (ema_loss=0.199946)
[   6400] loss=0.216389  ema_loss=0.199211  4.3 sps  ETA 1.5h
  -> New best: /tmp/contrastive-forecasting-357/reports/2026-06-21_lejepa_sigreg_tau098/runs/qhead_6L_allt08_xftrip_nobn_enc3_emateach_sigreg_qk_aon_b512_cpc_tau080_best.pth (ema_loss=0.199211)
[   6600] loss=0.199616  ema_loss=0.198873  4.3 sps  ETA 1.5h
  -> New best: /tmp/contrastive-forecasting-357/reports/2026-06-21_lejepa_sigreg_tau098/runs/qhead_6L_allt08_xftrip_nobn_enc3_emateach_sigreg_qk_aon_b512_cpc_tau080_best.pth (ema_loss=0.198873)
[   6800] loss=0.209843  ema_loss=0.200096  4.3 sps  ETA 1.5h
[   7000] loss=0.186649  ema_loss=0.199749  4.3 sps  ETA 1.5h
[   7200] loss=0.186611  ema_loss=0.199609  4.3 sps  ETA 1.5h
[   7400] loss=0.201362  ema_loss=0.200265  4.3 sps  ETA 1.5h
[   7600] loss=0.204647  ema_loss=0.199544  4.3 sps  ETA 1.5h
[   7800] loss=0.190168  ema_loss=0.199498  4.3 sps  ETA 1.4h
[   8000] loss=0.194105  ema_loss=0.199170  4.3 sps  ETA 1.4h
[   8200] loss=0.207181  ema_loss=0.199268  4.3 sps  ETA 1.4h
[   8400] loss=0.199597  ema_loss=0.198118  4.3 sps  ETA 1.4h
  -> New best: /tmp/contrastive-forecasting-357/reports/2026-06-21_lejepa_sigreg_tau098/runs/qhead_6L_allt08_xftrip_nobn_enc3_emateach_sigreg_qk_aon_b512_cpc_tau080_best.pth (ema_loss=0.198118)
[   8600] loss=0.204350  ema_loss=0.198666  4.3 sps  ETA 1.4h
[   8800] loss=0.202487  ema_loss=0.198936  4.3 sps  ETA 1.4h
[   9000] loss=0.188449  ema_loss=0.198081  4.3 sps  ETA 1.4h
  -> New best: /tmp/contrastive-forecasting-357/reports/2026-06-21_lejepa_sigreg_tau098/runs/qhead_6L_allt08_xftrip_nobn_enc3_emateach_sigreg_qk_aon_b512_cpc_tau080_best.pth (ema_loss=0.198081)
[   9200] loss=0.178857  ema_loss=0.198257  4.3 sps  ETA 1.3h
[   9400] loss=0.202919  ema_loss=0.199165  4.3 sps  ETA 1.3h
[   9600] loss=0.203509  ema_loss=0.199197  4.3 sps  ETA 1.3h
[   9800] loss=0.209168  ema_loss=0.198876  4.3 sps  ETA 1.3h
[  10000] loss=0.196023  ema_loss=0.198420  4.3 sps  ETA 1.3h
[  10200] loss=0.199582  ema_loss=0.198293  4.3 sps  ETA 1.3h
[  10400] loss=0.203439  ema_loss=0.198152  4.3 sps  ETA 1.3h
[  10600] loss=0.205631  ema_loss=0.197167  4.3 sps  ETA 1.3h
  -> New best: /tmp/contrastive-forecasting-357/reports/2026-06-21_lejepa_sigreg_tau098/runs/qhead_6L_allt08_xftrip_nobn_enc3_emateach_sigreg_qk_aon_b512_cpc_tau080_best.pth (ema_loss=0.197167)
[  10800] loss=0.198034  ema_loss=0.197215  4.3 sps  ETA 1.2h
[  11000] loss=0.195922  ema_loss=0.198349  4.3 sps  ETA 1.2h
[  11200] loss=0.207326  ema_loss=0.197547  4.3 sps  ETA 1.2h
[  11400] loss=0.188751  ema_loss=0.197526  4.3 sps  ETA 1.2h
[  11600] loss=0.184099  ema_loss=0.197277  4.3 sps  ETA 1.2h
[  11800] loss=0.177127  ema_loss=0.198393  4.3 sps  ETA 1.2h
[  12000] loss=0.194535  ema_loss=0.197494  4.3 sps  ETA 1.2h
[  12200] loss=0.198973  ema_loss=0.196384  4.3 sps  ETA 1.1h
  -> New best: /tmp/contrastive-forecasting-357/reports/2026-06-21_lejepa_sigreg_tau098/runs/qhead_6L_allt08_xftrip_nobn_enc3_emateach_sigreg_qk_aon_b512_cpc_tau080_best.pth (ema_loss=0.196384)
[  12400] loss=0.205047  ema_loss=0.198087  4.3 sps  ETA 1.1h
[  12600] loss=0.209828  ema_loss=0.198173  4.3 sps  ETA 1.1h
[  12800] loss=0.191630  ema_loss=0.196912  4.3 sps  ETA 1.1h
[  13000] loss=0.194432  ema_loss=0.196941  4.3 sps  ETA 1.1h
[  13200] loss=0.198451  ema_loss=0.197273  4.3 sps  ETA 1.1h
[  13400] loss=0.206148  ema_loss=0.196829  4.3 sps  ETA 1.1h
[  13600] loss=0.191503  ema_loss=0.197671  4.3 sps  ETA 1.1h
[  13800] loss=0.202502  ema_loss=0.196893  4.3 sps  ETA 1.0h
[  14000] loss=0.210031  ema_loss=0.198347  4.3 sps  ETA 1.0h
[  14200] loss=0.194278  ema_loss=0.196787  4.3 sps  ETA 1.0h
[  14400] loss=0.192245  ema_loss=0.197043  4.3 sps  ETA 1.0h
[  14600] loss=0.191437  ema_loss=0.196148  4.3 sps  ETA 1.0h
  -> New best: /tmp/contrastive-forecasting-357/reports/2026-06-21_lejepa_sigreg_tau098/runs/qhead_6L_allt08_xftrip_nobn_enc3_emateach_sigreg_qk_aon_b512_cpc_tau080_best.pth (ema_loss=0.196148)
[  14800] loss=0.207572  ema_loss=0.197358  4.3 sps  ETA 1.0h
[  15000] loss=0.199513  ema_loss=0.197251  4.3 sps  ETA 1.0h
[  15200] loss=0.187167  ema_loss=0.196585  4.3 sps  ETA 1.0h
[  15400] loss=0.199175  ema_loss=0.197016  4.3 sps  ETA 0.9h
[  15600] loss=0.201673  ema_loss=0.195821  4.3 sps  ETA 0.9h
  -> New best: /tmp/contrastive-forecasting-357/reports/2026-06-21_lejepa_sigreg_tau098/runs/qhead_6L_allt08_xftrip_nobn_enc3_emateach_sigreg_qk_aon_b512_cpc_tau080_best.pth (ema_loss=0.195821)
[  15800] loss=0.196610  ema_loss=0.196836  4.3 sps  ETA 0.9h
[  16000] loss=0.208847  ema_loss=0.197138  4.3 sps  ETA 0.9h
[  16200] loss=0.197948  ema_loss=0.196653  4.3 sps  ETA 0.9h
[  16400] loss=0.182367  ema_loss=0.196247  4.3 sps  ETA 0.9h
[  16600] loss=0.198206  ema_loss=0.197124  4.3 sps  ETA 0.9h
[  16800] loss=0.183106  ema_loss=0.196859  4.3 sps  ETA 0.8h
[  17000] loss=0.181737  ema_loss=0.195615  4.3 sps  ETA 0.8h
  -> New best: /tmp/contrastive-forecasting-357/reports/2026-06-21_lejepa_sigreg_tau098/runs/qhead_6L_allt08_xftrip_nobn_enc3_emateach_sigreg_qk_aon_b512_cpc_tau080_best.pth (ema_loss=0.195615)
[  17200] loss=0.203184  ema_loss=0.197171  4.3 sps  ETA 0.8h
[  17400] loss=0.193858  ema_loss=0.196811  4.3 sps  ETA 0.8h
[  17600] loss=0.207763  ema_loss=0.198686  4.3 sps  ETA 0.8h
[  17800] loss=0.176789  ema_loss=0.196515  4.3 sps  ETA 0.8h
[  18000] loss=0.204291  ema_loss=0.196590  4.3 sps  ETA 0.8h
[  18200] loss=0.187359  ema_loss=0.196213  4.3 sps  ETA 0.8h
[  18400] loss=0.201937  ema_loss=0.195956  4.3 sps  ETA 0.7h
[  18600] loss=0.170023  ema_loss=0.195423  4.3 sps  ETA 0.7h
  -> New best: /tmp/contrastive-forecasting-357/reports/2026-06-21_lejepa_sigreg_tau098/runs/qhead_6L_allt08_xftrip_nobn_enc3_emateach_sigreg_qk_aon_b512_cpc_tau080_best.pth (ema_loss=0.195423)
[  18800] loss=0.191333  ema_loss=0.195387  4.3 sps  ETA 0.7h
  -> New best: /tmp/contrastive-forecasting-357/reports/2026-06-21_lejepa_sigreg_tau098/runs/qhead_6L_allt08_xftrip_nobn_enc3_emateach_sigreg_qk_aon_b512_cpc_tau080_best.pth (ema_loss=0.195387)
[  19000] loss=0.205897  ema_loss=0.196840  4.3 sps  ETA 0.7h
[  19200] loss=0.186560  ema_loss=0.196324  4.3 sps  ETA 0.7h
[  19400] loss=0.198527  ema_loss=0.196498  4.3 sps  ETA 0.7h
[  19600] loss=0.194137  ema_loss=0.196376  4.3 sps  ETA 0.7h
[  19800] loss=0.199507  ema_loss=0.196188  4.3 sps  ETA 0.7h
[  20000] loss=0.194833  ema_loss=0.196482  4.3 sps  ETA 0.6h
[  20200] loss=0.195253  ema_loss=0.196301  4.3 sps  ETA 0.6h
[  20400] loss=0.191792  ema_loss=0.194923  4.3 sps  ETA 0.6h
  -> New best: /tmp/contrastive-forecasting-357/reports/2026-06-21_lejepa_sigreg_tau098/runs/qhead_6L_allt08_xftrip_nobn_enc3_emateach_sigreg_qk_aon_b512_cpc_tau080_best.pth (ema_loss=0.194923)
[  20600] loss=0.205365  ema_loss=0.195788  4.3 sps  ETA 0.6h
[  20800] loss=0.188606  ema_loss=0.195752  4.3 sps  ETA 0.6h
[  21000] loss=0.206024  ema_loss=0.196459  4.3 sps  ETA 0.6h
[  21200] loss=0.188971  ema_loss=0.195532  4.3 sps  ETA 0.6h
[  21400] loss=0.181360  ema_loss=0.196295  4.3 sps  ETA 0.6h
[  21600] loss=0.197646  ema_loss=0.195964  4.3 sps  ETA 0.5h
[  21800] loss=0.189581  ema_loss=0.195188  4.3 sps  ETA 0.5h
[  22000] loss=0.203954  ema_loss=0.196080  4.3 sps  ETA 0.5h
[  22200] loss=0.198493  ema_loss=0.195566  4.3 sps  ETA 0.5h
[  22400] loss=0.202611  ema_loss=0.195160  4.3 sps  ETA 0.5h
[  22600] loss=0.208985  ema_loss=0.196028  4.3 sps  ETA 0.5h
[  22800] loss=0.195072  ema_loss=0.196121  4.3 sps  ETA 0.5h
[  23000] loss=0.196383  ema_loss=0.196113  4.3 sps  ETA 0.4h
[  23200] loss=0.205837  ema_loss=0.195439  4.3 sps  ETA 0.4h
[  23400] loss=0.208213  ema_loss=0.195765  4.3 sps  ETA 0.4h
[  23600] loss=0.179985  ema_loss=0.194721  4.3 sps  ETA 0.4h
  -> New best: /tmp/contrastive-forecasting-357/reports/2026-06-21_lejepa_sigreg_tau098/runs/qhead_6L_allt08_xftrip_nobn_enc3_emateach_sigreg_qk_aon_b512_cpc_tau080_best.pth (ema_loss=0.194721)
[  23800] loss=0.193622  ema_loss=0.195224  4.3 sps  ETA 0.4h
[  24000] loss=0.199687  ema_loss=0.195678  4.3 sps  ETA 0.4h
[  24200] loss=0.189724  ema_loss=0.195063  4.3 sps  ETA 0.4h
[  24400] loss=0.204389  ema_loss=0.196096  4.3 sps  ETA 0.4h
[  24600] loss=0.199518  ema_loss=0.196437  4.3 sps  ETA 0.3h
[  24800] loss=0.203790  ema_loss=0.195524  4.3 sps  ETA 0.3h
[  25000] loss=0.179764  ema_loss=0.196038  4.3 sps  ETA 0.3h
[  25200] loss=0.197413  ema_loss=0.194753  4.3 sps  ETA 0.3h
[  25400] loss=0.210089  ema_loss=0.196072  4.3 sps  ETA 0.3h
[  25600] loss=0.190928  ema_loss=0.195320  4.3 sps  ETA 0.3h
[  25800] loss=0.199134  ema_loss=0.194467  4.3 sps  ETA 0.3h
  -> New best: /tmp/contrastive-forecasting-357/reports/2026-06-21_lejepa_sigreg_tau098/runs/qhead_6L_allt08_xftrip_nobn_enc3_emateach_sigreg_qk_aon_b512_cpc_tau080_best.pth (ema_loss=0.194467)
[  26000] loss=0.194652  ema_loss=0.195147  4.3 sps  ETA 0.3h
[  26200] loss=0.192623  ema_loss=0.194629  4.3 sps  ETA 0.2h
[  26400] loss=0.191651  ema_loss=0.195645  4.3 sps  ETA 0.2h
[  26600] loss=0.198735  ema_loss=0.195323  4.3 sps  ETA 0.2h
[  26800] loss=0.195256  ema_loss=0.194393  4.3 sps  ETA 0.2h
  -> New best: /tmp/contrastive-forecasting-357/reports/2026-06-21_lejepa_sigreg_tau098/runs/qhead_6L_allt08_xftrip_nobn_enc3_emateach_sigreg_qk_aon_b512_cpc_tau080_best.pth (ema_loss=0.194393)
[  27000] loss=0.204252  ema_loss=0.195720  4.3 sps  ETA 0.2h
[  27200] loss=0.196771  ema_loss=0.196299  4.3 sps  ETA 0.2h
[  27400] loss=0.212578  ema_loss=0.195672  4.3 sps  ETA 0.2h
[  27600] loss=0.208007  ema_loss=0.195660  4.3 sps  ETA 0.2h
[  27800] loss=0.200221  ema_loss=0.195546  4.3 sps  ETA 0.1h
[  28000] loss=0.201822  ema_loss=0.195482  4.3 sps  ETA 0.1h
[  28200] loss=0.191727  ema_loss=0.195710  4.3 sps  ETA 0.1h
[  28400] loss=0.206141  ema_loss=0.194842  4.3 sps  ETA 0.1h
[  28600] loss=0.186902  ema_loss=0.194345  4.3 sps  ETA 0.1h
  -> New best: /tmp/contrastive-forecasting-357/reports/2026-06-21_lejepa_sigreg_tau098/runs/qhead_6L_allt08_xftrip_nobn_enc3_emateach_sigreg_qk_aon_b512_cpc_tau080_best.pth (ema_loss=0.194345)
[  28800] loss=0.193102  ema_loss=0.195249  4.3 sps  ETA 0.1h
[  29000] loss=0.190519  ema_loss=0.195981  4.3 sps  ETA 0.1h
[  29200] loss=0.193294  ema_loss=0.195257  4.3 sps  ETA 0.1h
[  29400] loss=0.209712  ema_loss=0.195910  4.3 sps  ETA 0.0h
[  29600] loss=0.194650  ema_loss=0.195867  4.3 sps  ETA 0.0h
[  29800] loss=0.193759  ema_loss=0.195300  4.3 sps  ETA 0.0h
[  30000] loss=0.186454  ema_loss=0.194281  4.3 sps  ETA 0.0h
  -> New best: /tmp/contrastive-forecasting-357/reports/2026-06-21_lejepa_sigreg_tau098/runs/qhead_6L_allt08_xftrip_nobn_enc3_emateach_sigreg_qk_aon_b512_cpc_tau080_best.pth (ema_loss=0.194281)

Done in 1.9h. Best loss=0.194281 at step 30000
