  [head-train] auto-detected freq_emb_dim=3 from backbone checkpoint
  [head-train] auto-detected seasonality_emb_dim=3 from backbone checkpoint
  [head-train] auto-detected num_encoder_layers=3 from backbone checkpoint
  [head-train] auto-detected qk_norm=True from backbone checkpoint
  [head-train] auto-detected attn_out_norm=True from backbone checkpoint
  [head-train] auto-detected patch_stats=none
Backbone loaded from /tmp/contrastive-forecasting-357/reports/2026-06-21_lejepa_sigreg_tau098/runs/bb_allt08_xftrip_nobn_enc3_emateach_sigreg_qk_aon_b512_cpc_tau090_FINAL.pth (0 params, frozen)
/home/jupyter/.local/lib/python3.10/site-packages/torch/nn/modules/transformer.py:392: UserWarning: enable_nested_tensor is True, but self.use_nested_tensor is False because encoder_layer.norm_first was True
  warnings.warn(
Forecasting head [transformer-q (2L H384 nhead6 causal)]: 3,605,136 trainable params
Optimizer: AdamW lr=0.001 betas=(0.9,0.98) wd=0.1 eps=1e-08
Schedule: cosine warmup=2000 decay_start=24000 final_ratio=0.1
Loss CSV: /tmp/contrastive-forecasting-357/reports/2026-06-21_lejepa_sigreg_tau098/runs/qhead_2L_allt08_xftrip_nobn_enc3_emateach_sigreg_qk_aon_b512_cpc_tau090_losses.csv
Data: MIX 100% HF + 0% synth, hf_bs=256, synth_bs=0, synth_seed=20042, emit_labels=True

Training for 30000 steps, bs=256, lr=0.001, forecast_len=16
RECONSTRUCTION mode: forecaster (head decodes what latent represents, not future)
Checkpoints: /tmp/contrastive-forecasting-357/reports/2026-06-21_lejepa_sigreg_tau098/runs/qhead_2L_allt08_xftrip_nobn_enc3_emateach_sigreg_qk_aon_b512_cpc_tau090_*.pth
[    200] loss=0.252151  ema_loss=0.352913  5.1 sps  ETA 1.6h
  -> New best: /tmp/contrastive-forecasting-357/reports/2026-06-21_lejepa_sigreg_tau098/runs/qhead_2L_allt08_xftrip_nobn_enc3_emateach_sigreg_qk_aon_b512_cpc_tau090_best.pth (ema_loss=0.352913)
[    400] loss=0.227219  ema_loss=0.248090  5.4 sps  ETA 1.5h
  -> New best: /tmp/contrastive-forecasting-357/reports/2026-06-21_lejepa_sigreg_tau098/runs/qhead_2L_allt08_xftrip_nobn_enc3_emateach_sigreg_qk_aon_b512_cpc_tau090_best.pth (ema_loss=0.248090)
[    600] loss=0.215260  ema_loss=0.222544  5.6 sps  ETA 1.5h
  -> New best: /tmp/contrastive-forecasting-357/reports/2026-06-21_lejepa_sigreg_tau098/runs/qhead_2L_allt08_xftrip_nobn_enc3_emateach_sigreg_qk_aon_b512_cpc_tau090_best.pth (ema_loss=0.222544)
[    800] loss=0.198838  ema_loss=0.214127  5.5 sps  ETA 1.5h
  -> New best: /tmp/contrastive-forecasting-357/reports/2026-06-21_lejepa_sigreg_tau098/runs/qhead_2L_allt08_xftrip_nobn_enc3_emateach_sigreg_qk_aon_b512_cpc_tau090_best.pth (ema_loss=0.214127)
[   1000] loss=0.215453  ema_loss=0.211968  5.6 sps  ETA 1.4h
  -> New best: /tmp/contrastive-forecasting-357/reports/2026-06-21_lejepa_sigreg_tau098/runs/qhead_2L_allt08_xftrip_nobn_enc3_emateach_sigreg_qk_aon_b512_cpc_tau090_best.pth (ema_loss=0.211968)
[   1200] loss=0.208195  ema_loss=0.209253  5.6 sps  ETA 1.4h
  -> New best: /tmp/contrastive-forecasting-357/reports/2026-06-21_lejepa_sigreg_tau098/runs/qhead_2L_allt08_xftrip_nobn_enc3_emateach_sigreg_qk_aon_b512_cpc_tau090_best.pth (ema_loss=0.209253)
[   1400] loss=0.204002  ema_loss=0.208735  5.6 sps  ETA 1.4h
  -> New best: /tmp/contrastive-forecasting-357/reports/2026-06-21_lejepa_sigreg_tau098/runs/qhead_2L_allt08_xftrip_nobn_enc3_emateach_sigreg_qk_aon_b512_cpc_tau090_best.pth (ema_loss=0.208735)
[   1600] loss=0.199166  ema_loss=0.207130  5.7 sps  ETA 1.4h
  -> New best: /tmp/contrastive-forecasting-357/reports/2026-06-21_lejepa_sigreg_tau098/runs/qhead_2L_allt08_xftrip_nobn_enc3_emateach_sigreg_qk_aon_b512_cpc_tau090_best.pth (ema_loss=0.207130)
[   1800] loss=0.215264  ema_loss=0.207829  5.7 sps  ETA 1.4h
[   2000] loss=0.201584  ema_loss=0.206838  5.7 sps  ETA 1.4h
  -> New best: /tmp/contrastive-forecasting-357/reports/2026-06-21_lejepa_sigreg_tau098/runs/qhead_2L_allt08_xftrip_nobn_enc3_emateach_sigreg_qk_aon_b512_cpc_tau090_best.pth (ema_loss=0.206838)
[   2200] loss=0.214165  ema_loss=0.206967  5.6 sps  ETA 1.4h
[   2400] loss=0.204866  ema_loss=0.206283  5.6 sps  ETA 1.4h
  -> New best: /tmp/contrastive-forecasting-357/reports/2026-06-21_lejepa_sigreg_tau098/runs/qhead_2L_allt08_xftrip_nobn_enc3_emateach_sigreg_qk_aon_b512_cpc_tau090_best.pth (ema_loss=0.206283)
[   2600] loss=0.194136  ema_loss=0.205165  5.6 sps  ETA 1.3h
  -> New best: /tmp/contrastive-forecasting-357/reports/2026-06-21_lejepa_sigreg_tau098/runs/qhead_2L_allt08_xftrip_nobn_enc3_emateach_sigreg_qk_aon_b512_cpc_tau090_best.pth (ema_loss=0.205165)
[   2800] loss=0.194421  ema_loss=0.205131  5.7 sps  ETA 1.3h
  -> New best: /tmp/contrastive-forecasting-357/reports/2026-06-21_lejepa_sigreg_tau098/runs/qhead_2L_allt08_xftrip_nobn_enc3_emateach_sigreg_qk_aon_b512_cpc_tau090_best.pth (ema_loss=0.205131)
[   3000] loss=0.201353  ema_loss=0.204103  5.6 sps  ETA 1.3h
  -> New best: /tmp/contrastive-forecasting-357/reports/2026-06-21_lejepa_sigreg_tau098/runs/qhead_2L_allt08_xftrip_nobn_enc3_emateach_sigreg_qk_aon_b512_cpc_tau090_best.pth (ema_loss=0.204103)
[   3200] loss=0.197122  ema_loss=0.205258  5.7 sps  ETA 1.3h
[   3400] loss=0.207030  ema_loss=0.204315  5.7 sps  ETA 1.3h
[   3600] loss=0.189495  ema_loss=0.203370  5.7 sps  ETA 1.3h
  -> New best: /tmp/contrastive-forecasting-357/reports/2026-06-21_lejepa_sigreg_tau098/runs/qhead_2L_allt08_xftrip_nobn_enc3_emateach_sigreg_qk_aon_b512_cpc_tau090_best.pth (ema_loss=0.203370)
[   3800] loss=0.198284  ema_loss=0.203988  5.6 sps  ETA 1.3h
[   4000] loss=0.223947  ema_loss=0.203232  5.6 sps  ETA 1.3h
  -> New best: /tmp/contrastive-forecasting-357/reports/2026-06-21_lejepa_sigreg_tau098/runs/qhead_2L_allt08_xftrip_nobn_enc3_emateach_sigreg_qk_aon_b512_cpc_tau090_best.pth (ema_loss=0.203232)
[   4200] loss=0.204262  ema_loss=0.203325  5.7 sps  ETA 1.3h
[   4400] loss=0.200511  ema_loss=0.203344  5.7 sps  ETA 1.3h
[   4600] loss=0.194638  ema_loss=0.203314  5.7 sps  ETA 1.2h
[   4800] loss=0.200194  ema_loss=0.202502  5.7 sps  ETA 1.2h
  -> New best: /tmp/contrastive-forecasting-357/reports/2026-06-21_lejepa_sigreg_tau098/runs/qhead_2L_allt08_xftrip_nobn_enc3_emateach_sigreg_qk_aon_b512_cpc_tau090_best.pth (ema_loss=0.202502)
[   5000] loss=0.204309  ema_loss=0.203126  5.7 sps  ETA 1.2h
[   5200] loss=0.212598  ema_loss=0.202658  5.7 sps  ETA 1.2h
[   5400] loss=0.201832  ema_loss=0.203432  5.7 sps  ETA 1.2h
[   5600] loss=0.194533  ema_loss=0.202318  5.7 sps  ETA 1.2h
  -> New best: /tmp/contrastive-forecasting-357/reports/2026-06-21_lejepa_sigreg_tau098/runs/qhead_2L_allt08_xftrip_nobn_enc3_emateach_sigreg_qk_aon_b512_cpc_tau090_best.pth (ema_loss=0.202318)
[   5800] loss=0.192406  ema_loss=0.202403  5.7 sps  ETA 1.2h
[   6000] loss=0.194682  ema_loss=0.202044  5.7 sps  ETA 1.2h
  -> New best: /tmp/contrastive-forecasting-357/reports/2026-06-21_lejepa_sigreg_tau098/runs/qhead_2L_allt08_xftrip_nobn_enc3_emateach_sigreg_qk_aon_b512_cpc_tau090_best.pth (ema_loss=0.202044)
[   6200] loss=0.196844  ema_loss=0.202097  5.7 sps  ETA 1.2h
[   6400] loss=0.217944  ema_loss=0.201370  5.7 sps  ETA 1.2h
  -> New best: /tmp/contrastive-forecasting-357/reports/2026-06-21_lejepa_sigreg_tau098/runs/qhead_2L_allt08_xftrip_nobn_enc3_emateach_sigreg_qk_aon_b512_cpc_tau090_best.pth (ema_loss=0.201370)
[   6600] loss=0.201661  ema_loss=0.201016  5.7 sps  ETA 1.1h
  -> New best: /tmp/contrastive-forecasting-357/reports/2026-06-21_lejepa_sigreg_tau098/runs/qhead_2L_allt08_xftrip_nobn_enc3_emateach_sigreg_qk_aon_b512_cpc_tau090_best.pth (ema_loss=0.201016)
[   6800] loss=0.211844  ema_loss=0.202301  5.7 sps  ETA 1.1h
[   7000] loss=0.189975  ema_loss=0.202029  5.7 sps  ETA 1.1h
[   7200] loss=0.188716  ema_loss=0.201931  5.7 sps  ETA 1.1h
[   7400] loss=0.203452  ema_loss=0.202467  5.7 sps  ETA 1.1h
[   7600] loss=0.207013  ema_loss=0.201774  5.7 sps  ETA 1.1h
[   7800] loss=0.191776  ema_loss=0.201881  5.7 sps  ETA 1.1h
[   8000] loss=0.196932  ema_loss=0.201643  5.7 sps  ETA 1.1h
[   8200] loss=0.209577  ema_loss=0.201737  5.7 sps  ETA 1.1h
[   8400] loss=0.202157  ema_loss=0.200569  5.7 sps  ETA 1.1h
  -> New best: /tmp/contrastive-forecasting-357/reports/2026-06-21_lejepa_sigreg_tau098/runs/qhead_2L_allt08_xftrip_nobn_enc3_emateach_sigreg_qk_aon_b512_cpc_tau090_best.pth (ema_loss=0.200569)
[   8600] loss=0.206511  ema_loss=0.201169  5.7 sps  ETA 1.0h
[   8800] loss=0.205313  ema_loss=0.201444  5.7 sps  ETA 1.0h
[   9000] loss=0.190559  ema_loss=0.200538  5.7 sps  ETA 1.0h
  -> New best: /tmp/contrastive-forecasting-357/reports/2026-06-21_lejepa_sigreg_tau098/runs/qhead_2L_allt08_xftrip_nobn_enc3_emateach_sigreg_qk_aon_b512_cpc_tau090_best.pth (ema_loss=0.200538)
[   9200] loss=0.181889  ema_loss=0.200802  5.7 sps  ETA 1.0h
[   9400] loss=0.205475  ema_loss=0.201702  5.7 sps  ETA 1.0h
[   9600] loss=0.205810  ema_loss=0.201772  5.7 sps  ETA 1.0h
[   9800] loss=0.212110  ema_loss=0.201458  5.7 sps  ETA 1.0h
[  10000] loss=0.198831  ema_loss=0.200994  5.7 sps  ETA 1.0h
[  10200] loss=0.201544  ema_loss=0.200843  5.7 sps  ETA 1.0h
[  10400] loss=0.206448  ema_loss=0.200787  5.7 sps  ETA 1.0h
[  10600] loss=0.208420  ema_loss=0.199811  5.7 sps  ETA 0.9h
  -> New best: /tmp/contrastive-forecasting-357/reports/2026-06-21_lejepa_sigreg_tau098/runs/qhead_2L_allt08_xftrip_nobn_enc3_emateach_sigreg_qk_aon_b512_cpc_tau090_best.pth (ema_loss=0.199811)
[  10800] loss=0.200288  ema_loss=0.199868  5.7 sps  ETA 0.9h
[  11000] loss=0.198800  ema_loss=0.201017  5.7 sps  ETA 0.9h
[  11200] loss=0.209056  ema_loss=0.200267  5.7 sps  ETA 0.9h
[  11400] loss=0.190770  ema_loss=0.200246  5.7 sps  ETA 0.9h
[  11600] loss=0.186594  ema_loss=0.199976  5.7 sps  ETA 0.9h
[  11800] loss=0.179750  ema_loss=0.201152  5.7 sps  ETA 0.9h
[  12000] loss=0.196844  ema_loss=0.200280  5.7 sps  ETA 0.9h
[  12200] loss=0.201417  ema_loss=0.199130  5.7 sps  ETA 0.9h
  -> New best: /tmp/contrastive-forecasting-357/reports/2026-06-21_lejepa_sigreg_tau098/runs/qhead_2L_allt08_xftrip_nobn_enc3_emateach_sigreg_qk_aon_b512_cpc_tau090_best.pth (ema_loss=0.199130)
[  12400] loss=0.207887  ema_loss=0.200734  5.7 sps  ETA 0.9h
[  12600] loss=0.212497  ema_loss=0.200938  5.7 sps  ETA 0.8h
[  12800] loss=0.193757  ema_loss=0.199612  5.7 sps  ETA 0.8h
[  13000] loss=0.196775  ema_loss=0.199737  5.7 sps  ETA 0.8h
[  13200] loss=0.201163  ema_loss=0.200089  5.7 sps  ETA 0.8h
[  13400] loss=0.209803  ema_loss=0.199736  5.7 sps  ETA 0.8h
[  13600] loss=0.195169  ema_loss=0.200453  5.7 sps  ETA 0.8h
[  13800] loss=0.205842  ema_loss=0.199733  5.7 sps  ETA 0.8h
[  14000] loss=0.213992  ema_loss=0.201169  5.7 sps  ETA 0.8h
[  14200] loss=0.197398  ema_loss=0.199628  5.7 sps  ETA 0.8h
[  14400] loss=0.195106  ema_loss=0.199933  5.7 sps  ETA 0.8h
[  14600] loss=0.195052  ema_loss=0.199058  5.7 sps  ETA 0.7h
  -> New best: /tmp/contrastive-forecasting-357/reports/2026-06-21_lejepa_sigreg_tau098/runs/qhead_2L_allt08_xftrip_nobn_enc3_emateach_sigreg_qk_aon_b512_cpc_tau090_best.pth (ema_loss=0.199058)
[  14800] loss=0.209681  ema_loss=0.200205  5.7 sps  ETA 0.7h
[  15000] loss=0.203644  ema_loss=0.200150  5.7 sps  ETA 0.7h
[  15200] loss=0.190585  ema_loss=0.199455  5.7 sps  ETA 0.7h
[  15400] loss=0.201188  ema_loss=0.199971  5.7 sps  ETA 0.7h
[  15600] loss=0.204683  ema_loss=0.198714  5.7 sps  ETA 0.7h
  -> New best: /tmp/contrastive-forecasting-357/reports/2026-06-21_lejepa_sigreg_tau098/runs/qhead_2L_allt08_xftrip_nobn_enc3_emateach_sigreg_qk_aon_b512_cpc_tau090_best.pth (ema_loss=0.198714)
[  15800] loss=0.198695  ema_loss=0.199731  5.7 sps  ETA 0.7h
[  16000] loss=0.211401  ema_loss=0.200033  5.7 sps  ETA 0.7h
[  16200] loss=0.201704  ema_loss=0.199550  5.7 sps  ETA 0.7h
[  16400] loss=0.185721  ema_loss=0.199128  5.7 sps  ETA 0.7h
[  16600] loss=0.200747  ema_loss=0.200047  5.7 sps  ETA 0.6h
[  16800] loss=0.185944  ema_loss=0.199750  5.7 sps  ETA 0.6h
[  17000] loss=0.184536  ema_loss=0.198507  5.7 sps  ETA 0.6h
  -> New best: /tmp/contrastive-forecasting-357/reports/2026-06-21_lejepa_sigreg_tau098/runs/qhead_2L_allt08_xftrip_nobn_enc3_emateach_sigreg_qk_aon_b512_cpc_tau090_best.pth (ema_loss=0.198507)
[  17200] loss=0.206392  ema_loss=0.200087  5.7 sps  ETA 0.6h
[  17400] loss=0.196476  ema_loss=0.199741  5.7 sps  ETA 0.6h
[  17600] loss=0.210601  ema_loss=0.201626  5.7 sps  ETA 0.6h
[  17800] loss=0.180039  ema_loss=0.199446  5.7 sps  ETA 0.6h
[  18000] loss=0.207867  ema_loss=0.199504  5.7 sps  ETA 0.6h
[  18200] loss=0.190660  ema_loss=0.199170  5.7 sps  ETA 0.6h
[  18400] loss=0.204212  ema_loss=0.198908  5.8 sps  ETA 0.6h
[  18600] loss=0.174072  ema_loss=0.198463  5.7 sps  ETA 0.6h
  -> New best: /tmp/contrastive-forecasting-357/reports/2026-06-21_lejepa_sigreg_tau098/runs/qhead_2L_allt08_xftrip_nobn_enc3_emateach_sigreg_qk_aon_b512_cpc_tau090_best.pth (ema_loss=0.198463)
[  18800] loss=0.194248  ema_loss=0.198348  5.8 sps  ETA 0.5h
  -> New best: /tmp/contrastive-forecasting-357/reports/2026-06-21_lejepa_sigreg_tau098/runs/qhead_2L_allt08_xftrip_nobn_enc3_emateach_sigreg_qk_aon_b512_cpc_tau090_best.pth (ema_loss=0.198348)
[  19000] loss=0.209622  ema_loss=0.199813  5.8 sps  ETA 0.5h
[  19200] loss=0.189120  ema_loss=0.199274  5.8 sps  ETA 0.5h
[  19400] loss=0.200862  ema_loss=0.199441  5.8 sps  ETA 0.5h
[  19600] loss=0.197126  ema_loss=0.199337  5.8 sps  ETA 0.5h
[  19800] loss=0.202806  ema_loss=0.199156  5.8 sps  ETA 0.5h
[  20000] loss=0.197816  ema_loss=0.199511  5.8 sps  ETA 0.5h
[  20200] loss=0.198691  ema_loss=0.199364  5.8 sps  ETA 0.5h
[  20400] loss=0.194506  ema_loss=0.197947  5.8 sps  ETA 0.5h
  -> New best: /tmp/contrastive-forecasting-357/reports/2026-06-21_lejepa_sigreg_tau098/runs/qhead_2L_allt08_xftrip_nobn_enc3_emateach_sigreg_qk_aon_b512_cpc_tau090_best.pth (ema_loss=0.197947)
[  20600] loss=0.208533  ema_loss=0.198804  5.8 sps  ETA 0.5h
[  20800] loss=0.191494  ema_loss=0.198812  5.8 sps  ETA 0.4h
[  21000] loss=0.209316  ema_loss=0.199487  5.8 sps  ETA 0.4h
[  21200] loss=0.193427  ema_loss=0.198520  5.8 sps  ETA 0.4h
[  21400] loss=0.184566  ema_loss=0.199327  5.8 sps  ETA 0.4h
[  21600] loss=0.200371  ema_loss=0.198971  5.8 sps  ETA 0.4h
[  21800] loss=0.192644  ema_loss=0.198267  5.8 sps  ETA 0.4h
[  22000] loss=0.206892  ema_loss=0.199178  5.8 sps  ETA 0.4h
[  22200] loss=0.202398  ema_loss=0.198591  5.8 sps  ETA 0.4h
[  22400] loss=0.204944  ema_loss=0.198216  5.8 sps  ETA 0.4h
[  22600] loss=0.212024  ema_loss=0.199109  5.8 sps  ETA 0.4h
[  22800] loss=0.197550  ema_loss=0.199208  5.8 sps  ETA 0.3h
[  23000] loss=0.199601  ema_loss=0.199175  5.8 sps  ETA 0.3h
[  23200] loss=0.208979  ema_loss=0.198496  5.8 sps  ETA 0.3h
[  23400] loss=0.210814  ema_loss=0.198809  5.8 sps  ETA 0.3h
[  23600] loss=0.184127  ema_loss=0.197801  5.8 sps  ETA 0.3h
  -> New best: /tmp/contrastive-forecasting-357/reports/2026-06-21_lejepa_sigreg_tau098/runs/qhead_2L_allt08_xftrip_nobn_enc3_emateach_sigreg_qk_aon_b512_cpc_tau090_best.pth (ema_loss=0.197801)
[  23800] loss=0.197183  ema_loss=0.198304  5.8 sps  ETA 0.3h
[  24000] loss=0.202828  ema_loss=0.198780  5.8 sps  ETA 0.3h
[  24200] loss=0.192711  ema_loss=0.198168  5.8 sps  ETA 0.3h
[  24400] loss=0.206955  ema_loss=0.199143  5.8 sps  ETA 0.3h
[  24600] loss=0.202514  ema_loss=0.199521  5.8 sps  ETA 0.3h
[  24800] loss=0.207135  ema_loss=0.198627  5.8 sps  ETA 0.3h
[  25000] loss=0.182565  ema_loss=0.199143  5.8 sps  ETA 0.2h
[  25200] loss=0.200836  ema_loss=0.197904  5.8 sps  ETA 0.2h
[  25400] loss=0.212498  ema_loss=0.199219  5.8 sps  ETA 0.2h
[  25600] loss=0.194459  ema_loss=0.198473  5.8 sps  ETA 0.2h
[  25800] loss=0.202280  ema_loss=0.197618  5.8 sps  ETA 0.2h
  -> New best: /tmp/contrastive-forecasting-357/reports/2026-06-21_lejepa_sigreg_tau098/runs/qhead_2L_allt08_xftrip_nobn_enc3_emateach_sigreg_qk_aon_b512_cpc_tau090_best.pth (ema_loss=0.197618)
[  26000] loss=0.197210  ema_loss=0.198317  5.8 sps  ETA 0.2h
[  26200] loss=0.195766  ema_loss=0.197794  5.8 sps  ETA 0.2h
[  26400] loss=0.194828  ema_loss=0.198790  5.8 sps  ETA 0.2h
[  26600] loss=0.201636  ema_loss=0.198449  5.8 sps  ETA 0.2h
[  26800] loss=0.198280  ema_loss=0.197594  5.8 sps  ETA 0.2h
  -> New best: /tmp/contrastive-forecasting-357/reports/2026-06-21_lejepa_sigreg_tau098/runs/qhead_2L_allt08_xftrip_nobn_enc3_emateach_sigreg_qk_aon_b512_cpc_tau090_best.pth (ema_loss=0.197594)
[  27000] loss=0.207699  ema_loss=0.198946  5.8 sps  ETA 0.1h
[  27200] loss=0.200324  ema_loss=0.199523  5.8 sps  ETA 0.1h
[  27400] loss=0.215352  ema_loss=0.198872  5.8 sps  ETA 0.1h
[  27600] loss=0.211459  ema_loss=0.198853  5.8 sps  ETA 0.1h
[  27800] loss=0.203818  ema_loss=0.198682  5.8 sps  ETA 0.1h
[  28000] loss=0.204853  ema_loss=0.198626  5.8 sps  ETA 0.1h
[  28200] loss=0.195965  ema_loss=0.198852  5.8 sps  ETA 0.1h
[  28400] loss=0.209191  ema_loss=0.198055  5.8 sps  ETA 0.1h
[  28600] loss=0.190498  ema_loss=0.197691  5.8 sps  ETA 0.1h
[  28800] loss=0.195620  ema_loss=0.198507  5.8 sps  ETA 0.1h
[  29000] loss=0.193033  ema_loss=0.199166  5.8 sps  ETA 0.0h
[  29200] loss=0.196125  ema_loss=0.198426  5.8 sps  ETA 0.0h
[  29400] loss=0.212432  ema_loss=0.199042  5.8 sps  ETA 0.0h
[  29600] loss=0.197739  ema_loss=0.199103  5.8 sps  ETA 0.0h
[  29800] loss=0.196728  ema_loss=0.198451  5.8 sps  ETA 0.0h
[  30000] loss=0.188877  ema_loss=0.197467  5.8 sps  ETA 0.0h
  -> New best: /tmp/contrastive-forecasting-357/reports/2026-06-21_lejepa_sigreg_tau098/runs/qhead_2L_allt08_xftrip_nobn_enc3_emateach_sigreg_qk_aon_b512_cpc_tau090_best.pth (ema_loss=0.197467)

Done in 1.4h. Best loss=0.197467 at step 30000
