[10-08 10:01:49] [k3_r100_09_lr56_fix09_dec10k_lr10x_bb400k_h30k_recon_lin] head argv -> /home/jupyter/checkpoints_backup/cf-425-lin/results/waves/old_1008_100149_PVUl/jobs.jsonl reconstruction=encoder head-arch=linear
[10-08 10:10:47] [k3_r100_09_lr56_fix09_dec10k_lr10x_bb400k_h30k_recon_lin] head argv -> /home/jupyter/checkpoints_backup/cf-425-lin/results/waves/old_1008_101047_w47p/jobs.jsonl reconstruction=encoder head-arch=linear
[10-08 10:25:32] [k3_r100_09_lr56_fix09_dec10k_lr10x_bb400k_h30k_recon_lin] head argv -> /home/jupyter/checkpoints_backup/cf-425-lin/results/waves/old_1008_102532_99I0/jobs.jsonl reconstruction=encoder head-arch=linear
[10-08 14:56:53] [k3_r100_09_lr56_fix09_dec10k_lr10x_bb400k_h30k_recon_lin] head-train SKIP (final exists)
[10-08 14:56:53] [k3_r100_09_lr56_fix09_dec10k_lr10x_bb400k_h30k_recon_lin] eval start (97 configs, R, forecast-len 16, cuda)
[10-08 14:56:53] [eval-slot] all 2 slots busy, 0s so far
[10-08 15:01:53] [eval-slot] all 2 slots busy, 300s so far
[10-08 15:06:53] [eval-slot] all 2 slots busy, 600s so far
[10-08 15:11:53] [eval-slot] all 2 slots busy, 900s so far
[10-08 15:16:53] [eval-slot] all 2 slots busy, 1200s so far
[10-08 15:21:53] [eval-slot] all 2 slots busy, 1500s so far
[10-08 15:26:53] [eval-slot] all 2 slots busy, 1800s so far
[10-08 15:31:53] [eval-slot] all 2 slots busy, 2100s so far
[10-08 15:36:53] [eval-slot] all 2 slots busy, 2400s so far
[10-08 15:37:13] [eval-slot] slot 0 after 2420s
[10-08 15:37:13] START k3_r100_09_lr56_fix09_dec10k_lr10x_bb400k_h30k_recon_lin bb400k enc=student shards=2 slot=0
[10-08 15:50:21] merged 97 configs -> /home/jupyter/checkpoints_backup/cf-425-lin/ckpt/recon/eval/k3_r100_09_lr56_fix09_dec10k_lr10x_bb400k_h30k_recon_lin/gift_r/all_results.csv
[10-08 15:50:24] DONE k3_r100_09_lr56_fix09_dec10k_lr10x_bb400k_h30k_recon_lin bb400k student — Aggregate GM-Relative MASE (97 configs): 0.2179 -> 0.2179
[10-08 15:50:24] [k3_r100_09_lr56_fix09_dec10k_lr10x_bb400k_h30k_recon_lin] eval rc=0
[10-08 15:50:24] [k3_r100_09_lr56_fix09_dec10k_lr10x_bb400k_h30k_recon_lin] DONE — GM-Relative MASE 0.2179
