Device: cuda | Params: 720,668
Training for 40000 steps, bs=64, lr=0.001, T=4096, C=1, mix_ratio=0.0078125, freq_emb_dim=3, seasonality_emb_dim=3, mixup_p=0.3, rev_norm_kind=ewma(span=128), patch_stats=none, encoder_type=gru
Checkpoints: /home/jupyter/wt-cf-390-train/experiments/2026-08-01_lalign_teacher/runs/bb_small_arm6_v2_ncpc_lalign_lrepmoco_enc3l3_b64_200k_sigreg_ema_qk_aon_cpc_tau090_alignstudent_*.pth
Loss CSV: /home/jupyter/wt-cf-390-train/experiments/2026-08-01_lalign_teacher/runs/bb_small_arm6_v2_ncpc_lalign_lrepmoco_enc3l3_b64_200k_sigreg_ema_qk_aon_cpc_tau090_alignstudent_losses.csv
Latent-drift CSV: /home/jupyter/wt-cf-390-train/experiments/2026-08-01_lalign_teacher/runs/bb_small_arm6_v2_ncpc_lalign_lrepmoco_enc3l3_b64_200k_sigreg_ema_qk_aon_cpc_tau090_alignstudent_latent_drift.csv (every 10000 steps, probe_bs=64, probe_seed=20260722)
Attn-amplitude CSV: /home/jupyter/wt-cf-390-train/experiments/2026-08-01_lalign_teacher/runs/bb_small_arm6_v2_ncpc_lalign_lrepmoco_enc3l3_b64_200k_sigreg_ema_qk_aon_cpc_tau090_alignstudent_attn_amplitude.csv (every 200 steps)
Data: MIX 99% HF + 1% synth (forked-arma) + 0% crossfade + 1 triplet(s)=3 rows, hf_bs=64, synth_bs=0, cross_bs=0, total_bs=67
[    200] loss=7.1626  ema_loss=7.9771  gap=0.1364  ema_gap=0.0057  mixup=61/200  3.8 sps  ETA 2.9h
              R²_rand=0.6433  R²_naive=0.4828  U_t=0.1624  U_b=0.3625  AUC=0.9947  Top1=0.7484
  timing: data=45.6ms  fwd=122.8ms  bwd=70.2ms  total=239.3ms
  -> Saved /home/jupyter/wt-cf-390-train/experiments/2026-08-01_lalign_teacher/runs/bb_small_arm6_v2_ncpc_lalign_lrepmoco_enc3l3_b64_200k_sigreg_ema_qk_aon_cpc_tau090_alignstudent_best_gap.pth
  -> Saved /home/jupyter/wt-cf-390-train/experiments/2026-08-01_lalign_teacher/runs/bb_small_arm6_v2_ncpc_lalign_lrepmoco_enc3l3_b64_200k_sigreg_ema_qk_aon_cpc_tau090_alignstudent_best_loss.pth
[    400] loss=6.3158  ema_loss=6.8594  gap=0.2751  ema_gap=0.2053  mixup=58/200  4.2 sps  ETA 2.6h
              R²_rand=0.6889  R²_naive=0.5718  U_t=0.2139  U_b=0.3447  AUC=0.9990  Top1=0.9007
  timing: data=3.7ms  fwd=120.0ms  bwd=65.5ms  total=189.9ms
  -> Saved /home/jupyter/wt-cf-390-train/experiments/2026-08-01_lalign_teacher/runs/bb_small_arm6_v2_ncpc_lalign_lrepmoco_enc3l3_b64_200k_sigreg_ema_qk_aon_cpc_tau090_alignstudent_best_gap.pth
  -> Saved /home/jupyter/wt-cf-390-train/experiments/2026-08-01_lalign_teacher/runs/bb_small_arm6_v2_ncpc_lalign_lrepmoco_enc3l3_b64_200k_sigreg_ema_qk_aon_cpc_tau090_alignstudent_best_loss.pth
[    600] loss=6.0849  ema_loss=6.4165  gap=0.3230  ema_gap=0.2750  mixup=65/200  4.3 sps  ETA 2.5h
              R²_rand=0.7112  R²_naive=0.6167  U_t=0.2238  U_b=0.3387  AUC=0.9994  Top1=0.9172
  timing: data=3.8ms  fwd=119.1ms  bwd=64.9ms  total=188.4ms
  -> Saved /home/jupyter/wt-cf-390-train/experiments/2026-08-01_lalign_teacher/runs/bb_small_arm6_v2_ncpc_lalign_lrepmoco_enc3l3_b64_200k_sigreg_ema_qk_aon_cpc_tau090_alignstudent_best_gap.pth
  -> Saved /home/jupyter/wt-cf-390-train/experiments/2026-08-01_lalign_teacher/runs/bb_small_arm6_v2_ncpc_lalign_lrepmoco_enc3l3_b64_200k_sigreg_ema_qk_aon_cpc_tau090_alignstudent_best_loss.pth
[    800] loss=6.1217  ema_loss=6.1161  gap=0.3059  ema_gap=0.3028  mixup=65/200  4.2 sps  ETA 2.6h
              R²_rand=0.6961  R²_naive=0.5890  U_t=0.2114  U_b=0.3803  AUC=0.9982  Top1=0.8730
  timing: data=36.2ms  fwd=128.5ms  bwd=68.6ms  total=233.9ms
  -> Saved /home/jupyter/wt-cf-390-train/experiments/2026-08-01_lalign_teacher/runs/bb_small_arm6_v2_ncpc_lalign_lrepmoco_enc3l3_b64_200k_sigreg_ema_qk_aon_cpc_tau090_alignstudent_best_gap.pth
  -> Saved /home/jupyter/wt-cf-390-train/experiments/2026-08-01_lalign_teacher/runs/bb_small_arm6_v2_ncpc_lalign_lrepmoco_enc3l3_b64_200k_sigreg_ema_qk_aon_cpc_tau090_alignstudent_best_loss.pth
[   1000] loss=6.0738  ema_loss=5.9750  gap=0.3080  ema_gap=0.3221  mixup=61/200  4.2 sps  ETA 2.6h
              R²_rand=0.7134  R²_naive=0.5994  U_t=0.2217  U_b=0.3718  AUC=0.9985  Top1=0.8858
  timing: data=4.3ms  fwd=129.9ms  bwd=69.5ms  total=204.3ms
  -> Saved /home/jupyter/wt-cf-390-train/experiments/2026-08-01_lalign_teacher/runs/bb_small_arm6_v2_ncpc_lalign_lrepmoco_enc3l3_b64_200k_sigreg_ema_qk_aon_cpc_tau090_alignstudent_best_gap.pth
  -> Saved /home/jupyter/wt-cf-390-train/experiments/2026-08-01_lalign_teacher/runs/bb_small_arm6_v2_ncpc_lalign_lrepmoco_enc3l3_b64_200k_sigreg_ema_qk_aon_cpc_tau090_alignstudent_best_loss.pth
[   1200] loss=5.6967  ema_loss=5.9240  gap=0.3525  ema_gap=0.3347  mixup=59/200  4.2 sps  ETA 2.6h
              R²_rand=0.6685  R²_naive=0.5842  U_t=0.2528  U_b=0.3755  AUC=0.9989  Top1=0.8849
  timing: data=4.5ms  fwd=135.2ms  bwd=73.5ms  total=213.9ms
  -> Saved /home/jupyter/wt-cf-390-train/experiments/2026-08-01_lalign_teacher/runs/bb_small_arm6_v2_ncpc_lalign_lrepmoco_enc3l3_b64_200k_sigreg_ema_qk_aon_cpc_tau090_alignstudent_best_gap.pth
  -> Saved /home/jupyter/wt-cf-390-train/experiments/2026-08-01_lalign_teacher/runs/bb_small_arm6_v2_ncpc_lalign_lrepmoco_enc3l3_b64_200k_sigreg_ema_qk_aon_cpc_tau090_alignstudent_best_loss.pth
[   1400] loss=5.9827  ema_loss=5.8544  gap=0.3063  ema_gap=0.3410  mixup=77/200  4.1 sps  ETA 2.6h
              R²_rand=0.7041  R²_naive=0.5803  U_t=0.2136  U_b=0.4136  AUC=0.9973  Top1=0.8280
  timing: data=33.1ms  fwd=134.5ms  bwd=72.2ms  total=240.5ms
  -> Saved /home/jupyter/wt-cf-390-train/experiments/2026-08-01_lalign_teacher/runs/bb_small_arm6_v2_ncpc_lalign_lrepmoco_enc3l3_b64_200k_sigreg_ema_qk_aon_cpc_tau090_alignstudent_best_gap.pth
  -> Saved /home/jupyter/wt-cf-390-train/experiments/2026-08-01_lalign_teacher/runs/bb_small_arm6_v2_ncpc_lalign_lrepmoco_enc3l3_b64_200k_sigreg_ema_qk_aon_cpc_tau090_alignstudent_best_loss.pth
[   1600] loss=5.5303  ema_loss=5.8340  gap=0.3376  ema_gap=0.3425  mixup=65/200  4.1 sps  ETA 2.6h
              R²_rand=0.7063  R²_naive=0.6031  U_t=0.2317  U_b=0.4057  AUC=0.9991  Top1=0.9069
  timing: data=4.2ms  fwd=132.6ms  bwd=70.9ms  total=208.3ms
  -> Saved /home/jupyter/wt-cf-390-train/experiments/2026-08-01_lalign_teacher/runs/bb_small_arm6_v2_ncpc_lalign_lrepmoco_enc3l3_b64_200k_sigreg_ema_qk_aon_cpc_tau090_alignstudent_best_gap.pth
  -> Saved /home/jupyter/wt-cf-390-train/experiments/2026-08-01_lalign_teacher/runs/bb_small_arm6_v2_ncpc_lalign_lrepmoco_enc3l3_b64_200k_sigreg_ema_qk_aon_cpc_tau090_alignstudent_best_loss.pth
[   1800] loss=5.6856  ema_loss=5.7504  gap=0.3557  ema_gap=0.3440  mixup=64/200  4.1 sps  ETA 2.6h
              R²_rand=0.6906  R²_naive=0.5963  U_t=0.2183  U_b=0.4083  AUC=0.9985  Top1=0.8868
  timing: data=4.3ms  fwd=134.1ms  bwd=74.4ms  total=213.7ms
  -> Saved /home/jupyter/wt-cf-390-train/experiments/2026-08-01_lalign_teacher/runs/bb_small_arm6_v2_ncpc_lalign_lrepmoco_enc3l3_b64_200k_sigreg_ema_qk_aon_cpc_tau090_alignstudent_best_gap.pth
  -> Saved /home/jupyter/wt-cf-390-train/experiments/2026-08-01_lalign_teacher/runs/bb_small_arm6_v2_ncpc_lalign_lrepmoco_enc3l3_b64_200k_sigreg_ema_qk_aon_cpc_tau090_alignstudent_best_loss.pth
[   2000] loss=5.4683  ema_loss=5.7307  gap=0.3566  ema_gap=0.3514  mixup=66/200  4.1 sps  ETA 2.6h
              R²_rand=0.7075  R²_naive=0.6044  U_t=0.2645  U_b=0.3968  AUC=0.9991  Top1=0.9015
  timing: data=27.3ms  fwd=129.2ms  bwd=68.4ms  total=225.6ms
  -> Saved /home/jupyter/wt-cf-390-train/experiments/2026-08-01_lalign_teacher/runs/bb_small_arm6_v2_ncpc_lalign_lrepmoco_enc3l3_b64_200k_sigreg_ema_qk_aon_cpc_tau090_alignstudent_best_gap.pth
  -> Saved /home/jupyter/wt-cf-390-train/experiments/2026-08-01_lalign_teacher/runs/bb_small_arm6_v2_ncpc_lalign_lrepmoco_enc3l3_b64_200k_sigreg_ema_qk_aon_cpc_tau090_alignstudent_best_loss.pth
[   2200] loss=5.7360  ema_loss=5.6710  gap=0.3807  ema_gap=0.3530  mixup=67/200  4.1 sps  ETA 2.6h
              R²_rand=0.7179  R²_naive=0.6339  U_t=0.2348  U_b=0.3435  AUC=0.9994  Top1=0.9303
  timing: data=4.0ms  fwd=129.6ms  bwd=69.1ms  total=203.4ms
  -> Saved /home/jupyter/wt-cf-390-train/experiments/2026-08-01_lalign_teacher/runs/bb_small_arm6_v2_ncpc_lalign_lrepmoco_enc3l3_b64_200k_sigreg_ema_qk_aon_cpc_tau090_alignstudent_best_gap.pth
  -> Saved /home/jupyter/wt-cf-390-train/experiments/2026-08-01_lalign_teacher/runs/bb_small_arm6_v2_ncpc_lalign_lrepmoco_enc3l3_b64_200k_sigreg_ema_qk_aon_cpc_tau090_alignstudent_best_loss.pth
[   2400] loss=5.4550  ema_loss=5.6834  gap=0.3893  ema_gap=0.3485  mixup=53/200  4.1 sps  ETA 2.6h
              R²_rand=0.6922  R²_naive=0.6169  U_t=0.2535  U_b=0.4105  AUC=0.9990  Top1=0.9009
  timing: data=4.1ms  fwd=136.1ms  bwd=72.3ms  total=213.2ms
  -> Saved /home/jupyter/wt-cf-390-train/experiments/2026-08-01_lalign_teacher/runs/bb_small_arm6_v2_ncpc_lalign_lrepmoco_enc3l3_b64_200k_sigreg_ema_qk_aon_cpc_tau090_alignstudent_2k.pth
[   2600] loss=5.6847  ema_loss=5.6719  gap=0.3403  ema_gap=0.3470  mixup=55/200  4.1 sps  ETA 2.6h
              R²_rand=0.6640  R²_naive=0.5816  U_t=0.2524  U_b=0.4248  AUC=0.9987  Top1=0.8725
  timing: data=20.0ms  fwd=134.0ms  bwd=72.8ms  total=227.5ms
[   2800] loss=5.5899  ema_loss=5.6741  gap=0.3220  ema_gap=0.3434  mixup=55/200  4.1 sps  ETA 2.5h
              R²_rand=0.6757  R²_naive=0.5798  U_t=0.2586  U_b=0.3931  AUC=0.9990  Top1=0.8923
  timing: data=4.0ms  fwd=132.7ms  bwd=71.3ms  total=208.7ms
[   3000] loss=6.1545  ema_loss=5.6233  gap=0.3044  ema_gap=0.3368  mixup=52/200  4.1 sps  ETA 2.5h
              R²_rand=0.6564  R²_naive=0.5455  U_t=0.2542  U_b=0.4382  AUC=0.9970  Top1=0.8385
  timing: data=4.2ms  fwd=132.6ms  bwd=69.9ms  total=207.4ms
  -> Saved /home/jupyter/wt-cf-390-train/experiments/2026-08-01_lalign_teacher/runs/bb_small_arm6_v2_ncpc_lalign_lrepmoco_enc3l3_b64_200k_sigreg_ema_qk_aon_cpc_tau090_alignstudent_best_loss.pth
[   3200] loss=6.0056  ema_loss=5.6381  gap=0.3671  ema_gap=0.3361  mixup=68/200  4.0 sps  ETA 2.5h
              R²_rand=0.6735  R²_naive=0.5813  U_t=0.2453  U_b=0.3614  AUC=0.9989  Top1=0.8917
  timing: data=31.0ms  fwd=135.6ms  bwd=72.1ms  total=239.4ms
[   3400] loss=5.6043  ema_loss=5.5920  gap=0.3579  ema_gap=0.3355  mixup=53/200  4.0 sps  ETA 2.5h
              R²_rand=0.6617  R²_naive=0.5863  U_t=0.2494  U_b=0.4342  AUC=0.9990  Top1=0.9194
  timing: data=4.4ms  fwd=135.1ms  bwd=70.6ms  total=210.9ms
  -> Saved /home/jupyter/wt-cf-390-train/experiments/2026-08-01_lalign_teacher/runs/bb_small_arm6_v2_ncpc_lalign_lrepmoco_enc3l3_b64_200k_sigreg_ema_qk_aon_cpc_tau090_alignstudent_best_loss.pth
[   3600] loss=5.6781  ema_loss=5.6142  gap=0.2995  ema_gap=0.3326  mixup=44/200  4.1 sps  ETA 2.5h
              R²_rand=0.6170  R²_naive=0.5243  U_t=0.2844  U_b=0.3709  AUC=0.9985  Top1=0.8830
  timing: data=4.3ms  fwd=135.5ms  bwd=70.7ms  total=211.2ms
[   3800] loss=5.4339  ema_loss=5.5985  gap=0.3560  ema_gap=0.3380  mixup=55/200  4.0 sps  ETA 2.5h
              R²_rand=0.6493  R²_naive=0.5662  U_t=0.2663  U_b=0.4555  AUC=0.9989  Top1=0.9069
  timing: data=24.6ms  fwd=130.2ms  bwd=69.6ms  total=225.1ms
[   4000] loss=5.3103  ema_loss=5.5352  gap=0.3380  ema_gap=0.3428  mixup=65/200  4.0 sps  ETA 2.5h
              R²_rand=0.6468  R²_naive=0.5636  U_t=0.2896  U_b=0.4420  AUC=0.9996  Top1=0.9463
  timing: data=4.3ms  fwd=132.0ms  bwd=70.0ms  total=207.0ms
  -> Saved /home/jupyter/wt-cf-390-train/experiments/2026-08-01_lalign_teacher/runs/bb_small_arm6_v2_ncpc_lalign_lrepmoco_enc3l3_b64_200k_sigreg_ema_qk_aon_cpc_tau090_alignstudent_best_loss.pth
[   4200] loss=5.4321  ema_loss=5.5833  gap=0.3818  ema_gap=0.3394  mixup=57/200  4.1 sps  ETA 2.5h
              R²_rand=0.6548  R²_naive=0.5874  U_t=0.2975  U_b=0.4404  AUC=0.9996  Top1=0.9455
  timing: data=4.3ms  fwd=131.5ms  bwd=70.7ms  total=207.2ms
[   4400] loss=5.3959  ema_loss=5.5037  gap=0.3251  ema_gap=0.3390  mixup=62/200  4.0 sps  ETA 2.4h
              R²_rand=0.6423  R²_naive=0.5520  U_t=0.2865  U_b=0.4324  AUC=0.9993  Top1=0.9346
  timing: data=25.7ms  fwd=132.3ms  bwd=72.1ms  total=230.9ms
  -> Saved /home/jupyter/wt-cf-390-train/experiments/2026-08-01_lalign_teacher/runs/bb_small_arm6_v2_ncpc_lalign_lrepmoco_enc3l3_b64_200k_sigreg_ema_qk_aon_cpc_tau090_alignstudent_best_loss.pth
[   4600] loss=5.4166  ema_loss=5.5495  gap=0.3129  ema_gap=0.3350  mixup=66/200  4.0 sps  ETA 2.4h
              R²_rand=0.6249  R²_naive=0.5412  U_t=0.2889  U_b=0.4215  AUC=0.9993  Top1=0.9180
  timing: data=4.4ms  fwd=135.0ms  bwd=73.8ms  total=214.0ms
[   4800] loss=5.4757  ema_loss=5.5168  gap=0.2989  ema_gap=0.3344  mixup=63/200  4.0 sps  ETA 2.4h
              R²_rand=0.6119  R²_naive=0.5174  U_t=0.2706  U_b=0.4546  AUC=0.9987  Top1=0.8906
  timing: data=4.0ms  fwd=132.2ms  bwd=70.2ms  total=207.1ms
[   5000] loss=5.5971  ema_loss=5.5020  gap=0.3338  ema_gap=0.3366  mixup=60/200  4.0 sps  ETA 2.4h
              R²_rand=0.6434  R²_naive=0.5545  U_t=0.2768  U_b=0.4007  AUC=0.9993  Top1=0.9172
  timing: data=22.4ms  fwd=134.0ms  bwd=72.5ms  total=229.7ms
  -> Saved /home/jupyter/wt-cf-390-train/experiments/2026-08-01_lalign_teacher/runs/bb_small_arm6_v2_ncpc_lalign_lrepmoco_enc3l3_b64_200k_sigreg_ema_qk_aon_cpc_tau090_alignstudent_best_loss.pth
[   5200] loss=5.5915  ema_loss=5.4687  gap=0.3214  ema_gap=0.3337  mixup=69/200  4.0 sps  ETA 2.4h
              R²_rand=0.6308  R²_naive=0.5374  U_t=0.3018  U_b=0.4754  AUC=0.9990  Top1=0.9148
  timing: data=4.4ms  fwd=133.2ms  bwd=73.0ms  total=211.4ms
  -> Saved /home/jupyter/wt-cf-390-train/experiments/2026-08-01_lalign_teacher/runs/bb_small_arm6_v2_ncpc_lalign_lrepmoco_enc3l3_b64_200k_sigreg_ema_qk_aon_cpc_tau090_alignstudent_best_loss.pth
[   5400] loss=5.3648  ema_loss=5.4881  gap=0.3726  ema_gap=0.3344  mixup=55/200  4.0 sps  ETA 2.4h
              R²_rand=0.6135  R²_naive=0.5548  U_t=0.3377  U_b=0.4640  AUC=0.9994  Top1=0.9273
  timing: data=4.4ms  fwd=133.7ms  bwd=72.1ms  total=210.9ms
[   5600] loss=5.5975  ema_loss=5.4265  gap=0.3090  ema_gap=0.3328  mixup=50/200  4.1 sps  ETA 2.4h
              R²_rand=0.6267  R²_naive=0.5298  U_t=0.2841  U_b=0.4700  AUC=0.9991  Top1=0.9004
  timing: data=4.1ms  fwd=128.6ms  bwd=70.0ms  total=203.4ms
  -> Saved /home/jupyter/wt-cf-390-train/experiments/2026-08-01_lalign_teacher/runs/bb_small_arm6_v2_ncpc_lalign_lrepmoco_enc3l3_b64_200k_sigreg_ema_qk_aon_cpc_tau090_alignstudent_best_loss.pth
[   5800] loss=5.3275  ema_loss=5.4004  gap=0.3408  ema_gap=0.3359  mixup=64/200  4.0 sps  ETA 2.4h
              R²_rand=0.6029  R²_naive=0.5357  U_t=0.3310  U_b=0.5019  AUC=0.9988  Top1=0.8988
  timing: data=30.7ms  fwd=133.1ms  bwd=70.9ms  total=235.4ms
  -> Saved /home/jupyter/wt-cf-390-train/experiments/2026-08-01_lalign_teacher/runs/bb_small_arm6_v2_ncpc_lalign_lrepmoco_enc3l3_b64_200k_sigreg_ema_qk_aon_cpc_tau090_alignstudent_best_loss.pth
[   6000] loss=5.2606  ema_loss=5.3790  gap=0.3651  ema_gap=0.3373  mixup=64/200  4.0 sps  ETA 2.3h
              R²_rand=0.5950  R²_naive=0.5378  U_t=0.3204  U_b=0.4735  AUC=0.9993  Top1=0.9075
  timing: data=4.2ms  fwd=134.0ms  bwd=71.0ms  total=209.9ms
  -> Saved /home/jupyter/wt-cf-390-train/experiments/2026-08-01_lalign_teacher/runs/bb_small_arm6_v2_ncpc_lalign_lrepmoco_enc3l3_b64_200k_sigreg_ema_qk_aon_cpc_tau090_alignstudent_best_loss.pth
[   6200] loss=5.3697  ema_loss=5.5252  gap=0.3344  ema_gap=0.3341  mixup=51/200  4.0 sps  ETA 2.3h
              R²_rand=0.5797  R²_naive=0.5257  U_t=0.3173  U_b=0.4878  AUC=0.9990  Top1=0.8947
  timing: data=4.1ms  fwd=132.6ms  bwd=70.2ms  total=207.6ms
[   6400] loss=6.1286  ema_loss=5.4481  gap=0.3514  ema_gap=0.3442  mixup=58/200  4.0 sps  ETA 2.3h
              R²_rand=0.6153  R²_naive=0.5429  U_t=0.2797  U_b=0.4719  AUC=0.9957  Top1=0.7900
  timing: data=28.5ms  fwd=133.7ms  bwd=71.9ms  total=234.8ms
[   6600] loss=5.4288  ema_loss=5.4433  gap=0.3472  ema_gap=0.3456  mixup=57/200  4.0 sps  ETA 2.3h
              R²_rand=0.6144  R²_naive=0.5435  U_t=0.3497  U_b=0.4225  AUC=0.9991  Top1=0.9018
  timing: data=4.3ms  fwd=133.6ms  bwd=71.2ms  total=209.9ms
[   6800] loss=5.3992  ema_loss=5.4049  gap=0.3279  ema_gap=0.3436  mixup=61/200  4.0 sps  ETA 2.3h
              R²_rand=0.5952  R²_naive=0.5214  U_t=0.3300  U_b=0.4865  AUC=0.9990  Top1=0.8847
  timing: data=4.3ms  fwd=133.0ms  bwd=71.4ms  total=209.5ms
[   7000] loss=5.3702  ema_loss=5.3451  gap=0.3530  ema_gap=0.3433  mixup=41/200  4.0 sps  ETA 2.3h
              R²_rand=0.5966  R²_naive=0.5340  U_t=0.3392  U_b=0.5172  AUC=0.9985  Top1=0.8901
  timing: data=26.4ms  fwd=129.7ms  bwd=68.6ms  total=225.4ms
  -> Saved /home/jupyter/wt-cf-390-train/experiments/2026-08-01_lalign_teacher/runs/bb_small_arm6_v2_ncpc_lalign_lrepmoco_enc3l3_b64_200k_sigreg_ema_qk_aon_cpc_tau090_alignstudent_best_loss.pth
[   7200] loss=5.1555  ema_loss=5.3197  gap=0.3558  ema_gap=0.3415  mixup=66/200  4.0 sps  ETA 2.3h
              R²_rand=0.5804  R²_naive=0.5244  U_t=0.3561  U_b=0.5303  AUC=0.9993  Top1=0.9099
  timing: data=4.3ms  fwd=132.7ms  bwd=70.1ms  total=207.8ms
  -> Saved /home/jupyter/wt-cf-390-train/experiments/2026-08-01_lalign_teacher/runs/bb_small_arm6_v2_ncpc_lalign_lrepmoco_enc3l3_b64_200k_sigreg_ema_qk_aon_cpc_tau090_alignstudent_best_loss.pth
[   7400] loss=5.1615  ema_loss=5.3075  gap=0.3228  ema_gap=0.3348  mixup=65/200  4.0 sps  ETA 2.2h
              R²_rand=0.5942  R²_naive=0.5200  U_t=0.3575  U_b=0.5180  AUC=0.9994  Top1=0.9134
  timing: data=4.1ms  fwd=129.7ms  bwd=69.6ms  total=204.0ms
  -> Saved /home/jupyter/wt-cf-390-train/experiments/2026-08-01_lalign_teacher/runs/bb_small_arm6_v2_ncpc_lalign_lrepmoco_enc3l3_b64_200k_sigreg_ema_qk_aon_cpc_tau090_alignstudent_best_loss.pth
[   7600] loss=5.1276  ema_loss=5.2918  gap=0.3448  ema_gap=0.3366  mixup=63/200  4.0 sps  ETA 2.2h
              R²_rand=0.5830  R²_naive=0.5291  U_t=0.3708  U_b=0.5352  AUC=0.9995  Top1=0.9311
  timing: data=37.3ms  fwd=133.8ms  bwd=71.5ms  total=243.3ms
  -> Saved /home/jupyter/wt-cf-390-train/experiments/2026-08-01_lalign_teacher/runs/bb_small_arm6_v2_ncpc_lalign_lrepmoco_enc3l3_b64_200k_sigreg_ema_qk_aon_cpc_tau090_alignstudent_best_loss.pth
[   7800] loss=5.3270  ema_loss=5.2905  gap=0.2925  ema_gap=0.3317  mixup=78/200  4.0 sps  ETA 2.2h
              R²_rand=0.5764  R²_naive=0.4909  U_t=0.3727  U_b=0.4857  AUC=0.9992  Top1=0.9015
  timing: data=4.0ms  fwd=126.7ms  bwd=67.7ms  total=199.0ms
  -> Saved /home/jupyter/wt-cf-390-train/experiments/2026-08-01_lalign_teacher/runs/bb_small_arm6_v2_ncpc_lalign_lrepmoco_enc3l3_b64_200k_sigreg_ema_qk_aon_cpc_tau090_alignstudent_best_loss.pth
[   8000] loss=5.2741  ema_loss=5.3934  gap=0.3697  ema_gap=0.3234  mixup=74/200  4.0 sps  ETA 2.2h
              R²_rand=0.5788  R²_naive=0.5356  U_t=0.3383  U_b=0.5189  AUC=0.9993  Top1=0.9175
  timing: data=4.3ms  fwd=130.7ms  bwd=69.6ms  total=205.4ms
[   8200] loss=5.0706  ema_loss=5.2889  gap=0.3216  ema_gap=0.3258  mixup=55/200  4.0 sps  ETA 2.2h
              R²_rand=0.5697  R²_naive=0.5033  U_t=0.3822  U_b=0.5426  AUC=0.9993  Top1=0.9153
  timing: data=28.5ms  fwd=132.8ms  bwd=72.4ms  total=234.4ms
  -> Saved /home/jupyter/wt-cf-390-train/experiments/2026-08-01_lalign_teacher/runs/bb_small_arm6_v2_ncpc_lalign_lrepmoco_enc3l3_b64_200k_sigreg_ema_qk_aon_cpc_tau090_alignstudent_best_loss.pth
[   8400] loss=5.1435  ema_loss=5.3038  gap=0.3466  ema_gap=0.3238  mixup=62/200  4.0 sps  ETA 2.2h
              R²_rand=0.5832  R²_naive=0.5191  U_t=0.3581  U_b=0.5359  AUC=0.9994  Top1=0.9232
  timing: data=4.5ms  fwd=133.6ms  bwd=73.6ms  total=212.4ms
[   8600] loss=5.1089  ema_loss=5.2581  gap=0.3190  ema_gap=0.3192  mixup=55/200  4.0 sps  ETA 2.2h
              R²_rand=0.5740  R²_naive=0.5118  U_t=0.3737  U_b=0.5484  AUC=0.9993  Top1=0.9045
  timing: data=4.2ms  fwd=133.8ms  bwd=69.9ms  total=208.5ms
  -> Saved /home/jupyter/wt-cf-390-train/experiments/2026-08-01_lalign_teacher/runs/bb_small_arm6_v2_ncpc_lalign_lrepmoco_enc3l3_b64_200k_sigreg_ema_qk_aon_cpc_tau090_alignstudent_best_loss.pth
'(ReadTimeoutError("HTTPSConnectionPool(host='huggingface.co', port=443): Read timed out. (read timeout=10)"), '(Request ID: c98ceb4b-5b0b-4998-81f1-1fe484c7fa8a)')' thrown while requesting GET https://huggingface.co/datasets/jeremycochoy/gift-pretrain-full-4096/resolve/main/small_v1/shard_00014.parquet
Retrying in 1s [Retry 1/5].
[   8800] loss=5.1346  ema_loss=5.2621  gap=0.3134  ema_gap=0.3145  mixup=65/200  4.0 sps  ETA 2.2h
              R²_rand=0.5589  R²_naive=0.4950  U_t=0.3941  U_b=0.5481  AUC=0.9992  Top1=0.8928
  timing: data=152.9ms  fwd=126.6ms  bwd=68.3ms  total=348.5ms
[   9000] loss=5.3223  ema_loss=5.4426  gap=0.2936  ema_gap=0.2965  mixup=57/200  4.0 sps  ETA 2.2h
              R²_rand=0.5595  R²_naive=0.4927  U_t=0.3506  U_b=0.5231  AUC=0.9989  Top1=0.8844
  timing: data=4.4ms  fwd=134.8ms  bwd=71.0ms  total=210.9ms
[   9200] loss=5.2469  ema_loss=5.4354  gap=0.3210  ema_gap=0.3061  mixup=68/200  4.0 sps  ETA 2.1h
              R²_rand=0.5921  R²_naive=0.5216  U_t=0.3455  U_b=0.5093  AUC=0.9992  Top1=0.9004
  timing: data=4.0ms  fwd=129.6ms  bwd=69.3ms  total=203.6ms
[   9400] loss=5.4904  ema_loss=5.2909  gap=0.2970  ema_gap=0.3084  mixup=51/200  4.0 sps  ETA 2.1h
              R²_rand=0.5671  R²_naive=0.4882  U_t=0.3676  U_b=0.5563  AUC=0.9983  Top1=0.8578
  timing: data=50.4ms  fwd=131.1ms  bwd=70.5ms  total=252.8ms
[   9600] loss=5.9461  ema_loss=5.2906  gap=0.2472  ema_gap=0.3086  mixup=50/200  4.0 sps  ETA 2.1h
              R²_rand=0.5511  R²_naive=0.4609  U_t=0.3508  U_b=0.5217  AUC=0.9950  Top1=0.7612
  timing: data=4.2ms  fwd=133.1ms  bwd=72.8ms  total=210.9ms
[   9800] loss=5.4409  ema_loss=5.2752  gap=0.2696  ema_gap=0.3090  mixup=72/200  4.0 sps  ETA 2.1h
              R²_rand=0.5691  R²_naive=0.4808  U_t=0.3665  U_b=0.5537  AUC=0.9979  Top1=0.8136
  timing: data=4.2ms  fwd=130.3ms  bwd=69.3ms  total=204.4ms
[  10000] loss=5.1991  ema_loss=5.2476  gap=0.3056  ema_gap=0.3150  mixup=61/200  4.0 sps  ETA 2.1h
              R²_rand=0.5461  R²_naive=0.4808  U_t=0.3874  U_b=0.4926  AUC=0.9989  Top1=0.8733
  timing: data=42.1ms  fwd=128.3ms  bwd=69.1ms  total=240.2ms
  -> Saved /home/jupyter/wt-cf-390-train/experiments/2026-08-01_lalign_teacher/runs/bb_small_arm6_v2_ncpc_lalign_lrepmoco_enc3l3_b64_200k_sigreg_ema_qk_aon_cpc_tau090_alignstudent_best_loss.pth
  -> Saved /home/jupyter/wt-cf-390-train/experiments/2026-08-01_lalign_teacher/runs/bb_small_arm6_v2_ncpc_lalign_lrepmoco_enc3l3_b64_200k_sigreg_ema_qk_aon_cpc_tau090_alignstudent_10k.pth
[  10200] loss=5.0982  ema_loss=5.2478  gap=0.3176  ema_gap=0.3149  mixup=51/200  4.0 sps  ETA 2.1h
              R²_rand=0.5377  R²_naive=0.4858  U_t=0.3992  U_b=0.5597  AUC=0.9990  Top1=0.8776
  timing: data=3.8ms  fwd=128.0ms  bwd=70.9ms  total=203.4ms
[  10400] loss=5.3529  ema_loss=5.2169  gap=0.3227  ema_gap=0.3168  mixup=57/200  4.0 sps  ETA 2.1h
              R²_rand=0.5533  R²_naive=0.4967  U_t=0.3840  U_b=0.5724  AUC=0.9979  Top1=0.8065
  timing: data=4.1ms  fwd=127.6ms  bwd=73.1ms  total=205.5ms
  -> Saved /home/jupyter/wt-cf-390-train/experiments/2026-08-01_lalign_teacher/runs/bb_small_arm6_v2_ncpc_lalign_lrepmoco_enc3l3_b64_200k_sigreg_ema_qk_aon_cpc_tau090_alignstudent_best_loss.pth
[  10600] loss=5.2419  ema_loss=5.3238  gap=0.3322  ema_gap=0.3110  mixup=56/200  4.0 sps  ETA 2.0h
              R²_rand=0.5767  R²_naive=0.5062  U_t=0.3825  U_b=0.5691  AUC=0.9987  Top1=0.8649
  timing: data=4.2ms  fwd=133.5ms  bwd=75.0ms  total=213.4ms
[  10800] loss=5.1405  ema_loss=5.2335  gap=0.3127  ema_gap=0.3151  mixup=60/200  4.0 sps  ETA 2.0h
              R²_rand=0.5465  R²_naive=0.4871  U_t=0.4051  U_b=0.5675  AUC=0.9992  Top1=0.8942
  timing: data=27.1ms  fwd=133.3ms  bwd=76.2ms  total=237.3ms
[  11000] loss=5.8049  ema_loss=5.2732  gap=0.3260  ema_gap=0.3138  mixup=54/200  4.0 sps  ETA 2.0h
              R²_rand=0.5726  R²_naive=0.4955  U_t=0.3481  U_b=0.5743  AUC=0.9974  Top1=0.8252
  timing: data=4.2ms  fwd=133.9ms  bwd=73.5ms  total=212.2ms
[  11200] loss=5.4502  ema_loss=5.2754  gap=0.2953  ema_gap=0.3156  mixup=61/200  4.0 sps  ETA 2.0h
              R²_rand=0.5415  R²_naive=0.4801  U_t=0.3763  U_b=0.5567  AUC=0.9976  Top1=0.8502
  timing: data=4.2ms  fwd=130.0ms  bwd=71.6ms  total=206.6ms
[  11400] loss=5.6226  ema_loss=5.2129  gap=0.3091  ema_gap=0.3179  mixup=61/200  4.0 sps  ETA 2.0h
              R²_rand=0.5638  R²_naive=0.4882  U_t=0.3834  U_b=0.5647  AUC=0.9977  Top1=0.8198
  timing: data=29.8ms  fwd=127.4ms  bwd=73.4ms  total=231.3ms
  -> Saved /home/jupyter/wt-cf-390-train/experiments/2026-08-01_lalign_teacher/runs/bb_small_arm6_v2_ncpc_lalign_lrepmoco_enc3l3_b64_200k_sigreg_ema_qk_aon_cpc_tau090_alignstudent_best_loss.pth
[  11600] loss=5.0785  ema_loss=5.1957  gap=0.3169  ema_gap=0.3218  mixup=64/200  4.0 sps  ETA 2.0h
              R²_rand=0.5419  R²_naive=0.4884  U_t=0.4258  U_b=0.5623  AUC=0.9990  Top1=0.8787
  timing: data=4.3ms  fwd=136.6ms  bwd=77.4ms  total=219.1ms
  -> Saved /home/jupyter/wt-cf-390-train/experiments/2026-08-01_lalign_teacher/runs/bb_small_arm6_v2_ncpc_lalign_lrepmoco_enc3l3_b64_200k_sigreg_ema_qk_aon_cpc_tau090_alignstudent_best_loss.pth
[  11800] loss=5.2525  ema_loss=5.1944  gap=0.2862  ema_gap=0.3223  mixup=59/200  4.0 sps  ETA 2.0h
              R²_rand=0.5313  R²_naive=0.4657  U_t=0.4041  U_b=0.4976  AUC=0.9986  Top1=0.8597
  timing: data=3.8ms  fwd=127.6ms  bwd=74.1ms  total=206.2ms
  -> Saved /home/jupyter/wt-cf-390-train/experiments/2026-08-01_lalign_teacher/runs/bb_small_arm6_v2_ncpc_lalign_lrepmoco_enc3l3_b64_200k_sigreg_ema_qk_aon_cpc_tau090_alignstudent_best_loss.pth
[  12000] loss=5.0333  ema_loss=5.1822  gap=0.2963  ema_gap=0.3214  mixup=64/200  4.0 sps  ETA 1.9h
              R²_rand=0.5359  R²_naive=0.4718  U_t=0.4231  U_b=0.5788  AUC=0.9990  Top1=0.8809
  timing: data=54.9ms  fwd=123.3ms  bwd=72.2ms  total=251.0ms
  -> Saved /home/jupyter/wt-cf-390-train/experiments/2026-08-01_lalign_teacher/runs/bb_small_arm6_v2_ncpc_lalign_lrepmoco_enc3l3_b64_200k_sigreg_ema_qk_aon_cpc_tau090_alignstudent_best_loss.pth
[  12200] loss=5.4642  ema_loss=5.1873  gap=0.3480  ema_gap=0.3193  mixup=69/200  4.0 sps  ETA 1.9h
              R²_rand=0.5478  R²_naive=0.5006  U_t=0.4124  U_b=0.5433  AUC=0.9987  Top1=0.8440
  timing: data=4.0ms  fwd=124.3ms  bwd=70.8ms  total=199.8ms
[  12400] loss=5.0865  ema_loss=5.1754  gap=0.3308  ema_gap=0.3236  mixup=62/200  4.0 sps  ETA 1.9h
              R²_rand=0.5345  R²_naive=0.4937  U_t=0.4178  U_b=0.5854  AUC=0.9990  Top1=0.8893
  timing: data=3.7ms  fwd=130.7ms  bwd=71.9ms  total=207.0ms
  -> Saved /home/jupyter/wt-cf-390-train/experiments/2026-08-01_lalign_teacher/runs/bb_small_arm6_v2_ncpc_lalign_lrepmoco_enc3l3_b64_200k_sigreg_ema_qk_aon_cpc_tau090_alignstudent_best_loss.pth
[  12600] loss=5.0041  ema_loss=5.1796  gap=0.3001  ema_gap=0.3246  mixup=50/200  4.0 sps  ETA 1.9h
              R²_rand=0.5310  R²_naive=0.4629  U_t=0.4210  U_b=0.5971  AUC=0.9988  Top1=0.8787
  timing: data=23.7ms  fwd=132.1ms  bwd=74.7ms  total=231.2ms
[  12800] loss=5.5298  ema_loss=5.2593  gap=0.3337  ema_gap=0.3171  mixup=61/200  4.0 sps  ETA 1.9h
              R²_rand=0.5609  R²_naive=0.4877  U_t=0.4013  U_b=0.5738  AUC=0.9988  Top1=0.8746
  timing: data=4.2ms  fwd=132.7ms  bwd=73.3ms  total=210.9ms
[  13000] loss=5.0462  ema_loss=5.2008  gap=0.3026  ema_gap=0.3216  mixup=67/200  4.0 sps  ETA 1.9h
              R²_rand=0.5305  R²_naive=0.4681  U_t=0.4641  U_b=0.5761  AUC=0.9989  Top1=0.8649
  timing: data=4.3ms  fwd=130.2ms  bwd=74.7ms  total=209.9ms
[  13200] loss=4.9924  ema_loss=5.1704  gap=0.3156  ema_gap=0.3208  mixup=51/200  4.0 sps  ETA 1.9h
              R²_rand=0.5208  R²_naive=0.4730  U_t=0.4503  U_b=0.6040  AUC=0.9989  Top1=0.8825
  timing: data=28.4ms  fwd=131.2ms  bwd=73.3ms  total=233.6ms
  -> Saved /home/jupyter/wt-cf-390-train/experiments/2026-08-01_lalign_teacher/runs/bb_small_arm6_v2_ncpc_lalign_lrepmoco_enc3l3_b64_200k_sigreg_ema_qk_aon_cpc_tau090_alignstudent_best_loss.pth
[  13400] loss=5.1533  ema_loss=5.1570  gap=0.4204  ema_gap=0.3209  mixup=59/200  4.0 sps  ETA 1.8h
              R²_rand=0.5642  R²_naive=0.5325  U_t=0.3517  U_b=0.5715  AUC=0.9992  Top1=0.9026
  timing: data=4.3ms  fwd=129.0ms  bwd=71.5ms  total=205.5ms
  -> Saved /home/jupyter/wt-cf-390-train/experiments/2026-08-01_lalign_teacher/runs/bb_small_arm6_v2_ncpc_lalign_lrepmoco_enc3l3_b64_200k_sigreg_ema_qk_aon_cpc_tau090_alignstudent_best_loss.pth
[  13600] loss=4.9353  ema_loss=5.1639  gap=0.3371  ema_gap=0.3239  mixup=67/200  4.0 sps  ETA 1.8h
              R²_rand=0.5297  R²_naive=0.4797  U_t=0.4516  U_b=0.6158  AUC=0.9991  Top1=0.8885
  timing: data=4.0ms  fwd=126.3ms  bwd=70.8ms  total=201.8ms
[  13800] loss=5.4253  ema_loss=5.1607  gap=0.3023  ema_gap=0.3187  mixup=57/200  4.0 sps  ETA 1.8h
              R²_rand=0.5260  R²_naive=0.4780  U_t=0.4641  U_b=0.4599  AUC=0.9989  Top1=0.8714
  timing: data=33.0ms  fwd=130.9ms  bwd=74.1ms  total=238.7ms
[  14000] loss=4.9865  ema_loss=5.1395  gap=0.3109  ema_gap=0.3169  mixup=51/200  4.0 sps  ETA 1.8h
              R²_rand=0.5280  R²_naive=0.4735  U_t=0.4505  U_b=0.6113  AUC=0.9990  Top1=0.8828
  timing: data=4.3ms  fwd=132.4ms  bwd=74.7ms  total=212.2ms
  -> Saved /home/jupyter/wt-cf-390-train/experiments/2026-08-01_lalign_teacher/runs/bb_small_arm6_v2_ncpc_lalign_lrepmoco_enc3l3_b64_200k_sigreg_ema_qk_aon_cpc_tau090_alignstudent_best_loss.pth
[  14200] loss=5.1766  ema_loss=5.1639  gap=0.3604  ema_gap=0.3189  mixup=58/200  4.0 sps  ETA 1.8h
              R²_rand=0.5381  R²_naive=0.4952  U_t=0.4577  U_b=0.5474  AUC=0.9990  Top1=0.8771
  timing: data=3.9ms  fwd=125.9ms  bwd=71.5ms  total=201.9ms
[  14400] loss=5.0399  ema_loss=5.1332  gap=0.3087  ema_gap=0.3161  mixup=55/200  4.0 sps  ETA 1.8h
              R²_rand=0.5117  R²_naive=0.4658  U_t=0.4401  U_b=0.6124  AUC=0.9990  Top1=0.8811
  timing: data=41.3ms  fwd=129.8ms  bwd=73.3ms  total=245.2ms
  -> Saved /home/jupyter/wt-cf-390-train/experiments/2026-08-01_lalign_teacher/runs/bb_small_arm6_v2_ncpc_lalign_lrepmoco_enc3l3_b64_200k_sigreg_ema_qk_aon_cpc_tau090_alignstudent_best_loss.pth
[  14600] loss=5.0504  ema_loss=5.1483  gap=0.3412  ema_gap=0.3206  mixup=69/200  4.0 sps  ETA 1.8h
              R²_rand=0.5131  R²_naive=0.4710  U_t=0.4366  U_b=0.6189  AUC=0.9986  Top1=0.8643
  timing: data=4.9ms  fwd=131.2ms  bwd=72.8ms  total=209.6ms
[  14800] loss=4.9050  ema_loss=5.1536  gap=0.3153  ema_gap=0.3216  mixup=63/200  4.0 sps  ETA 1.7h
              R²_rand=0.5147  R²_naive=0.4667  U_t=0.4863  U_b=0.6303  AUC=0.9989  Top1=0.8583
  timing: data=4.2ms  fwd=133.5ms  bwd=75.3ms  total=213.7ms
'HTTPSConnectionPool(host='us.aws.cdn.hf.co', port=443): Read timed out.' thrown while requesting GET https://huggingface.co/datasets/jeremycochoy/gift-pretrain-full-4096/resolve/main/small_v1/shard_00024.parquet
Retrying in 1s [Retry 1/5].
[  15000] loss=5.2464  ema_loss=5.1000  gap=0.3475  ema_gap=0.3260  mixup=59/200  4.0 sps  ETA 1.8h
              R²_rand=0.5070  R²_naive=0.4751  U_t=0.4340  U_b=0.5450  AUC=0.9990  Top1=0.8706
  timing: data=243.7ms  fwd=130.0ms  bwd=73.5ms  total=447.9ms
  -> Saved /home/jupyter/wt-cf-390-train/experiments/2026-08-01_lalign_teacher/runs/bb_small_arm6_v2_ncpc_lalign_lrepmoco_enc3l3_b64_200k_sigreg_ema_qk_aon_cpc_tau090_alignstudent_best_loss.pth
[  15200] loss=5.3512  ema_loss=5.1130  gap=0.3152  ema_gap=0.3267  mixup=65/200  4.0 sps  ETA 1.7h
              R²_rand=0.5133  R²_naive=0.4654  U_t=0.4953  U_b=0.6200  AUC=0.9978  Top1=0.7970
  timing: data=5.1ms  fwd=131.0ms  bwd=73.5ms  total=210.3ms
[  15400] loss=5.1227  ema_loss=5.1919  gap=0.3265  ema_gap=0.3198  mixup=62/200  4.0 sps  ETA 1.7h
              R²_rand=0.5037  R²_naive=0.4630  U_t=0.4669  U_b=0.5603  AUC=0.9989  Top1=0.8711
  timing: data=4.1ms  fwd=129.4ms  bwd=74.1ms  total=208.3ms
[  15600] loss=4.9353  ema_loss=5.1587  gap=0.3068  ema_gap=0.3217  mixup=65/200  4.0 sps  ETA 1.7h
              R²_rand=0.5004  R²_naive=0.4488  U_t=0.4887  U_b=0.6445  AUC=0.9987  Top1=0.8402
  timing: data=4.2ms  fwd=129.8ms  bwd=71.6ms  total=206.3ms
[  15800] loss=5.0046  ema_loss=5.1508  gap=0.3185  ema_gap=0.3143  mixup=45/200  4.0 sps  ETA 1.7h
              R²_rand=0.4907  R²_naive=0.4555  U_t=0.4780  U_b=0.6390  AUC=0.9989  Top1=0.8486
  timing: data=33.2ms  fwd=131.0ms  bwd=75.9ms  total=240.8ms
[  16000] loss=5.0803  ema_loss=5.1516  gap=0.2841  ema_gap=0.3093  mixup=54/200  4.0 sps  ETA 1.7h
              R²_rand=0.4972  R²_naive=0.4493  U_t=0.4805  U_b=0.5818  AUC=0.9986  Top1=0.8410
  timing: data=5.2ms  fwd=129.6ms  bwd=74.7ms  total=210.1ms
[  16200] loss=5.2027  ema_loss=5.1070  gap=0.3022  ema_gap=0.3067  mixup=70/200  4.0 sps  ETA 1.7h
              R²_rand=0.5102  R²_naive=0.4446  U_t=0.4838  U_b=0.5783  AUC=0.9986  Top1=0.8290
  timing: data=4.2ms  fwd=130.5ms  bwd=75.8ms  total=211.3ms
[  16400] loss=4.9859  ema_loss=5.1180  gap=0.2941  ema_gap=0.2971  mixup=55/200  4.0 sps  ETA 1.7h
              R²_rand=0.4664  R²_naive=0.4376  U_t=0.4960  U_b=0.6315  AUC=0.9981  Top1=0.8087
  timing: data=81.4ms  fwd=127.5ms  bwd=71.8ms  total=281.4ms
[  16600] loss=5.0262  ema_loss=5.1347  gap=0.3131  ema_gap=0.2947  mixup=53/200  4.0 sps  ETA 1.6h
              R²_rand=0.4946  R²_naive=0.4493  U_t=0.4664  U_b=0.6414  AUC=0.9986  Top1=0.8342
  timing: data=5.7ms  fwd=128.4ms  bwd=72.0ms  total=206.8ms
[  16800] loss=5.1063  ema_loss=5.1729  gap=0.2772  ema_gap=0.2905  mixup=58/200  4.0 sps  ETA 1.6h
              R²_rand=0.4921  R²_naive=0.4228  U_t=0.4510  U_b=0.6179  AUC=0.9979  Top1=0.8076
  timing: data=4.0ms  fwd=128.2ms  bwd=71.4ms  total=204.3ms
[  17000] loss=5.1245  ema_loss=5.1124  gap=0.3321  ema_gap=0.2870  mixup=61/200  4.0 sps  ETA 1.6h
              R²_rand=0.4822  R²_naive=0.4597  U_t=0.4863  U_b=0.5734  AUC=0.9983  Top1=0.8231
  timing: data=31.3ms  fwd=134.2ms  bwd=76.4ms  total=242.7ms
[  17200] loss=4.9835  ema_loss=5.2204  gap=0.3056  ema_gap=0.2784  mixup=70/200  4.0 sps  ETA 1.6h
              R²_rand=0.4803  R²_naive=0.4494  U_t=0.4646  U_b=0.6375  AUC=0.9988  Top1=0.8654
  timing: data=5.2ms  fwd=129.7ms  bwd=73.2ms  total=208.7ms
[  17400] loss=5.0286  ema_loss=5.2916  gap=0.2672  ema_gap=0.2879  mixup=61/200  4.0 sps  ETA 1.6h
              R²_rand=0.4764  R²_naive=0.4176  U_t=0.4753  U_b=0.6396  AUC=0.9977  Top1=0.7973
  timing: data=3.9ms  fwd=130.7ms  bwd=74.0ms  total=209.3ms
[  17600] loss=5.2692  ema_loss=5.3579  gap=0.2945  ema_gap=0.2717  mixup=56/200  4.0 sps  ETA 1.6h
              R²_rand=0.4991  R²_naive=0.4460  U_t=0.4310  U_b=0.5434  AUC=0.9982  Top1=0.8090
  timing: data=38.0ms  fwd=131.3ms  bwd=73.4ms  total=243.4ms
[  17800] loss=5.0935  ema_loss=5.3093  gap=0.2790  ema_gap=0.2719  mixup=64/200  4.0 sps  ETA 1.6h
              R²_rand=0.4852  R²_naive=0.4354  U_t=0.4723  U_b=0.6332  AUC=0.9983  Top1=0.8147
  timing: data=4.2ms  fwd=129.7ms  bwd=73.5ms  total=208.2ms
[  18000] loss=5.1952  ema_loss=5.2187  gap=0.2646  ema_gap=0.2707  mixup=58/200  4.0 sps  ETA 1.5h
              R²_rand=0.4429  R²_naive=0.4081  U_t=0.4997  U_b=0.6068  AUC=0.9970  Top1=0.7601
  timing: data=4.2ms  fwd=129.0ms  bwd=75.2ms  total=209.1ms
[  18200] loss=5.0412  ema_loss=5.2012  gap=0.2521  ema_gap=0.2776  mixup=60/200  4.0 sps  ETA 1.5h
              R²_rand=0.4876  R²_naive=0.4197  U_t=0.4819  U_b=0.6419  AUC=0.9979  Top1=0.7737
  timing: data=45.7ms  fwd=123.4ms  bwd=71.5ms  total=241.4ms
[  18400] loss=4.9702  ema_loss=5.2598  gap=0.2969  ema_gap=0.2792  mixup=67/200  4.0 sps  ETA 1.5h
              R²_rand=0.5038  R²_naive=0.4442  U_t=0.4671  U_b=0.6560  AUC=0.9983  Top1=0.8149
  timing: data=5.2ms  fwd=131.1ms  bwd=75.0ms  total=212.0ms
[  18600] loss=5.0639  ema_loss=5.2383  gap=0.3125  ema_gap=0.2864  mixup=51/200  4.0 sps  ETA 1.5h
              R²_rand=0.4714  R²_naive=0.4431  U_t=0.4653  U_b=0.6202  AUC=0.9981  Top1=0.8239
  timing: data=4.1ms  fwd=127.8ms  bwd=72.0ms  total=204.6ms
[  18800] loss=5.3512  ema_loss=5.1831  gap=0.3251  ema_gap=0.2875  mixup=59/200  4.0 sps  ETA 1.5h
              R²_rand=0.4974  R²_naive=0.4555  U_t=0.4645  U_b=0.5530  AUC=0.9983  Top1=0.8274
  timing: data=37.0ms  fwd=128.4ms  bwd=71.1ms  total=237.2ms
[  19000] loss=5.5720  ema_loss=5.2074  gap=0.2543  ema_gap=0.2852  mixup=50/200  4.0 sps  ETA 1.5h
              R²_rand=0.4667  R²_naive=0.4000  U_t=0.4741  U_b=0.5979  AUC=0.9969  Top1=0.7335
  timing: data=4.4ms  fwd=131.4ms  bwd=71.8ms  total=208.3ms
[  19200] loss=5.0198  ema_loss=5.2408  gap=0.2780  ema_gap=0.2885  mixup=59/200  4.0 sps  ETA 1.5h
              R²_rand=0.4565  R²_naive=0.4152  U_t=0.4961  U_b=0.6432  AUC=0.9979  Top1=0.7851
  timing: data=3.8ms  fwd=117.8ms  bwd=66.4ms  total=188.6ms
[  19400] loss=5.1239  ema_loss=5.1891  gap=0.3109  ema_gap=0.2911  mixup=66/200  4.0 sps  ETA 1.4h
              R²_rand=0.4684  R²_naive=0.4385  U_t=0.4986  U_b=0.6200  AUC=0.9975  Top1=0.7780
  timing: data=21.9ms  fwd=118.9ms  bwd=67.7ms  total=209.2ms
[  19600] loss=5.1932  ema_loss=5.2688  gap=0.2667  ema_gap=0.2789  mixup=58/200  4.0 sps  ETA 1.4h
              R²_rand=0.4642  R²_naive=0.4104  U_t=0.4774  U_b=0.6422  AUC=0.9973  Top1=0.7593
  timing: data=3.8ms  fwd=122.0ms  bwd=68.6ms  total=195.1ms
[  19800] loss=5.3171  ema_loss=5.1782  gap=0.3056  ema_gap=0.2858  mixup=65/200  4.0 sps  ETA 1.4h
              R²_rand=0.4616  R²_naive=0.4306  U_t=0.5224  U_b=0.5184  AUC=0.9980  Top1=0.8046
  timing: data=3.4ms  fwd=116.7ms  bwd=67.1ms  total=187.8ms
[  20000] loss=4.9692  ema_loss=5.1632  gap=0.2897  ema_gap=0.2919  mixup=57/200  4.0 sps  ETA 1.4h
              R²_rand=0.4734  R²_naive=0.4351  U_t=0.5145  U_b=0.6488  AUC=0.9982  Top1=0.8128
  timing: data=29.2ms  fwd=121.7ms  bwd=69.6ms  total=221.1ms
  -> Saved /home/jupyter/wt-cf-390-train/experiments/2026-08-01_lalign_teacher/runs/bb_small_arm6_v2_ncpc_lalign_lrepmoco_enc3l3_b64_200k_sigreg_ema_qk_aon_cpc_tau090_alignstudent_20k.pth
[  20200] loss=5.3752  ema_loss=5.1515  gap=0.2793  ema_gap=0.2970  mixup=63/200  4.0 sps  ETA 1.4h
              R²_rand=0.4610  R²_naive=0.4103  U_t=0.4997  U_b=0.5093  AUC=0.9976  Top1=0.7786
  timing: data=3.7ms  fwd=123.1ms  bwd=68.2ms  total=195.7ms
[  20400] loss=5.1531  ema_loss=5.1249  gap=0.2875  ema_gap=0.2972  mixup=52/200  4.0 sps  ETA 1.4h
              R²_rand=0.4399  R²_naive=0.4180  U_t=0.5537  U_b=0.5961  AUC=0.9981  Top1=0.7900
  timing: data=3.4ms  fwd=121.3ms  bwd=68.7ms  total=194.1ms
[  20600] loss=5.3438  ema_loss=5.1546  gap=0.2481  ema_gap=0.2995  mixup=67/200  4.0 sps  ETA 1.3h
              R²_rand=0.4801  R²_naive=0.4043  U_t=0.4614  U_b=0.5383  AUC=0.9978  Top1=0.8019
  timing: data=3.8ms  fwd=125.0ms  bwd=69.3ms  total=198.8ms
[  20800] loss=4.9828  ema_loss=5.3004  gap=0.2982  ema_gap=0.2964  mixup=63/200  4.0 sps  ETA 1.3h
              R²_rand=0.4920  R²_naive=0.4419  U_t=0.5012  U_b=0.6376  AUC=0.9980  Top1=0.7788
  timing: data=22.5ms  fwd=120.2ms  bwd=66.4ms  total=209.7ms
[  21000] loss=4.9931  ema_loss=5.2188  gap=0.3224  ema_gap=0.3214  mixup=57/200  4.0 sps  ETA 1.3h
              R²_rand=0.4774  R²_naive=0.4386  U_t=0.4887  U_b=0.6591  AUC=0.9982  Top1=0.8201
  timing: data=3.5ms  fwd=122.5ms  bwd=67.0ms  total=193.6ms
[  21200] loss=5.4023  ema_loss=5.2749  gap=0.3376  ema_gap=0.3129  mixup=60/200  4.0 sps  ETA 1.3h
              R²_rand=0.4764  R²_naive=0.4442  U_t=0.4664  U_b=0.6307  AUC=0.9981  Top1=0.8204
  timing: data=3.5ms  fwd=120.4ms  bwd=68.6ms  total=193.2ms
[  21400] loss=5.2385  ema_loss=5.2316  gap=0.2854  ema_gap=0.3153  mixup=67/200  4.0 sps  ETA 1.3h
              R²_rand=0.4663  R²_naive=0.4057  U_t=0.4885  U_b=0.6537  AUC=0.9973  Top1=0.7634
  timing: data=35.9ms  fwd=124.9ms  bwd=72.3ms  total=233.9ms
[  21600] loss=5.2842  ema_loss=5.2107  gap=0.2933  ema_gap=0.3087  mixup=49/200  4.0 sps  ETA 1.3h
              R²_rand=0.4624  R²_naive=0.4250  U_t=0.5294  U_b=0.5368  AUC=0.9977  Top1=0.7883
  timing: data=3.7ms  fwd=122.8ms  bwd=68.2ms  total=195.3ms
[  21800] loss=5.1033  ema_loss=5.1773  gap=0.3354  ema_gap=0.3124  mixup=65/200  4.0 sps  ETA 1.3h
              R²_rand=0.4867  R²_naive=0.4483  U_t=0.4544  U_b=0.6547  AUC=0.9975  Top1=0.7316
  timing: data=3.5ms  fwd=113.5ms  bwd=63.9ms  total=181.6ms
[  22000] loss=5.0810  ema_loss=5.2671  gap=0.3367  ema_gap=0.3044  mixup=57/200  4.0 sps  ETA 1.2h
              R²_rand=0.4799  R²_naive=0.4469  U_t=0.4947  U_b=0.6442  AUC=0.9977  Top1=0.7555
  timing: data=34.0ms  fwd=124.4ms  bwd=74.7ms  total=233.8ms
[  22200] loss=6.2678  ema_loss=5.2532  gap=0.3022  ema_gap=0.2969  mixup=72/200  4.0 sps  ETA 1.2h
              R²_rand=0.4860  R²_naive=0.4251  U_t=0.4533  U_b=0.5854  AUC=0.9960  Top1=0.6852
  timing: data=3.6ms  fwd=126.4ms  bwd=73.2ms  total=203.8ms
[  22400] loss=5.3546  ema_loss=5.2995  gap=0.2701  ema_gap=0.2882  mixup=48/200  4.0 sps  ETA 1.2h
              R²_rand=0.4656  R²_naive=0.4072  U_t=0.4569  U_b=0.6029  AUC=0.9974  Top1=0.7685
  timing: data=4.1ms  fwd=124.3ms  bwd=75.0ms  total=204.2ms
[  22600] loss=5.2606  ema_loss=5.2511  gap=0.2775  ema_gap=0.2874  mixup=74/200  4.0 sps  ETA 1.2h
              R²_rand=0.4536  R²_naive=0.4133  U_t=0.5250  U_b=0.5341  AUC=0.9973  Top1=0.7517
  timing: data=33.9ms  fwd=124.3ms  bwd=72.4ms  total=231.4ms
[  22800] loss=5.5772  ema_loss=5.2170  gap=0.2622  ema_gap=0.2838  mixup=53/200  4.0 sps  ETA 1.2h
              R²_rand=0.4615  R²_naive=0.4060  U_t=0.4682  U_b=0.6545  AUC=0.9940  Top1=0.5677
  timing: data=3.7ms  fwd=126.8ms  bwd=72.9ms  total=204.0ms
[  23000] loss=5.0348  ema_loss=5.2121  gap=0.2712  ema_gap=0.2742  mixup=64/200  4.0 sps  ETA 1.2h
              R²_rand=0.4492  R²_naive=0.4068  U_t=0.5270  U_b=0.6431  AUC=0.9969  Top1=0.7099
  timing: data=3.8ms  fwd=126.2ms  bwd=72.8ms  total=203.5ms
[  23200] loss=5.5216  ema_loss=5.2088  gap=0.2903  ema_gap=0.2743  mixup=70/200  4.0 sps  ETA 1.2h
              R²_rand=0.4754  R²_naive=0.4239  U_t=0.4455  U_b=0.6514  AUC=0.9949  Top1=0.6128
  timing: data=39.0ms  fwd=119.9ms  bwd=68.4ms  total=228.0ms
[  23400] loss=5.0853  ema_loss=5.2412  gap=0.2559  ema_gap=0.2693  mixup=61/200  4.0 sps  ETA 1.1h
              R²_rand=0.4258  R²_naive=0.3925  U_t=0.5252  U_b=0.6469  AUC=0.9962  Top1=0.7178
  timing: data=3.7ms  fwd=123.4ms  bwd=68.1ms  total=195.9ms
[  23600] loss=5.3240  ema_loss=5.2914  gap=0.2460  ema_gap=0.2626  mixup=54/200  4.0 sps  ETA 1.1h
              R²_rand=0.4266  R²_naive=0.3909  U_t=0.4598  U_b=0.5286  AUC=0.9961  Top1=0.7186
  timing: data=3.7ms  fwd=123.9ms  bwd=71.7ms  total=200.1ms
[  23800] loss=5.2708  ema_loss=5.3116  gap=0.2393  ema_gap=0.2566  mixup=51/200  4.0 sps  ETA 1.1h
              R²_rand=0.4407  R²_naive=0.3928  U_t=0.5023  U_b=0.5800  AUC=0.9964  Top1=0.6961
  timing: data=33.0ms  fwd=121.2ms  bwd=70.9ms  total=225.7ms
[  24000] loss=5.4908  ema_loss=5.2985  gap=0.2366  ema_gap=0.2566  mixup=51/200  4.0 sps  ETA 1.1h
              R²_rand=0.4390  R²_naive=0.3894  U_t=0.5074  U_b=0.4807  AUC=0.9955  Top1=0.6475
  timing: data=3.5ms  fwd=122.1ms  bwd=70.1ms  total=196.4ms
[  24200] loss=5.2745  ema_loss=5.4350  gap=0.2985  ema_gap=0.2541  mixup=59/200  4.0 sps  ETA 1.1h
              R²_rand=0.4673  R²_naive=0.4396  U_t=0.4240  U_b=0.6217  AUC=0.9975  Top1=0.7699
  timing: data=3.8ms  fwd=124.4ms  bwd=71.3ms  total=200.2ms
[  24400] loss=5.1001  ema_loss=5.4213  gap=0.2561  ema_gap=0.2492  mixup=53/200  4.0 sps  ETA 1.1h
              R²_rand=0.4570  R²_naive=0.4074  U_t=0.4908  U_b=0.6225  AUC=0.9971  Top1=0.7148
  timing: data=32.7ms  fwd=120.9ms  bwd=70.6ms  total=224.9ms
[  24600] loss=5.5263  ema_loss=5.3334  gap=0.2617  ema_gap=0.2538  mixup=55/200  4.0 sps  ETA 1.1h
              R²_rand=0.4621  R²_naive=0.4058  U_t=0.4314  U_b=0.6352  AUC=0.9970  Top1=0.7474
  timing: data=3.8ms  fwd=123.8ms  bwd=69.1ms  total=197.3ms
[  24800] loss=5.2280  ema_loss=5.3898  gap=0.2425  ema_gap=0.2553  mixup=62/200  4.1 sps  ETA 1.0h
              R²_rand=0.4550  R²_naive=0.3956  U_t=0.4485  U_b=0.6216  AUC=0.9969  Top1=0.7254
  timing: data=3.9ms  fwd=122.4ms  bwd=69.9ms  total=196.8ms
[  25000] loss=5.0988  ema_loss=5.3304  gap=0.2699  ema_gap=0.2639  mixup=62/200  4.0 sps  ETA 1.0h
              R²_rand=0.4330  R²_naive=0.4007  U_t=0.4867  U_b=0.6374  AUC=0.9959  Top1=0.6510
  timing: data=41.7ms  fwd=121.3ms  bwd=70.3ms  total=233.9ms
[  25200] loss=5.1498  ema_loss=5.2729  gap=0.2480  ema_gap=0.2593  mixup=53/200  4.1 sps  ETA 1.0h
              R²_rand=0.4392  R²_naive=0.3927  U_t=0.4890  U_b=0.6308  AUC=0.9960  Top1=0.6925
  timing: data=3.7ms  fwd=123.6ms  bwd=69.4ms  total=197.4ms
[  25400] loss=5.5773  ema_loss=5.2266  gap=0.2481  ema_gap=0.2602  mixup=58/200  4.1 sps  ETA 1.0h
              R²_rand=0.4633  R²_naive=0.3932  U_t=0.4909  U_b=0.6250  AUC=0.9950  Top1=0.5962
  timing: data=3.5ms  fwd=124.3ms  bwd=70.5ms  total=199.0ms
[  25600] loss=5.1386  ema_loss=5.2576  gap=0.2228  ema_gap=0.2582  mixup=62/200  4.1 sps  ETA 1.0h
              R²_rand=0.4215  R²_naive=0.3756  U_t=0.4986  U_b=0.6238  AUC=0.9962  Top1=0.6716
  timing: data=3.7ms  fwd=122.6ms  bwd=68.7ms  total=195.7ms
[  25800] loss=5.0623  ema_loss=5.2548  gap=0.2452  ema_gap=0.2590  mixup=57/200  4.1 sps  ETA 1.0h
              R²_rand=0.4302  R²_naive=0.3927  U_t=0.5075  U_b=0.6273  AUC=0.9967  Top1=0.7020
  timing: data=28.2ms  fwd=122.9ms  bwd=72.8ms  total=224.6ms
[  26000] loss=5.3904  ema_loss=5.2312  gap=0.2375  ema_gap=0.2515  mixup=78/200  4.1 sps  ETA 1.0h
              R²_rand=0.4536  R²_naive=0.3988  U_t=0.5081  U_b=0.5485  AUC=0.9965  Top1=0.7262
  timing: data=3.9ms  fwd=121.1ms  bwd=71.7ms  total=197.3ms
[  26200] loss=5.3436  ema_loss=5.2046  gap=0.2916  ema_gap=0.2568  mixup=64/200  4.1 sps  ETA 0.9h
              R²_rand=0.4363  R²_naive=0.4349  U_t=0.4850  U_b=0.5102  AUC=0.9973  Top1=0.7387
  timing: data=3.9ms  fwd=122.8ms  bwd=72.1ms  total=199.6ms
[  26400] loss=5.4352  ema_loss=5.2007  gap=0.2675  ema_gap=0.2520  mixup=57/200  4.1 sps  ETA 0.9h
              R²_rand=0.4563  R²_naive=0.4190  U_t=0.4710  U_b=0.5125  AUC=0.9965  Top1=0.7270
  timing: data=23.3ms  fwd=119.1ms  bwd=70.3ms  total=213.5ms
[  26600] loss=6.1653  ema_loss=5.2058  gap=0.2546  ema_gap=0.2627  mixup=63/200  4.1 sps  ETA 0.9h
              R²_rand=0.4500  R²_naive=0.3930  U_t=0.4363  U_b=0.6258  AUC=0.9919  Top1=0.5460
  timing: data=3.7ms  fwd=120.6ms  bwd=67.3ms  total=192.3ms
[  26800] loss=5.7411  ema_loss=5.2162  gap=0.2582  ema_gap=0.2525  mixup=69/200  4.1 sps  ETA 0.9h
              R²_rand=0.4820  R²_naive=0.4124  U_t=0.4159  U_b=0.6457  AUC=0.9941  Top1=0.5891
  timing: data=3.5ms  fwd=120.0ms  bwd=69.6ms  total=194.0ms
[  27000] loss=5.0708  ema_loss=5.2117  gap=0.2713  ema_gap=0.2478  mixup=60/200  4.1 sps  ETA 0.9h
              R²_rand=0.4664  R²_naive=0.4111  U_t=0.4585  U_b=0.6549  AUC=0.9953  Top1=0.5704
  timing: data=20.8ms  fwd=122.0ms  bwd=73.7ms  total=217.3ms
[  27200] loss=5.2057  ema_loss=5.1973  gap=0.2528  ema_gap=0.2532  mixup=62/200  4.1 sps  ETA 0.9h
              R²_rand=0.4521  R²_naive=0.3968  U_t=0.4806  U_b=0.6619  AUC=0.9952  Top1=0.6130
  timing: data=3.8ms  fwd=120.1ms  bwd=69.5ms  total=194.1ms
[  27400] loss=5.1549  ema_loss=5.2996  gap=0.2691  ema_gap=0.2492  mixup=59/200  4.1 sps  ETA 0.9h
              R²_rand=0.4578  R²_naive=0.4078  U_t=0.4770  U_b=0.6076  AUC=0.9962  Top1=0.6849
  timing: data=3.8ms  fwd=122.3ms  bwd=69.4ms  total=196.2ms
[  27600] loss=5.0544  ema_loss=5.3514  gap=0.2331  ema_gap=0.2493  mixup=59/200  4.1 sps  ETA 0.8h
              R²_rand=0.4303  R²_naive=0.3916  U_t=0.4821  U_b=0.6422  AUC=0.9966  Top1=0.6860
  timing: data=27.6ms  fwd=119.3ms  bwd=67.8ms  total=215.4ms
[  27800] loss=5.2338  ema_loss=5.2376  gap=0.2421  ema_gap=0.2508  mixup=51/200  4.1 sps  ETA 0.8h
              R²_rand=0.4441  R²_naive=0.3928  U_t=0.4749  U_b=0.6417  AUC=0.9948  Top1=0.5501
  timing: data=3.7ms  fwd=124.4ms  bwd=71.7ms  total=200.5ms
[  28000] loss=5.4015  ema_loss=5.2317  gap=0.2495  ema_gap=0.2466  mixup=60/200  4.1 sps  ETA 0.8h
              R²_rand=0.4399  R²_naive=0.3925  U_t=0.5195  U_b=0.5148  AUC=0.9967  Top1=0.7167
  timing: data=3.5ms  fwd=122.1ms  bwd=70.3ms  total=196.7ms
[  28200] loss=5.0024  ema_loss=5.2537  gap=0.2440  ema_gap=0.2461  mixup=50/200  4.1 sps  ETA 0.8h
              R²_rand=0.4145  R²_naive=0.3855  U_t=0.5079  U_b=0.6403  AUC=0.9967  Top1=0.7023
  timing: data=107.7ms  fwd=118.3ms  bwd=69.7ms  total=296.3ms
[  28400] loss=5.9234  ema_loss=5.2335  gap=0.2283  ema_gap=0.2496  mixup=58/200  4.1 sps  ETA 0.8h
              R²_rand=0.4356  R²_naive=0.3777  U_t=0.4617  U_b=0.5783  AUC=0.9889  Top1=0.4714
  timing: data=3.8ms  fwd=123.1ms  bwd=71.4ms  total=199.0ms
[  28600] loss=5.0799  ema_loss=5.1727  gap=0.2744  ema_gap=0.2551  mixup=53/200  4.1 sps  ETA 0.8h
              R²_rand=0.4625  R²_naive=0.4085  U_t=0.4607  U_b=0.6364  AUC=0.9975  Top1=0.7560
  timing: data=3.9ms  fwd=122.3ms  bwd=67.8ms  total=194.6ms
[  28800] loss=5.0725  ema_loss=5.1979  gap=0.2599  ema_gap=0.2575  mixup=49/200  4.1 sps  ETA 0.8h
              R²_rand=0.4473  R²_naive=0.3939  U_t=0.4870  U_b=0.6344  AUC=0.9975  Top1=0.7444
  timing: data=31.1ms  fwd=120.1ms  bwd=69.2ms  total=221.2ms
[  29000] loss=5.1561  ema_loss=5.1824  gap=0.2513  ema_gap=0.2533  mixup=59/200  4.1 sps  ETA 0.7h
              R²_rand=0.4559  R²_naive=0.3963  U_t=0.4672  U_b=0.6174  AUC=0.9964  Top1=0.6768
  timing: data=3.8ms  fwd=123.7ms  bwd=73.4ms  total=201.7ms
[  29200] loss=5.9705  ema_loss=5.2022  gap=0.2628  ema_gap=0.2566  mixup=57/200  4.1 sps  ETA 0.7h
              R²_rand=0.4580  R²_naive=0.3968  U_t=0.4458  U_b=0.6460  AUC=0.9927  Top1=0.5009
  timing: data=4.0ms  fwd=122.5ms  bwd=70.8ms  total=198.0ms
[  29400] loss=4.9906  ema_loss=5.2337  gap=0.2389  ema_gap=0.2521  mixup=63/200  4.1 sps  ETA 0.7h
              R²_rand=0.4358  R²_naive=0.3852  U_t=0.5297  U_b=0.6409  AUC=0.9966  Top1=0.6678
  timing: data=34.8ms  fwd=122.3ms  bwd=73.1ms  total=230.8ms
[  29600] loss=5.1297  ema_loss=5.2229  gap=0.2527  ema_gap=0.2491  mixup=61/200  4.1 sps  ETA 0.7h
              R²_rand=0.4247  R²_naive=0.3937  U_t=0.5041  U_b=0.6183  AUC=0.9965  Top1=0.7102
  timing: data=3.7ms  fwd=124.5ms  bwd=71.1ms  total=199.9ms
[  29800] loss=5.0313  ema_loss=5.1910  gap=0.2267  ema_gap=0.2539  mixup=60/200  4.1 sps  ETA 0.7h
              R²_rand=0.4456  R²_naive=0.3870  U_t=0.4934  U_b=0.6344  AUC=0.9965  Top1=0.6860
  timing: data=3.8ms  fwd=124.0ms  bwd=71.8ms  total=200.3ms
[  30000] loss=5.1441  ema_loss=5.2263  gap=0.2366  ema_gap=0.2512  mixup=65/200  4.1 sps  ETA 0.7h
              R²_rand=0.4362  R²_naive=0.3854  U_t=0.5039  U_b=0.6445  AUC=0.9963  Top1=0.6746
  timing: data=21.9ms  fwd=122.2ms  bwd=70.1ms  total=214.9ms
  -> Saved /home/jupyter/wt-cf-390-train/experiments/2026-08-01_lalign_teacher/runs/bb_small_arm6_v2_ncpc_lalign_lrepmoco_enc3l3_b64_200k_sigreg_ema_qk_aon_cpc_tau090_alignstudent_30k.pth
[  30200] loss=5.6782  ema_loss=5.1871  gap=0.2805  ema_gap=0.2562  mixup=53/200  4.1 sps  ETA 0.7h
              R²_rand=0.4205  R²_naive=0.3976  U_t=0.4801  U_b=0.6556  AUC=0.9910  Top1=0.5463
  timing: data=5.5ms  fwd=139.3ms  bwd=82.5ms  total=228.4ms
[  30400] loss=5.2475  ema_loss=5.2524  gap=0.2281  ema_gap=0.2529  mixup=57/200  4.1 sps  ETA 0.7h
              R²_rand=0.4402  R²_naive=0.3867  U_t=0.5097  U_b=0.6002  AUC=0.9961  Top1=0.6782
  timing: data=5.8ms  fwd=153.0ms  bwd=100.1ms  total=259.9ms
[  30600] loss=5.0642  ema_loss=5.3094  gap=0.2557  ema_gap=0.2544  mixup=61/200  4.1 sps  ETA 0.6h
              R²_rand=0.4420  R²_naive=0.3973  U_t=0.4692  U_b=0.6295  AUC=0.9963  Top1=0.6847
  timing: data=5.7ms  fwd=150.1ms  bwd=95.8ms  total=252.6ms
[  30800] loss=5.7494  ema_loss=5.3505  gap=0.2214  ema_gap=0.2392  mixup=56/200  4.1 sps  ETA 0.6h
              R²_rand=0.4552  R²_naive=0.3757  U_t=0.4572  U_b=0.5854  AUC=0.9956  Top1=0.6543
  timing: data=29.6ms  fwd=147.1ms  bwd=95.1ms  total=272.8ms
[  31000] loss=5.2746  ema_loss=5.3421  gap=0.2301  ema_gap=0.2548  mixup=72/200  4.1 sps  ETA 0.6h
              R²_rand=0.4560  R²_naive=0.3964  U_t=0.4589  U_b=0.5333  AUC=0.9967  Top1=0.7107
  timing: data=5.8ms  fwd=152.7ms  bwd=95.8ms  total=255.4ms
[  31200] loss=5.8547  ema_loss=5.3162  gap=0.2062  ema_gap=0.2504  mixup=67/200  4.1 sps  ETA 0.6h
              R²_rand=0.4617  R²_naive=0.3742  U_t=0.4615  U_b=0.5791  AUC=0.9928  Top1=0.5582
  timing: data=5.4ms  fwd=149.3ms  bwd=97.1ms  total=252.9ms
[  31400] loss=5.1484  ema_loss=5.3055  gap=0.2383  ema_gap=0.2373  mixup=61/200  4.1 sps  ETA 0.6h
              R²_rand=0.4334  R²_naive=0.3998  U_t=0.4615  U_b=0.5627  AUC=0.9965  Top1=0.7297
  timing: data=35.3ms  fwd=143.8ms  bwd=93.2ms  total=273.4ms
[  31600] loss=5.3040  ema_loss=5.2610  gap=0.2547  ema_gap=0.2440  mixup=57/200  4.1 sps  ETA 0.6h
              R²_rand=0.4482  R²_naive=0.4071  U_t=0.5136  U_b=0.5288  AUC=0.9965  Top1=0.6969
  timing: data=5.2ms  fwd=140.0ms  bwd=89.5ms  total=235.7ms
