[2026-08-20T18:52:32Z] [cf407-watchdog] start period=1800s stall=2 wt=/tmp/contrastive-forecasting-407 runs=/home/jupyter/cf373_r3/sync bb_gpu=0
[2026-08-20T18:52:32Z] [cf407-mirror] 22 files -> /home/jupyter/cf407_durable (fail=0)
[2026-08-20T18:52:32Z] [cf407-watchdog] tick driver=yes step=206400 quiet=0 open='300000 450000 665000'
[2026-08-20T18:53:05Z] [cf407-watchdog] start period=1800s stall=2 wt=/tmp/contrastive-forecasting-407 runs=/home/jupyter/cf373_r3/sync bb_gpu=0
[2026-08-20T18:53:05Z] [cf407-mirror] 22 files -> /home/jupyter/cf407_durable (fail=0)
[2026-08-20T18:53:05Z] [cf407-watchdog] tick driver=yes step=206600 quiet=0 open='300000 450000 665000'
[2026-08-20T18:58:12Z] [cf407-watchdog] start period=1800s stall=2 wt=/tmp/contrastive-forecasting-407 runs=/home/jupyter/cf373_r3/sync bb_gpu=0
[2026-08-20T18:58:12Z] [cf407-mirror] 27 files -> /home/jupyter/cf407_durable (fail=0)
[cf407-teacher] wrote 0, already had 1
[2026-08-20T18:58:16Z] [cf407-watchdog] tick driver=yes step=207600 quiet=0 open='300000 450000 665000'
[2026-08-20T19:10:48Z] [cf407-watchdog] start period=1800s stall=2 wt=/tmp/contrastive-forecasting-407 runs=/home/jupyter/cf373_r3/sync bb_gpu=0
[2026-08-20T19:10:48Z] [cf407-mirror] 29 files -> /home/jupyter/cf407_durable (fail=0)
[cf407-teacher] wrote 0, already had 1
[2026-08-20T19:10:52Z] [cf407-watchdog] tick driver=yes step=210200 quiet=0 open='300000 450000 665000'
[2026-08-20T19:40:52Z] [cf407-mirror] 41 files -> /home/jupyter/cf407_durable (fail=0)
[cf407-teacher] wrote 0, already had 2
[2026-08-20T19:40:59Z] [cf407-watchdog] tick driver=yes step=216200 quiet=0 open='300000 450000 665000'
[2026-08-20T19:50:29Z] [cf407-watchdog] start period=1800s stall=2 wt=/tmp/contrastive-forecasting-407 runs=/home/jupyter/cf373_r3/sync bb_gpu=0
[2026-08-20T19:50:30Z] [cf407-mirror] 42 files -> /home/jupyter/cf407_durable (fail=0)
[cf407-teacher] wrote 0, already had 2
[2026-08-20T19:50:37Z] [cf407-watchdog] tick driver=yes step=218200 quiet=0 open='300000 450000 665000'
[2026-08-20T20:20:37Z] [cf407-mirror] 44 files -> /home/jupyter/cf407_durable (fail=0)
[cf407-teacher] wrote 0, already had 2
[2026-08-20T20:20:45Z] [cf407-watchdog] tick driver=yes step=224400 quiet=0 open='300000 450000 665000'
[2026-08-20T20:50:45Z] [cf407-mirror] 44 files -> /home/jupyter/cf407_durable (fail=0)
[cf407-teacher] wrote 0, already had 2
[2026-08-20T20:50:53Z] [cf407-watchdog] tick driver=yes step=230400 quiet=0 open='300000 450000 665000'
[2026-08-20T21:20:53Z] [cf407-mirror] 45 files -> /home/jupyter/cf407_durable (fail=0)
[cf407-teacher] wrote 0, already had 2
[2026-08-20T21:21:01Z] [cf407-watchdog] tick driver=yes step=236200 quiet=0 open='300000 450000 665000'
[2026-08-20T21:51:01Z] [cf407-mirror] 45 files -> /home/jupyter/cf407_durable (fail=0)
[cf407-teacher] wrote 0, already had 2
[2026-08-20T21:51:09Z] [cf407-watchdog] tick driver=yes step=242400 quiet=0 open='300000 450000 665000'
[2026-08-20T22:21:09Z] [cf407-mirror] 46 files -> /home/jupyter/cf407_durable (fail=0)
[cf407-teacher] wrote 0, already had 2
[2026-08-20T22:21:19Z] [cf407-watchdog] tick driver=yes step=248000 quiet=0 open='300000 450000 665000'
[2026-08-20T22:51:20Z] [cf407-mirror] 46 files -> /home/jupyter/cf407_durable (fail=0)
[cf407-teacher] wrote 0, already had 2
[2026-08-20T22:51:31Z] [cf407-watchdog] tick driver=yes step=253000 quiet=0 open='300000 450000 665000'
[2026-08-20T23:21:32Z] [cf407-mirror] 46 files -> /home/jupyter/cf407_durable (fail=0)
[cf407-teacher] wrote 0, already had 2
[2026-08-20T23:21:43Z] [cf407-watchdog] tick driver=yes step=257400 quiet=0 open='300000 450000 665000'
[2026-08-20T23:51:43Z] [cf407-mirror] 47 files -> /home/jupyter/cf407_durable (fail=0)
[cf407-teacher] wrote 0, already had 2
[2026-08-20T23:51:52Z] [cf407-watchdog] tick driver=yes step=263000 quiet=0 open='300000 450000 665000'
[2026-08-21T00:21:52Z] [cf407-mirror] 47 files -> /home/jupyter/cf407_durable (fail=0)
[cf407-teacher] wrote 0, already had 2
[2026-08-21T00:22:00Z] [cf407-watchdog] tick driver=yes step=269000 quiet=0 open='300000 450000 665000'
[2026-08-21T00:52:00Z] [cf407-mirror] 48 files -> /home/jupyter/cf407_durable (fail=0)
[cf407-teacher] wrote 0, already had 2
[2026-08-21T00:52:08Z] [cf407-watchdog] tick driver=yes step=275200 quiet=0 open='300000 450000 665000'
[2026-08-21T01:22:08Z] [cf407-mirror] 48 files -> /home/jupyter/cf407_durable (fail=0)
[cf407-teacher] wrote 0, already had 2
[2026-08-21T01:22:16Z] [cf407-watchdog] tick driver=yes step=281200 quiet=0 open='300000 450000 665000'
[2026-08-21T01:52:17Z] [cf407-mirror] 74 files -> /home/jupyter/cf407_durable (fail=0)
[cf407-teacher] wrote 0, already had 2
[2026-08-21T01:52:25Z] [cf407-watchdog] tick driver=yes step=287400 quiet=0 open='300000 450000 665000'
[2026-08-21T02:22:25Z] [cf407-mirror] 74 files -> /home/jupyter/cf407_durable (fail=0)
[cf407-teacher] wrote 0, already had 2
[2026-08-21T02:22:33Z] [cf407-watchdog] tick driver=yes step=293600 quiet=0 open='300000 450000 665000'
[2026-08-21T02:52:33Z] [cf407-mirror] 82 files -> /home/jupyter/cf407_durable (fail=0)
[cf407-teacher] wrote 0, already had 2
[2026-08-21T02:52:40Z] [cf407-watchdog] tick driver=yes step=299800 quiet=0 open='300000 450000 665000'
[2026-08-21T03:05:05Z] [cf407-watchdog] start period=1800s stall=2 wt=/tmp/contrastive-forecasting-407 runs=/home/jupyter/cf373_r3/sync bb_gpu=0
[2026-08-21T03:05:06Z] [cf407-readback] read-back done for stops 200 300 450 665 (fail=0)
[cf407-teacher] 200k -> 300k: wrote /tmp/contrastive-forecasting-407/reports/2026-08-20_a4_full_pass/results/teacher_move_200k_300k.json
[cf407-teacher-head] 200k -> 300k: wrote /tmp/contrastive-forecasting-407/reports/2026-08-20_a4_full_pass/results/teacher_head_inputs_200k_300k.json
[cf407-teacher] wrote 2, already had 2
[2026-08-21T03:05:16Z] [cf407-watchdog] tick driver=yes step=300000 quiet=0 open='300000 450000 665000'
[2026-08-21T03:35:17Z] [cf407-readback] read-back done for stops 200 300 450 665 (fail=0)
[cf407-teacher] wrote 0, already had 4
[2026-08-21T03:35:22Z] [cf407-watchdog] tick driver=yes step=300000 quiet=1 open='300000 450000 665000'
[2026-08-21T04:05:23Z] [cf407-readback] read-back done for stops 200 300 450 665 (fail=0)
[cf407-teacher] wrote 0, already had 4
[2026-08-21T04:05:29Z] [cf407-watchdog] tick driver=yes step=300000 quiet=2 open='300000 450000 665000'
[2026-08-21T04:35:31Z] [cf407-readback] read-back done for stops 200 300 450 665 (fail=0)
[cf407-teacher] wrote 0, already had 4
[2026-08-21T04:35:36Z] [cf407-watchdog] tick driver=yes step=300000 quiet=3 open='300000 450000 665000'
[2026-08-21T05:05:38Z] [cf407-readback] read-back done for stops 200 300 450 665 (fail=0)
[cf407-teacher] wrote 0, already had 4
[2026-08-21T05:05:44Z] [cf407-watchdog] tick driver=yes step=300000 quiet=4 open='300000 450000 665000'
[2026-08-21T05:35:45Z] [cf407-readback] read-back done for stops 200 300 450 665 (fail=0)
[cf407-teacher] wrote 0, already had 4
[2026-08-21T05:35:51Z] [cf407-watchdog] tick driver=yes step=300000 quiet=0 open='300000 450000 665000'
[2026-08-21T06:05:52Z] [cf407-readback] read-back done for stops 200 300 450 665 (fail=0)
[cf407-teacher] wrote 0, already had 4
[2026-08-21T06:05:57Z] [cf407-watchdog] tick driver=yes step=300000 quiet=1 open='300000 450000 665000'
[2026-08-21T06:36:00Z] [cf407-readback] read-back done for stops 200 300 450 665 (fail=0)
[cf407-teacher] wrote 0, already had 4
[2026-08-21T06:36:07Z] [cf407-watchdog] tick driver=yes step=300000 quiet=2 open='300000 450000 665000'
[2026-08-21T07:06:09Z] [cf407-readback] read-back done for stops 200 300 450 665 (fail=0)
[cf407-teacher] wrote 0, already had 4
[2026-08-21T07:06:16Z] [cf407-watchdog] tick driver=yes step=300000 quiet=3 open='300000 450000 665000'
[2026-08-21T07:36:18Z] [cf407-readback] read-back done for stops 200 300 450 665 (fail=0)
[cf407-teacher] wrote 0, already had 4
[2026-08-21T07:36:24Z] [cf407-watchdog] tick driver=yes step=300000 quiet=4 open='300000 450000 665000'
[2026-08-21T08:06:26Z] [cf407-readback] read-back done for stops 200 300 450 665 (fail=0)
[cf407-teacher] wrote 0, already had 4
[2026-08-21T08:06:31Z] [cf407-watchdog] tick driver=yes step=304000 quiet=0 open='450000 665000'
[2026-08-21T08:36:33Z] [cf407-readback] read-back done for stops 200 300 450 665 (fail=0)
[cf407-teacher] wrote 0, already had 4
[2026-08-21T08:36:38Z] [cf407-watchdog] tick driver=yes step=310000 quiet=0 open='450000 665000'
[2026-08-21T09:06:40Z] [cf407-readback] read-back done for stops 200 300 450 665 (fail=0)
[cf407-teacher] wrote 0, already had 4
[2026-08-21T09:06:46Z] [cf407-watchdog] tick driver=yes step=316000 quiet=0 open='450000 665000'
[2026-08-21T09:36:47Z] [cf407-readback] read-back done for stops 200 300 450 665 (fail=0)
[cf407-teacher] wrote 0, already had 4
[2026-08-21T09:36:52Z] [cf407-watchdog] tick driver=yes step=322200 quiet=0 open='450000 665000'
[2026-08-21T10:06:53Z] [cf407-readback] read-back done for stops 200 300 450 665 (fail=0)
[cf407-teacher] wrote 0, already had 4
[2026-08-21T10:06:58Z] [cf407-watchdog] tick driver=yes step=328600 quiet=0 open='450000 665000'
[2026-08-21T10:37:00Z] [cf407-readback] read-back done for stops 200 300 450 665 (fail=0)
[cf407-teacher] wrote 0, already had 4
[2026-08-21T10:37:04Z] [cf407-watchdog] tick driver=yes step=334800 quiet=0 open='450000 665000'
[2026-08-21T11:07:06Z] [cf407-readback] read-back done for stops 200 300 450 665 (fail=0)
[cf407-teacher] wrote 0, already had 4
[2026-08-21T11:07:12Z] [cf407-watchdog] tick driver=yes step=341000 quiet=0 open='450000 665000'
[2026-08-21T11:37:13Z] [cf407-readback] read-back done for stops 200 300 450 665 (fail=0)
[cf407-teacher] wrote 0, already had 4
[2026-08-21T11:37:19Z] [cf407-watchdog] tick driver=yes step=347000 quiet=0 open='450000 665000'
[2026-08-21T12:07:21Z] [cf407-readback] read-back done for stops 200 300 450 665 (fail=0)
[cf407-teacher] wrote 0, already had 4
[2026-08-21T12:07:25Z] [cf407-watchdog] tick driver=yes step=353400 quiet=0 open='450000 665000'
[2026-08-21T12:37:27Z] [cf407-readback] read-back done for stops 200 300 450 665 (fail=0)
[cf407-teacher] wrote 0, already had 4
[2026-08-21T12:37:31Z] [cf407-watchdog] tick driver=yes step=359800 quiet=0 open='450000 665000'
[2026-08-21T13:07:33Z] [cf407-readback] read-back done for stops 200 300 450 665 (fail=0)
[cf407-teacher] wrote 0, already had 4
[2026-08-21T13:07:38Z] [cf407-watchdog] tick driver=yes step=366200 quiet=0 open='450000 665000'
[2026-08-21T13:37:39Z] [cf407-readback] read-back done for stops 200 300 450 665 (fail=0)
[cf407-teacher] wrote 0, already had 4
[2026-08-21T13:37:44Z] [cf407-watchdog] tick driver=yes step=372600 quiet=0 open='450000 665000'
[2026-08-21T14:07:46Z] [cf407-readback] read-back done for stops 200 300 450 665 (fail=0)
[cf407-teacher] wrote 0, already had 4
[2026-08-21T14:07:51Z] [cf407-watchdog] tick driver=yes step=378800 quiet=0 open='450000 665000'
[2026-08-21T14:37:53Z] [cf407-readback] read-back done for stops 200 300 450 665 (fail=0)
[cf407-teacher] wrote 0, already had 4
[2026-08-21T14:37:58Z] [cf407-watchdog] tick driver=yes step=385000 quiet=0 open='450000 665000'
[2026-08-21T15:07:59Z] [cf407-readback] read-back done for stops 200 300 450 665 (fail=0)
[cf407-teacher] wrote 0, already had 4
[2026-08-21T15:08:04Z] [cf407-watchdog] tick driver=yes step=391400 quiet=0 open='450000 665000'
[2026-08-21T15:38:06Z] [cf407-readback] read-back done for stops 200 300 450 665 (fail=0)
[cf407-teacher] wrote 0, already had 4
[2026-08-21T15:38:11Z] [cf407-watchdog] tick driver=yes step=397800 quiet=0 open='450000 665000'
[2026-08-21T16:08:12Z] [cf407-readback] read-back done for stops 200 300 450 665 (fail=0)
[cf407-teacher] wrote 0, already had 4
[2026-08-21T16:08:17Z] [cf407-watchdog] tick driver=yes step=404200 quiet=0 open='450000 665000'
[2026-08-21T16:38:18Z] [cf407-readback] read-back done for stops 200 300 450 665 (fail=0)
[cf407-teacher] wrote 0, already had 4
[2026-08-21T16:38:23Z] [cf407-watchdog] tick driver=yes step=410800 quiet=0 open='450000 665000'
[2026-08-21T17:08:25Z] [cf407-readback] read-back done for stops 200 300 450 665 (fail=0)
[cf407-teacher] wrote 0, already had 4
[2026-08-21T17:08:30Z] [cf407-watchdog] tick driver=yes step=417400 quiet=0 open='450000 665000'
[2026-08-21T17:38:31Z] [cf407-readback] read-back done for stops 200 300 450 665 (fail=0)
[cf407-teacher] wrote 0, already had 4
[2026-08-21T17:38:36Z] [cf407-watchdog] tick driver=yes step=424200 quiet=0 open='450000 665000'
[2026-08-21T18:08:37Z] [cf407-readback] read-back done for stops 200 300 450 665 (fail=0)
[cf407-teacher] wrote 0, already had 4
[2026-08-21T18:08:42Z] [cf407-watchdog] tick driver=yes step=431000 quiet=0 open='450000 665000'
[2026-08-21T18:38:44Z] [cf407-readback] read-back done for stops 200 300 450 665 (fail=0)
[cf407-teacher] wrote 0, already had 4
[2026-08-21T18:38:48Z] [cf407-watchdog] tick driver=yes step=437600 quiet=0 open='450000 665000'
[2026-08-21T19:08:50Z] [cf407-readback] read-back done for stops 200 300 450 665 (fail=0)
[cf407-teacher] wrote 0, already had 4
[2026-08-21T19:08:55Z] [cf407-watchdog] tick driver=yes step=444600 quiet=0 open='450000 665000'
[2026-08-21T19:38:56Z] [cf407-readback] read-back done for stops 200 300 450 665 (fail=0)
[cf407-teacher] 300k -> 450k: wrote /tmp/contrastive-forecasting-407/reports/2026-08-20_a4_full_pass/results/teacher_move_300k_450k.json
[cf407-teacher-head] 300k -> 450k: wrote /tmp/contrastive-forecasting-407/reports/2026-08-20_a4_full_pass/results/teacher_head_inputs_300k_450k.json
[cf407-teacher] wrote 2, already had 4
[2026-08-21T19:39:02Z] [cf407-watchdog] tick driver=yes step=450000 quiet=0 open='450000 665000'
[2026-08-21T20:09:04Z] [cf407-readback] read-back done for stops 200 300 450 665 (fail=0)
[cf407-teacher] wrote 0, already had 6
[2026-08-21T20:09:06Z] [cf407-watchdog] tick driver=yes step=450000 quiet=1 open='450000 665000'
[2026-08-21T20:39:08Z] [cf407-readback] read-back done for stops 200 300 450 665 (fail=0)
[cf407-teacher] wrote 0, already had 6
[2026-08-21T20:39:10Z] [cf407-watchdog] tick driver=yes step=450000 quiet=2 open='450000 665000'
[2026-08-21T21:09:12Z] [cf407-readback] read-back done for stops 200 300 450 665 (fail=0)
[cf407-teacher] wrote 0, already had 6
[2026-08-21T21:09:15Z] [cf407-watchdog] tick driver=yes step=450000 quiet=3 open='450000 665000'
[2026-08-21T21:39:17Z] [cf407-readback] read-back done for stops 200 300 450 665 (fail=0)
[cf407-teacher] wrote 0, already had 6
[2026-08-21T21:39:20Z] [cf407-watchdog] tick driver=yes step=450000 quiet=4 open='450000 665000'
[2026-08-21T22:09:21Z] [cf407-readback] read-back done for stops 200 300 450 665 (fail=0)
[cf407-teacher] wrote 0, already had 6
[2026-08-21T22:09:24Z] [cf407-watchdog] tick driver=yes step=450000 quiet=0 open='450000 665000'
[2026-08-21T22:39:26Z] [cf407-readback] read-back done for stops 200 300 450 665 (fail=0)
[cf407-teacher] wrote 0, already had 6
[2026-08-21T22:39:28Z] [cf407-watchdog] tick driver=yes step=450000 quiet=1 open='450000 665000'
[2026-08-21T23:09:30Z] [cf407-readback] read-back done for stops 200 300 450 665 (fail=0)
[cf407-teacher] wrote 0, already had 6
[2026-08-21T23:09:33Z] [cf407-watchdog] tick driver=yes step=450000 quiet=2 open='450000 665000'
[2026-08-21T23:39:34Z] [cf407-readback] read-back done for stops 200 300 450 665 (fail=0)
[cf407-teacher] wrote 0, already had 6
[2026-08-21T23:39:37Z] [cf407-watchdog] tick driver=yes step=450000 quiet=3 open='450000 665000'
[2026-08-22T00:09:39Z] [cf407-readback] read-back done for stops 200 300 450 665 (fail=0)
[cf407-teacher] wrote 0, already had 6
[2026-08-22T00:09:41Z] [cf407-watchdog] tick driver=yes step=450000 quiet=4 open='450000 665000'
[2026-08-22T00:39:43Z] [cf407-readback] read-back done for stops 200 300 450 665 (fail=0)
[cf407-teacher] wrote 0, already had 6
[2026-08-22T00:39:46Z] [cf407-watchdog] tick driver=yes step=450000 quiet=5 open='450000 665000'
[2026-08-22T00:58:57Z] [cf407-watchdog] start period=1800s stall=2 wt=/tmp/contrastive-forecasting-407 runs=/home/jupyter/cf373_r3/sync bb_gpu=1
[2026-08-22T00:58:59Z] [cf407-readback] read-back done for stops 200 300 450 665 (fail=0)
[cf407-teacher] wrote 0, already had 6
[2026-08-22T00:59:01Z] [cf407-watchdog] tick driver=yes step=450200 quiet=0 open='665000'
