[07-22 13:04:07] [elisa-arm3_tr1] BB START (arm 3_tr1: split_pred_rep + moco-negatives + tau_rep=1.0) gpu=1 target=40000 final=200000 bs=64 
[07-22 15:19:01] [elisa-arm3_tr1] arm3_tr1 wave complete: target=40000 (< final 200000) — latest ck bb_small_arm3_tr1_split_pred_rep_moco_enc3l3_b64_200k_sigreg_ema_qk_aon_cpc_tau090_40k.pth
[07-23 18:58:55] [elisa-arm3_tr1] RESUME from bb_small_arm3_tr1_split_pred_rep_moco_enc3l3_b64_200k_sigreg_ema_qk_aon_cpc_tau090_40k.pth
[07-23 18:58:55] [elisa-arm3_tr1] RESUME from bb_small_arm3_tr1_split_pred_rep_moco_enc3l3_b64_200k_sigreg_ema_qk_aon_cpc_tau090_40k.pth
[07-23 18:58:55] [elisa-arm3_tr1] BB START (arm 3_tr1: split_pred_rep + moco-negatives + tau_rep=1.0) gpu=1 target=100000 final=200000 bs=64 --resume /home/jupyter/wt-cf-379-train/experiments/2026-07-21_split_pred_rep_small/runs/bb_small_arm3_tr1_split_pred_rep_moco_enc3l3_b64_200k_sigreg_ema_qk_aon_cpc_tau090_40k.pth
[07-23 18:58:55] [elisa-arm3_tr1] BB START (arm 3_tr1: split_pred_rep + moco-negatives + tau_rep=1.0) gpu=1 target=100000 final=200000 bs=64 --resume /home/jupyter/wt-cf-379-train/experiments/2026-07-21_split_pred_rep_small/runs/bb_small_arm3_tr1_split_pred_rep_moco_enc3l3_b64_200k_sigreg_ema_qk_aon_cpc_tau090_40k.pth
[07-23 22:14:47] [elisa-arm3_tr1] arm3_tr1 wave complete: target=100000 (< final 200000) — latest ck bb_small_arm3_tr1_split_pred_rep_moco_enc3l3_b64_200k_sigreg_ema_qk_aon_cpc_tau090_r2_100k.pth
[07-23 22:14:47] [elisa-arm3_tr1] arm3_tr1 wave complete: target=100000 (< final 200000) — latest ck bb_small_arm3_tr1_split_pred_rep_moco_enc3l3_b64_200k_sigreg_ema_qk_aon_cpc_tau090_r2_100k.pth
[07-24 03:05:13] [elisa-arm3_tr1] BB START (arm 3_tr1: split_pred_rep + moco-negatives + tau=1.0 + tau_rep=1.0 (all tau at 1.0)) gpu=1 target=40000 final=200000 bs=64 
[07-24 03:05:13] [elisa-arm3_tr1] BB START (arm 3_tr1: split_pred_rep + moco-negatives + tau=1.0 + tau_rep=1.0 (all tau at 1.0)) gpu=1 target=40000 final=200000 bs=64 
[07-24 05:12:32] [elisa-arm3_tr1] arm3_tr1 wave complete: target=40000 (< final 200000) — latest ck bb_small_arm3_tr1_split_pred_rep_moco_enc3l3_b64_200k_sigreg_ema_qk_aon_cpc_tau090_40k.pth
[07-24 05:12:32] [elisa-arm3_tr1] arm3_tr1 wave complete: target=40000 (< final 200000) — latest ck bb_small_arm3_tr1_split_pred_rep_moco_enc3l3_b64_200k_sigreg_ema_qk_aon_cpc_tau090_40k.pth
[07-24 13:50:41] [elisa-arm3_tr1] RESUME from bb_small_arm3_tr1_split_pred_rep_moco_enc3l3_b64_200k_sigreg_ema_qk_aon_cpc_tau090_40k.pth
[07-24 13:50:41] [elisa-arm3_tr1] RESUME from bb_small_arm3_tr1_split_pred_rep_moco_enc3l3_b64_200k_sigreg_ema_qk_aon_cpc_tau090_40k.pth
[07-24 13:50:41] [elisa-arm3_tr1] BB START (arm 3_tr1: split_pred_rep + moco-negatives + tau=1.0 + tau_rep=1.0 (all tau at 1.0)) gpu=1 target=100000 final=200000 bs=64 --resume /home/jupyter/wt-cf-379-train/experiments/2026-07-21_split_pred_rep_small/runs/bb_small_arm3_tr1_split_pred_rep_moco_enc3l3_b64_200k_sigreg_ema_qk_aon_cpc_tau090_40k.pth
[07-24 13:50:41] [elisa-arm3_tr1] BB START (arm 3_tr1: split_pred_rep + moco-negatives + tau=1.0 + tau_rep=1.0 (all tau at 1.0)) gpu=1 target=100000 final=200000 bs=64 --resume /home/jupyter/wt-cf-379-train/experiments/2026-07-21_split_pred_rep_small/runs/bb_small_arm3_tr1_split_pred_rep_moco_enc3l3_b64_200k_sigreg_ema_qk_aon_cpc_tau090_40k.pth
[07-24 14:11:24] [elisa-arm3_tr1] BB train exited rc=130 — NOT creating FINAL. tail:   File "/home/jupyter/.local/lib/python3.10/site-packages/torch/autograd/graph.py", line 829, in _engine_run_backward     return Variable._execution_engine.run_backward(  # Calls into the C++ engine to run the backward pass KeyboardInterrupt 
[07-24 14:11:24] [elisa-arm3_tr1] BB train exited rc=130 — NOT creating FINAL. tail:   File "/home/jupyter/.local/lib/python3.10/site-packages/torch/autograd/graph.py", line 829, in _engine_run_backward     return Variable._execution_engine.run_backward(  # Calls into the C++ engine to run the backward pass KeyboardInterrupt 
[07-25 10:04:16] [elisa-arm3_tr1] RESUME from bb_small_arm3_tr1_split_pred_rep_moco_enc3l3_b64_200k_sigreg_ema_qk_aon_cpc_tau090_40k.pth
[07-25 10:04:16] [elisa-arm3_tr1] RESUME from bb_small_arm3_tr1_split_pred_rep_moco_enc3l3_b64_200k_sigreg_ema_qk_aon_cpc_tau090_40k.pth
[07-25 10:04:16] [elisa-arm3_tr1] BB START (arm 3_tr1: split_pred_rep + moco-negatives + tau=1.0 + tau_rep=1.0 (all tau at 1.0)) gpu=1 target=100000 final=200000 bs=64 --resume /home/jupyter/wt-cf-379-train/experiments/2026-07-21_split_pred_rep_small/runs/bb_small_arm3_tr1_split_pred_rep_moco_enc3l3_b64_200k_sigreg_ema_qk_aon_cpc_tau090_40k.pth
[07-25 10:04:16] [elisa-arm3_tr1] BB START (arm 3_tr1: split_pred_rep + moco-negatives + tau=1.0 + tau_rep=1.0 (all tau at 1.0)) gpu=1 target=100000 final=200000 bs=64 --resume /home/jupyter/wt-cf-379-train/experiments/2026-07-21_split_pred_rep_small/runs/bb_small_arm3_tr1_split_pred_rep_moco_enc3l3_b64_200k_sigreg_ema_qk_aon_cpc_tau090_40k.pth
[07-25 13:21:59] [elisa-arm3_tr1] arm3_tr1 wave complete: target=100000 (< final 200000) — latest ck bb_small_arm3_tr1_split_pred_rep_moco_enc3l3_b64_200k_sigreg_ema_qk_aon_cpc_tau090_r3_100k.pth
[07-25 13:21:59] [elisa-arm3_tr1] arm3_tr1 wave complete: target=100000 (< final 200000) — latest ck bb_small_arm3_tr1_split_pred_rep_moco_enc3l3_b64_200k_sigreg_ema_qk_aon_cpc_tau090_r3_100k.pth
[07-31 22:47:37] [elisa-arm3_tr1] RESUME from bb_small_arm3_tr1_split_pred_rep_moco_enc3l3_b64_200k_sigreg_ema_qk_aon_cpc_tau090_r3_100k.pth
[07-31 22:47:37] [elisa-arm3_tr1] BB START (arm 3_tr1: split_pred_rep + moco-negatives + tau=1.0 + tau_rep=1.0 (all tau at 1.0)) gpu=0 target=200000 final=200000 bs=64 --resume /home/jupyter/wt-cf-379-train/experiments/2026-07-21_split_pred_rep_small/runs/bb_small_arm3_tr1_split_pred_rep_moco_enc3l3_b64_200k_sigreg_ema_qk_aon_cpc_tau090_r3_100k.pth
[08-01 04:19:56] [elisa-arm3_tr1] arm3_tr1 complete: BB DONE -> bb_small_arm3_tr1_split_pred_rep_moco_enc3l3_b64_200k_sigreg_ema_qk_aon_cpc_tau090_FINAL.pth (5.0M)
