[09-06 05:55:07] [#412 phase1] arms: k3_r100_09 k3_r100_09b k3_r100_09_dec k32_r200_08
[09-06 05:55:07] [#412 phase1] stops: 40000  gpu: 1
[09-06 05:55:07] [#412 phase1] backbone k3_r100_09 -> 40000 (gpu 1 holds the 7700 MiB it needs)
[09-06 05:55:07] [#412] arm k3_r100_09 arch='--d-model 384 --n-heads 8 --num-layers 3 --num-encoder-layers 3' k=3 reduce=sum ema='--ema-tau 0.9 --ema-tau-end 1.0 --ema-tau-ramp-steps 100000' decay='none' seed=20260520 -> 40000 steps on gpu 1
[09-06 05:55:07] [arm6_v2_combab_alignT] FRESH start at step 0
[09-06 05:55:07] [arm6_v2_combab_alignT] START target=40000 gpu=1 save_every=20000 leg=/home/jupyter/checkpoints_backup/cf-412/k3_r100_09/arm6_v2_combab_alignT/leg_40k
[09-06 05:55:12] [#412] arm k3_r100_09 arch=384 3 3 k=3 reduce=sum ema='0.9 1.0 100000' decay='1.0 - -' seed=20260520 batch=64 align=teacher OK — all seven reached the trainer
[09-06 05:55:12] [#412] arm k3_r100_09 AUC gate pid 4050709 — window 500, threshold 0.55, warmup 1000
[09-06 10:31:19] [arm6_v2_combab_alignT] DONE target=40000 (66M) -> /home/jupyter/checkpoints_backup/cf-412/k3_r100_09/arm6_v2_combab_alignT/leg_40k/cf393_arm6_v2_combab_alignT_cf373k3_cf412_k3_r100_09_40k.pth
[09-06 10:31:19] [#412] arm k3_r100_09 stop=40000 rc=0
[09-06 10:31:19] [#412 phase1] head k3_r100_09 bb40000
[09-06 10:31:19] [#412] head k3_r100_09_bb40k_h30k_student on cf393_arm6_v2_combab_alignT_cf373k3_cf412_k3_r100_09_40k.pth
[09-06 10:31:19] [k3_r100_09_bb40k_h30k_student] head-train start enc=student steps=30000 seed=20260722 gpu=1 bb=cf393_arm6_v2_combab_alignT_cf373k3_cf412_k3_r100_09_40k.pth
[09-06 12:26:08] [k3_r100_09_bb40k_h30k_student] head-train rc=0
[09-06 12:26:08] [k3_r100_09_bb40k_h30k_student] eval start (97 configs, B4, forecast-len 16, elisa CPUs)
[09-06 15:15:47] [k3_r100_09_bb40k_h30k_student] eval rc=0
[09-06 15:15:47] [k3_r100_09_bb40k_h30k_student] DONE — GM-Relative MASE 1.3495
[09-06 15:15:47] [#412] head k3_r100_09_bb40k_h30k_student rc=0
[09-06 15:15:47] [#412 phase1] backbone k3_r100_09b -> 40000 (gpu 1 holds the 7700 MiB it needs)
[09-06 15:15:47] [#412] arm k3_r100_09b arch='--d-model 384 --n-heads 8 --num-layers 3 --num-encoder-layers 3' k=3 reduce=sum ema='--ema-tau 0.9 --ema-tau-end 1.0 --ema-tau-ramp-steps 100000' decay='none' seed=20260525 -> 40000 steps on gpu 1
[09-06 15:15:47] [arm6_v2_combab_alignT] FRESH start at step 0
[09-06 15:15:47] [arm6_v2_combab_alignT] START target=40000 gpu=1 save_every=20000 leg=/home/jupyter/checkpoints_backup/cf-412/k3_r100_09b/arm6_v2_combab_alignT/leg_40k
[09-06 15:15:52] [#412] arm k3_r100_09b arch=384 3 3 k=3 reduce=sum ema='0.9 1.0 100000' decay='1.0 - -' seed=20260525 batch=64 align=teacher OK — all seven reached the trainer
[09-06 15:15:52] [#412] arm k3_r100_09b AUC gate pid 364747 — window 500, threshold 0.55, warmup 1000
[09-06 15:35:28] [#412 relay] waits for pid 364487 (arm k3_r100_09b), then runs: k3_r100_09b k3_r100_09_dec on gpu 1
[09-06 15:35:28] [#412 relay] waits for pid 364487 (arm k3_r100_09b), then runs: k3_r100_09b k3_r100_09_dec on gpu 1
[09-06 15:35:28] [#412 relay] k32_r200_08 stays out — PR #413 gates it on the 100,000-step climb
[09-06 15:35:28] [#412 relay] k32_r200_08 stays out — PR #413 gates it on the 100,000-step climb
[09-06 15:35:57] [#412 relay] waits for pid 364487 (arm k3_r100_09b), then runs: k3_r100_09b k3_r100_09_dec on gpu 1
[09-06 15:35:57] [#412 relay] k32_r200_08 stays out — PR #413 gates it on the 100,000-step climb
