[09-06 05:54:50] [#412 phase1] arms: k32_r100_09 k32_r100_09_dec
[09-06 05:54:50] [#412 phase1] stops: 40000  gpu: 0
[09-06 05:54:50] [#412 phase1] backbone k32_r100_09 -> 40000 (gpu 0 holds the 11300 MiB it needs)
[09-06 05:54:50] [#412] arm k32_r100_09 arch='--d-model 384 --n-heads 8 --num-layers 3 --num-encoder-layers 3' k=32 reduce=mean ema='--ema-tau 0.9 --ema-tau-end 1.0 --ema-tau-ramp-steps 100000' decay='none' seed=20260520 -> 40000 steps on gpu 0
[09-06 05:54:50] [arm6_v2_combab_alignT] FRESH start at step 0
[09-06 05:54:50] [arm6_v2_combab_alignT] START target=40000 gpu=0 save_every=20000 leg=/home/jupyter/checkpoints_backup/cf-412/k32_r100_09/arm6_v2_combab_alignT/leg_40k
[09-06 05:54:55] [#412] arm k32_r100_09 arch=384 3 3 k=32 reduce=mean ema='0.9 1.0 100000' decay='1.0 - -' seed=20260520 batch=64 align=teacher OK — all seven reached the trainer
[09-06 05:54:56] [#412] arm k32_r100_09 AUC gate pid 4049804 — window 500, threshold 0.55, warmup 1000
[09-06 15:33:27] [arm6_v2_combab_alignT] DONE target=40000 (66M) -> /home/jupyter/checkpoints_backup/cf-412/k32_r100_09/arm6_v2_combab_alignT/leg_40k/cf393_arm6_v2_combab_alignT_cf373k32_cf412_k32_r100_09_40k.pth
[09-06 15:33:27] [#412] arm k32_r100_09 stop=40000 rc=0
[09-06 15:33:27] [#412 phase1] head k32_r100_09 bb40000
[09-06 15:33:27] [#412] head k32_r100_09_bb40k_h30k_student on cf393_arm6_v2_combab_alignT_cf373k32_cf412_k32_r100_09_40k.pth
[09-06 15:33:27] [k32_r100_09_bb40k_h30k_student] head-train start enc=student steps=30000 seed=20260722 gpu=0 bb=cf393_arm6_v2_combab_alignT_cf373k32_cf412_k32_r100_09_40k.pth
[09-06 17:18:30] [k32_r100_09_bb40k_h30k_student] head-train rc=0
[09-06 17:18:30] [k32_r100_09_bb40k_h30k_student] eval start (97 configs, B4, forecast-len 16, elisa CPUs)
[09-06 20:12:47] [k32_r100_09_bb40k_h30k_student] eval rc=0
[09-06 20:12:47] [k32_r100_09_bb40k_h30k_student] DONE — GM-Relative MASE 1.4629
[09-06 20:12:47] [#412] head k32_r100_09_bb40k_h30k_student rc=0
[09-06 20:12:47] [#412 phase1] backbone k32_r100_09_dec -> 40000 (gpu 0 holds the 11300 MiB it needs)
[09-06 20:12:47] [#412] arm k32_r100_09_dec arch='--d-model 384 --n-heads 8 --num-layers 3 --num-encoder-layers 3' k=32 reduce=mean ema='--ema-tau 0.9 --ema-tau-end 1.0 --ema-tau-ramp-steps 100000' decay='--rep-loss-weight 1.0 --rep-loss-weight-end 0.0 --rep-loss-weight-ramp-steps 2000' seed=20260520 -> 40000 steps on gpu 0
[09-06 20:12:47] [arm6_v2_combab_alignT] FRESH start at step 0
[09-06 20:12:47] [arm6_v2_combab_alignT] START target=40000 gpu=0 save_every=20000 leg=/home/jupyter/checkpoints_backup/cf-412/k32_r100_09_dec/arm6_v2_combab_alignT/leg_40k
[09-06 20:12:52] [#412] arm k32_r100_09_dec arch=384 3 3 k=32 reduce=mean ema='0.9 1.0 100000' decay='1.0 0.0 2000' seed=20260520 batch=64 align=teacher OK — all seven reached the trainer
[09-06 20:12:52] [#412] arm k32_r100_09_dec AUC gate pid 663584 — window 500, threshold 0.55, warmup 1000
/tmp/contrastive-forecasting-412/reports/2026-09-06_moirai_small_size/scripts/run_arm.sh: line 246: cf412_auc_warmup: command not found
[09-07 01:03:05] [#412] arm k32_r100_09_dec AUC gate pid 663584 — window 500, threshold 0.55, warmup 
/tmp/contrastive-forecasting-412/reports/2026-09-06_moirai_small_size/scripts/run_arm.sh: line 249: syntax error near unexpected token `else'
/tmp/contrastive-forecasting-412/reports/2026-09-06_moirai_small_size/scripts/run_arm.sh: line 249: `else'
[09-07 01:03:05] [#412 phase1] backbone k32_r100_09_dec stop 40000 FAILED rc=2
scripts/phase1.sh: line 132: syntax error near unexpected token `('
scripts/phase1.sh: line 132: `log "phase1 done — $failed failure(s)"'
