[09-14 05:33:49] [#412 phase1] arms: k3_r100_09_lr56_ramp665k_dec10k
[09-14 05:33:49] [#412 phase1] stops: 40000 100000 200000  gpu: 0
[09-14 05:33:49] [#412 phase1] backbone k3_r100_09_lr56_ramp665k_dec10k -> 40000 (gpu 0 holds the 7700 MiB it needs)
[09-14 05:33:49] [#412] arm k3_r100_09_lr56_ramp665k_dec10k arch='--d-model 384 --n-heads 8 --num-layers 3 --num-encoder-layers 3' k=3 reduce=sum ema='--ema-tau 0.9 --ema-tau-end 1.0 --ema-tau-ramp-steps 665000' decay='--rep-loss-weight 1.0 --rep-loss-weight-end 0.0 --rep-loss-weight-ramp-steps 10000' seed=20260520 lr=5.6e-4 -> 40000 steps on gpu 0
[09-14 05:33:49] [arm6_v2_combab_alignT] FRESH start at step 0
[09-14 05:33:49] [arm6_v2_combab_alignT] START target=40000 gpu=0 save_every=20000 leg=/home/jupyter/checkpoints_backup/cf-412/k3_r100_09_lr56_ramp665k_dec10k/arm6_v2_combab_alignT/leg_40k
[09-14 05:33:54] [#412] arm k3_r100_09_lr56_ramp665k_dec10k arch=384 3 3 k=3 reduce=sum ema='0.9 1.0 665000' decay='1.0 0.0 10000' seed=20260520 batch=64 lr=5.6e-4 align=teacher OK — all eight reached the trainer
[09-14 05:33:54] [#412] arm k3_r100_09_lr56_ramp665k_dec10k AUC gate pid 1087958 — window 500, threshold 0.55, warmup 1786
[09-14 08:18:27] [arm6_v2_combab_alignT] DONE target=40000 (66M) -> /home/jupyter/checkpoints_backup/cf-412/k3_r100_09_lr56_ramp665k_dec10k/arm6_v2_combab_alignT/leg_40k/cf393_arm6_v2_combab_alignT_cf373k3_cf412_k3_r100_09_lr56_ramp665k_dec10k_40k.pth
[09-14 08:18:27] [#412] arm k3_r100_09_lr56_ramp665k_dec10k stop=40000 rc=0
[09-14 08:18:27] [#412 phase1] head k3_r100_09_lr56_ramp665k_dec10k bb40000
[09-14 08:18:27] [#412] head k3_r100_09_lr56_ramp665k_dec10k_bb40k_h30k_student on cf393_arm6_v2_combab_alignT_cf373k3_cf412_k3_r100_09_lr56_ramp665k_dec10k_40k.pth
[09-14 08:18:27] [k3_r100_09_lr56_ramp665k_dec10k_bb40k_h30k_student] head-train start enc=student steps=30000 seed=20260722 gpu=0 bb=cf393_arm6_v2_combab_alignT_cf373k3_cf412_k3_r100_09_lr56_ramp665k_dec10k_40k.pth
[09-14 09:39:20] [k3_r100_09_lr56_ramp665k_dec10k_bb40k_h30k_student] head-train rc=0
[09-14 09:39:20] [k3_r100_09_lr56_ramp665k_dec10k_bb40k_h30k_student] eval start (97 configs, B4, forecast-len 16, elisa CPUs)
[09-14 13:51:00] [k3_r100_09_lr56_ramp665k_dec10k_bb40k_h30k_student] eval rc=0
[09-14 13:51:00] [k3_r100_09_lr56_ramp665k_dec10k_bb40k_h30k_student] DONE — GM-Relative MASE 1.1877
[09-14 13:51:00] [#412] head k3_r100_09_lr56_ramp665k_dec10k_bb40k_h30k_student rc=0
[09-14 13:51:00] [#412 phase1] backbone k3_r100_09_lr56_ramp665k_dec10k -> 100000 (gpu 0 holds the 7700 MiB it needs)
[09-14 13:51:00] [#412] arm k3_r100_09_lr56_ramp665k_dec10k arch='--d-model 384 --n-heads 8 --num-layers 3 --num-encoder-layers 3' k=3 reduce=sum ema='--ema-tau 0.9 --ema-tau-end 1.0 --ema-tau-ramp-steps 665000' decay='--rep-loss-weight 1.0 --rep-loss-weight-end 0.0 --rep-loss-weight-ramp-steps 10000' seed=20260520 lr=5.6e-4 -> 100000 steps on gpu 0
[09-14 13:51:00] [arm6_v2_combab_alignT] RESUME from cf393_arm6_v2_combab_alignT_cf373k3_cf412_k3_r100_09_lr56_ramp665k_dec10k_40k.pth (step 40k)
[09-14 13:51:01] [arm6_v2_combab_alignT] START target=100000 gpu=0 save_every=20000 leg=/home/jupyter/checkpoints_backup/cf-412/k3_r100_09_lr56_ramp665k_dec10k/arm6_v2_combab_alignT/leg_100k
[09-14 13:51:06] [#412] arm k3_r100_09_lr56_ramp665k_dec10k arch=384 3 3 k=3 reduce=sum ema='0.9 1.0 665000' decay='1.0 0.0 10000' seed=20260520 batch=64 lr=5.6e-4 align=teacher OK — all eight reached the trainer
[09-14 13:51:06] [#412] arm k3_r100_09_lr56_ramp665k_dec10k AUC gate pid 1688500 — window 500, threshold 0.55, warmup 1786
[09-14 17:55:33] [arm6_v2_combab_alignT] DONE target=100000 (66M) -> /home/jupyter/checkpoints_backup/cf-412/k3_r100_09_lr56_ramp665k_dec10k/arm6_v2_combab_alignT/leg_100k/cf393_arm6_v2_combab_alignT_cf373k3_cf412_k3_r100_09_lr56_ramp665k_dec10k_100k.pth
/tmp/contrastive-forecasting-412/reports/2026-09-06_moirai_small_size/scripts/run_arm.sh: line 256: P): command not found
/tmp/contrastive-forecasting-412/reports/2026-09-06_moirai_small_size/scripts/run_arm.sh: line 257: syntax error near unexpected token `fi'
/tmp/contrastive-forecasting-412/reports/2026-09-06_moirai_small_size/scripts/run_arm.sh: line 257: `fi'
[09-14 17:55:33] [#412 phase1] backbone k3_r100_09_lr56_ramp665k_dec10k stop 100000 FAILED rc=2
[09-14 17:55:33] [#412 phase1] backbone k3_r100_09_lr56_ramp665k_dec10k -> 200000 (gpu 0 holds the 7700 MiB it needs)
[09-14 17:55:33] [#412] arm k3_r100_09_lr56_ramp665k_dec10k arch='--d-model 384 --n-heads 8 --num-layers 3 --num-encoder-layers 3' k=3 reduce=sum ema='--ema-tau 0.9 --ema-tau-end 1.0 --ema-tau-ramp-steps 665000' decay='--rep-loss-weight 1.0 --rep-loss-weight-end 0.0 --rep-loss-weight-ramp-steps 10000' seed=20260520 lr=5.6e-4 -> 200000 steps on gpu 0
[09-14 17:55:33] [arm6_v2_combab_alignT] RESUME from cf393_arm6_v2_combab_alignT_cf373k3_cf412_k3_r100_09_lr56_ramp665k_dec10k_100k.pth (step 100k)
[09-14 17:55:34] [arm6_v2_combab_alignT] START target=200000 gpu=0 save_every=20000 leg=/home/jupyter/checkpoints_backup/cf-412/k3_r100_09_lr56_ramp665k_dec10k/arm6_v2_combab_alignT/leg_200k
[09-14 17:55:39] [#412] arm k3_r100_09_lr56_ramp665k_dec10k arch=384 3 3 k=3 reduce=sum ema='0.9 1.0 665000' decay='1.0 0.0 10000' seed=20260520 batch=64 lr=5.6e-4 align=teacher OK — all eight reached the trainer
[09-14 17:55:39] [#412] arm k3_r100_09_lr56_ramp665k_dec10k AUC gate pid 2034387 — window 500, threshold 0.55, warmup 1786
