[09-10 23:49:25] [#412 phase1] arms: k3_r100_09_lr56_dec
[09-10 23:49:25] [#412 phase1] stops: 100000 200000  gpu: 0
[#412 vram] gpu 0 has 3426 MiB free, backbone k3_r100_09_lr56_dec needs 7700
[#412 vram] gpu 0 has 3426 MiB free, backbone k3_r100_09_lr56_dec needs 7700
[#412 vram] gpu 0 has 3426 MiB free, backbone k3_r100_09_lr56_dec needs 7700
[#412 vram] gpu 0 has 3426 MiB free, backbone k3_r100_09_lr56_dec needs 7700
[#412 vram] gpu 0 has 3426 MiB free, backbone k3_r100_09_lr56_dec needs 7700
[#412 vram] gpu 0 has 3426 MiB free, backbone k3_r100_09_lr56_dec needs 7700
[#412 vram] gpu 0 has 3426 MiB free, backbone k3_r100_09_lr56_dec needs 7700
[#412 vram] gpu 0 has 3426 MiB free, backbone k3_r100_09_lr56_dec needs 7700
[#412 vram] gpu 0 has 9682 MiB free after 4680s — backbone k3_r100_09_lr56_dec starts
[09-11 01:07:27] [#412 phase1] backbone k3_r100_09_lr56_dec -> 100000 (gpu 0 holds the 7700 MiB it needs)
[09-11 01:07:27] [#412] arm k3_r100_09_lr56_dec arch='--d-model 384 --n-heads 8 --num-layers 3 --num-encoder-layers 3' k=3 reduce=sum ema='--ema-tau 0.9 --ema-tau-end 1.0 --ema-tau-ramp-steps 100000' decay='--rep-loss-weight 1.0 --rep-loss-weight-end 0.0 --rep-loss-weight-ramp-steps 2000' seed=20260520 lr=5.6e-4 -> 100000 steps on gpu 0
[09-11 01:07:27] [arm6_v2_combab_alignT] RESUME from cf393_arm6_v2_combab_alignT_cf373k3_cf412_k3_r100_09_lr56_dec_40k.pth (step 40k)
[09-11 01:07:27] [arm6_v2_combab_alignT] START target=100000 gpu=0 save_every=20000 leg=/home/jupyter/checkpoints_backup/cf-412/k3_r100_09_lr56_dec/arm6_v2_combab_alignT/leg_100k
[09-11 01:07:32] [#412] arm k3_r100_09_lr56_dec arch=384 3 3 k=3 reduce=sum ema='0.9 1.0 100000' decay='1.0 0.0 2000' seed=20260520 batch=64 lr=5.6e-4 align=teacher OK — all eight reached the trainer
[09-11 01:07:32] [#412] arm k3_r100_09_lr56_dec AUC gate pid 3353801 — window 500, threshold 0.55, warmup 1786
[09-11 05:47:43] [arm6_v2_combab_alignT] DONE target=100000 (66M) -> /home/jupyter/checkpoints_backup/cf-412/k3_r100_09_lr56_dec/arm6_v2_combab_alignT/leg_100k/cf393_arm6_v2_combab_alignT_cf373k3_cf412_k3_r100_09_lr56_dec_100k.pth
[09-11 05:47:44] [#412] arm k3_r100_09_lr56_dec stop=100000 rc=0
[09-11 05:47:44] [#412 phase1] head k3_r100_09_lr56_dec bb100000
[09-11 05:47:44] [#412] head k3_r100_09_lr56_dec_bb100k_h30k_student on cf393_arm6_v2_combab_alignT_cf373k3_cf412_k3_r100_09_lr56_dec_100k.pth
[09-11 05:47:44] [k3_r100_09_lr56_dec_bb100k_h30k_student] head-train start enc=student steps=30000 seed=20260722 gpu=0 bb=cf393_arm6_v2_combab_alignT_cf373k3_cf412_k3_r100_09_lr56_dec_100k.pth
[09-11 07:21:08] [k3_r100_09_lr56_dec_bb100k_h30k_student] head-train rc=0
[09-11 07:21:08] [k3_r100_09_lr56_dec_bb100k_h30k_student] eval start (97 configs, B4, forecast-len 16, elisa CPUs)
[09-11 10:56:18] [k3_r100_09_lr56_dec_bb100k_h30k_student] eval rc=0
[09-11 10:56:18] [k3_r100_09_lr56_dec_bb100k_h30k_student] DONE — GM-Relative MASE 1.3507
[09-11 10:56:18] [#412] head k3_r100_09_lr56_dec_bb100k_h30k_student rc=0
[#412 vram] gpu 0 has 725 MiB free, backbone k3_r100_09_lr56_dec needs 7700
[#412 vram] gpu 0 has 7200 MiB free, backbone k3_r100_09_lr56_dec needs 7700
[#412 vram] gpu 0 has 7200 MiB free, backbone k3_r100_09_lr56_dec needs 7700
[#412 vram] gpu 0 has 7200 MiB free, backbone k3_r100_09_lr56_dec needs 7700
[#412 vram] gpu 0 has 7200 MiB free, backbone k3_r100_09_lr56_dec needs 7700
[#412 vram] gpu 0 has 7200 MiB free, backbone k3_r100_09_lr56_dec needs 7700
[#412 vram] gpu 0 has 7200 MiB free, backbone k3_r100_09_lr56_dec needs 7700
[#412 vram] gpu 0 has 7200 MiB free, backbone k3_r100_09_lr56_dec needs 7700
[#412 vram] gpu 0 has 7200 MiB free, backbone k3_r100_09_lr56_dec needs 7700
[#412 vram] gpu 0 has 7200 MiB free, backbone k3_r100_09_lr56_dec needs 7700
[#412 vram] gpu 0 has 7200 MiB free, backbone k3_r100_09_lr56_dec needs 7700
[#412 vram] gpu 0 has 13464 MiB free after 6120s — backbone k3_r100_09_lr56_dec starts
[09-11 12:38:20] [#412 phase1] backbone k3_r100_09_lr56_dec -> 200000 (gpu 0 holds the 7700 MiB it needs)
[09-11 12:38:20] [#412] arm k3_r100_09_lr56_dec arch='--d-model 384 --n-heads 8 --num-layers 3 --num-encoder-layers 3' k=3 reduce=sum ema='--ema-tau 0.9 --ema-tau-end 1.0 --ema-tau-ramp-steps 100000' decay='--rep-loss-weight 1.0 --rep-loss-weight-end 0.0 --rep-loss-weight-ramp-steps 2000' seed=20260520 lr=5.6e-4 -> 200000 steps on gpu 0
[09-11 12:38:20] [arm6_v2_combab_alignT] RESUME from cf393_arm6_v2_combab_alignT_cf373k3_cf412_k3_r100_09_lr56_dec_100k.pth (step 100k)
[09-11 12:38:20] [arm6_v2_combab_alignT] START target=200000 gpu=0 save_every=20000 leg=/home/jupyter/checkpoints_backup/cf-412/k3_r100_09_lr56_dec/arm6_v2_combab_alignT/leg_200k
[09-11 12:38:25] [#412] arm k3_r100_09_lr56_dec arch=384 3 3 k=3 reduce=sum ema='0.9 1.0 100000' decay='1.0 0.0 2000' seed=20260520 batch=64 lr=5.6e-4 align=teacher OK — all eight reached the trainer
[09-11 12:38:25] [#412] arm k3_r100_09_lr56_dec AUC gate pid 129201 — window 500, threshold 0.55, warmup 1786
[09-11 14:33:14] [arm6_v2_combab_alignT] train exited rc=1 — tail:   File "/home/jupyter/.local/lib/python3.10/site-packages/torch/nn/modules/rnn.py", line 1391, in forward     result = _VF.gru( torch.OutOfMemoryError: CUDA out of memory. Tried to allocate 4.32 GiB. GPU 0 has a total capacity of 23.64 GiB of which 4.32 GiB is free. Process 4129154 has 4.38 GiB memory in use. Process 128121 has 6.11 GiB memory in use. Including non-PyTorch memory, this process has 1.42 GiB memory in use. Process 130019 has 7.41 GiB memory in use. Of the allocated memory 678.10 MiB is allocated by PyTorch, and 295.90 MiB is reserved by PyTorch but unallocated. If reserved but unallocated memory is large try setting PYTORCH_CUDA_ALLOC_CONF=expandable_segments:True to avoid fragmentation.  See documentation for Memory Management  (https://pytorch.org/docs/stable/notes/cuda.html#environment-variables) 
[09-11 14:33:14] [#412] arm k3_r100_09_lr56_dec stop=200000 rc=1
[09-11 14:33:14] [#412 phase1] backbone k3_r100_09_lr56_dec stop 200000 FAILED rc=1
[09-11 14:33:14] [#412 phase1] phase1 done — 1 failure(s)
