[09-14 01:38:21] pid 3215914 gone — gpu 1 holds 18166 MiB
[09-14 01:38:21] [#412 phase1] arms: k3_r100_09_lr56_dec
[09-14 01:38:21] [#412 phase1] stops: 300000 400000  gpu: 1
[09-14 01:38:21] [#412 phase1] backbone k3_r100_09_lr56_dec -> 300000 (gpu 1 holds the 7700 MiB it needs)
[09-14 01:38:21] [#412] arm k3_r100_09_lr56_dec arch='--d-model 384 --n-heads 8 --num-layers 3 --num-encoder-layers 3' k=3 reduce=sum ema='--ema-tau 0.9 --ema-tau-end 1.0 --ema-tau-ramp-steps 100000' decay='--rep-loss-weight 1.0 --rep-loss-weight-end 0.0 --rep-loss-weight-ramp-steps 2000' seed=20260520 lr=5.6e-4 -> 300000 steps on gpu 1
[09-14 01:38:21] [arm6_v2_combab_alignT] RESUME from cf393_arm6_v2_combab_alignT_cf373k3_cf412_k3_r100_09_lr56_dec_r4_200k.pth (step 200k)
[09-14 01:38:21] [arm6_v2_combab_alignT] START target=300000 gpu=1 save_every=20000 leg=/home/jupyter/checkpoints_backup/cf-412/k3_r100_09_lr56_dec/arm6_v2_combab_alignT/leg_300k
[09-14 01:38:26] [#412] arm k3_r100_09_lr56_dec arch=384 3 3 k=3 reduce=sum ema='0.9 1.0 100000' decay='1.0 0.0 2000' seed=20260520 batch=64 lr=5.6e-4 align=teacher OK — all eight reached the trainer
[09-14 01:38:26] [#412] arm k3_r100_09_lr56_dec AUC gate pid 790897 — window 500, threshold 0.55, warmup 1786
[09-14 08:37:05] [arm6_v2_combab_alignT] DONE target=300000 (66M) -> /home/jupyter/checkpoints_backup/cf-412/k3_r100_09_lr56_dec/arm6_v2_combab_alignT/leg_300k/cf393_arm6_v2_combab_alignT_cf373k3_cf412_k3_r100_09_lr56_dec_300k.pth
[09-14 08:37:05] [#412] arm k3_r100_09_lr56_dec stop=300000 rc=0
[09-14 08:37:05] [#412 phase1] head k3_r100_09_lr56_dec bb300000
[09-14 08:37:05] [#412] head k3_r100_09_lr56_dec_bb300k_h30k_student on cf393_arm6_v2_combab_alignT_cf373k3_cf412_k3_r100_09_lr56_dec_300k.pth
[09-14 08:37:05] [k3_r100_09_lr56_dec_bb300k_h30k_student] head-train start enc=student steps=30000 seed=20260722 gpu=1 bb=cf393_arm6_v2_combab_alignT_cf373k3_cf412_k3_r100_09_lr56_dec_300k.pth
[09-14 10:09:23] [k3_r100_09_lr56_dec_bb300k_h30k_student] head-train rc=0
[09-14 10:09:23] [k3_r100_09_lr56_dec_bb300k_h30k_student] eval start (97 configs, B4, forecast-len 16, elisa CPUs)
[09-14 14:22:17] [k3_r100_09_lr56_dec_bb300k_h30k_student] eval rc=0
[09-14 14:22:17] [k3_r100_09_lr56_dec_bb300k_h30k_student] DONE — GM-Relative MASE 1.3490
[09-14 14:22:17] [#412] head k3_r100_09_lr56_dec_bb300k_h30k_student rc=0
[09-14 14:22:17] [#412 phase1] backbone k3_r100_09_lr56_dec -> 400000 (gpu 1 holds the 7700 MiB it needs)
[09-14 14:22:17] [#412] arm k3_r100_09_lr56_dec arch='--d-model 384 --n-heads 8 --num-layers 3 --num-encoder-layers 3' k=3 reduce=sum ema='--ema-tau 0.9 --ema-tau-end 1.0 --ema-tau-ramp-steps 100000' decay='--rep-loss-weight 1.0 --rep-loss-weight-end 0.0 --rep-loss-weight-ramp-steps 2000' seed=20260520 lr=5.6e-4 -> 400000 steps on gpu 1
[09-14 14:22:17] [arm6_v2_combab_alignT] RESUME from cf393_arm6_v2_combab_alignT_cf373k3_cf412_k3_r100_09_lr56_dec_300k.pth (step 300k)
[09-14 14:22:17] [arm6_v2_combab_alignT] START target=400000 gpu=1 save_every=20000 leg=/home/jupyter/checkpoints_backup/cf-412/k3_r100_09_lr56_dec/arm6_v2_combab_alignT/leg_400k
[09-14 14:22:22] [#412] arm k3_r100_09_lr56_dec arch=384 3 3 k=3 reduce=sum ema='0.9 1.0 100000' decay='1.0 0.0 2000' seed=20260520 batch=64 lr=5.6e-4 align=teacher OK — all eight reached the trainer
[09-14 14:22:22] [#412] arm k3_r100_09_lr56_dec AUC gate pid 1724983 — window 500, threshold 0.55, warmup 1786
[09-14 21:40:14] [arm6_v2_combab_alignT] DONE target=400000 (66M) -> /home/jupyter/checkpoints_backup/cf-412/k3_r100_09_lr56_dec/arm6_v2_combab_alignT/leg_400k/cf393_arm6_v2_combab_alignT_cf373k3_cf412_k3_r100_09_lr56_dec_400k.pth
/tmp/contrastive-forecasting-412/reports/2026-09-06_moirai_small_size/scripts/run_arm.sh: line 256: P): command not found
/tmp/contrastive-forecasting-412/reports/2026-09-06_moirai_small_size/scripts/run_arm.sh: line 257: syntax error near unexpected token `fi'
/tmp/contrastive-forecasting-412/reports/2026-09-06_moirai_small_size/scripts/run_arm.sh: line 257: `fi'
[09-14 21:40:14] [#412 phase1] backbone k3_r100_09_lr56_dec stop 400000 FAILED rc=2
[09-14 21:40:14] [#412 phase1] phase1 done — 1 failure(s)
