Command line: /tmp/contrastive-forecasting-412/experiments/2026-04-27_freq-embedding/scripts/train.py --qk-norm --attn-out-norm --batch-size 64 --device cuda --total-steps 40000 --lr 1e-3 --weight-decay 0.1 --adam-beta1 0.9 --adam-beta2 0.98 --seed 20260520 --save-every 20000 --extra-save-steps 40000 --save-dir /home/jupyter/checkpoints_backup/cf-412/k3_r100_09_lr56/arm6_v2_combab_alignT/leg_40k --run-name cf393_arm6_v2_combab_alignT_cf373k3_cf412_k3_r100_09_lr56 --log-every 200 --hf-repo jeremycochoy/gift-pretrain-full-4096 --hf-path small_v1 --t-raw 4096 --n-channels 1 --d-model 64 --n-heads 8 --num-encoder-layers 3 --num-layers 3 --encoder-dropkey 0.70 --encoder-dropkey-share-heads --encoder-dropkey-share-layers --depthwise-conv 3 --deprecated-depthwise-conv 0 --loss-shape cosine_similarity_batch_rep_only --align-loss-weight 1.0 --moco-rep-keys --tau-rep 1.0 --align-target teacher --ema-embedding --ema-encoder --ema-tau 0.9 --ema-tau-end 1.0 --ema-tau-ramp-steps 100000 --cpc-infonce-weight 1.0 --sigreg-embedding --sigreg-encoding --sigreg-n-chunk 2048 --sigreg-embedding-weight 1.0 --sigreg-encoding-weight 1.0 --tau 0.10 --rev-norm-kind ewma --rev-norm-span 128 --encoder-type gru --synth-kind forked-arma --mix-ratio 0.0078125 --crossfade-triplets 1 --mixup-p 0.3 --freq-emb-dim 3 --seasonality-emb-dim 3 --log-attn-amplitude --log-attn-amplitude-every 200 --residual-dtype fp32 --attn-dtype fp16 --ffn-dtype fp16 --conv-dtype fp16 --patch-emb-dtype fp32 --train-rollout-depth 3 --cpc-infonce-weight 0.0 --d-model 384 --n-heads 8 --num-layers 3 --num-encoder-layers 3 --train-rollout-reduce sum --batch-size 64 --lr 5.6e-4
Device: cuda | Params: 11,431,548
Training for 40000 steps, bs=64, lr=0.00056, T=4096, C=1, mix_ratio=0.0078125, freq_emb_dim=3, seasonality_emb_dim=3, mixup_p=0.3, rev_norm_kind=ewma(span=128), patch_stats=none, encoder_type=gru
Checkpoints: /home/jupyter/checkpoints_backup/cf-412/k3_r100_09_lr56/arm6_v2_combab_alignT/leg_40k/cf393_arm6_v2_combab_alignT_cf373k3_cf412_k3_r100_09_lr56_*.pth
Loss CSV: /home/jupyter/checkpoints_backup/cf-412/k3_r100_09_lr56/arm6_v2_combab_alignT/leg_40k/cf393_arm6_v2_combab_alignT_cf373k3_cf412_k3_r100_09_lr56_losses.csv
Latent-drift CSV: /home/jupyter/checkpoints_backup/cf-412/k3_r100_09_lr56/arm6_v2_combab_alignT/leg_40k/cf393_arm6_v2_combab_alignT_cf373k3_cf412_k3_r100_09_lr56_latent_drift.csv (every 20000 steps, probe_bs=64, probe_seed=20260722)
Attn-amplitude CSV: /home/jupyter/checkpoints_backup/cf-412/k3_r100_09_lr56/arm6_v2_combab_alignT/leg_40k/cf393_arm6_v2_combab_alignT_cf373k3_cf412_k3_r100_09_lr56_attn_amplitude.csv (every 200 steps)
Data: MIX 99% HF + 1% synth (forked-arma) + 0% crossfade + 1 triplet(s)=3 rows, hf_bs=64, synth_bs=0, cross_bs=0, total_bs=67
[    200] loss=12.5736  ema_loss=13.7484  gap=-0.0730  ema_gap=-0.1377  mixup=61/200  2.4 sps  ETA 4.5h
              R²_rand=0.8559  R²_naive=0.2703  U_t=0.0055  U_b=0.0279  AUC=0.9974  Top1=0.8353
  timing: data=43.4ms  fwd=193.5ms  bwd=124.3ms  total=362.4ms
  -> Saved /home/jupyter/checkpoints_backup/cf-412/k3_r100_09_lr56/arm6_v2_combab_alignT/leg_40k/cf393_arm6_v2_combab_alignT_cf373k3_cf412_k3_r100_09_lr56_best_gap.pth
  -> Saved /home/jupyter/checkpoints_backup/cf-412/k3_r100_09_lr56/arm6_v2_combab_alignT/leg_40k/cf393_arm6_v2_combab_alignT_cf373k3_cf412_k3_r100_09_lr56_best_loss.pth
[    400] loss=12.6255  ema_loss=12.7978  gap=-0.0643  ema_gap=-0.0759  mixup=46/200  2.5 sps  ETA 4.4h
              R²_rand=0.8719  R²_naive=0.2679  U_t=0.0050  U_b=0.0264  AUC=0.9975  Top1=0.8668
  timing: data=8.9ms  fwd=197.5ms  bwd=120.8ms  total=328.3ms
  -> Saved /home/jupyter/checkpoints_backup/cf-412/k3_r100_09_lr56/arm6_v2_combab_alignT/leg_40k/cf393_arm6_v2_combab_alignT_cf373k3_cf412_k3_r100_09_lr56_best_gap.pth
  -> Saved /home/jupyter/checkpoints_backup/cf-412/k3_r100_09_lr56/arm6_v2_combab_alignT/leg_40k/cf393_arm6_v2_combab_alignT_cf373k3_cf412_k3_r100_09_lr56_best_loss.pth
[    600] loss=12.7153  ema_loss=12.6450  gap=-0.0552  ema_gap=-0.0602  mixup=60/200  2.6 sps  ETA 4.3h
              R²_rand=0.8522  R²_naive=0.2478  U_t=0.0050  U_b=0.0240  AUC=0.9976  Top1=0.8551
  timing: data=8.5ms  fwd=193.3ms  bwd=117.2ms  total=320.1ms
  -> Saved /home/jupyter/checkpoints_backup/cf-412/k3_r100_09_lr56/arm6_v2_combab_alignT/leg_40k/cf393_arm6_v2_combab_alignT_cf373k3_cf412_k3_r100_09_lr56_best_gap.pth
  -> Saved /home/jupyter/checkpoints_backup/cf-412/k3_r100_09_lr56/arm6_v2_combab_alignT/leg_40k/cf393_arm6_v2_combab_alignT_cf373k3_cf412_k3_r100_09_lr56_best_loss.pth
