[08-23 09:47:33] [#409] head dec_s20_bb40k_h30k_student on cf393_arm6_v2_combab_alignT_cf373k32_cf409_dec_s20_40k.pth
[08-23 09:48:29] [#409] head dec_s22_bb40k_h30k_student on cf393_arm6_v2_combab_alignT_cf373k32_cf409_dec_s22_40k.pth
[08-23 09:50:34] [#409] head dec_s24_bb40k_h30k_student on cf393_arm6_v2_combab_alignT_cf373k32_cf409_dec_s24_40k.pth
[08-23 12:31:21] [#409] head dec_s20_bb40k_h30k_student rc=0
[08-23 14:06:19] [#409] head dec_s22_bb40k_h30k_student rc=0
[08-23 15:22:11] [#409] head dec_s24_bb40k_h30k_student on cf393_arm6_v2_combab_alignT_cf373k32_cf409_dec_s24_40k.pth
[08-23 16:05:14] [#409] head dec_s24_bb40k_h30k_student rc=0
[08-25 01:36:25] [#409] head dec_m099_fix_bb40k_h30k_student on cf393_arm6_v2_combab_alignT_cf373k32_cf409_dec_m099_fix_r2_40k.pth
[08-25 03:53:25] [#409] head dec_m099_fix_bb40k_h30k_student rc=0
[08-25 04:12:09] [#409] head dec_m080_r200_bb40k_h30k_student on cf393_arm6_v2_combab_alignT_cf373k32_cf409_dec_m080_r200_40k.pth
[08-25 06:23:56] [#409] head dec_m080_r200_bb40k_h30k_student rc=0
[08-25 13:08:21] [#409] head dec_m070_fix_bb40k_h30k_student on cf393_arm6_v2_combab_alignT_cf373k32_cf409_dec_m070_fix_40k.pth
[08-25 15:37:25] [#409] head dec_m070_fix_bb40k_h30k_student rc=0
[08-25 16:08:02] [#409] head dec_s20_bb40k_h30k_student on cf393_arm6_v2_combab_alignT_cf373k32_cf409_dec_s20_40k.pth
[08-25 16:08:02] [#409] head dec_s20_bb40k_h30k_student rc=0
[08-25 23:42:28] [#409] head dec_ramp30k_m080_bb40k_h30k_student on cf393_arm6_v2_combab_alignT_cf373k32_cf409_dec_ramp30k_m080_r2_40k.pth
[08-26 02:07:29] [#409] head dec_ramp30k_m080_bb40k_h30k_student rc=0
[08-26 08:40:42] [#409] head dec_ramp20k_m080_bb40k_h30k_student on cf393_arm6_v2_combab_alignT_cf373k32_cf409_dec_ramp20k_m080_40k.pth
[08-26 11:03:08] [#409] head dec_ramp20k_m080_bb40k_h30k_student rc=0
[08-26 21:02:55] [#409] head dec_ramp5k_m080_bb40k_h30k_student on cf393_arm6_v2_combab_alignT_cf373k32_cf409_dec_ramp5k_m080_40k.pth
[08-26 23:53:58] [#409] head dec_ramp5k_m080_bb40k_h30k_student rc=0
[08-27 08:16:37] [#409] head dec_m080_r200_s24_bb40k_h30k_student on cf393_arm6_v2_combab_alignT_cf373k32_cf409_dec_m080_r200_s24_40k.pth
[08-27 10:57:36] [#409] head dec_m080_r200_s24_bb40k_h30k_student rc=0
[08-31 07:48:01] [#409] head dec_m090r100_ramp2k_bb80k_h30k_student on cf393_arm6_v2_combab_alignT_cf373k32_cf409_dec_m090r100_ramp2k_80k.pth
[08-31 07:48:05] [#409] head dec_m090r100_ramp2k_bb80k_h30k_student rc=0
[08-31 07:48:26] [#409] head dec_m090r100_ramp1k_bb80k_h30k_student on cf393_arm6_v2_combab_alignT_cf373k32_cf409_dec_m090r100_ramp1k_80k.pth
[08-31 07:48:30] [#409] head dec_m090r100_ramp1k_bb80k_h30k_student rc=0
[08-31 21:31:51] [#409] head dec_f090_r2k_bb40k_h30k_student on cf393_arm6_v2_combab_alignT_cf373k32_cf409_dec_f090_r2k_40k.pth
[08-31 22:06:09] [#409] head dec_f094_r2k_bb40k_h30k_student on cf393_arm6_v2_combab_alignT_cf373k32_cf409_dec_f094_r2k_40k.pth
[08-31 23:53:07] [#409] head dec_f090_r2k_bb40k_h30k_student rc=0
[09-01 02:34:50] [#409] head dec_f094_r2k_bb40k_h30k_student rc=0
[09-02 05:57:28] [#409] head dec_f086_r2k_bb40k_h30k_student on cf393_arm6_v2_combab_alignT_cf373k32_cf409_dec_f086_r2k_40k.pth
[09-02 08:20:23] [#409] head dec_f086_r2k_bb40k_h30k_student rc=0
[09-02 18:35:36] [#409] head dec_m090r100_ramp2k_bb200k_h30k_student on cf393_arm6_v2_combab_alignT_cf373k32_cf409_dec_m090r100_ramp2k_200k.pth
[09-02 20:54:27] [#409] head dec_m090r100_ramp2k_bb200k_h30k_student rc=0
[09-04 22:54:57] [#409] head dec_m090r100_ramp2k_bb200k_h30k_student on cf393_arm6_v2_combab_alignT_cf373k32_cf409_dec_m090r100_ramp2k_200k.pth
[09-04 22:54:57] [#409] head dec_m090r100_ramp2k_bb200k_h30k_student rc=0
