[08-31 22:06:09] [#409] head dec_f094_r2k_bb40k_h30k_student on cf393_arm6_v2_combab_alignT_cf373k32_cf409_dec_f094_r2k_40k.pth
[08-31 22:06:09] [dec_f094_r2k_bb40k_h30k_student] waiting for VRAM on GPU 0: 5853 MiB free, need 7000
[08-31 22:16:10] [dec_f094_r2k_bb40k_h30k_student] waiting for VRAM on GPU 0: 5853 MiB free, need 7000
[08-31 22:26:10] [dec_f094_r2k_bb40k_h30k_student] waiting for VRAM on GPU 0: 5853 MiB free, need 7000
[08-31 22:36:10] [dec_f094_r2k_bb40k_h30k_student] waiting for VRAM on GPU 0: 5853 MiB free, need 7000
[08-31 22:46:11] [dec_f094_r2k_bb40k_h30k_student] waiting for VRAM on GPU 0: 5853 MiB free, need 7000
[08-31 22:56:11] [dec_f094_r2k_bb40k_h30k_student] waiting for VRAM on GPU 0: 6309 MiB free, need 7000
[08-31 23:06:11] [dec_f094_r2k_bb40k_h30k_student] waiting for VRAM on GPU 0: 6764 MiB free, need 7000
[08-31 23:16:12] [dec_f094_r2k_bb40k_h30k_student] waiting for VRAM on GPU 0: 6764 MiB free, need 7000
[08-31 23:26:12] [dec_f094_r2k_bb40k_h30k_student] waiting for VRAM on GPU 0: 6764 MiB free, need 7000
[08-31 23:36:13] [dec_f094_r2k_bb40k_h30k_student] waiting for VRAM on GPU 0: 6309 MiB free, need 7000
[08-31 23:46:13] [dec_f094_r2k_bb40k_h30k_student] waiting for VRAM on GPU 0: 6764 MiB free, need 7000
[08-31 23:56:13] [dec_f094_r2k_bb40k_h30k_student] waiting for VRAM on GPU 0: 6764 MiB free, need 7000
[09-01 00:06:14] [dec_f094_r2k_bb40k_h30k_student] waiting for VRAM on GPU 0: 5853 MiB free, need 7000
[09-01 00:16:14] [dec_f094_r2k_bb40k_h30k_student] waiting for VRAM on GPU 0: 6309 MiB free, need 7000
[09-01 00:26:14] [dec_f094_r2k_bb40k_h30k_student] waiting for VRAM on GPU 0: 6309 MiB free, need 7000
[09-01 00:26:44] [dec_f094_r2k_bb40k_h30k_student] GPU 0 has 11872 MiB free after 8430s
[09-01 00:26:44] [dec_f094_r2k_bb40k_h30k_student] head-train start enc=student steps=30000 seed=20260722 gpu=0 bb=cf393_arm6_v2_combab_alignT_cf373k32_cf409_dec_f094_r2k_40k.pth
[09-01 01:25:37] [dec_f094_r2k_bb40k_h30k_student] head-train rc=0
[09-01 01:25:37] [dec_f094_r2k_bb40k_h30k_student] eval start (97 configs, B4, forecast-len 16, elisa CPUs)
[09-01 02:34:50] [dec_f094_r2k_bb40k_h30k_student] eval rc=0
[09-01 02:34:50] [dec_f094_r2k_bb40k_h30k_student] DONE — GM-Relative MASE 1.3167
[09-01 02:34:50] [#409] head dec_f094_r2k_bb40k_h30k_student rc=0
