[08-23 02:28:43] [#409 lane 1] head queue on — one head at a time, worker pid 264955
[08-23 02:28:43] [#409 lane 1] arm dec_s20 -> 40000
[08-23 02:28:43] [#409] arm dec_s20 decay='--rep-loss-weight 1.0 --rep-loss-weight-end 0.0 --rep-loss-weight-ramp-steps 10000' seed=20260520 reduce=mean target=teacher -> 40000 steps on gpu 1
[08-23 02:28:43] [arm6_v2_combab_alignT] FRESH start at step 0
[08-23 02:28:44] [arm6_v2_combab_alignT] START target=40000 gpu=1 save_every=20000 leg=/home/jupyter/checkpoints_backup/cf-409/dec_s20/arm6_v2_combab_alignT/leg_40k
[08-23 02:28:48] [#409] arm dec_s20 decay='1.0 0.0 10000' seed=20260520 target=teacher reduce=mean ema='0.9 1.0 100000' OK — all five reached the trainer
[08-23 02:28:48] [#409] arm dec_s20 AUC gate pid 265342 — window 500, threshold 0.55, warmup 1000
[08-23 02:30:43] [#409 lane 1] head queue on — one head at a time, worker pid 267809
[08-23 02:30:43] [#409 lane 1] arm dec_s24 -> 40000
[08-23 02:30:43] [#409] arm dec_s24 decay='--rep-loss-weight 1.0 --rep-loss-weight-end 0.0 --rep-loss-weight-ramp-steps 10000' seed=20260524 reduce=mean target=teacher -> 40000 steps on gpu 1
[08-23 02:30:43] [arm6_v2_combab_alignT] FRESH start at step 0
[08-23 02:30:44] [arm6_v2_combab_alignT] START target=40000 gpu=1 save_every=20000 leg=/home/jupyter/checkpoints_backup/cf-409/dec_s24/arm6_v2_combab_alignT/leg_40k
[08-23 02:30:48] [#409] arm dec_s24 decay='1.0 0.0 10000' seed=20260524 target=teacher reduce=mean ema='0.9 1.0 100000' OK — all five reached the trainer
[08-23 02:30:48] [#409] arm dec_s24 AUC gate pid 268333 — window 500, threshold 0.55, warmup 1000
[08-23 02:32:43] [#409 lane 1] head queue on — one head at a time, worker pid 270663
[08-23 02:32:43] [#409 lane 1] arm dec_s22 -> 40000
[08-23 02:32:43] [#409] arm dec_s22 decay='--rep-loss-weight 1.0 --rep-loss-weight-end 0.0 --rep-loss-weight-ramp-steps 10000' seed=20260522 reduce=mean target=teacher -> 40000 steps on gpu 1
[08-23 02:32:43] [arm6_v2_combab_alignT] FRESH start at step 0
[08-23 02:32:44] [arm6_v2_combab_alignT] START target=40000 gpu=1 save_every=20000 leg=/home/jupyter/checkpoints_backup/cf-409/dec_s22/arm6_v2_combab_alignT/leg_40k
[08-23 02:32:48] [#409] arm dec_s22 decay='1.0 0.0 10000' seed=20260522 target=teacher reduce=mean ema='0.9 1.0 100000' OK — all five reached the trainer
[08-23 02:32:48] [#409] arm dec_s22 AUC gate pid 271319 — window 500, threshold 0.55, warmup 1000
[08-23 09:47:31] [arm6_v2_combab_alignT] DONE target=40000 (5.0M) -> /home/jupyter/checkpoints_backup/cf-409/dec_s20/arm6_v2_combab_alignT/leg_40k/cf393_arm6_v2_combab_alignT_cf373k32_cf409_dec_s20_40k.pth
[08-23 09:47:33] [#409] arm dec_s20 stop=40000 rc=0
[08-23 09:47:33] [#409 lane 1] head dec_s20 stop=40000 (queued)
[08-23 09:47:33] [#409 lane 1] head dec_s20 stop=40000 start
[08-23 09:47:33] [#409 lane 1] arm dec_s23 -> 40000
[08-23 09:47:33] [#409] arm dec_s23 decay='--rep-loss-weight 1.0 --rep-loss-weight-end 0.0 --rep-loss-weight-ramp-steps 10000' seed=20260523 reduce=mean target=teacher -> 40000 steps on gpu 1
[08-23 09:47:33] [arm6_v2_combab_alignT] FRESH start at step 0
[08-23 09:47:33] [arm6_v2_combab_alignT] HOLD: session capped at 1000; not starting the 40000 leg
[08-23 09:47:38] [#409] arm dec_s23 AUC gate pid 683960 — window 500, threshold 0.55, warmup 1000
[08-23 09:47:40] [#409] arm dec_s23 stop=40000 rc=9
[08-23 09:47:40] [#409 lane 1] arm dec_s23 stop=40000 rc=9 — no head for this arm
[08-23 09:47:40] [#409 lane 1] waiting for the head queue to drain
[08-23 09:48:27] [arm6_v2_combab_alignT] DONE target=40000 (5.0M) -> /home/jupyter/checkpoints_backup/cf-409/dec_s22/arm6_v2_combab_alignT/leg_40k/cf393_arm6_v2_combab_alignT_cf373k32_cf409_dec_s22_40k.pth
[08-23 09:48:29] [#409] arm dec_s22 stop=40000 rc=0
[08-23 09:48:29] [#409 lane 1] head dec_s22 stop=40000 (queued)
[08-23 09:48:29] [#409 lane 1] arm dec_s26 -> 40000
[08-23 09:48:29] [#409 lane 1] head dec_s22 stop=40000 start
[08-23 09:48:29] [#409] arm dec_s26 decay='--rep-loss-weight 1.0 --rep-loss-weight-end 0.0 --rep-loss-weight-ramp-steps 10000' seed=20260526 reduce=mean target=teacher -> 40000 steps on gpu 1
[08-23 09:48:29] [arm6_v2_combab_alignT] FRESH start at step 0
[08-23 09:48:29] [arm6_v2_combab_alignT] HOLD: session capped at 1000; not starting the 40000 leg
[08-23 09:48:34] [#409] arm dec_s26 AUC gate pid 684950 — window 500, threshold 0.55, warmup 1000
[08-23 09:48:36] [#409] arm dec_s26 stop=40000 rc=9
[08-23 09:48:36] [#409 lane 1] arm dec_s26 stop=40000 rc=9 — no head for this arm
[08-23 09:48:36] [#409 lane 1] waiting for the head queue to drain
[08-23 09:50:32] [arm6_v2_combab_alignT] DONE target=40000 (5.0M) -> /home/jupyter/checkpoints_backup/cf-409/dec_s24/arm6_v2_combab_alignT/leg_40k/cf393_arm6_v2_combab_alignT_cf373k32_cf409_dec_s24_40k.pth
[08-23 09:50:34] [#409] arm dec_s24 stop=40000 rc=0
[08-23 09:50:34] [#409 lane 1] head dec_s24 stop=40000 (queued)
[08-23 09:50:34] [#409 lane 1] arm dec_s25 -> 40000
[08-23 09:50:34] [#409 lane 1] head dec_s24 stop=40000 start
[08-23 09:50:34] [#409] arm dec_s25 decay='--rep-loss-weight 1.0 --rep-loss-weight-end 0.0 --rep-loss-weight-ramp-steps 10000' seed=20260525 reduce=mean target=teacher -> 40000 steps on gpu 1
[08-23 09:50:34] [arm6_v2_combab_alignT] FRESH start at step 0
[08-23 09:50:34] [arm6_v2_combab_alignT] HOLD: session capped at 1000; not starting the 40000 leg
[08-23 09:50:39] [#409] arm dec_s25 AUC gate pid 686751 — window 500, threshold 0.55, warmup 1000
[08-23 09:50:41] [#409] arm dec_s25 stop=40000 rc=9
[08-23 09:50:41] [#409 lane 1] arm dec_s25 stop=40000 rc=9 — no head for this arm
[08-23 09:50:41] [#409 lane 1] waiting for the head queue to drain
[08-23 09:52:05] [#409 lane 1] head queue on — one head at a time, worker pid 688969
[08-23 09:52:05] [#409 lane 1] arm dec_s23 -> 40000
[08-23 09:52:05] [#409] arm dec_s23 decay='--rep-loss-weight 1.0 --rep-loss-weight-end 0.0 --rep-loss-weight-ramp-steps 10000' seed=20260523 reduce=mean target=teacher -> 40000 steps on gpu 1
[08-23 09:52:05] [arm6_v2_combab_alignT] FRESH start at step 0
[08-23 09:52:05] [arm6_v2_combab_alignT] START target=40000 gpu=1 save_every=20000 leg=/home/jupyter/checkpoints_backup/cf-409/dec_s23/arm6_v2_combab_alignT/leg_40k
[08-23 09:52:10] [#409] arm dec_s23 decay='1.0 0.0 10000' seed=20260523 target=teacher reduce=mean ema='0.9 1.0 100000' OK — all five reached the trainer
[08-23 09:52:10] [#409] arm dec_s23 AUC gate pid 689184 — window 500, threshold 0.55, warmup 1000
[08-23 09:52:30] [#409 lane 1] head queue on — one head at a time, worker pid 689459
[08-23 09:52:30] [#409 lane 1] arm dec_s25 -> 40000
[08-23 09:52:30] [#409] arm dec_s25 decay='--rep-loss-weight 1.0 --rep-loss-weight-end 0.0 --rep-loss-weight-ramp-steps 10000' seed=20260525 reduce=mean target=teacher -> 40000 steps on gpu 1
[08-23 09:52:30] [arm6_v2_combab_alignT] FRESH start at step 0
[08-23 09:52:30] [arm6_v2_combab_alignT] START target=40000 gpu=1 save_every=20000 leg=/home/jupyter/checkpoints_backup/cf-409/dec_s25/arm6_v2_combab_alignT/leg_40k
[08-23 09:52:35] [#409] arm dec_s25 decay='1.0 0.0 10000' seed=20260525 target=teacher reduce=mean ema='0.9 1.0 100000' OK — all five reached the trainer
[08-23 09:52:35] [#409] arm dec_s25 AUC gate pid 689680 — window 500, threshold 0.55, warmup 1000
[08-23 12:31:21] [#409 lane 1] head dec_s20 stop=40000 rc=0
[08-23 12:31:25] [#409 lane 1] lane drained — 1 leg(s) and 0 head(s) failed
[08-23 14:06:19] [#409 lane 1] head dec_s22 stop=40000 rc=0
[08-23 14:06:24] [#409 lane 1] lane drained — 1 leg(s) and 0 head(s) failed
/tmp/contrastive-forecasting-409/reports/2026-08-08_rollout_depth/scripts/run_leg_k.sh: line 268: 689072 Killed                  CUDA_VISIBLE_DEVICES="$BB_GPU" python3 -u "$TRAIN" "${RESUME[@]}" --qk-norm --attn-out-norm --batch-size 64 --device cuda --total-steps "$TARGET_STEPS" --lr 1e-3 --weight-decay 0.1 --adam-beta1 0.9 --adam-beta2 0.98 --seed "$SEED" --save-every "$SAVE_EVERY" --extra-save-steps "$EXTRA_SAVES" --save-dir "$LEG" --run-name "$NAME" --log-every "$LOG_EVERY" --hf-repo jeremycochoy/gift-pretrain-full-4096 --hf-path small_v1 --t-raw 4096 --n-channels 1 --d-model 64 --n-heads 8 --num-encoder-layers 3 --num-layers 3 --encoder-dropkey 0.70 --encoder-dropkey-share-heads --encoder-dropkey-share-layers --depthwise-conv 3 --deprecated-depthwise-conv 0 "${LOSS_ARGS[@]}" "${ALIGN_ARGS[@]}" --ema-embedding --ema-encoder "${EMA_ARGS_ARR[@]}" --cpc-infonce-weight 1.0 --sigreg-embedding --sigreg-encoding --sigreg-n-chunk 2048 --sigreg-embedding-weight 1.0 --sigreg-encoding-weight 1.0 --tau 0.10 --rev-norm-kind ewma --rev-norm-span 128 --encoder-type gru --synth-kind forked-arma --mix-ratio 0.0078125 --crossfade-triplets 1 --mixup-p 0.3 --freq-emb-dim 3 --seasonality-emb-dim 3 --log-attn-amplitude --log-attn-amplitude-every 200 --residual-dtype fp32 --attn-dtype fp16 --ffn-dtype fp16 --conv-dtype fp16 --patch-emb-dtype fp32 --train-rollout-depth "$K" "${EXTRA_ARGS[@]}" "${GAP_ARGS_ARR[@]}" >> "$tlog" 2>&1
[08-23 14:18:40] [arm6_v2_combab_alignT] train exited rc=137 — tail: [  22800] loss=0.7683  ema_loss=0.7515  gap=-0.2024  ema_gap=-0.2003  mixup=64/200  1.4 sps  ETA 3.3h               R²_rand=0.6040  R²_naive=0.2294  U_t=0.0990  U_b=0.2093  AUC=0.9540  Top1=0.2334   timing: data=6.7ms  fwd=264.7ms  bwd=279.3ms  total=551.5ms 
/tmp/contrastive-forecasting-409/reports/2026-08-08_rollout_depth/scripts/run_leg_k.sh: line 268: 689562 Killed                  CUDA_VISIBLE_DEVICES="$BB_GPU" python3 -u "$TRAIN" "${RESUME[@]}" --qk-norm --attn-out-norm --batch-size 64 --device cuda --total-steps "$TARGET_STEPS" --lr 1e-3 --weight-decay 0.1 --adam-beta1 0.9 --adam-beta2 0.98 --seed "$SEED" --save-every "$SAVE_EVERY" --extra-save-steps "$EXTRA_SAVES" --save-dir "$LEG" --run-name "$NAME" --log-every "$LOG_EVERY" --hf-repo jeremycochoy/gift-pretrain-full-4096 --hf-path small_v1 --t-raw 4096 --n-channels 1 --d-model 64 --n-heads 8 --num-encoder-layers 3 --num-layers 3 --encoder-dropkey 0.70 --encoder-dropkey-share-heads --encoder-dropkey-share-layers --depthwise-conv 3 --deprecated-depthwise-conv 0 "${LOSS_ARGS[@]}" "${ALIGN_ARGS[@]}" --ema-embedding --ema-encoder "${EMA_ARGS_ARR[@]}" --cpc-infonce-weight 1.0 --sigreg-embedding --sigreg-encoding --sigreg-n-chunk 2048 --sigreg-embedding-weight 1.0 --sigreg-encoding-weight 1.0 --tau 0.10 --rev-norm-kind ewma --rev-norm-span 128 --encoder-type gru --synth-kind forked-arma --mix-ratio 0.0078125 --crossfade-triplets 1 --mixup-p 0.3 --freq-emb-dim 3 --seasonality-emb-dim 3 --log-attn-amplitude --log-attn-amplitude-every 200 --residual-dtype fp32 --attn-dtype fp16 --ffn-dtype fp16 --conv-dtype fp16 --patch-emb-dtype fp32 --train-rollout-depth "$K" "${EXTRA_ARGS[@]}" "${GAP_ARGS_ARR[@]}" >> "$tlog" 2>&1
[08-23 14:18:40] [arm6_v2_combab_alignT] train exited rc=137 — tail: [  22600] loss=1.5541  ema_loss=1.4370  gap=-0.0560  ema_gap=-0.0372  mixup=65/200  1.4 sps  ETA 3.4h               R²_rand=0.3448  R²_naive=0.1329  U_t=0.0750  U_b=0.0740  AUC=0.7780  Top1=0.0684   timing: data=57.7ms  fwd=263.4ms  bwd=282.6ms  total=604.6ms 
[08-23 14:18:42] [#409] arm dec_s23 stop=40000 rc=1
[08-23 14:18:42] [#409] arm dec_s25 stop=40000 rc=1
[08-23 15:01:04] [#409 lane 1] head queue on — one head at a time, worker pid 1014969
[08-23 15:01:04] [#409 lane 1] arm dec_m099_fix -> 40000
[08-23 15:01:04] [#409] arm dec_m099_fix ema='--ema-tau 0.99' decay='--rep-loss-weight 1.0 --rep-loss-weight-end 0.0 --rep-loss-weight-ramp-steps 10000' seed=20260520 reduce=mean target=teacher -> 40000 steps on gpu 1
[08-23 15:01:04] [arm6_v2_combab_alignT] FRESH start at step 0
[08-23 15:01:04] [arm6_v2_combab_alignT] START target=40000 gpu=1 save_every=20000 leg=/home/jupyter/checkpoints_backup/cf-409/dec_m099_fix/arm6_v2_combab_alignT/leg_40k
[08-23 15:01:09] [#409] arm dec_m099_fix decay='1.0 0.0 10000' seed=20260520 target=teacher reduce=mean ema='0.99 - -' OK — all five reached the trainer
[08-23 15:01:09] [#409] arm dec_m099_fix AUC gate pid 1015207 — window 500, threshold 0.55, warmup 1000
