Command line: /tmp/contrastive-forecasting-409/experiments/2026-04-27_freq-embedding/scripts/train.py --qk-norm --attn-out-norm --batch-size 64 --device cuda --total-steps 40000 --lr 1e-3 --weight-decay 0.1 --adam-beta1 0.9 --adam-beta2 0.98 --seed 20260520 --save-every 5000 --extra-save-steps 40000 --save-dir /home/jupyter/checkpoints_backup/cf-409/dec_f094_r2k/arm6_v2_combab_alignT/leg_40k --run-name cf393_arm6_v2_combab_alignT_cf373k32_cf409_dec_f094_r2k --log-every 200 --hf-repo jeremycochoy/gift-pretrain-full-4096 --hf-path small_v1 --t-raw 4096 --n-channels 1 --d-model 64 --n-heads 8 --num-encoder-layers 3 --num-layers 3 --encoder-dropkey 0.70 --encoder-dropkey-share-heads --encoder-dropkey-share-layers --depthwise-conv 3 --deprecated-depthwise-conv 0 --loss-shape cosine_similarity_batch_rep_only --align-loss-weight 1.0 --moco-rep-keys --tau-rep 1.0 --align-target teacher --ema-embedding --ema-encoder --ema-tau 0.94 --cpc-infonce-weight 1.0 --sigreg-embedding --sigreg-encoding --sigreg-n-chunk 2048 --sigreg-embedding-weight 1.0 --sigreg-encoding-weight 1.0 --tau 0.10 --rev-norm-kind ewma --rev-norm-span 128 --encoder-type gru --synth-kind forked-arma --mix-ratio 0.0078125 --crossfade-triplets 1 --mixup-p 0.3 --freq-emb-dim 3 --seasonality-emb-dim 3 --log-attn-amplitude --log-attn-amplitude-every 200 --residual-dtype fp32 --attn-dtype fp16 --ffn-dtype fp16 --conv-dtype fp16 --patch-emb-dtype fp32 --train-rollout-depth 32 --cpc-infonce-weight 0.0 --train-rollout-reduce mean --align-target teacher --rep-loss-weight 1.0 --rep-loss-weight-end 0.0 --rep-loss-weight-ramp-steps 2000 --latent-drift-probe-batch-size 16
Device: cuda | Params: 720,668
Training for 40000 steps, bs=64, lr=0.001, T=4096, C=1, mix_ratio=0.0078125, freq_emb_dim=3, seasonality_emb_dim=3, mixup_p=0.3, rev_norm_kind=ewma(span=128), patch_stats=none, encoder_type=gru
Checkpoints: /home/jupyter/checkpoints_backup/cf-409/dec_f094_r2k/arm6_v2_combab_alignT/leg_40k/cf393_arm6_v2_combab_alignT_cf373k32_cf409_dec_f094_r2k_*.pth
Loss CSV: /home/jupyter/checkpoints_backup/cf-409/dec_f094_r2k/arm6_v2_combab_alignT/leg_40k/cf393_arm6_v2_combab_alignT_cf373k32_cf409_dec_f094_r2k_losses.csv
Latent-drift CSV: /home/jupyter/checkpoints_backup/cf-409/dec_f094_r2k/arm6_v2_combab_alignT/leg_40k/cf393_arm6_v2_combab_alignT_cf373k32_cf409_dec_f094_r2k_latent_drift.csv (every 5000 steps, probe_bs=16, probe_seed=20260722)
Attn-amplitude CSV: /home/jupyter/checkpoints_backup/cf-409/dec_f094_r2k/arm6_v2_combab_alignT/leg_40k/cf393_arm6_v2_combab_alignT_cf373k32_cf409_dec_f094_r2k_attn_amplitude.csv (every 200 steps)
Data: MIX 99% HF + 1% synth (forked-arma) + 0% crossfade + 1 triplet(s)=3 rows, hf_bs=64, synth_bs=0, cross_bs=0, total_bs=67
[    200] loss=11.3025  ema_loss=12.2090  gap=-0.1078  ema_gap=-0.1802  mixup=61/200  1.5 sps  ETA 7.6h
              R²_rand=0.6068  R²_naive=0.2674  U_t=0.0849  U_b=0.1654  AUC=0.9410  Top1=0.1677
  timing: data=89.6ms  fwd=265.7ms  bwd=291.3ms  total=647.3ms
  -> Saved /home/jupyter/checkpoints_backup/cf-409/dec_f094_r2k/arm6_v2_combab_alignT/leg_40k/cf393_arm6_v2_combab_alignT_cf373k32_cf409_dec_f094_r2k_best_gap.pth
  -> Saved /home/jupyter/checkpoints_backup/cf-409/dec_f094_r2k/arm6_v2_combab_alignT/leg_40k/cf393_arm6_v2_combab_alignT_cf373k32_cf409_dec_f094_r2k_best_loss.pth
[    400] loss=9.9252  ema_loss=10.6235  gap=-0.0357  ema_gap=-0.0710  mixup=58/200  1.6 sps  ETA 7.1h
              R²_rand=0.6644  R²_naive=0.3600  U_t=0.0721  U_b=0.1320  AUC=0.9607  Top1=0.2185
  timing: data=3.9ms  fwd=266.7ms  bwd=286.0ms  total=557.3ms
  -> Saved /home/jupyter/checkpoints_backup/cf-409/dec_f094_r2k/arm6_v2_combab_alignT/leg_40k/cf393_arm6_v2_combab_alignT_cf373k32_cf409_dec_f094_r2k_best_gap.pth
  -> Saved /home/jupyter/checkpoints_backup/cf-409/dec_f094_r2k/arm6_v2_combab_alignT/leg_40k/cf393_arm6_v2_combab_alignT_cf373k32_cf409_dec_f094_r2k_best_loss.pth
[    600] loss=8.6753  ema_loss=9.2966  gap=0.0003  ema_gap=-0.0258  mixup=65/200  1.6 sps  ETA 6.9h
              R²_rand=0.7511  R²_naive=0.3850  U_t=0.0595  U_b=0.1224  AUC=0.9764  Top1=0.3210
  timing: data=4.0ms  fwd=265.9ms  bwd=287.7ms  total=558.3ms
  -> Saved /home/jupyter/checkpoints_backup/cf-409/dec_f094_r2k/arm6_v2_combab_alignT/leg_40k/cf393_arm6_v2_combab_alignT_cf373k32_cf409_dec_f094_r2k_best_gap.pth
  -> Saved /home/jupyter/checkpoints_backup/cf-409/dec_f094_r2k/arm6_v2_combab_alignT/leg_40k/cf393_arm6_v2_combab_alignT_cf373k32_cf409_dec_f094_r2k_best_loss.pth
[    800] loss=7.5185  ema_loss=8.0994  gap=0.0076  ema_gap=-0.0058  mixup=65/200  1.6 sps  ETA 6.8h
              R²_rand=0.7399  R²_naive=0.3913  U_t=0.0639  U_b=0.1418  AUC=0.9756  Top1=0.3012
  timing: data=33.1ms  fwd=266.6ms  bwd=288.0ms  total=588.4ms
  -> Saved /home/jupyter/checkpoints_backup/cf-409/dec_f094_r2k/arm6_v2_combab_alignT/leg_40k/cf393_arm6_v2_combab_alignT_cf373k32_cf409_dec_f094_r2k_best_gap.pth
  -> Saved /home/jupyter/checkpoints_backup/cf-409/dec_f094_r2k/arm6_v2_combab_alignT/leg_40k/cf393_arm6_v2_combab_alignT_cf373k32_cf409_dec_f094_r2k_best_loss.pth
[   1000] loss=6.4005  ema_loss=6.9894  gap=0.0252  ema_gap=0.0132  mixup=61/200  1.6 sps  ETA 6.7h
              R²_rand=0.7267  R²_naive=0.4065  U_t=0.0656  U_b=0.1405  AUC=0.9780  Top1=0.3335
  timing: data=3.9ms  fwd=264.9ms  bwd=286.1ms  total=555.6ms
  -> Saved /home/jupyter/checkpoints_backup/cf-409/dec_f094_r2k/arm6_v2_combab_alignT/leg_40k/cf393_arm6_v2_combab_alignT_cf373k32_cf409_dec_f094_r2k_best_gap.pth
  -> Saved /home/jupyter/checkpoints_backup/cf-409/dec_f094_r2k/arm6_v2_combab_alignT/leg_40k/cf393_arm6_v2_combab_alignT_cf373k32_cf409_dec_f094_r2k_best_loss.pth
[   1200] loss=5.3018  ema_loss=5.8637  gap=0.0425  ema_gap=0.0305  mixup=59/200  1.6 sps  ETA 6.7h
              R²_rand=0.6790  R²_naive=0.4367  U_t=0.0794  U_b=0.1401  AUC=0.9699  Top1=0.3227
  timing: data=3.9ms  fwd=265.6ms  bwd=285.8ms  total=556.0ms
  -> Saved /home/jupyter/checkpoints_backup/cf-409/dec_f094_r2k/arm6_v2_combab_alignT/leg_40k/cf393_arm6_v2_combab_alignT_cf373k32_cf409_dec_f094_r2k_best_gap.pth
  -> Saved /home/jupyter/checkpoints_backup/cf-409/dec_f094_r2k/arm6_v2_combab_alignT/leg_40k/cf393_arm6_v2_combab_alignT_cf373k32_cf409_dec_f094_r2k_best_loss.pth
[   1400] loss=4.1103  ema_loss=4.7068  gap=0.0309  ema_gap=0.0389  mixup=77/200  1.6 sps  ETA 6.7h
              R²_rand=0.7170  R²_naive=0.4033  U_t=0.0738  U_b=0.1521  AUC=0.9755  Top1=0.3514
  timing: data=69.2ms  fwd=264.6ms  bwd=288.2ms  total=622.8ms
  -> Saved /home/jupyter/checkpoints_backup/cf-409/dec_f094_r2k/arm6_v2_combab_alignT/leg_40k/cf393_arm6_v2_combab_alignT_cf373k32_cf409_dec_f094_r2k_best_gap.pth
  -> Saved /home/jupyter/checkpoints_backup/cf-409/dec_f094_r2k/arm6_v2_combab_alignT/leg_40k/cf393_arm6_v2_combab_alignT_cf373k32_cf409_dec_f094_r2k_best_loss.pth
[   1600] loss=2.9641  ema_loss=3.5324  gap=0.0440  ema_gap=0.0411  mixup=65/200  1.6 sps  ETA 6.6h
              R²_rand=0.7204  R²_naive=0.4193  U_t=0.0792  U_b=0.1413  AUC=0.9717  Top1=0.3351
  timing: data=4.0ms  fwd=264.7ms  bwd=285.3ms  total=554.7ms
  -> Saved /home/jupyter/checkpoints_backup/cf-409/dec_f094_r2k/arm6_v2_combab_alignT/leg_40k/cf393_arm6_v2_combab_alignT_cf373k32_cf409_dec_f094_r2k_best_gap.pth
  -> Saved /home/jupyter/checkpoints_backup/cf-409/dec_f094_r2k/arm6_v2_combab_alignT/leg_40k/cf393_arm6_v2_combab_alignT_cf373k32_cf409_dec_f094_r2k_best_loss.pth
[   1800] loss=1.8004  ema_loss=2.3580  gap=0.0318  ema_gap=0.0431  mixup=64/200  1.6 sps  ETA 6.6h
              R²_rand=0.7094  R²_naive=0.4264  U_t=0.0756  U_b=0.1460  AUC=0.9732  Top1=0.3387
  timing: data=4.1ms  fwd=265.0ms  bwd=286.3ms  total=556.1ms
  -> Saved /home/jupyter/checkpoints_backup/cf-409/dec_f094_r2k/arm6_v2_combab_alignT/leg_40k/cf393_arm6_v2_combab_alignT_cf373k32_cf409_dec_f094_r2k_best_gap.pth
  -> Saved /home/jupyter/checkpoints_backup/cf-409/dec_f094_r2k/arm6_v2_combab_alignT/leg_40k/cf393_arm6_v2_combab_alignT_cf373k32_cf409_dec_f094_r2k_best_loss.pth
[   2000] loss=0.6363  ema_loss=1.1989  gap=0.0297  ema_gap=0.0301  mixup=66/200  1.6 sps  ETA 6.6h
              R²_rand=0.7361  R²_naive=0.3969  U_t=0.0783  U_b=0.1349  AUC=0.9702  Top1=0.2920
  timing: data=61.9ms  fwd=265.4ms  bwd=286.9ms  total=614.9ms
  -> Saved /home/jupyter/checkpoints_backup/cf-409/dec_f094_r2k/arm6_v2_combab_alignT/leg_40k/cf393_arm6_v2_combab_alignT_cf373k32_cf409_dec_f094_r2k_best_loss.pth
[   2200] loss=0.5103  ema_loss=0.6356  gap=-0.0243  ema_gap=-0.0119  mixup=67/200  1.6 sps  ETA 6.4h
              R²_rand=0.6898  R²_naive=0.3085  U_t=0.0713  U_b=0.1270  AUC=0.9500  Top1=0.2597
  timing: data=3.8ms  fwd=224.3ms  bwd=241.3ms  total=470.0ms
  -> Saved /home/jupyter/checkpoints_backup/cf-409/dec_f094_r2k/arm6_v2_combab_alignT/leg_40k/cf393_arm6_v2_combab_alignT_cf373k32_cf409_dec_f094_r2k_best_loss.pth
[   2400] loss=0.5986  ema_loss=0.5710  gap=-0.0668  ema_gap=-0.0477  mixup=53/200  1.6 sps  ETA 6.3h
              R²_rand=0.6268  R²_naive=0.2973  U_t=0.0787  U_b=0.1403  AUC=0.9260  Top1=0.1862
  timing: data=3.8ms  fwd=224.5ms  bwd=243.4ms  total=472.5ms
  -> Saved /home/jupyter/checkpoints_backup/cf-409/dec_f094_r2k/arm6_v2_combab_alignT/leg_40k/cf393_arm6_v2_combab_alignT_cf373k32_cf409_dec_f094_r2k_best_loss.pth
[   2600] loss=0.6535  ema_loss=0.6289  gap=-0.0793  ema_gap=-0.0696  mixup=55/200  1.7 sps  ETA 6.3h
              R²_rand=0.5873  R²_naive=0.2529  U_t=0.0901  U_b=0.1641  AUC=0.9208  Top1=0.1642
  timing: data=42.0ms  fwd=222.4ms  bwd=243.0ms  total=508.1ms
[   2800] loss=0.6878  ema_loss=0.6665  gap=-0.0750  ema_gap=-0.0815  mixup=55/200  1.7 sps  ETA 6.2h
              R²_rand=0.6094  R²_naive=0.2374  U_t=0.0793  U_b=0.1659  AUC=0.9360  Top1=0.1636
  timing: data=3.9ms  fwd=227.7ms  bwd=245.2ms  total=477.6ms
[   3000] loss=0.6414  ema_loss=0.6887  gap=-0.0826  ema_gap=-0.0844  mixup=52/200  1.7 sps  ETA 6.1h
              R²_rand=0.6004  R²_naive=0.2689  U_t=0.0890  U_b=0.1855  AUC=0.9354  Top1=0.1682
  timing: data=4.6ms  fwd=232.8ms  bwd=246.6ms  total=484.7ms
[   3200] loss=0.7195  ema_loss=0.7115  gap=-0.0865  ema_gap=-0.0863  mixup=68/200  1.7 sps  ETA 6.1h
              R²_rand=0.5677  R²_naive=0.2817  U_t=0.0963  U_b=0.1799  AUC=0.9256  Top1=0.1664
  timing: data=51.6ms  fwd=247.0ms  bwd=251.6ms  total=550.9ms
[   3400] loss=0.7758  ema_loss=0.7514  gap=-0.0888  ema_gap=-0.0950  mixup=53/200  1.7 sps  ETA 6.0h
              R²_rand=0.5294  R²_naive=0.2600  U_t=0.1057  U_b=0.2178  AUC=0.9206  Top1=0.1962
  timing: data=6.3ms  fwd=244.8ms  bwd=253.0ms  total=504.9ms
[   3600] loss=0.7925  ema_loss=0.7625  gap=-0.1328  ema_gap=-0.1001  mixup=44/200  1.7 sps  ETA 6.0h
              R²_rand=0.5167  R²_naive=0.2428  U_t=0.1166  U_b=0.2172  AUC=0.9125  Top1=0.1506
  timing: data=6.2ms  fwd=249.5ms  bwd=249.5ms  total=506.0ms
[   3800] loss=0.6669  ema_loss=0.6609  gap=-0.1096  ema_gap=-0.0980  mixup=55/200  1.7 sps  ETA 6.0h
              R²_rand=0.6029  R²_naive=0.2503  U_t=0.0826  U_b=0.2417  AUC=0.9516  Top1=0.2640
  timing: data=28.1ms  fwd=247.7ms  bwd=249.6ms  total=526.2ms
[   4000] loss=0.7210  ema_loss=0.6442  gap=-0.1116  ema_gap=-0.0988  mixup=65/200  1.7 sps  ETA 5.9h
              R²_rand=0.5277  R²_naive=0.2427  U_t=0.0989  U_b=0.2374  AUC=0.9331  Top1=0.1962
  timing: data=6.6ms  fwd=250.2ms  bwd=252.4ms  total=510.0ms
[   4200] loss=0.7204  ema_loss=0.6865  gap=-0.1124  ema_gap=-0.1054  mixup=57/200  1.7 sps  ETA 5.9h
              R²_rand=0.5586  R²_naive=0.2554  U_t=0.0990  U_b=0.2306  AUC=0.9371  Top1=0.2022
  timing: data=6.2ms  fwd=249.5ms  bwd=252.9ms  total=509.4ms
[   4400] loss=0.6543  ema_loss=0.7244  gap=-0.1123  ema_gap=-0.1138  mixup=62/200  1.7 sps  ETA 5.9h
              R²_rand=0.5864  R²_naive=0.2360  U_t=0.0920  U_b=0.2361  AUC=0.9457  Top1=0.2220
  timing: data=30.1ms  fwd=246.1ms  bwd=250.8ms  total=527.7ms
[   4600] loss=0.6137  ema_loss=0.7281  gap=-0.1151  ema_gap=-0.1206  mixup=66/200  1.7 sps  ETA 5.8h
              R²_rand=0.5898  R²_naive=0.2209  U_t=0.0860  U_b=0.2405  AUC=0.9342  Top1=0.1916
  timing: data=6.3ms  fwd=251.5ms  bwd=251.4ms  total=509.9ms
[   4800] loss=0.7012  ema_loss=0.7474  gap=-0.1258  ema_gap=-0.1264  mixup=63/200  1.7 sps  ETA 5.8h
              R²_rand=0.6027  R²_naive=0.2309  U_t=0.0932  U_b=0.2388  AUC=0.9535  Top1=0.2244
  timing: data=6.4ms  fwd=249.6ms  bwd=251.5ms  total=508.3ms
[   5000] loss=0.6673  ema_loss=0.7375  gap=-0.1230  ema_gap=-0.1297  mixup=60/200  1.7 sps  ETA 5.8h
              R²_rand=0.6184  R²_naive=0.2593  U_t=0.0892  U_b=0.2325  AUC=0.9417  Top1=0.1878
  timing: data=65.8ms  fwd=255.9ms  bwd=263.4ms  total=585.9ms
  -> Saved /home/jupyter/checkpoints_backup/cf-409/dec_f094_r2k/arm6_v2_combab_alignT/leg_40k/cf393_arm6_v2_combab_alignT_cf373k32_cf409_dec_f094_r2k_5k.pth
[   5200] loss=0.8772  ema_loss=0.7538  gap=-0.1467  ema_gap=-0.1334  mixup=69/200  1.7 sps  ETA 5.8h
              R²_rand=0.5336  R²_naive=0.2163  U_t=0.1181  U_b=0.2562  AUC=0.9323  Top1=0.1859
  timing: data=6.3ms  fwd=247.5ms  bwd=275.3ms  total=530.0ms
[   5400] loss=0.8542  ema_loss=0.7883  gap=-0.1542  ema_gap=-0.1389  mixup=55/200  1.7 sps  ETA 5.7h
              R²_rand=0.5248  R²_naive=0.2344  U_t=0.1135  U_b=0.2501  AUC=0.9403  Top1=0.1777
  timing: data=6.5ms  fwd=254.2ms  bwd=274.5ms  total=536.0ms
[   5600] loss=0.6750  ema_loss=0.7382  gap=-0.1333  ema_gap=-0.1389  mixup=50/200  1.7 sps  ETA 5.7h
              R²_rand=0.5878  R²_naive=0.2124  U_t=0.0841  U_b=0.2161  AUC=0.9437  Top1=0.2100
  timing: data=6.2ms  fwd=254.5ms  bwd=276.4ms  total=538.0ms
[   5800] loss=0.7474  ema_loss=0.7195  gap=-0.1294  ema_gap=-0.1303  mixup=64/200  1.7 sps  ETA 5.7h
              R²_rand=0.5419  R²_naive=0.1958  U_t=0.0987  U_b=0.2263  AUC=0.9301  Top1=0.1517
  timing: data=64.1ms  fwd=247.1ms  bwd=274.9ms  total=586.9ms
[   6000] loss=0.7643  ema_loss=0.7469  gap=-0.1409  ema_gap=-0.1328  mixup=64/200  1.7 sps  ETA 5.7h
              R²_rand=0.5378  R²_naive=0.2342  U_t=0.0994  U_b=0.2501  AUC=0.9476  Top1=0.2100
  timing: data=6.1ms  fwd=255.5ms  bwd=282.5ms  total=544.9ms
[   6200] loss=0.7026  ema_loss=0.7442  gap=-0.1356  ema_gap=-0.1421  mixup=51/200  1.7 sps  ETA 5.6h
              R²_rand=0.5965  R²_naive=0.2178  U_t=0.0851  U_b=0.2190  AUC=0.9532  Top1=0.2586
  timing: data=6.0ms  fwd=256.2ms  bwd=275.9ms  total=539.0ms
[   6400] loss=0.5665  ema_loss=0.7310  gap=-0.1239  ema_gap=-0.1477  mixup=58/200  1.7 sps  ETA 5.6h
              R²_rand=0.6208  R²_naive=0.2501  U_t=0.0804  U_b=0.1720  AUC=0.9404  Top1=0.1891
  timing: data=27.4ms  fwd=250.5ms  bwd=270.8ms  total=549.5ms
[   6600] loss=0.7072  ema_loss=0.7224  gap=-0.1583  ema_gap=-0.1522  mixup=57/200  1.7 sps  ETA 5.6h
              R²_rand=0.5303  R²_naive=0.2099  U_t=0.1008  U_b=0.2146  AUC=0.9184  Top1=0.1908
  timing: data=5.8ms  fwd=255.8ms  bwd=273.5ms  total=536.0ms
[   6800] loss=0.7048  ema_loss=0.6984  gap=-0.1492  ema_gap=-0.1565  mixup=61/200  1.7 sps  ETA 5.5h
              R²_rand=0.5733  R²_naive=0.2132  U_t=0.0958  U_b=0.2053  AUC=0.9402  Top1=0.1967
  timing: data=6.4ms  fwd=251.2ms  bwd=272.4ms  total=530.8ms
[   7000] loss=0.6888  ema_loss=0.6997  gap=-0.1561  ema_gap=-0.1608  mixup=41/200  1.7 sps  ETA 5.5h
              R²_rand=0.5721  R²_naive=0.2161  U_t=0.0991  U_b=0.2315  AUC=0.9356  Top1=0.1954
  timing: data=41.9ms  fwd=250.5ms  bwd=271.9ms  total=565.1ms
[   7200] loss=0.7827  ema_loss=0.7053  gap=-0.1720  ema_gap=-0.1618  mixup=66/200  1.7 sps  ETA 5.5h
              R²_rand=0.5155  R²_naive=0.1953  U_t=0.1149  U_b=0.2367  AUC=0.9188  Top1=0.1870
  timing: data=6.2ms  fwd=253.5ms  bwd=275.0ms  total=535.5ms
[   7400] loss=0.7373  ema_loss=0.7248  gap=-0.1625  ema_gap=-0.1601  mixup=65/200  1.7 sps  ETA 5.4h
              R²_rand=0.5066  R²_naive=0.1891  U_t=0.1006  U_b=0.2211  AUC=0.9132  Top1=0.1883
  timing: data=6.2ms  fwd=257.5ms  bwd=276.6ms  total=541.2ms
[   7600] loss=0.8023  ema_loss=0.7450  gap=-0.1684  ema_gap=-0.1595  mixup=63/200  1.7 sps  ETA 5.4h
              R²_rand=0.5100  R²_naive=0.1920  U_t=0.1168  U_b=0.2388  AUC=0.9163  Top1=0.1905
  timing: data=37.4ms  fwd=254.5ms  bwd=276.9ms  total=569.7ms
[   7800] loss=0.7146  ema_loss=0.7623  gap=-0.1508  ema_gap=-0.1612  mixup=78/200  1.7 sps  ETA 5.4h
              R²_rand=0.5725  R²_naive=0.2033  U_t=0.1065  U_b=0.2088  AUC=0.9187  Top1=0.1645
  timing: data=6.8ms  fwd=267.0ms  bwd=293.1ms  total=567.9ms
[   8000] loss=0.7011  ema_loss=0.7701  gap=-0.1567  ema_gap=-0.1633  mixup=74/200  1.7 sps  ETA 5.4h
              R²_rand=0.5850  R²_naive=0.2243  U_t=0.0944  U_b=0.2451  AUC=0.9427  Top1=0.2616
  timing: data=7.1ms  fwd=267.7ms  bwd=295.1ms  total=570.8ms
[   8200] loss=0.8239  ema_loss=0.7733  gap=-0.1762  ema_gap=-0.1619  mixup=55/200  1.7 sps  ETA 5.3h
              R²_rand=0.5513  R²_naive=0.2158  U_t=0.1122  U_b=0.2454  AUC=0.9457  Top1=0.2738
  timing: data=29.7ms  fwd=266.2ms  bwd=287.3ms  total=584.1ms
[   8400] loss=0.7873  ema_loss=0.7747  gap=-0.1569  ema_gap=-0.1585  mixup=62/200  1.6 sps  ETA 5.3h
              R²_rand=0.5721  R²_naive=0.2383  U_t=0.0994  U_b=0.2341  AUC=0.9563  Top1=0.2176
  timing: data=6.5ms  fwd=259.5ms  bwd=283.6ms  total=550.6ms
[   8600] loss=0.8237  ema_loss=0.7840  gap=-0.1682  ema_gap=-0.1585  mixup=55/200  1.6 sps  ETA 5.3h
              R²_rand=0.5456  R²_naive=0.2010  U_t=0.1047  U_b=0.2118  AUC=0.9503  Top1=0.2269
  timing: data=7.0ms  fwd=260.2ms  bwd=282.4ms  total=550.5ms
[   8800] loss=0.8000  ema_loss=0.7938  gap=-0.1749  ema_gap=-0.1621  mixup=65/200  1.6 sps  ETA 5.3h
              R²_rand=0.5330  R²_naive=0.2204  U_t=0.1051  U_b=0.2237  AUC=0.9416  Top1=0.2366
  timing: data=22.6ms  fwd=256.4ms  bwd=281.9ms  total=561.8ms
[   9000] loss=0.8150  ema_loss=0.8060  gap=-0.1611  ema_gap=-0.1674  mixup=57/200  1.6 sps  ETA 5.2h
              R²_rand=0.5509  R²_naive=0.1785  U_t=0.0941  U_b=0.2069  AUC=0.9494  Top1=0.2678
  timing: data=6.5ms  fwd=255.5ms  bwd=276.7ms  total=539.5ms
[   9200] loss=0.7894  ema_loss=0.7813  gap=-0.1731  ema_gap=-0.1673  mixup=68/200  1.6 sps  ETA 5.2h
              R²_rand=0.5201  R²_naive=0.1567  U_t=0.1050  U_b=0.2062  AUC=0.9354  Top1=0.1976
  timing: data=5.6ms  fwd=253.0ms  bwd=276.8ms  total=536.3ms
[   9400] loss=0.7655  ema_loss=0.7429  gap=-0.1525  ema_gap=-0.1612  mixup=51/200  1.6 sps  ETA 5.2h
              R²_rand=0.5671  R²_naive=0.1963  U_t=0.0905  U_b=0.2088  AUC=0.9542  Top1=0.2280
  timing: data=21.4ms  fwd=256.5ms  bwd=281.5ms  total=560.2ms
[   9600] loss=0.7790  ema_loss=0.7917  gap=-0.1595  ema_gap=-0.1649  mixup=50/200  1.6 sps  ETA 5.1h
              R²_rand=0.5436  R²_naive=0.1517  U_t=0.0975  U_b=0.1866  AUC=0.9308  Top1=0.1815
  timing: data=6.3ms  fwd=263.3ms  bwd=293.2ms  total=563.7ms
[   9800] loss=0.8552  ema_loss=0.8381  gap=-0.1697  ema_gap=-0.1742  mixup=72/200  1.6 sps  ETA 5.1h
              R²_rand=0.5420  R²_naive=0.1214  U_t=0.0936  U_b=0.1670  AUC=0.9397  Top1=0.2347
  timing: data=6.6ms  fwd=280.0ms  bwd=310.2ms  total=597.9ms
[  10000] loss=0.8802  ema_loss=0.8096  gap=-0.1944  ema_gap=-0.1817  mixup=61/200  1.6 sps  ETA 5.1h
              R²_rand=0.4569  R²_naive=0.1516  U_t=0.1148  U_b=0.2045  AUC=0.9058  Top1=0.1764
  timing: data=43.6ms  fwd=276.5ms  bwd=312.1ms  total=633.3ms
  -> Saved /home/jupyter/checkpoints_backup/cf-409/dec_f094_r2k/arm6_v2_combab_alignT/leg_40k/cf393_arm6_v2_combab_alignT_cf373k32_cf409_dec_f094_r2k_10k.pth
[  10200] loss=0.8710  ema_loss=0.8363  gap=-0.1873  ema_gap=-0.1849  mixup=51/200  1.6 sps  ETA 5.1h
              R²_rand=0.5216  R²_naive=0.1776  U_t=0.1087  U_b=0.2153  AUC=0.9335  Top1=0.2453
  timing: data=7.2ms  fwd=267.2ms  bwd=300.3ms  total=575.7ms
[  10400] loss=0.7018  ema_loss=0.8249  gap=-0.1675  ema_gap=-0.1795  mixup=57/200  1.6 sps  ETA 5.0h
              R²_rand=0.5482  R²_naive=0.1862  U_t=0.0961  U_b=0.1947  AUC=0.9418  Top1=0.2252
  timing: data=6.5ms  fwd=268.2ms  bwd=293.9ms  total=569.6ms
[  10600] loss=0.7824  ema_loss=0.7696  gap=-0.1733  ema_gap=-0.1729  mixup=56/200  1.6 sps  ETA 5.0h
              R²_rand=0.5234  R²_naive=0.1878  U_t=0.0947  U_b=0.1754  AUC=0.9222  Top1=0.1951
  timing: data=6.4ms  fwd=257.3ms  bwd=282.2ms  total=546.7ms
[  10800] loss=0.7913  ema_loss=0.7454  gap=-0.1991  ema_gap=-0.1852  mixup=60/200  1.6 sps  ETA 5.0h
              R²_rand=0.4992  R²_naive=0.1710  U_t=0.1080  U_b=0.1943  AUC=0.9181  Top1=0.2100
  timing: data=27.6ms  fwd=254.5ms  bwd=280.4ms  total=563.3ms
[  11000] loss=0.7746  ema_loss=0.7930  gap=-0.1790  ema_gap=-0.1890  mixup=54/200  1.6 sps  ETA 4.9h
              R²_rand=0.5310  R²_naive=0.1921  U_t=0.0960  U_b=0.2094  AUC=0.9359  Top1=0.2377
  timing: data=6.1ms  fwd=255.1ms  bwd=277.0ms  total=539.0ms
[  11200] loss=0.7983  ema_loss=0.8450  gap=-0.1882  ema_gap=-0.1981  mixup=61/200  1.6 sps  ETA 4.9h
              R²_rand=0.5510  R²_naive=0.1774  U_t=0.1037  U_b=0.2190  AUC=0.9458  Top1=0.2426
  timing: data=6.0ms  fwd=248.4ms  bwd=272.9ms  total=528.1ms
[  11400] loss=0.8067  ema_loss=0.8246  gap=-0.1785  ema_gap=-0.1923  mixup=61/200  1.6 sps  ETA 4.9h
              R²_rand=0.5368  R²_naive=0.1796  U_t=0.0984  U_b=0.1707  AUC=0.9291  Top1=0.1851
  timing: data=28.2ms  fwd=247.9ms  bwd=269.3ms  total=546.2ms
[  11600] loss=0.9623  ema_loss=0.8540  gap=-0.2083  ema_gap=-0.1928  mixup=64/200  1.6 sps  ETA 4.8h
              R²_rand=0.4909  R²_naive=0.1550  U_t=0.0991  U_b=0.1420  AUC=0.9078  Top1=0.2214
  timing: data=6.0ms  fwd=248.3ms  bwd=268.7ms  total=523.7ms
[  11800] loss=0.8312  ema_loss=0.8698  gap=-0.1775  ema_gap=-0.1980  mixup=59/200  1.6 sps  ETA 4.8h
              R²_rand=0.5595  R²_naive=0.1467  U_t=0.0875  U_b=0.1687  AUC=0.9465  Top1=0.1978
  timing: data=5.4ms  fwd=250.7ms  bwd=271.1ms  total=528.0ms
[  12000] loss=0.8810  ema_loss=0.8493  gap=-0.2062  ema_gap=-0.2027  mixup=64/200  1.6 sps  ETA 4.8h
              R²_rand=0.5330  R²_naive=0.1211  U_t=0.1002  U_b=0.1686  AUC=0.9410  Top1=0.2513
  timing: data=29.1ms  fwd=254.8ms  bwd=277.9ms  total=562.7ms
[  12200] loss=0.7614  ema_loss=0.8153  gap=-0.2116  ema_gap=-0.2042  mixup=69/200  1.6 sps  ETA 4.7h
              R²_rand=0.5045  R²_naive=0.1908  U_t=0.1050  U_b=0.2129  AUC=0.9300  Top1=0.1864
  timing: data=6.1ms  fwd=252.5ms  bwd=273.3ms  total=532.7ms
[  12400] loss=0.8722  ema_loss=0.8148  gap=-0.2042  ema_gap=-0.1990  mixup=62/200  1.6 sps  ETA 4.7h
              R²_rand=0.5014  R²_naive=0.1568  U_t=0.1009  U_b=0.1750  AUC=0.9458  Top1=0.2627
  timing: data=5.8ms  fwd=250.2ms  bwd=271.7ms  total=528.4ms
[  12600] loss=0.7229  ema_loss=0.7904  gap=-0.1606  ema_gap=-0.1874  mixup=50/200  1.6 sps  ETA 4.7h
              R²_rand=0.5736  R²_naive=0.1704  U_t=0.0887  U_b=0.1678  AUC=0.9453  Top1=0.2450
  timing: data=22.2ms  fwd=248.2ms  bwd=273.4ms  total=544.5ms
[  12800] loss=0.6078  ema_loss=0.7170  gap=-0.1725  ema_gap=-0.1791  mixup=61/200  1.6 sps  ETA 4.6h
              R²_rand=0.5826  R²_naive=0.1975  U_t=0.0924  U_b=0.1955  AUC=0.9531  Top1=0.2687
  timing: data=6.2ms  fwd=252.7ms  bwd=273.1ms  total=532.8ms
[  13000] loss=0.8378  ema_loss=0.7319  gap=-0.1870  ema_gap=-0.1856  mixup=67/200  1.6 sps  ETA 4.6h
              R²_rand=0.5018  R²_naive=0.1672  U_t=0.0976  U_b=0.1449  AUC=0.9218  Top1=0.2133
  timing: data=7.0ms  fwd=251.2ms  bwd=273.7ms  total=532.8ms
[  13200] loss=0.6887  ema_loss=0.7307  gap=-0.1891  ema_gap=-0.1868  mixup=51/200  1.6 sps  ETA 4.6h
              R²_rand=0.5244  R²_naive=0.1955  U_t=0.0967  U_b=0.1735  AUC=0.9259  Top1=0.2073
  timing: data=17.9ms  fwd=254.2ms  bwd=278.2ms  total=551.1ms
[  13400] loss=0.6623  ema_loss=0.7202  gap=-0.1904  ema_gap=-0.1852  mixup=59/200  1.6 sps  ETA 4.5h
              R²_rand=0.5826  R²_naive=0.2174  U_t=0.0729  U_b=0.2237  AUC=0.9680  Top1=0.3161
  timing: data=8.0ms  fwd=247.7ms  bwd=273.6ms  total=530.1ms
[  13600] loss=0.6883  ema_loss=0.7149  gap=-0.1829  ema_gap=-0.1803  mixup=67/200  1.6 sps  ETA 4.5h
              R²_rand=0.5690  R²_naive=0.1934  U_t=0.0959  U_b=0.2005  AUC=0.9481  Top1=0.2887
  timing: data=6.7ms  fwd=249.2ms  bwd=272.0ms  total=528.8ms
[  13800] loss=0.8188  ema_loss=0.7260  gap=-0.1882  ema_gap=-0.1853  mixup=57/200  1.6 sps  ETA 4.5h
              R²_rand=0.5302  R²_naive=0.1388  U_t=0.0960  U_b=0.1401  AUC=0.9360  Top1=0.2087
  timing: data=94.9ms  fwd=244.8ms  bwd=271.7ms  total=612.2ms
[  14000] loss=0.7549  ema_loss=0.6984  gap=-0.1884  ema_gap=-0.1869  mixup=51/200  1.6 sps  ETA 4.4h
              R²_rand=0.5796  R²_naive=0.1806  U_t=0.0819  U_b=0.1915  AUC=0.9640  Top1=0.3626
  timing: data=6.1ms  fwd=250.9ms  bwd=273.9ms  total=531.8ms
[  14200] loss=0.6822  ema_loss=0.6904  gap=-0.1947  ema_gap=-0.1890  mixup=58/200  1.6 sps  ETA 4.4h
              R²_rand=0.5687  R²_naive=0.2007  U_t=0.0853  U_b=0.1665  AUC=0.9521  Top1=0.2144
  timing: data=7.9ms  fwd=250.0ms  bwd=276.0ms  total=534.8ms
[  14400] loss=0.6517  ema_loss=0.7061  gap=-0.1880  ema_gap=-0.1913  mixup=55/200  1.6 sps  ETA 4.4h
              R²_rand=0.6012  R²_naive=0.1802  U_t=0.0783  U_b=0.1934  AUC=0.9661  Top1=0.3487
  timing: data=30.1ms  fwd=249.8ms  bwd=275.5ms  total=556.2ms
[  14600] loss=0.6030  ema_loss=0.6609  gap=-0.1882  ema_gap=-0.1862  mixup=69/200  1.6 sps  ETA 4.3h
              R²_rand=0.5796  R²_naive=0.2384  U_t=0.0811  U_b=0.2096  AUC=0.9678  Top1=0.3704
  timing: data=7.6ms  fwd=253.9ms  bwd=276.3ms  total=538.7ms
[  14800] loss=0.6429  ema_loss=0.6066  gap=-0.1852  ema_gap=-0.1751  mixup=63/200  1.6 sps  ETA 4.3h
              R²_rand=0.5784  R²_naive=0.1971  U_t=0.0862  U_b=0.1761  AUC=0.9541  Top1=0.3004
  timing: data=6.0ms  fwd=251.8ms  bwd=275.3ms  total=533.9ms
[  15000] loss=0.6369  ema_loss=0.5987  gap=-0.1926  ema_gap=-0.1790  mixup=59/200  1.6 sps  ETA 4.3h
              R²_rand=0.6084  R²_naive=0.2153  U_t=0.0768  U_b=0.2058  AUC=0.9598  Top1=0.2556
  timing: data=54.3ms  fwd=246.9ms  bwd=272.3ms  total=574.4ms
  -> Saved /home/jupyter/checkpoints_backup/cf-409/dec_f094_r2k/arm6_v2_combab_alignT/leg_40k/cf393_arm6_v2_combab_alignT_cf373k32_cf409_dec_f094_r2k_15k.pth
[  15200] loss=0.6733  ema_loss=0.6134  gap=-0.1946  ema_gap=-0.1833  mixup=65/200  1.6 sps  ETA 4.2h
              R²_rand=0.5810  R²_naive=0.2056  U_t=0.0949  U_b=0.2026  AUC=0.9562  Top1=0.2792
  timing: data=6.2ms  fwd=252.9ms  bwd=277.0ms  total=536.9ms
[  15400] loss=0.6449  ema_loss=0.6169  gap=-0.1856  ema_gap=-0.1862  mixup=62/200  1.6 sps  ETA 4.2h
              R²_rand=0.5902  R²_naive=0.1942  U_t=0.0777  U_b=0.1820  AUC=0.9574  Top1=0.2871
  timing: data=7.3ms  fwd=251.6ms  bwd=277.0ms  total=536.9ms
[  15600] loss=0.6705  ema_loss=0.6043  gap=-0.2094  ema_gap=-0.1870  mixup=65/200  1.6 sps  ETA 4.2h
              R²_rand=0.5678  R²_naive=0.2051  U_t=0.0942  U_b=0.2154  AUC=0.9536  Top1=0.3134
  timing: data=7.1ms  fwd=253.1ms  bwd=275.3ms  total=536.2ms
[  15800] loss=0.6445  ema_loss=0.6187  gap=-0.2157  ema_gap=-0.1932  mixup=45/200  1.6 sps  ETA 4.1h
              R²_rand=0.5727  R²_naive=0.1937  U_t=0.0961  U_b=0.2476  AUC=0.9578  Top1=0.3528
  timing: data=28.5ms  fwd=249.0ms  bwd=276.5ms  total=554.8ms
[  16000] loss=0.7056  ema_loss=0.6435  gap=-0.2052  ema_gap=-0.1999  mixup=54/200  1.6 sps  ETA 4.1h
              R²_rand=0.5664  R²_naive=0.1715  U_t=0.0960  U_b=0.2029  AUC=0.9622  Top1=0.3482
  timing: data=8.1ms  fwd=251.3ms  bwd=276.6ms  total=536.8ms
[  16200] loss=0.6719  ema_loss=0.6619  gap=-0.2021  ema_gap=-0.1951  mixup=70/200  1.6 sps  ETA 4.1h
              R²_rand=0.5365  R²_naive=0.1909  U_t=0.1011  U_b=0.2089  AUC=0.9541  Top1=0.2958
  timing: data=7.3ms  fwd=252.0ms  bwd=274.7ms  total=534.9ms
[  16400] loss=0.6644  ema_loss=0.6543  gap=-0.2072  ema_gap=-0.1937  mixup=55/200  1.6 sps  ETA 4.0h
              R²_rand=0.5874  R²_naive=0.1997  U_t=0.0909  U_b=0.2078  AUC=0.9511  Top1=0.3009
  timing: data=42.5ms  fwd=254.1ms  bwd=279.1ms  total=576.7ms
[  16600] loss=0.6058  ema_loss=0.6723  gap=-0.1879  ema_gap=-0.1982  mixup=53/200  1.6 sps  ETA 4.0h
              R²_rand=0.6182  R²_naive=0.1989  U_t=0.0832  U_b=0.1969  AUC=0.9612  Top1=0.2977
  timing: data=6.8ms  fwd=250.3ms  bwd=276.2ms  total=534.2ms
[  16800] loss=0.5966  ema_loss=0.6660  gap=-0.1785  ema_gap=-0.1947  mixup=58/200  1.6 sps  ETA 4.0h
              R²_rand=0.6555  R²_naive=0.1879  U_t=0.0730  U_b=0.2072  AUC=0.9733  Top1=0.3677
  timing: data=5.8ms  fwd=251.4ms  bwd=273.5ms  total=531.6ms
[  17000] loss=0.6061  ema_loss=0.6681  gap=-0.1932  ema_gap=-0.1938  mixup=61/200  1.6 sps  ETA 3.9h
              R²_rand=0.5991  R²_naive=0.2278  U_t=0.0771  U_b=0.1841  AUC=0.9570  Top1=0.2280
  timing: data=24.2ms  fwd=250.8ms  bwd=276.8ms  total=552.6ms
[  17200] loss=0.5358  ema_loss=0.6360  gap=-0.1750  ema_gap=-0.1883  mixup=70/200  1.6 sps  ETA 3.9h
              R²_rand=0.6996  R²_naive=0.2168  U_t=0.0630  U_b=0.1982  AUC=0.9746  Top1=0.3381
  timing: data=6.4ms  fwd=256.0ms  bwd=278.8ms  total=542.1ms
[  17400] loss=0.6280  ema_loss=0.5885  gap=-0.1869  ema_gap=-0.1791  mixup=61/200  1.6 sps  ETA 3.9h
              R²_rand=0.6660  R²_naive=0.2114  U_t=0.0646  U_b=0.2026  AUC=0.9775  Top1=0.4008
  timing: data=6.1ms  fwd=258.7ms  bwd=284.5ms  total=550.3ms
[  17600] loss=0.5438  ema_loss=0.5878  gap=-0.1585  ema_gap=-0.1717  mixup=56/200  1.6 sps  ETA 3.8h
              R²_rand=0.6967  R²_naive=0.2140  U_t=0.0586  U_b=0.1811  AUC=0.9758  Top1=0.3582
  timing: data=38.3ms  fwd=256.6ms  bwd=281.2ms  total=577.0ms
[  17800] loss=0.6239  ema_loss=0.5788  gap=-0.1760  ema_gap=-0.1638  mixup=64/200  1.6 sps  ETA 3.8h
              R²_rand=0.6716  R²_naive=0.2094  U_t=0.0709  U_b=0.1631  AUC=0.9670  Top1=0.3126
  timing: data=6.0ms  fwd=256.1ms  bwd=286.7ms  total=549.7ms
[  18000] loss=0.5533  ema_loss=0.5782  gap=-0.1587  ema_gap=-0.1604  mixup=58/200  1.6 sps  ETA 3.8h
              R²_rand=0.6996  R²_naive=0.2272  U_t=0.0595  U_b=0.1439  AUC=0.9678  Top1=0.3088
  timing: data=6.6ms  fwd=260.3ms  bwd=287.1ms  total=554.8ms
[  18200] loss=0.5549  ema_loss=0.5635  gap=-0.1670  ema_gap=-0.1580  mixup=60/200  1.6 sps  ETA 3.7h
              R²_rand=0.6787  R²_naive=0.1955  U_t=0.0639  U_b=0.1363  AUC=0.9513  Top1=0.2722
  timing: data=63.1ms  fwd=251.0ms  bwd=276.9ms  total=591.8ms
  -> Saved /home/jupyter/checkpoints_backup/cf-409/dec_f094_r2k/arm6_v2_combab_alignT/leg_40k/cf393_arm6_v2_combab_alignT_cf373k32_cf409_dec_f094_r2k_best_loss.pth
[  18400] loss=0.6105  ema_loss=0.5714  gap=-0.1703  ema_gap=-0.1675  mixup=67/200  1.6 sps  ETA 3.7h
              R²_rand=0.6914  R²_naive=0.1810  U_t=0.0648  U_b=0.1632  AUC=0.9723  Top1=0.3878
  timing: data=7.7ms  fwd=272.6ms  bwd=309.7ms  total=591.0ms
[  18600] loss=0.4751  ema_loss=0.5569  gap=-0.1487  ema_gap=-0.1623  mixup=51/200  1.6 sps  ETA 3.7h
              R²_rand=0.7074  R²_naive=0.2314  U_t=0.0511  U_b=0.1548  AUC=0.9805  Top1=0.4038
  timing: data=6.8ms  fwd=272.1ms  bwd=308.0ms  total=587.9ms
  -> Saved /home/jupyter/checkpoints_backup/cf-409/dec_f094_r2k/arm6_v2_combab_alignT/leg_40k/cf393_arm6_v2_combab_alignT_cf373k32_cf409_dec_f094_r2k_best_loss.pth
[  18800] loss=0.5613  ema_loss=0.5567  gap=-0.1865  ema_gap=-0.1673  mixup=59/200  1.6 sps  ETA 3.6h
              R²_rand=0.6624  R²_naive=0.2070  U_t=0.0711  U_b=0.1918  AUC=0.9730  Top1=0.3476
  timing: data=275.9ms  fwd=266.6ms  bwd=301.1ms  total=844.5ms
  -> Saved /home/jupyter/checkpoints_backup/cf-409/dec_f094_r2k/arm6_v2_combab_alignT/leg_40k/cf393_arm6_v2_combab_alignT_cf373k32_cf409_dec_f094_r2k_best_loss.pth
[  19000] loss=0.5649  ema_loss=0.5499  gap=-0.1660  ema_gap=-0.1693  mixup=50/200  1.6 sps  ETA 3.6h
              R²_rand=0.6794  R²_naive=0.2088  U_t=0.0626  U_b=0.1913  AUC=0.9801  Top1=0.4128
  timing: data=7.5ms  fwd=259.5ms  bwd=297.8ms  total=565.8ms
  -> Saved /home/jupyter/checkpoints_backup/cf-409/dec_f094_r2k/arm6_v2_combab_alignT/leg_40k/cf393_arm6_v2_combab_alignT_cf373k32_cf409_dec_f094_r2k_best_loss.pth
[  19200] loss=0.5272  ema_loss=0.5627  gap=-0.1679  ema_gap=-0.1721  mixup=59/200  1.6 sps  ETA 3.6h
              R²_rand=0.7026  R²_naive=0.2044  U_t=0.0641  U_b=0.1729  AUC=0.9755  Top1=0.4122
  timing: data=7.3ms  fwd=260.3ms  bwd=287.5ms  total=556.1ms
[  19400] loss=0.5724  ema_loss=0.5591  gap=-0.1536  ema_gap=-0.1660  mixup=66/200  1.6 sps  ETA 3.6h
              R²_rand=0.6795  R²_naive=0.1935  U_t=0.0601  U_b=0.1189  AUC=0.9684  Top1=0.3810
  timing: data=39.6ms  fwd=267.5ms  bwd=301.0ms  total=609.1ms
[  19600] loss=0.5186  ema_loss=0.5294  gap=-0.1583  ema_gap=-0.1587  mixup=58/200  1.6 sps  ETA 3.5h
              R²_rand=0.7089  R²_naive=0.1990  U_t=0.0617  U_b=0.1649  AUC=0.9723  Top1=0.3995
  timing: data=6.1ms  fwd=263.9ms  bwd=295.2ms  total=566.1ms
  -> Saved /home/jupyter/checkpoints_backup/cf-409/dec_f094_r2k/arm6_v2_combab_alignT/leg_40k/cf393_arm6_v2_combab_alignT_cf373k32_cf409_dec_f094_r2k_best_loss.pth
[  19800] loss=0.4765  ema_loss=0.5118  gap=-0.1409  ema_gap=-0.1538  mixup=65/200  1.6 sps  ETA 3.5h
              R²_rand=0.7017  R²_naive=0.2108  U_t=0.0555  U_b=0.1061  AUC=0.9628  Top1=0.3319
  timing: data=7.4ms  fwd=252.2ms  bwd=283.8ms  total=544.3ms
  -> Saved /home/jupyter/checkpoints_backup/cf-409/dec_f094_r2k/arm6_v2_combab_alignT/leg_40k/cf393_arm6_v2_combab_alignT_cf373k32_cf409_dec_f094_r2k_best_loss.pth
[  20000] loss=0.5881  ema_loss=0.4928  gap=-0.1737  ema_gap=-0.1566  mixup=57/200  1.6 sps  ETA 3.5h
              R²_rand=0.6591  R²_naive=0.1686  U_t=0.0741  U_b=0.1993  AUC=0.9740  Top1=0.3883
  timing: data=37.4ms  fwd=256.0ms  bwd=287.4ms  total=581.7ms
  -> Saved /home/jupyter/checkpoints_backup/cf-409/dec_f094_r2k/arm6_v2_combab_alignT/leg_40k/cf393_arm6_v2_combab_alignT_cf373k32_cf409_dec_f094_r2k_best_loss.pth
  -> Saved /home/jupyter/checkpoints_backup/cf-409/dec_f094_r2k/arm6_v2_combab_alignT/leg_40k/cf393_arm6_v2_combab_alignT_cf373k32_cf409_dec_f094_r2k_20k.pth
[  20200] loss=0.4937  ema_loss=0.4975  gap=-0.1537  ema_gap=-0.1600  mixup=63/200  1.6 sps  ETA 3.4h
              R²_rand=0.6894  R²_naive=0.1973  U_t=0.0642  U_b=0.1548  AUC=0.9599  Top1=0.3072
  timing: data=7.2ms  fwd=256.0ms  bwd=287.1ms  total=551.1ms
[  20400] loss=0.5528  ema_loss=0.5080  gap=-0.1971  ema_gap=-0.1687  mixup=52/200  1.6 sps  ETA 3.4h
              R²_rand=0.5985  R²_naive=0.1942  U_t=0.0818  U_b=0.1614  AUC=0.9480  Top1=0.2760
  timing: data=7.1ms  fwd=256.7ms  bwd=283.6ms  total=548.3ms
[  20600] loss=0.4400  ema_loss=0.5060  gap=-0.1403  ema_gap=-0.1756  mixup=67/200  1.6 sps  ETA 3.3h
              R²_rand=0.7404  R²_naive=0.1875  U_t=0.0493  U_b=0.1590  AUC=0.9851  Top1=0.4399
  timing: data=6.9ms  fwd=254.5ms  bwd=276.8ms  total=539.1ms
[  20800] loss=0.4964  ema_loss=0.5013  gap=-0.1672  ema_gap=-0.1724  mixup=63/200  1.6 sps  ETA 3.3h
              R²_rand=0.6450  R²_naive=0.1951  U_t=0.0676  U_b=0.1565  AUC=0.9676  Top1=0.4122
  timing: data=38.3ms  fwd=251.8ms  bwd=281.2ms  total=572.2ms
[  21000] loss=0.5325  ema_loss=0.5220  gap=-0.1786  ema_gap=-0.1755  mixup=57/200  1.6 sps  ETA 3.3h
              R²_rand=0.6880  R²_naive=0.2034  U_t=0.0608  U_b=0.1895  AUC=0.9748  Top1=0.4155
  timing: data=7.6ms  fwd=256.1ms  bwd=285.0ms  total=549.7ms
[  21200] loss=0.4913  ema_loss=0.5206  gap=-0.1699  ema_gap=-0.1776  mixup=60/200  1.6 sps  ETA 3.2h
              R²_rand=0.6757  R²_naive=0.1991  U_t=0.0615  U_b=0.1774  AUC=0.9764  Top1=0.4187
  timing: data=7.4ms  fwd=256.8ms  bwd=284.4ms  total=549.5ms
[  21400] loss=0.5490  ema_loss=0.5222  gap=-0.1769  ema_gap=-0.1744  mixup=67/200  1.6 sps  ETA 3.2h
              R²_rand=0.6649  R²_naive=0.1762  U_t=0.0652  U_b=0.1886  AUC=0.9738  Top1=0.4377
  timing: data=32.4ms  fwd=250.9ms  bwd=280.4ms  total=564.6ms
[  21600] loss=0.5783  ema_loss=0.5287  gap=-0.1895  ema_gap=-0.1758  mixup=49/200  1.6 sps  ETA 3.2h
              R²_rand=0.5936  R²_naive=0.1573  U_t=0.0750  U_b=0.1704  AUC=0.9610  Top1=0.3180
  timing: data=6.6ms  fwd=260.5ms  bwd=289.0ms  total=557.0ms
[  21800] loss=0.4622  ema_loss=0.4953  gap=-0.1569  ema_gap=-0.1635  mixup=65/200  1.6 sps  ETA 3.1h
              R²_rand=0.7095  R²_naive=0.2045  U_t=0.0519  U_b=0.1668  AUC=0.9800  Top1=0.4475
  timing: data=8.7ms  fwd=260.4ms  bwd=285.4ms  total=555.4ms
[  22000] loss=0.4508  ema_loss=0.4554  gap=-0.1704  ema_gap=-0.1555  mixup=57/200  1.6 sps  ETA 3.1h
              R²_rand=0.6879  R²_naive=0.2221  U_t=0.0578  U_b=0.1589  AUC=0.9764  Top1=0.4144
  timing: data=29.8ms  fwd=250.4ms  bwd=279.3ms  total=560.3ms
  -> Saved /home/jupyter/checkpoints_backup/cf-409/dec_f094_r2k/arm6_v2_combab_alignT/leg_40k/cf393_arm6_v2_combab_alignT_cf373k32_cf409_dec_f094_r2k_best_loss.pth
[  22200] loss=0.4397  ema_loss=0.4400  gap=-0.1622  ema_gap=-0.1531  mixup=72/200  1.6 sps  ETA 3.1h
              R²_rand=0.7224  R²_naive=0.2049  U_t=0.0570  U_b=0.1556  AUC=0.9702  Top1=0.3574
  timing: data=6.9ms  fwd=248.0ms  bwd=272.9ms  total=528.6ms
  -> Saved /home/jupyter/checkpoints_backup/cf-409/dec_f094_r2k/arm6_v2_combab_alignT/leg_40k/cf393_arm6_v2_combab_alignT_cf373k32_cf409_dec_f094_r2k_best_loss.pth
[  22400] loss=0.4218  ema_loss=0.4587  gap=-0.1523  ema_gap=-0.1535  mixup=48/200  1.6 sps  ETA 3.0h
              R²_rand=0.7508  R²_naive=0.2042  U_t=0.0503  U_b=0.1592  AUC=0.9831  Top1=0.4676
  timing: data=8.7ms  fwd=249.6ms  bwd=277.4ms  total=536.5ms
[  22600] loss=0.4953  ema_loss=0.4602  gap=-0.1607  ema_gap=-0.1575  mixup=74/200  1.6 sps  ETA 3.0h
              R²_rand=0.7285  R²_naive=0.2019  U_t=0.0542  U_b=0.1482  AUC=0.9797  Top1=0.4209
  timing: data=36.9ms  fwd=248.9ms  bwd=274.6ms  total=561.3ms
[  22800] loss=0.4135  ema_loss=0.4485  gap=-0.1502  ema_gap=-0.1548  mixup=53/200  1.6 sps  ETA 3.0h
              R²_rand=0.7668  R²_naive=0.1938  U_t=0.0486  U_b=0.1600  AUC=0.9795  Top1=0.4627
  timing: data=8.1ms  fwd=247.4ms  bwd=272.1ms  total=528.4ms
[  23000] loss=0.5036  ema_loss=0.4561  gap=-0.1677  ema_gap=-0.1608  mixup=64/200  1.6 sps  ETA 2.9h
              R²_rand=0.6536  R²_naive=0.2012  U_t=0.0574  U_b=0.1367  AUC=0.9687  Top1=0.4081
  timing: data=6.8ms  fwd=247.2ms  bwd=272.7ms  total=527.5ms
[  23200] loss=0.4233  ema_loss=0.4604  gap=-0.1510  ema_gap=-0.1603  mixup=70/200  1.6 sps  ETA 2.9h
              R²_rand=0.7605  R²_naive=0.1802  U_t=0.0492  U_b=0.1779  AUC=0.9840  Top1=0.4814
  timing: data=19.1ms  fwd=246.6ms  bwd=272.7ms  total=539.2ms
[  23400] loss=0.4425  ema_loss=0.4683  gap=-0.1731  ema_gap=-0.1630  mixup=61/200  1.6 sps  ETA 2.9h
              R²_rand=0.6932  R²_naive=0.1883  U_t=0.0575  U_b=0.1595  AUC=0.9777  Top1=0.4540
  timing: data=7.0ms  fwd=249.1ms  bwd=273.5ms  total=530.4ms
[  23600] loss=0.3256  ema_loss=0.4580  gap=-0.1417  ema_gap=-0.1613  mixup=54/200  1.6 sps  ETA 2.8h
              R²_rand=0.7542  R²_naive=0.2049  U_t=0.0413  U_b=0.1153  AUC=0.9724  Top1=0.3341
  timing: data=7.2ms  fwd=247.7ms  bwd=275.3ms  total=531.0ms
[  23800] loss=0.4854  ema_loss=0.4491  gap=-0.1445  ema_gap=-0.1547  mixup=51/200  1.6 sps  ETA 2.8h
              R²_rand=0.7708  R²_naive=0.1876  U_t=0.0487  U_b=0.1072  AUC=0.9762  Top1=0.4182
  timing: data=38.5ms  fwd=254.8ms  bwd=276.3ms  total=570.4ms
[  24000] loss=0.4688  ema_loss=0.4720  gap=-0.1595  ema_gap=-0.1613  mixup=51/200  1.6 sps  ETA 2.8h
              R²_rand=0.7212  R²_naive=0.1706  U_t=0.0541  U_b=0.1262  AUC=0.9736  Top1=0.3685
  timing: data=5.9ms  fwd=248.5ms  bwd=272.2ms  total=527.4ms
[  24200] loss=0.4472  ema_loss=0.4628  gap=-0.1519  ema_gap=-0.1556  mixup=59/200  1.6 sps  ETA 2.7h
              R²_rand=0.7271  R²_naive=0.1871  U_t=0.0481  U_b=0.1270  AUC=0.9643  Top1=0.3490
  timing: data=7.2ms  fwd=246.9ms  bwd=272.8ms  total=527.7ms
[  24400] loss=0.4326  ema_loss=0.4686  gap=-0.1478  ema_gap=-0.1601  mixup=53/200  1.6 sps  ETA 2.7h
              R²_rand=0.7475  R²_naive=0.1991  U_t=0.0473  U_b=0.1371  AUC=0.9783  Top1=0.4098
  timing: data=26.1ms  fwd=246.5ms  bwd=273.6ms  total=547.1ms
[  24600] loss=0.4107  ema_loss=0.4574  gap=-0.1435  ema_gap=-0.1574  mixup=55/200  1.6 sps  ETA 2.7h
              R²_rand=0.7706  R²_naive=0.1881  U_t=0.0433  U_b=0.1709  AUC=0.9856  Top1=0.5330
  timing: data=8.0ms  fwd=250.5ms  bwd=275.6ms  total=535.0ms
[  24800] loss=0.4611  ema_loss=0.4450  gap=-0.1498  ema_gap=-0.1550  mixup=62/200  1.6 sps  ETA 2.6h
              R²_rand=0.7736  R²_naive=0.1981  U_t=0.0450  U_b=0.1747  AUC=0.9867  Top1=0.4830
  timing: data=8.5ms  fwd=251.6ms  bwd=276.9ms  total=537.9ms
[  25000] loss=0.4191  ema_loss=0.4477  gap=-0.1502  ema_gap=-0.1570  mixup=62/200  1.6 sps  ETA 2.6h
              R²_rand=0.7520  R²_naive=0.1877  U_t=0.0465  U_b=0.1612  AUC=0.9868  Top1=0.5370
  timing: data=18.1ms  fwd=259.4ms  bwd=282.7ms  total=561.0ms
  -> Saved /home/jupyter/checkpoints_backup/cf-409/dec_f094_r2k/arm6_v2_combab_alignT/leg_40k/cf393_arm6_v2_combab_alignT_cf373k32_cf409_dec_f094_r2k_25k.pth
[  25200] loss=0.4111  ema_loss=0.4575  gap=-0.1734  ema_gap=-0.1596  mixup=53/200  1.6 sps  ETA 2.6h
              R²_rand=0.7050  R²_naive=0.1651  U_t=0.0553  U_b=0.1707  AUC=0.9807  Top1=0.4678
  timing: data=8.7ms  fwd=253.3ms  bwd=282.3ms  total=545.2ms
[  25400] loss=0.4641  ema_loss=0.4528  gap=-0.1745  ema_gap=-0.1640  mixup=58/200  1.6 sps  ETA 2.5h
              R²_rand=0.6604  R²_naive=0.1602  U_t=0.0621  U_b=0.1628  AUC=0.9713  Top1=0.4016
  timing: data=6.2ms  fwd=252.4ms  bwd=275.1ms  total=534.5ms
[  25600] loss=0.4006  ema_loss=0.4268  gap=-0.1413  ema_gap=-0.1534  mixup=62/200  1.6 sps  ETA 2.5h
              R²_rand=0.7467  R²_naive=0.1851  U_t=0.0462  U_b=0.1419  AUC=0.9880  Top1=0.5780
  timing: data=6.1ms  fwd=255.3ms  bwd=281.5ms  total=543.7ms
  -> Saved /home/jupyter/checkpoints_backup/cf-409/dec_f094_r2k/arm6_v2_combab_alignT/leg_40k/cf393_arm6_v2_combab_alignT_cf373k32_cf409_dec_f094_r2k_best_loss.pth
[  25800] loss=0.3885  ema_loss=0.4097  gap=-0.1450  ema_gap=-0.1461  mixup=57/200  1.6 sps  ETA 2.4h
              R²_rand=0.7571  R²_naive=0.1778  U_t=0.0464  U_b=0.1393  AUC=0.9874  Top1=0.5544
  timing: data=22.4ms  fwd=251.2ms  bwd=282.9ms  total=557.4ms
  -> Saved /home/jupyter/checkpoints_backup/cf-409/dec_f094_r2k/arm6_v2_combab_alignT/leg_40k/cf393_arm6_v2_combab_alignT_cf373k32_cf409_dec_f094_r2k_best_loss.pth
[  26000] loss=0.3686  ema_loss=0.3950  gap=-0.1457  ema_gap=-0.1446  mixup=78/200  1.6 sps  ETA 2.4h
              R²_rand=0.7328  R²_naive=0.1734  U_t=0.0475  U_b=0.1253  AUC=0.9794  Top1=0.4505
  timing: data=9.4ms  fwd=258.0ms  bwd=289.3ms  total=557.7ms
  -> Saved /home/jupyter/checkpoints_backup/cf-409/dec_f094_r2k/arm6_v2_combab_alignT/leg_40k/cf393_arm6_v2_combab_alignT_cf373k32_cf409_dec_f094_r2k_best_loss.pth
[  26200] loss=0.3585  ema_loss=0.3966  gap=-0.1452  ema_gap=-0.1445  mixup=64/200  1.6 sps  ETA 2.4h
              R²_rand=0.7195  R²_naive=0.1817  U_t=0.0446  U_b=0.1266  AUC=0.9773  Top1=0.3631
  timing: data=6.3ms  fwd=259.5ms  bwd=284.7ms  total=551.5ms
[  26400] loss=0.4040  ema_loss=0.3932  gap=-0.1504  ema_gap=-0.1444  mixup=57/200  1.6 sps  ETA 2.3h
              R²_rand=0.7695  R²_naive=0.1771  U_t=0.0455  U_b=0.1477  AUC=0.9878  Top1=0.4638
  timing: data=22.4ms  fwd=253.8ms  bwd=283.5ms  total=560.5ms
  -> Saved /home/jupyter/checkpoints_backup/cf-409/dec_f094_r2k/arm6_v2_combab_alignT/leg_40k/cf393_arm6_v2_combab_alignT_cf373k32_cf409_dec_f094_r2k_best_loss.pth
[  26600] loss=0.3642  ema_loss=0.3874  gap=-0.1341  ema_gap=-0.1403  mixup=63/200  1.6 sps  ETA 2.3h
              R²_rand=0.8025  R²_naive=0.1781  U_t=0.0396  U_b=0.1459  AUC=0.9843  Top1=0.4817
  timing: data=6.2ms  fwd=259.2ms  bwd=283.3ms  total=549.6ms
  -> Saved /home/jupyter/checkpoints_backup/cf-409/dec_f094_r2k/arm6_v2_combab_alignT/leg_40k/cf393_arm6_v2_combab_alignT_cf373k32_cf409_dec_f094_r2k_best_loss.pth
[  26800] loss=0.3306  ema_loss=0.4106  gap=-0.1326  ema_gap=-0.1446  mixup=69/200  1.6 sps  ETA 2.3h
              R²_rand=0.7950  R²_naive=0.1860  U_t=0.0372  U_b=0.1367  AUC=0.9812  Top1=0.4396
  timing: data=7.2ms  fwd=250.3ms  bwd=280.7ms  total=539.1ms
[  27000] loss=0.3930  ema_loss=0.4156  gap=-0.1360  ema_gap=-0.1456  mixup=60/200  1.6 sps  ETA 2.2h
              R²_rand=0.7924  R²_naive=0.1854  U_t=0.0391  U_b=0.1660  AUC=0.9902  Top1=0.6049
  timing: data=19.9ms  fwd=255.5ms  bwd=281.1ms  total=557.3ms
[  27200] loss=0.4422  ema_loss=0.4257  gap=-0.1515  ema_gap=-0.1484  mixup=62/200  1.6 sps  ETA 2.2h
              R²_rand=0.7850  R²_naive=0.1686  U_t=0.0448  U_b=0.1512  AUC=0.9835  Top1=0.4999
  timing: data=6.2ms  fwd=258.2ms  bwd=283.7ms  total=549.0ms
[  27400] loss=0.4211  ema_loss=0.4420  gap=-0.1496  ema_gap=-0.1505  mixup=59/200  1.6 sps  ETA 2.2h
              R²_rand=0.7739  R²_naive=0.1866  U_t=0.0404  U_b=0.1585  AUC=0.9916  Top1=0.6111
  timing: data=7.2ms  fwd=256.8ms  bwd=281.8ms  total=546.8ms
[  27600] loss=0.3845  ema_loss=0.4510  gap=-0.1384  ema_gap=-0.1524  mixup=59/200  1.6 sps  ETA 2.1h
              R²_rand=0.7864  R²_naive=0.1590  U_t=0.0417  U_b=0.1619  AUC=0.9846  Top1=0.5213
  timing: data=20.8ms  fwd=255.7ms  bwd=285.5ms  total=562.9ms
[  27800] loss=0.3562  ema_loss=0.4544  gap=-0.1382  ema_gap=-0.1525  mixup=51/200  1.6 sps  ETA 2.1h
              R²_rand=0.8043  R²_naive=0.1819  U_t=0.0372  U_b=0.1359  AUC=0.9857  Top1=0.5300
  timing: data=5.9ms  fwd=258.5ms  bwd=283.9ms  total=549.1ms
[  28000] loss=0.4385  ema_loss=0.4554  gap=-0.1518  ema_gap=-0.1504  mixup=60/200  1.6 sps  ETA 2.1h
              R²_rand=0.7600  R²_naive=0.1668  U_t=0.0438  U_b=0.1047  AUC=0.9810  Top1=0.4369
  timing: data=8.3ms  fwd=255.3ms  bwd=284.0ms  total=548.5ms
[  28200] loss=0.4812  ema_loss=0.4620  gap=-0.1594  ema_gap=-0.1496  mixup=50/200  1.6 sps  ETA 2.0h
              R²_rand=0.7575  R²_naive=0.1659  U_t=0.0472  U_b=0.1416  AUC=0.9884  Top1=0.5691
  timing: data=37.6ms  fwd=251.7ms  bwd=281.6ms  total=571.9ms
[  28400] loss=0.3871  ema_loss=0.4411  gap=-0.1474  ema_gap=-0.1478  mixup=58/200  1.6 sps  ETA 2.0h
              R²_rand=0.7856  R²_naive=0.1717  U_t=0.0428  U_b=0.1561  AUC=0.9864  Top1=0.5734
  timing: data=6.0ms  fwd=256.1ms  bwd=282.3ms  total=545.3ms
[  28600] loss=0.3849  ema_loss=0.4393  gap=-0.1418  ema_gap=-0.1486  mixup=53/200  1.6 sps  ETA 2.0h
              R²_rand=0.8017  R²_naive=0.1753  U_t=0.0377  U_b=0.1448  AUC=0.9902  Top1=0.6125
  timing: data=7.2ms  fwd=257.4ms  bwd=280.6ms  total=546.1ms
[  28800] loss=0.4316  ema_loss=0.4439  gap=-0.1436  ema_gap=-0.1499  mixup=49/200  1.6 sps  ETA 1.9h
              R²_rand=0.8012  R²_naive=0.1675  U_t=0.0411  U_b=0.1651  AUC=0.9928  Top1=0.6266
  timing: data=17.9ms  fwd=253.8ms  bwd=281.2ms  total=553.7ms
[  29000] loss=0.4237  ema_loss=0.4553  gap=-0.1422  ema_gap=-0.1497  mixup=59/200  1.6 sps  ETA 1.9h
              R²_rand=0.8037  R²_naive=0.1634  U_t=0.0401  U_b=0.1440  AUC=0.9897  Top1=0.5457
  timing: data=6.5ms  fwd=257.0ms  bwd=284.7ms  total=549.1ms
[  29200] loss=0.4053  ema_loss=0.4566  gap=-0.1473  ema_gap=-0.1485  mixup=57/200  1.6 sps  ETA 1.9h
              R²_rand=0.8064  R²_naive=0.1712  U_t=0.0405  U_b=0.1388  AUC=0.9860  Top1=0.6065
  timing: data=6.1ms  fwd=259.7ms  bwd=283.8ms  total=550.5ms
[  29400] loss=0.5130  ema_loss=0.4516  gap=-0.1676  ema_gap=-0.1500  mixup=63/200  1.6 sps  ETA 1.8h
              R²_rand=0.7581  R²_naive=0.1722  U_t=0.0470  U_b=0.1375  AUC=0.9889  Top1=0.5992
  timing: data=25.9ms  fwd=255.3ms  bwd=283.0ms  total=565.1ms
[  29600] loss=0.4943  ema_loss=0.4523  gap=-0.1643  ema_gap=-0.1521  mixup=61/200  1.6 sps  ETA 1.8h
              R²_rand=0.7659  R²_naive=0.1651  U_t=0.0478  U_b=0.1375  AUC=0.9888  Top1=0.5992
  timing: data=7.0ms  fwd=258.3ms  bwd=282.1ms  total=548.3ms
[  29800] loss=0.5159  ema_loss=0.4534  gap=-0.1587  ema_gap=-0.1533  mixup=60/200  1.6 sps  ETA 1.8h
              R²_rand=0.7754  R²_naive=0.1587  U_t=0.0438  U_b=0.1606  AUC=0.9877  Top1=0.5867
  timing: data=6.9ms  fwd=256.6ms  bwd=284.5ms  total=548.9ms
[  30000] loss=0.4273  ema_loss=0.4196  gap=-0.1443  ema_gap=-0.1473  mixup=65/200  1.6 sps  ETA 1.7h
              R²_rand=0.8131  R²_naive=0.1606  U_t=0.0386  U_b=0.1197  AUC=0.9891  Top1=0.5886
  timing: data=23.5ms  fwd=257.8ms  bwd=288.0ms  total=570.2ms
  -> Saved /home/jupyter/checkpoints_backup/cf-409/dec_f094_r2k/arm6_v2_combab_alignT/leg_40k/cf393_arm6_v2_combab_alignT_cf373k32_cf409_dec_f094_r2k_30k.pth
[  30200] loss=0.4253  ema_loss=0.4001  gap=-0.1522  ema_gap=-0.1445  mixup=53/200  1.6 sps  ETA 1.7h
              R²_rand=0.7913  R²_naive=0.1677  U_t=0.0416  U_b=0.1258  AUC=0.9879  Top1=0.6016
  timing: data=6.3ms  fwd=255.4ms  bwd=286.4ms  total=549.0ms
[  30400] loss=0.4401  ema_loss=0.3968  gap=-0.1535  ema_gap=-0.1424  mixup=57/200  1.6 sps  ETA 1.7h
              R²_rand=0.7736  R²_naive=0.1616  U_t=0.0413  U_b=0.1455  AUC=0.9919  Top1=0.6535
  timing: data=5.8ms  fwd=250.1ms  bwd=279.2ms  total=536.0ms
[  30600] loss=0.3284  ema_loss=0.3682  gap=-0.1331  ema_gap=-0.1358  mixup=61/200  1.6 sps  ETA 1.6h
              R²_rand=0.8095  R²_naive=0.1755  U_t=0.0341  U_b=0.1306  AUC=0.9931  Top1=0.6860
  timing: data=7.0ms  fwd=255.7ms  bwd=284.0ms  total=547.6ms
  -> Saved /home/jupyter/checkpoints_backup/cf-409/dec_f094_r2k/arm6_v2_combab_alignT/leg_40k/cf393_arm6_v2_combab_alignT_cf373k32_cf409_dec_f094_r2k_best_loss.pth
[  30800] loss=0.3475  ema_loss=0.3662  gap=-0.1381  ema_gap=-0.1370  mixup=56/200  1.6 sps  ETA 1.6h
              R²_rand=0.8132  R²_naive=0.1777  U_t=0.0356  U_b=0.1395  AUC=0.9918  Top1=0.6423
  timing: data=21.4ms  fwd=253.7ms  bwd=278.9ms  total=554.9ms
  -> Saved /home/jupyter/checkpoints_backup/cf-409/dec_f094_r2k/arm6_v2_combab_alignT/leg_40k/cf393_arm6_v2_combab_alignT_cf373k32_cf409_dec_f094_r2k_best_loss.pth
[  31000] loss=0.3639  ema_loss=0.3822  gap=-0.1212  ema_gap=-0.1429  mixup=72/200  1.6 sps  ETA 1.6h
              R²_rand=0.8269  R²_naive=0.1728  U_t=0.0328  U_b=0.1007  AUC=0.9840  Top1=0.4328
  timing: data=5.8ms  fwd=246.8ms  bwd=282.8ms  total=536.3ms
[  31200] loss=0.4070  ema_loss=0.3881  gap=-0.1413  ema_gap=-0.1439  mixup=67/200  1.6 sps  ETA 1.5h
              R²_rand=0.7839  R²_naive=0.1603  U_t=0.0403  U_b=0.1317  AUC=0.9857  Top1=0.6019
  timing: data=7.0ms  fwd=257.3ms  bwd=284.3ms  total=549.5ms
[  31400] loss=0.4518  ema_loss=0.4130  gap=-0.1416  ema_gap=-0.1478  mixup=61/200  1.6 sps  ETA 1.5h
              R²_rand=0.7969  R²_naive=0.1546  U_t=0.0374  U_b=0.1492  AUC=0.9918  Top1=0.6073
  timing: data=66.5ms  fwd=254.8ms  bwd=284.9ms  total=607.2ms
[  31600] loss=0.4373  ema_loss=0.4475  gap=-0.1489  ema_gap=-0.1541  mixup=57/200  1.6 sps  ETA 1.4h
              R²_rand=0.7848  R²_naive=0.1605  U_t=0.0397  U_b=0.1511  AUC=0.9907  Top1=0.5520
  timing: data=7.2ms  fwd=257.2ms  bwd=281.1ms  total=546.4ms
[  31800] loss=0.4882  ema_loss=0.4722  gap=-0.1710  ema_gap=-0.1592  mixup=55/200  1.6 sps  ETA 1.4h
              R²_rand=0.7514  R²_naive=0.1640  U_t=0.0497  U_b=0.1665  AUC=0.9853  Top1=0.5875
  timing: data=7.5ms  fwd=255.9ms  bwd=281.1ms  total=545.5ms
[  32000] loss=0.4754  ema_loss=0.4897  gap=-0.1691  ema_gap=-0.1663  mixup=61/200  1.6 sps  ETA 1.4h
              R²_rand=0.7573  R²_naive=0.1595  U_t=0.0493  U_b=0.1503  AUC=0.9868  Top1=0.6638
  timing: data=19.9ms  fwd=254.7ms  bwd=277.0ms  total=552.4ms
[  32200] loss=0.4712  ema_loss=0.4938  gap=-0.1617  ema_gap=-0.1689  mixup=58/200  1.6 sps  ETA 1.3h
              R²_rand=0.7494  R²_naive=0.1641  U_t=0.0442  U_b=0.1440  AUC=0.9875  Top1=0.6054
  timing: data=7.2ms  fwd=254.1ms  bwd=278.8ms  total=540.9ms
[  32400] loss=0.5646  ema_loss=0.4927  gap=-0.1760  ema_gap=-0.1704  mixup=56/200  1.6 sps  ETA 1.3h
              R²_rand=0.7429  R²_naive=0.1583  U_t=0.0495  U_b=0.1557  AUC=0.9850  Top1=0.6524
  timing: data=5.8ms  fwd=253.7ms  bwd=277.3ms  total=537.7ms
[  32600] loss=0.4507  ema_loss=0.4710  gap=-0.1699  ema_gap=-0.1673  mixup=56/200  1.6 sps  ETA 1.3h
              R²_rand=0.7240  R²_naive=0.1614  U_t=0.0491  U_b=0.1491  AUC=0.9833  Top1=0.5769
  timing: data=19.1ms  fwd=251.8ms  bwd=278.9ms  total=550.7ms
[  32800] loss=0.4927  ema_loss=0.4618  gap=-0.1906  ema_gap=-0.1665  mixup=62/200  1.6 sps  ETA 1.2h
              R²_rand=0.7186  R²_naive=0.1550  U_t=0.0542  U_b=0.1608  AUC=0.9829  Top1=0.5878
  timing: data=7.0ms  fwd=254.7ms  bwd=279.5ms  total=542.0ms
[  33000] loss=0.4461  ema_loss=0.4462  gap=-0.1711  ema_gap=-0.1633  mixup=66/200  1.6 sps  ETA 1.2h
              R²_rand=0.7463  R²_naive=0.1631  U_t=0.0481  U_b=0.1463  AUC=0.9885  Top1=0.6402
  timing: data=7.1ms  fwd=254.0ms  bwd=283.6ms  total=545.6ms
[  33200] loss=0.4866  ema_loss=0.4482  gap=-0.1822  ema_gap=-0.1642  mixup=61/200  1.6 sps  ETA 1.2h
              R²_rand=0.7306  R²_naive=0.1572  U_t=0.0524  U_b=0.1614  AUC=0.9870  Top1=0.6377
  timing: data=26.0ms  fwd=258.7ms  bwd=281.2ms  total=566.8ms
[  33400] loss=0.5247  ema_loss=0.4639  gap=-0.1745  ema_gap=-0.1670  mixup=62/200  1.6 sps  ETA 1.1h
              R²_rand=0.7285  R²_naive=0.1487  U_t=0.0508  U_b=0.1425  AUC=0.9826  Top1=0.6176
  timing: data=6.0ms  fwd=255.3ms  bwd=278.7ms  total=540.9ms
[  33600] loss=0.4800  ema_loss=0.4619  gap=-0.1707  ema_gap=-0.1667  mixup=53/200  1.6 sps  ETA 1.1h
              R²_rand=0.7307  R²_naive=0.1705  U_t=0.0462  U_b=0.1350  AUC=0.9803  Top1=0.5297
  timing: data=6.3ms  fwd=257.1ms  bwd=280.5ms  total=544.8ms
[  33800] loss=0.4577  ema_loss=0.4646  gap=-0.1527  ema_gap=-0.1677  mixup=46/200  1.6 sps  ETA 1.1h
              R²_rand=0.7604  R²_naive=0.1575  U_t=0.0438  U_b=0.1163  AUC=0.9798  Top1=0.5661
  timing: data=20.5ms  fwd=251.6ms  bwd=277.8ms  total=550.8ms
[  34000] loss=0.4692  ema_loss=0.4678  gap=-0.1759  ema_gap=-0.1663  mixup=62/200  1.6 sps  ETA 1.0h
              R²_rand=0.7370  R²_naive=0.1648  U_t=0.0489  U_b=0.1332  AUC=0.9818  Top1=0.5145
  timing: data=6.5ms  fwd=253.2ms  bwd=283.8ms  total=544.4ms
[  34200] loss=0.4101  ema_loss=0.4550  gap=-0.1495  ema_gap=-0.1630  mixup=65/200  1.6 sps  ETA 1.0h
              R²_rand=0.7489  R²_naive=0.1678  U_t=0.0436  U_b=0.1204  AUC=0.9806  Top1=0.5419
  timing: data=7.2ms  fwd=258.2ms  bwd=284.6ms  total=550.9ms
[  34400] loss=0.3357  ema_loss=0.4153  gap=-0.1474  ema_gap=-0.1581  mixup=63/200  1.6 sps  ETA 1.0h
              R²_rand=0.7656  R²_naive=0.1870  U_t=0.0412  U_b=0.1300  AUC=0.9808  Top1=0.5351
  timing: data=17.2ms  fwd=257.5ms  bwd=283.9ms  total=559.6ms
[  34600] loss=0.4494  ema_loss=0.4057  gap=-0.1703  ema_gap=-0.1577  mixup=67/200  1.6 sps  ETA 0.9h
              R²_rand=0.7443  R²_naive=0.1700  U_t=0.0505  U_b=0.1398  AUC=0.9822  Top1=0.5924
  timing: data=8.3ms  fwd=252.8ms  bwd=281.0ms  total=543.0ms
[  34800] loss=0.4086  ema_loss=0.4168  gap=-0.1617  ema_gap=-0.1608  mixup=65/200  1.6 sps  ETA 0.9h
              R²_rand=0.7001  R²_naive=0.1762  U_t=0.0476  U_b=0.1308  AUC=0.9781  Top1=0.5322
  timing: data=7.2ms  fwd=255.2ms  bwd=282.7ms  total=546.0ms
[  35000] loss=0.4839  ema_loss=0.4199  gap=-0.1747  ema_gap=-0.1636  mixup=61/200  1.6 sps  ETA 0.9h
              R²_rand=0.7335  R²_naive=0.1827  U_t=0.0501  U_b=0.1335  AUC=0.9764  Top1=0.5642
  timing: data=15.9ms  fwd=254.0ms  bwd=281.8ms  total=552.6ms
  -> Saved /home/jupyter/checkpoints_backup/cf-409/dec_f094_r2k/arm6_v2_combab_alignT/leg_40k/cf393_arm6_v2_combab_alignT_cf373k32_cf409_dec_f094_r2k_35k.pth
[  35200] loss=0.3727  ema_loss=0.4097  gap=-0.1455  ema_gap=-0.1606  mixup=60/200  1.6 sps  ETA 0.8h
              R²_rand=0.7721  R²_naive=0.1814  U_t=0.0431  U_b=0.1206  AUC=0.9854  Top1=0.5913
  timing: data=7.1ms  fwd=251.4ms  bwd=282.4ms  total=541.7ms
[  35400] loss=0.4162  ema_loss=0.4293  gap=-0.1715  ema_gap=-0.1638  mixup=62/200  1.6 sps  ETA 0.8h
              R²_rand=0.7398  R²_naive=0.1646  U_t=0.0484  U_b=0.1368  AUC=0.9789  Top1=0.5601
  timing: data=7.3ms  fwd=257.5ms  bwd=285.8ms  total=551.5ms
[  35600] loss=0.4890  ema_loss=0.4399  gap=-0.1879  ema_gap=-0.1677  mixup=66/200  1.6 sps  ETA 0.8h
              R²_rand=0.6794  R²_naive=0.1688  U_t=0.0571  U_b=0.1315  AUC=0.9723  Top1=0.5075
  timing: data=6.7ms  fwd=254.7ms  bwd=278.4ms  total=540.7ms
[  35800] loss=0.4435  ema_loss=0.4366  gap=-0.1653  ema_gap=-0.1667  mixup=65/200  1.6 sps  ETA 0.7h
              R²_rand=0.7411  R²_naive=0.1740  U_t=0.0503  U_b=0.1176  AUC=0.9736  Top1=0.5273
  timing: data=15.7ms  fwd=258.4ms  bwd=283.8ms  total=558.8ms
[  36000] loss=0.4081  ema_loss=0.4432  gap=-0.1646  ema_gap=-0.1675  mixup=62/200  1.6 sps  ETA 0.7h
              R²_rand=0.7025  R²_naive=0.1667  U_t=0.0477  U_b=0.1295  AUC=0.9794  Top1=0.5626
  timing: data=6.4ms  fwd=258.5ms  bwd=284.7ms  total=550.6ms
[  36200] loss=0.4920  ema_loss=0.4258  gap=-0.1736  ema_gap=-0.1639  mixup=56/200  1.6 sps  ETA 0.7h
              R²_rand=0.7178  R²_naive=0.1737  U_t=0.0509  U_b=0.1414  AUC=0.9807  Top1=0.5734
  timing: data=6.1ms  fwd=259.3ms  bwd=286.2ms  total=552.5ms
[  36400] loss=0.4642  ema_loss=0.4286  gap=-0.1725  ema_gap=-0.1623  mixup=63/200  1.6 sps  ETA 0.6h
              R²_rand=0.7328  R²_naive=0.1567  U_t=0.0479  U_b=0.1391  AUC=0.9810  Top1=0.5617
  timing: data=79.2ms  fwd=256.9ms  bwd=284.0ms  total=621.0ms
[  36600] loss=0.4173  ema_loss=0.4527  gap=-0.1828  ema_gap=-0.1708  mixup=58/200  1.6 sps  ETA 0.6h
              R²_rand=0.7213  R²_naive=0.1743  U_t=0.0509  U_b=0.1500  AUC=0.9834  Top1=0.5645
  timing: data=6.0ms  fwd=254.4ms  bwd=279.0ms  total=540.3ms
[  36800] loss=0.4139  ema_loss=0.4296  gap=-0.1590  ema_gap=-0.1662  mixup=52/200  1.6 sps  ETA 0.6h
              R²_rand=0.7576  R²_naive=0.1722  U_t=0.0436  U_b=0.1417  AUC=0.9860  Top1=0.5666
  timing: data=6.3ms  fwd=255.7ms  bwd=279.1ms  total=541.9ms
[  37000] loss=0.4866  ema_loss=0.4247  gap=-0.1721  ema_gap=-0.1606  mixup=58/200  1.6 sps  ETA 0.5h
              R²_rand=0.7212  R²_naive=0.1694  U_t=0.0491  U_b=0.1325  AUC=0.9809  Top1=0.5596
  timing: data=21.9ms  fwd=254.8ms  bwd=282.7ms  total=560.4ms
[  37200] loss=0.3178  ema_loss=0.4133  gap=-0.1411  ema_gap=-0.1566  mixup=48/200  1.6 sps  ETA 0.5h
              R²_rand=0.7894  R²_naive=0.1835  U_t=0.0381  U_b=0.1197  AUC=0.9789  Top1=0.4722
  timing: data=6.8ms  fwd=254.6ms  bwd=283.6ms  total=545.9ms
[  37400] loss=0.3842  ema_loss=0.4345  gap=-0.1536  ema_gap=-0.1624  mixup=58/200  1.6 sps  ETA 0.4h
              R²_rand=0.7662  R²_naive=0.1899  U_t=0.0424  U_b=0.0845  AUC=0.9764  Top1=0.4858
  timing: data=8.2ms  fwd=257.8ms  bwd=285.1ms  total=552.0ms
[  37600] loss=0.4398  ema_loss=0.4304  gap=-0.1763  ema_gap=-0.1612  mixup=65/200  1.6 sps  ETA 0.4h
              R²_rand=0.7375  R²_naive=0.1636  U_t=0.0504  U_b=0.1480  AUC=0.9792  Top1=0.5267
  timing: data=18.4ms  fwd=256.7ms  bwd=282.4ms  total=558.4ms
[  37800] loss=0.3884  ema_loss=0.4327  gap=-0.1502  ema_gap=-0.1608  mixup=71/200  1.6 sps  ETA 0.4h
              R²_rand=0.7769  R²_naive=0.1745  U_t=0.0432  U_b=0.1597  AUC=0.9886  Top1=0.6130
  timing: data=8.4ms  fwd=253.7ms  bwd=280.2ms  total=543.1ms
[  38000] loss=0.3696  ema_loss=0.4104  gap=-0.1436  ema_gap=-0.1548  mixup=61/200  1.6 sps  ETA 0.3h
              R²_rand=0.7898  R²_naive=0.1662  U_t=0.0406  U_b=0.1369  AUC=0.9853  Top1=0.5872
  timing: data=6.0ms  fwd=260.2ms  bwd=282.2ms  total=549.3ms
[  38200] loss=0.3854  ema_loss=0.4095  gap=-0.1434  ema_gap=-0.1512  mixup=70/200  1.6 sps  ETA 0.3h
              R²_rand=0.7851  R²_naive=0.1819  U_t=0.0405  U_b=0.1321  AUC=0.9899  Top1=0.6445
  timing: data=30.7ms  fwd=255.3ms  bwd=287.0ms  total=573.8ms
[  38400] loss=0.4642  ema_loss=0.4036  gap=-0.1564  ema_gap=-0.1454  mixup=49/200  1.6 sps  ETA 0.3h
              R²_rand=0.7602  R²_naive=0.1733  U_t=0.0453  U_b=0.1403  AUC=0.9860  Top1=0.6214
  timing: data=6.1ms  fwd=258.4ms  bwd=282.9ms  total=548.3ms
[  38600] loss=0.4623  ema_loss=0.4292  gap=-0.1473  ema_gap=-0.1499  mixup=53/200  1.6 sps  ETA 0.2h
              R²_rand=0.7894  R²_naive=0.1689  U_t=0.0425  U_b=0.1487  AUC=0.9908  Top1=0.6678
  timing: data=7.3ms  fwd=258.9ms  bwd=285.9ms  total=553.0ms
[  38800] loss=0.4245  ema_loss=0.4345  gap=-0.1525  ema_gap=-0.1493  mixup=53/200  1.6 sps  ETA 0.2h
              R²_rand=0.7758  R²_naive=0.1680  U_t=0.0427  U_b=0.1601  AUC=0.9875  Top1=0.5992
  timing: data=15.6ms  fwd=262.2ms  bwd=290.0ms  total=568.7ms
[  39000] loss=0.3764  ema_loss=0.4127  gap=-0.1415  ema_gap=-0.1463  mixup=56/200  1.6 sps  ETA 0.2h
              R²_rand=0.7578  R²_naive=0.1797  U_t=0.0390  U_b=0.1006  AUC=0.9795  Top1=0.5612
  timing: data=5.7ms  fwd=254.7ms  bwd=278.2ms  total=539.4ms
[  39200] loss=0.3737  ema_loss=0.3820  gap=-0.1496  ema_gap=-0.1411  mixup=65/200  1.6 sps  ETA 0.1h
              R²_rand=0.7616  R²_naive=0.1751  U_t=0.0404  U_b=0.1122  AUC=0.9822  Top1=0.6033
  timing: data=5.8ms  fwd=256.0ms  bwd=283.0ms  total=545.7ms
[  39400] loss=0.3630  ema_loss=0.3896  gap=-0.1292  ema_gap=-0.1473  mixup=51/200  1.6 sps  ETA 0.1h
              R²_rand=0.7935  R²_naive=0.1861  U_t=0.0338  U_b=0.0933  AUC=0.9829  Top1=0.5840
  timing: data=23.9ms  fwd=252.3ms  bwd=275.1ms  total=552.2ms
[  39600] loss=0.3939  ema_loss=0.4176  gap=-0.1365  ema_gap=-0.1534  mixup=63/200  1.6 sps  ETA 0.1h
              R²_rand=0.8021  R²_naive=0.1721  U_t=0.0364  U_b=0.1210  AUC=0.9891  Top1=0.5544
  timing: data=9.1ms  fwd=252.2ms  bwd=279.2ms  total=541.4ms
[  39800] loss=0.4523  ema_loss=0.4345  gap=-0.1565  ema_gap=-0.1546  mixup=57/200  1.6 sps  ETA 0.0h
              R²_rand=0.7624  R²_naive=0.1567  U_t=0.0421  U_b=0.1420  AUC=0.9889  Top1=0.6885
  timing: data=7.2ms  fwd=256.4ms  bwd=281.3ms  total=545.7ms
[  40000] loss=0.3543  ema_loss=0.4257  gap=-0.1303  ema_gap=-0.1556  mixup=66/200  1.6 sps  ETA 0.0h
              R²_rand=0.8128  R²_naive=0.1706  U_t=0.0341  U_b=0.1440  AUC=0.9942  Top1=0.6912
  timing: data=26.2ms  fwd=258.0ms  bwd=286.4ms  total=571.4ms
  -> Saved /home/jupyter/checkpoints_backup/cf-409/dec_f094_r2k/arm6_v2_combab_alignT/leg_40k/cf393_arm6_v2_combab_alignT_cf373k32_cf409_dec_f094_r2k_40k.pth
  -> Saved /home/jupyter/checkpoints_backup/cf-409/dec_f094_r2k/arm6_v2_combab_alignT/leg_40k/cf393_arm6_v2_combab_alignT_cf373k32_cf409_dec_f094_r2k_final.pth

Done in 6.9h. Best gap=0.0431 at step 1800, Best loss=0.3662 at step 30800
