Command line: /tmp/contrastive-forecasting-409/experiments/2026-04-27_freq-embedding/scripts/train.py --qk-norm --attn-out-norm --batch-size 64 --device cuda --total-steps 40000 --lr 1e-3 --weight-decay 0.1 --adam-beta1 0.9 --adam-beta2 0.98 --seed 20260520 --save-every 20000 --extra-save-steps 40000 --save-dir /home/jupyter/checkpoints_backup/cf-409/dec_s20/arm6_v2_combab_alignT/leg_40k --run-name cf393_arm6_v2_combab_alignT_cf373k32_cf409_dec_s20 --log-every 200 --hf-repo jeremycochoy/gift-pretrain-full-4096 --hf-path small_v1 --t-raw 4096 --n-channels 1 --d-model 64 --n-heads 8 --num-encoder-layers 3 --num-layers 3 --encoder-dropkey 0.70 --encoder-dropkey-share-heads --encoder-dropkey-share-layers --depthwise-conv 3 --deprecated-depthwise-conv 0 --loss-shape cosine_similarity_batch_rep_only --align-loss-weight 1.0 --moco-rep-keys --tau-rep 1.0 --align-target teacher --ema-embedding --ema-encoder --ema-tau 0.9 --ema-tau-end 1.0 --ema-tau-ramp-steps 100000 --cpc-infonce-weight 1.0 --sigreg-embedding --sigreg-encoding --sigreg-n-chunk 2048 --sigreg-embedding-weight 1.0 --sigreg-encoding-weight 1.0 --tau 0.10 --rev-norm-kind ewma --rev-norm-span 128 --encoder-type gru --synth-kind forked-arma --mix-ratio 0.0078125 --crossfade-triplets 1 --mixup-p 0.3 --freq-emb-dim 3 --seasonality-emb-dim 3 --log-attn-amplitude --log-attn-amplitude-every 200 --residual-dtype fp32 --attn-dtype fp16 --ffn-dtype fp16 --conv-dtype fp16 --patch-emb-dtype fp32 --train-rollout-depth 32 --cpc-infonce-weight 0.0 --train-rollout-reduce mean --align-target teacher --rep-loss-weight 1.0 --rep-loss-weight-end 0.0 --rep-loss-weight-ramp-steps 10000 --latent-drift-probe-batch-size 16
Device: cuda | Params: 720,668
Training for 40000 steps, bs=64, lr=0.001, T=4096, C=1, mix_ratio=0.0078125, freq_emb_dim=3, seasonality_emb_dim=3, mixup_p=0.3, rev_norm_kind=ewma(span=128), patch_stats=none, encoder_type=gru
Checkpoints: /home/jupyter/checkpoints_backup/cf-409/dec_s20/arm6_v2_combab_alignT/leg_40k/cf393_arm6_v2_combab_alignT_cf373k32_cf409_dec_s20_*.pth
Loss CSV: /home/jupyter/checkpoints_backup/cf-409/dec_s20/arm6_v2_combab_alignT/leg_40k/cf393_arm6_v2_combab_alignT_cf373k32_cf409_dec_s20_losses.csv
Latent-drift CSV: /home/jupyter/checkpoints_backup/cf-409/dec_s20/arm6_v2_combab_alignT/leg_40k/cf393_arm6_v2_combab_alignT_cf373k32_cf409_dec_s20_latent_drift.csv (every 20000 steps, probe_bs=16, probe_seed=20260722)
Attn-amplitude CSV: /home/jupyter/checkpoints_backup/cf-409/dec_s20/arm6_v2_combab_alignT/leg_40k/cf393_arm6_v2_combab_alignT_cf373k32_cf409_dec_s20_attn_amplitude.csv (every 200 steps)
Data: MIX 99% HF + 1% synth (forked-arma) + 0% crossfade + 1 triplet(s)=3 rows, hf_bs=64, synth_bs=0, cross_bs=0, total_bs=67
[    200] loss=12.2034  ema_loss=12.7230  gap=-0.1047  ema_gap=-0.1751  mixup=61/200  1.7 sps  ETA 6.7h
              R²_rand=0.6093  R²_naive=0.2703  U_t=0.0832  U_b=0.1563  AUC=0.9339  Top1=0.1379
  timing: data=35.5ms  fwd=261.0ms  bwd=294.4ms  total=591.7ms
  -> Saved /home/jupyter/checkpoints_backup/cf-409/dec_s20/arm6_v2_combab_alignT/leg_40k/cf393_arm6_v2_combab_alignT_cf373k32_cf409_dec_s20_best_gap.pth
  -> Saved /home/jupyter/checkpoints_backup/cf-409/dec_s20/arm6_v2_combab_alignT/leg_40k/cf393_arm6_v2_combab_alignT_cf373k32_cf409_dec_s20_best_loss.pth
[    400] loss=11.7817  ema_loss=12.0228  gap=-0.0374  ema_gap=-0.0715  mixup=58/200  1.7 sps  ETA 6.6h
              R²_rand=0.6812  R²_naive=0.3714  U_t=0.0676  U_b=0.1239  AUC=0.9578  Top1=0.2008
  timing: data=4.2ms  fwd=274.1ms  bwd=305.7ms  total=584.9ms
  -> Saved /home/jupyter/checkpoints_backup/cf-409/dec_s20/arm6_v2_combab_alignT/leg_40k/cf393_arm6_v2_combab_alignT_cf373k32_cf409_dec_s20_best_gap.pth
  -> Saved /home/jupyter/checkpoints_backup/cf-409/dec_s20/arm6_v2_combab_alignT/leg_40k/cf393_arm6_v2_combab_alignT_cf373k32_cf409_dec_s20_best_loss.pth
[    600] loss=11.4770  ema_loss=11.6264  gap=-0.0027  ema_gap=-0.0259  mixup=65/200  1.6 sps  ETA 6.7h
              R²_rand=0.7500  R²_naive=0.3846  U_t=0.0578  U_b=0.1172  AUC=0.9737  Top1=0.3370
  timing: data=4.7ms  fwd=288.5ms  bwd=314.1ms  total=608.2ms
  -> Saved /home/jupyter/checkpoints_backup/cf-409/dec_s20/arm6_v2_combab_alignT/leg_40k/cf393_arm6_v2_combab_alignT_cf373k32_cf409_dec_s20_best_gap.pth
  -> Saved /home/jupyter/checkpoints_backup/cf-409/dec_s20/arm6_v2_combab_alignT/leg_40k/cf393_arm6_v2_combab_alignT_cf373k32_cf409_dec_s20_best_loss.pth
[    800] loss=11.2816  ema_loss=11.3860  gap=0.0076  ema_gap=-0.0050  mixup=65/200  1.6 sps  ETA 6.8h
              R²_rand=0.7320  R²_naive=0.3887  U_t=0.0651  U_b=0.1363  AUC=0.9752  Top1=0.3064
  timing: data=13.6ms  fwd=286.1ms  bwd=310.2ms  total=610.8ms
  -> Saved /home/jupyter/checkpoints_backup/cf-409/dec_s20/arm6_v2_combab_alignT/leg_40k/cf393_arm6_v2_combab_alignT_cf373k32_cf409_dec_s20_best_gap.pth
  -> Saved /home/jupyter/checkpoints_backup/cf-409/dec_s20/arm6_v2_combab_alignT/leg_40k/cf393_arm6_v2_combab_alignT_cf373k32_cf409_dec_s20_best_loss.pth
[   1000] loss=11.0770  ema_loss=11.1995  gap=0.0218  ema_gap=0.0117  mixup=61/200  1.6 sps  ETA 6.8h
              R²_rand=0.7229  R²_naive=0.4020  U_t=0.0664  U_b=0.1384  AUC=0.9764  Top1=0.3525
  timing: data=4.9ms  fwd=285.6ms  bwd=314.1ms  total=605.4ms
  -> Saved /home/jupyter/checkpoints_backup/cf-409/dec_s20/arm6_v2_combab_alignT/leg_40k/cf393_arm6_v2_combab_alignT_cf373k32_cf409_dec_s20_best_gap.pth
  -> Saved /home/jupyter/checkpoints_backup/cf-409/dec_s20/arm6_v2_combab_alignT/leg_40k/cf393_arm6_v2_combab_alignT_cf373k32_cf409_dec_s20_best_loss.pth
[   1200] loss=10.8993  ema_loss=10.9950  gap=0.0292  ema_gap=0.0225  mixup=59/200  1.6 sps  ETA 6.8h
              R²_rand=0.6821  R²_naive=0.4325  U_t=0.0773  U_b=0.1371  AUC=0.9685  Top1=0.2912
  timing: data=4.3ms  fwd=288.1ms  bwd=308.7ms  total=601.9ms
  -> Saved /home/jupyter/checkpoints_backup/cf-409/dec_s20/arm6_v2_combab_alignT/leg_40k/cf393_arm6_v2_combab_alignT_cf373k32_cf409_dec_s20_best_gap.pth
  -> Saved /home/jupyter/checkpoints_backup/cf-409/dec_s20/arm6_v2_combab_alignT/leg_40k/cf393_arm6_v2_combab_alignT_cf373k32_cf409_dec_s20_best_loss.pth
[   1400] loss=10.6554  ema_loss=10.7789  gap=0.0284  ema_gap=0.0313  mixup=77/200  1.6 sps  ETA 6.7h
              R²_rand=0.7116  R²_naive=0.3982  U_t=0.0692  U_b=0.1458  AUC=0.9731  Top1=0.3189
  timing: data=16.3ms  fwd=284.1ms  bwd=306.8ms  total=608.0ms
  -> Saved /home/jupyter/checkpoints_backup/cf-409/dec_s20/arm6_v2_combab_alignT/leg_40k/cf393_arm6_v2_combab_alignT_cf373k32_cf409_dec_s20_best_gap.pth
  -> Saved /home/jupyter/checkpoints_backup/cf-409/dec_s20/arm6_v2_combab_alignT/leg_40k/cf393_arm6_v2_combab_alignT_cf373k32_cf409_dec_s20_best_loss.pth
[   1600] loss=10.4494  ema_loss=10.5682  gap=0.0445  ema_gap=0.0426  mixup=65/200  1.6 sps  ETA 6.7h
              R²_rand=0.7193  R²_naive=0.4203  U_t=0.0768  U_b=0.1456  AUC=0.9708  Top1=0.3267
  timing: data=4.7ms  fwd=284.2ms  bwd=308.1ms  total=597.9ms
  -> Saved /home/jupyter/checkpoints_backup/cf-409/dec_s20/arm6_v2_combab_alignT/leg_40k/cf393_arm6_v2_combab_alignT_cf373k32_cf409_dec_s20_best_gap.pth
  -> Saved /home/jupyter/checkpoints_backup/cf-409/dec_s20/arm6_v2_combab_alignT/leg_40k/cf393_arm6_v2_combab_alignT_cf373k32_cf409_dec_s20_best_loss.pth
[   1800] loss=10.2286  ema_loss=10.3488  gap=0.0435  ema_gap=0.0512  mixup=64/200  1.6 sps  ETA 6.7h
              R²_rand=0.7013  R²_naive=0.4471  U_t=0.0748  U_b=0.1447  AUC=0.9703  Top1=0.2776
  timing: data=4.2ms  fwd=285.4ms  bwd=312.7ms  total=603.1ms
  -> Saved /home/jupyter/checkpoints_backup/cf-409/dec_s20/arm6_v2_combab_alignT/leg_40k/cf393_arm6_v2_combab_alignT_cf373k32_cf409_dec_s20_best_gap.pth
  -> Saved /home/jupyter/checkpoints_backup/cf-409/dec_s20/arm6_v2_combab_alignT/leg_40k/cf393_arm6_v2_combab_alignT_cf373k32_cf409_dec_s20_best_loss.pth
[   2000] loss=10.0662  ema_loss=10.1546  gap=0.0830  ema_gap=0.0613  mixup=66/200  1.6 sps  ETA 6.7h
              R²_rand=0.7218  R²_naive=0.4454  U_t=0.0889  U_b=0.1432  AUC=0.9681  Top1=0.2402
  timing: data=16.7ms  fwd=287.5ms  bwd=315.1ms  total=620.2ms
  -> Saved /home/jupyter/checkpoints_backup/cf-409/dec_s20/arm6_v2_combab_alignT/leg_40k/cf393_arm6_v2_combab_alignT_cf373k32_cf409_dec_s20_best_gap.pth
  -> Saved /home/jupyter/checkpoints_backup/cf-409/dec_s20/arm6_v2_combab_alignT/leg_40k/cf393_arm6_v2_combab_alignT_cf373k32_cf409_dec_s20_best_loss.pth
[   2200] loss=9.8078  ema_loss=9.9437  gap=0.0726  ema_gap=0.0743  mixup=67/200  1.6 sps  ETA 6.6h
              R²_rand=0.7147  R²_naive=0.4303  U_t=0.0849  U_b=0.1458  AUC=0.9685  Top1=0.2779
  timing: data=4.2ms  fwd=280.9ms  bwd=308.6ms  total=594.5ms
  -> Saved /home/jupyter/checkpoints_backup/cf-409/dec_s20/arm6_v2_combab_alignT/leg_40k/cf393_arm6_v2_combab_alignT_cf373k32_cf409_dec_s20_best_gap.pth
  -> Saved /home/jupyter/checkpoints_backup/cf-409/dec_s20/arm6_v2_combab_alignT/leg_40k/cf393_arm6_v2_combab_alignT_cf373k32_cf409_dec_s20_best_loss.pth
[   2400] loss=9.6646  ema_loss=9.7325  gap=0.0935  ema_gap=0.0816  mixup=53/200  1.6 sps  ETA 6.6h
              R²_rand=0.6668  R²_naive=0.4564  U_t=0.0962  U_b=0.1564  AUC=0.9597  Top1=0.2212
  timing: data=4.6ms  fwd=286.5ms  bwd=310.0ms  total=602.0ms
  -> Saved /home/jupyter/checkpoints_backup/cf-409/dec_s20/arm6_v2_combab_alignT/leg_40k/cf393_arm6_v2_combab_alignT_cf373k32_cf409_dec_s20_best_gap.pth
  -> Saved /home/jupyter/checkpoints_backup/cf-409/dec_s20/arm6_v2_combab_alignT/leg_40k/cf393_arm6_v2_combab_alignT_cf373k32_cf409_dec_s20_best_loss.pth
[   2600] loss=9.3725  ema_loss=9.5158  gap=0.0926  ema_gap=0.0883  mixup=55/200  1.6 sps  ETA 6.6h
              R²_rand=0.6993  R²_naive=0.4440  U_t=0.0920  U_b=0.1701  AUC=0.9675  Top1=0.2760
  timing: data=13.3ms  fwd=283.5ms  bwd=310.1ms  total=607.8ms
  -> Saved /home/jupyter/checkpoints_backup/cf-409/dec_s20/arm6_v2_combab_alignT/leg_40k/cf393_arm6_v2_combab_alignT_cf373k32_cf409_dec_s20_best_gap.pth
  -> Saved /home/jupyter/checkpoints_backup/cf-409/dec_s20/arm6_v2_combab_alignT/leg_40k/cf393_arm6_v2_combab_alignT_cf373k32_cf409_dec_s20_best_loss.pth
[   2800] loss=9.1534  ema_loss=9.2895  gap=0.0900  ema_gap=0.0920  mixup=55/200  1.6 sps  ETA 6.5h
              R²_rand=0.7272  R²_naive=0.4369  U_t=0.0910  U_b=0.1601  AUC=0.9711  Top1=0.2887
  timing: data=4.5ms  fwd=288.4ms  bwd=313.1ms  total=606.9ms
  -> Saved /home/jupyter/checkpoints_backup/cf-409/dec_s20/arm6_v2_combab_alignT/leg_40k/cf393_arm6_v2_combab_alignT_cf373k32_cf409_dec_s20_best_gap.pth
  -> Saved /home/jupyter/checkpoints_backup/cf-409/dec_s20/arm6_v2_combab_alignT/leg_40k/cf393_arm6_v2_combab_alignT_cf373k32_cf409_dec_s20_best_loss.pth
[   3000] loss=8.8650  ema_loss=9.0613  gap=0.0897  ema_gap=0.0932  mixup=52/200  1.6 sps  ETA 6.5h
              R²_rand=0.7311  R²_naive=0.4485  U_t=0.0882  U_b=0.1671  AUC=0.9635  Top1=0.2475
  timing: data=4.3ms  fwd=289.1ms  bwd=318.8ms  total=613.0ms
  -> Saved /home/jupyter/checkpoints_backup/cf-409/dec_s20/arm6_v2_combab_alignT/leg_40k/cf393_arm6_v2_combab_alignT_cf373k32_cf409_dec_s20_best_gap.pth
  -> Saved /home/jupyter/checkpoints_backup/cf-409/dec_s20/arm6_v2_combab_alignT/leg_40k/cf393_arm6_v2_combab_alignT_cf373k32_cf409_dec_s20_best_loss.pth
[   3200] loss=8.7495  ema_loss=8.8459  gap=0.1101  ema_gap=0.0971  mixup=68/200  1.6 sps  ETA 6.5h
              R²_rand=0.6975  R²_naive=0.4715  U_t=0.0980  U_b=0.1500  AUC=0.9687  Top1=0.2480
  timing: data=16.2ms  fwd=286.5ms  bwd=315.4ms  total=619.0ms
  -> Saved /home/jupyter/checkpoints_backup/cf-409/dec_s20/arm6_v2_combab_alignT/leg_40k/cf393_arm6_v2_combab_alignT_cf373k32_cf409_dec_s20_best_gap.pth
  -> Saved /home/jupyter/checkpoints_backup/cf-409/dec_s20/arm6_v2_combab_alignT/leg_40k/cf393_arm6_v2_combab_alignT_cf373k32_cf409_dec_s20_best_loss.pth
[   3400] loss=8.5675  ema_loss=8.6082  gap=0.1008  ema_gap=0.0981  mixup=53/200  1.6 sps  ETA 6.4h
              R²_rand=0.6735  R²_naive=0.4347  U_t=0.1038  U_b=0.1622  AUC=0.9610  Top1=0.2448
  timing: data=4.6ms  fwd=285.1ms  bwd=310.0ms  total=600.5ms
  -> Saved /home/jupyter/checkpoints_backup/cf-409/dec_s20/arm6_v2_combab_alignT/leg_40k/cf393_arm6_v2_combab_alignT_cf373k32_cf409_dec_s20_best_gap.pth
  -> Saved /home/jupyter/checkpoints_backup/cf-409/dec_s20/arm6_v2_combab_alignT/leg_40k/cf393_arm6_v2_combab_alignT_cf373k32_cf409_dec_s20_best_loss.pth
[   3600] loss=8.2667  ema_loss=8.3763  gap=0.0856  ema_gap=0.0979  mixup=44/200  1.6 sps  ETA 6.4h
              R²_rand=0.6843  R²_naive=0.4231  U_t=0.1035  U_b=0.1466  AUC=0.9609  Top1=0.2388
  timing: data=3.8ms  fwd=278.3ms  bwd=299.6ms  total=582.5ms
  -> Saved /home/jupyter/checkpoints_backup/cf-409/dec_s20/arm6_v2_combab_alignT/leg_40k/cf393_arm6_v2_combab_alignT_cf373k32_cf409_dec_s20_best_loss.pth
[   3800] loss=8.0390  ema_loss=8.1747  gap=0.0942  ema_gap=0.1058  mixup=55/200  1.6 sps  ETA 6.4h
              R²_rand=0.6869  R²_naive=0.4371  U_t=0.0997  U_b=0.1614  AUC=0.9581  Top1=0.2304
  timing: data=21.4ms  fwd=282.3ms  bwd=306.4ms  total=610.9ms
  -> Saved /home/jupyter/checkpoints_backup/cf-409/dec_s20/arm6_v2_combab_alignT/leg_40k/cf393_arm6_v2_combab_alignT_cf373k32_cf409_dec_s20_best_gap.pth
  -> Saved /home/jupyter/checkpoints_backup/cf-409/dec_s20/arm6_v2_combab_alignT/leg_40k/cf393_arm6_v2_combab_alignT_cf373k32_cf409_dec_s20_best_loss.pth
[   4000] loss=7.8732  ema_loss=7.9680  gap=0.1134  ema_gap=0.1102  mixup=65/200  1.6 sps  ETA 6.3h
              R²_rand=0.6476  R²_naive=0.4474  U_t=0.1114  U_b=0.1575  AUC=0.9624  Top1=0.2391
  timing: data=4.4ms  fwd=286.4ms  bwd=312.3ms  total=604.0ms
  -> Saved /home/jupyter/checkpoints_backup/cf-409/dec_s20/arm6_v2_combab_alignT/leg_40k/cf393_arm6_v2_combab_alignT_cf373k32_cf409_dec_s20_best_gap.pth
  -> Saved /home/jupyter/checkpoints_backup/cf-409/dec_s20/arm6_v2_combab_alignT/leg_40k/cf393_arm6_v2_combab_alignT_cf373k32_cf409_dec_s20_best_loss.pth
[   4200] loss=7.6438  ema_loss=7.7252  gap=0.1230  ema_gap=0.1099  mixup=57/200  1.6 sps  ETA 6.3h
              R²_rand=0.6802  R²_naive=0.4623  U_t=0.1054  U_b=0.1667  AUC=0.9585  Top1=0.2412
  timing: data=4.5ms  fwd=290.0ms  bwd=313.7ms  total=609.1ms
  -> Saved /home/jupyter/checkpoints_backup/cf-409/dec_s20/arm6_v2_combab_alignT/leg_40k/cf393_arm6_v2_combab_alignT_cf373k32_cf409_dec_s20_best_loss.pth
[   4400] loss=7.3242  ema_loss=7.5011  gap=0.0918  ema_gap=0.1129  mixup=62/200  1.6 sps  ETA 6.3h
              R²_rand=0.6939  R²_naive=0.4038  U_t=0.0966  U_b=0.1752  AUC=0.9673  Top1=0.2866
  timing: data=45.5ms  fwd=290.9ms  bwd=318.6ms  total=655.9ms
  -> Saved /home/jupyter/checkpoints_backup/cf-409/dec_s20/arm6_v2_combab_alignT/leg_40k/cf393_arm6_v2_combab_alignT_cf373k32_cf409_dec_s20_best_gap.pth
  -> Saved /home/jupyter/checkpoints_backup/cf-409/dec_s20/arm6_v2_combab_alignT/leg_40k/cf393_arm6_v2_combab_alignT_cf373k32_cf409_dec_s20_best_loss.pth
[   4600] loss=7.1185  ema_loss=7.2701  gap=0.1081  ema_gap=0.1146  mixup=66/200  1.6 sps  ETA 6.3h
              R²_rand=0.7067  R²_naive=0.4382  U_t=0.0965  U_b=0.1714  AUC=0.9705  Top1=0.3224
  timing: data=4.3ms  fwd=289.8ms  bwd=316.2ms  total=611.2ms
  -> Saved /home/jupyter/checkpoints_backup/cf-409/dec_s20/arm6_v2_combab_alignT/leg_40k/cf393_arm6_v2_combab_alignT_cf373k32_cf409_dec_s20_best_gap.pth
  -> Saved /home/jupyter/checkpoints_backup/cf-409/dec_s20/arm6_v2_combab_alignT/leg_40k/cf393_arm6_v2_combab_alignT_cf373k32_cf409_dec_s20_best_loss.pth
[   4800] loss=6.9017  ema_loss=7.0163  gap=0.0952  ema_gap=0.1110  mixup=63/200  1.6 sps  ETA 6.2h
              R²_rand=0.6649  R²_naive=0.4236  U_t=0.1009  U_b=0.1738  AUC=0.9658  Top1=0.3023
  timing: data=4.7ms  fwd=288.4ms  bwd=317.1ms  total=611.1ms
  -> Saved /home/jupyter/checkpoints_backup/cf-409/dec_s20/arm6_v2_combab_alignT/leg_40k/cf393_arm6_v2_combab_alignT_cf373k32_cf409_dec_s20_best_loss.pth
[   5000] loss=6.7712  ema_loss=6.8148  gap=0.1453  ema_gap=0.1204  mixup=60/200  1.6 sps  ETA 6.2h
              R²_rand=0.6629  R²_naive=0.4461  U_t=0.1069  U_b=0.1564  AUC=0.9558  Top1=0.2391
  timing: data=23.4ms  fwd=289.2ms  bwd=318.9ms  total=632.3ms
  -> Saved /home/jupyter/checkpoints_backup/cf-409/dec_s20/arm6_v2_combab_alignT/leg_40k/cf393_arm6_v2_combab_alignT_cf373k32_cf409_dec_s20_best_gap.pth
  -> Saved /home/jupyter/checkpoints_backup/cf-409/dec_s20/arm6_v2_combab_alignT/leg_40k/cf393_arm6_v2_combab_alignT_cf373k32_cf409_dec_s20_best_loss.pth
[   5200] loss=6.5548  ema_loss=6.6122  gap=0.1119  ema_gap=0.1214  mixup=69/200  1.6 sps  ETA 6.2h
              R²_rand=0.6778  R²_naive=0.4305  U_t=0.1075  U_b=0.1770  AUC=0.9609  Top1=0.2746
  timing: data=4.6ms  fwd=292.7ms  bwd=321.9ms  total=620.1ms
  -> Saved /home/jupyter/checkpoints_backup/cf-409/dec_s20/arm6_v2_combab_alignT/leg_40k/cf393_arm6_v2_combab_alignT_cf373k32_cf409_dec_s20_best_gap.pth
  -> Saved /home/jupyter/checkpoints_backup/cf-409/dec_s20/arm6_v2_combab_alignT/leg_40k/cf393_arm6_v2_combab_alignT_cf373k32_cf409_dec_s20_best_loss.pth
[   5400] loss=6.3190  ema_loss=6.3753  gap=0.1483  ema_gap=0.1216  mixup=55/200  1.6 sps  ETA 6.1h
              R²_rand=0.6360  R²_naive=0.4537  U_t=0.1080  U_b=0.1740  AUC=0.9556  Top1=0.2453
  timing: data=4.4ms  fwd=291.6ms  bwd=317.3ms  total=614.2ms
  -> Saved /home/jupyter/checkpoints_backup/cf-409/dec_s20/arm6_v2_combab_alignT/leg_40k/cf393_arm6_v2_combab_alignT_cf373k32_cf409_dec_s20_best_gap.pth
  -> Saved /home/jupyter/checkpoints_backup/cf-409/dec_s20/arm6_v2_combab_alignT/leg_40k/cf393_arm6_v2_combab_alignT_cf373k32_cf409_dec_s20_best_loss.pth
[   5600] loss=6.0642  ema_loss=6.1756  gap=0.0887  ema_gap=0.1221  mixup=50/200  1.6 sps  ETA 6.1h
              R²_rand=0.6867  R²_naive=0.3802  U_t=0.0950  U_b=0.1911  AUC=0.9593  Top1=0.2592
  timing: data=4.5ms  fwd=290.5ms  bwd=316.7ms  total=612.6ms
  -> Saved /home/jupyter/checkpoints_backup/cf-409/dec_s20/arm6_v2_combab_alignT/leg_40k/cf393_arm6_v2_combab_alignT_cf373k32_cf409_dec_s20_best_gap.pth
  -> Saved /home/jupyter/checkpoints_backup/cf-409/dec_s20/arm6_v2_combab_alignT/leg_40k/cf393_arm6_v2_combab_alignT_cf373k32_cf409_dec_s20_best_loss.pth
[   5800] loss=5.8613  ema_loss=5.9528  gap=0.1136  ema_gap=0.1225  mixup=64/200  1.6 sps  ETA 6.1h
              R²_rand=0.6670  R²_naive=0.4233  U_t=0.1080  U_b=0.1831  AUC=0.9585  Top1=0.2773
  timing: data=19.0ms  fwd=292.5ms  bwd=316.7ms  total=629.1ms
  -> Saved /home/jupyter/checkpoints_backup/cf-409/dec_s20/arm6_v2_combab_alignT/leg_40k/cf393_arm6_v2_combab_alignT_cf373k32_cf409_dec_s20_best_gap.pth
  -> Saved /home/jupyter/checkpoints_backup/cf-409/dec_s20/arm6_v2_combab_alignT/leg_40k/cf393_arm6_v2_combab_alignT_cf373k32_cf409_dec_s20_best_loss.pth
[   6000] loss=5.6827  ema_loss=5.7354  gap=0.1137  ema_gap=0.1232  mixup=64/200  1.6 sps  ETA 6.0h
              R²_rand=0.6100  R²_naive=0.4293  U_t=0.1214  U_b=0.1712  AUC=0.9407  Top1=0.1737
  timing: data=4.5ms  fwd=285.9ms  bwd=311.0ms  total=602.3ms
  -> Saved /home/jupyter/checkpoints_backup/cf-409/dec_s20/arm6_v2_combab_alignT/leg_40k/cf393_arm6_v2_combab_alignT_cf373k32_cf409_dec_s20_best_gap.pth
  -> Saved /home/jupyter/checkpoints_backup/cf-409/dec_s20/arm6_v2_combab_alignT/leg_40k/cf393_arm6_v2_combab_alignT_cf373k32_cf409_dec_s20_best_loss.pth
[   6200] loss=5.3201  ema_loss=5.4954  gap=0.1087  ema_gap=0.1209  mixup=51/200  1.6 sps  ETA 6.0h
              R²_rand=0.6693  R²_naive=0.4240  U_t=0.1067  U_b=0.1898  AUC=0.9607  Top1=0.2901
  timing: data=4.2ms  fwd=281.0ms  bwd=300.3ms  total=586.2ms
  -> Saved /home/jupyter/checkpoints_backup/cf-409/dec_s20/arm6_v2_combab_alignT/leg_40k/cf393_arm6_v2_combab_alignT_cf373k32_cf409_dec_s20_best_loss.pth
[   6400] loss=5.0079  ema_loss=5.2664  gap=0.0778  ema_gap=0.1215  mixup=58/200  1.6 sps  ETA 6.0h
              R²_rand=0.6894  R²_naive=0.4182  U_t=0.0859  U_b=0.1649  AUC=0.9627  Top1=0.2464
  timing: data=15.0ms  fwd=279.9ms  bwd=304.6ms  total=600.4ms
  -> Saved /home/jupyter/checkpoints_backup/cf-409/dec_s20/arm6_v2_combab_alignT/leg_40k/cf393_arm6_v2_combab_alignT_cf373k32_cf409_dec_s20_best_loss.pth
[   6600] loss=5.0461  ema_loss=5.0486  gap=0.1398  ema_gap=0.1196  mixup=57/200  1.6 sps  ETA 5.9h
              R²_rand=0.6396  R²_naive=0.4376  U_t=0.1259  U_b=0.1654  AUC=0.9429  Top1=0.2060
  timing: data=4.3ms  fwd=280.9ms  bwd=305.4ms  total=591.5ms
  -> Saved /home/jupyter/checkpoints_backup/cf-409/dec_s20/arm6_v2_combab_alignT/leg_40k/cf393_arm6_v2_combab_alignT_cf373k32_cf409_dec_s20_best_loss.pth
