Command line: /tmp/contrastive-forecasting-409/experiments/2026-04-27_freq-embedding/scripts/train.py --qk-norm --attn-out-norm --batch-size 64 --device cuda --total-steps 40000 --lr 1e-3 --weight-decay 0.1 --adam-beta1 0.9 --adam-beta2 0.98 --seed 20260520 --save-every 5000 --extra-save-steps 40000 --save-dir /home/jupyter/checkpoints_backup/cf-409/dec_m070_fix/arm6_v2_combab_alignT/leg_40k --run-name cf393_arm6_v2_combab_alignT_cf373k32_cf409_dec_m070_fix --log-every 200 --hf-repo jeremycochoy/gift-pretrain-full-4096 --hf-path small_v1 --t-raw 4096 --n-channels 1 --d-model 64 --n-heads 8 --num-encoder-layers 3 --num-layers 3 --encoder-dropkey 0.70 --encoder-dropkey-share-heads --encoder-dropkey-share-layers --depthwise-conv 3 --deprecated-depthwise-conv 0 --loss-shape cosine_similarity_batch_rep_only --align-loss-weight 1.0 --moco-rep-keys --tau-rep 1.0 --align-target teacher --ema-embedding --ema-encoder --ema-tau 0.7 --cpc-infonce-weight 1.0 --sigreg-embedding --sigreg-encoding --sigreg-n-chunk 2048 --sigreg-embedding-weight 1.0 --sigreg-encoding-weight 1.0 --tau 0.10 --rev-norm-kind ewma --rev-norm-span 128 --encoder-type gru --synth-kind forked-arma --mix-ratio 0.0078125 --crossfade-triplets 1 --mixup-p 0.3 --freq-emb-dim 3 --seasonality-emb-dim 3 --log-attn-amplitude --log-attn-amplitude-every 200 --residual-dtype fp32 --attn-dtype fp16 --ffn-dtype fp16 --conv-dtype fp16 --patch-emb-dtype fp32 --train-rollout-depth 32 --cpc-infonce-weight 0.0 --train-rollout-reduce mean --align-target teacher --rep-loss-weight 1.0 --rep-loss-weight-end 0.0 --rep-loss-weight-ramp-steps 10000 --latent-drift-probe-batch-size 16
Traceback (most recent call last):
  File "/tmp/contrastive-forecasting-409/experiments/2026-04-27_freq-embedding/scripts/train.py", line 2330, in <module>
    main()
  File "/tmp/contrastive-forecasting-409/experiments/2026-04-27_freq-embedding/scripts/train.py", line 1611, in main
    model = ConfigurableModel(**model_config).to(device)
  File "/home/jupyter/.local/lib/python3.10/site-packages/torch/nn/modules/module.py", line 1369, in to
    return self._apply(convert)
  File "/home/jupyter/.local/lib/python3.10/site-packages/torch/nn/modules/module.py", line 928, in _apply
    module._apply(fn)
  File "/home/jupyter/.local/lib/python3.10/site-packages/torch/nn/modules/module.py", line 928, in _apply
    module._apply(fn)
  File "/home/jupyter/.local/lib/python3.10/site-packages/torch/nn/modules/rnn.py", line 291, in _apply
    self._init_flat_weights()
  File "/home/jupyter/.local/lib/python3.10/site-packages/torch/nn/modules/rnn.py", line 215, in _init_flat_weights
    self.flatten_parameters()
  File "/home/jupyter/.local/lib/python3.10/site-packages/torch/nn/modules/rnn.py", line 272, in flatten_parameters
    torch._cudnn_rnn_flatten_weight(
torch.AcceleratorError: CUDA error: out of memory
CUDA kernel errors might be asynchronously reported at some other API call, so the stacktrace below might be incorrect.
For debugging consider passing CUDA_LAUNCH_BLOCKING=1
Compile with `TORCH_USE_CUDA_DSA` to enable device-side assertions.

Command line: /tmp/contrastive-forecasting-409/experiments/2026-04-27_freq-embedding/scripts/train.py --qk-norm --attn-out-norm --batch-size 64 --device cuda --total-steps 40000 --lr 1e-3 --weight-decay 0.1 --adam-beta1 0.9 --adam-beta2 0.98 --seed 20260520 --save-every 5000 --extra-save-steps 40000 --save-dir /home/jupyter/checkpoints_backup/cf-409/dec_m070_fix/arm6_v2_combab_alignT/leg_40k --run-name cf393_arm6_v2_combab_alignT_cf373k32_cf409_dec_m070_fix --log-every 200 --hf-repo jeremycochoy/gift-pretrain-full-4096 --hf-path small_v1 --t-raw 4096 --n-channels 1 --d-model 64 --n-heads 8 --num-encoder-layers 3 --num-layers 3 --encoder-dropkey 0.70 --encoder-dropkey-share-heads --encoder-dropkey-share-layers --depthwise-conv 3 --deprecated-depthwise-conv 0 --loss-shape cosine_similarity_batch_rep_only --align-loss-weight 1.0 --moco-rep-keys --tau-rep 1.0 --align-target teacher --ema-embedding --ema-encoder --ema-tau 0.7 --cpc-infonce-weight 1.0 --sigreg-embedding --sigreg-encoding --sigreg-n-chunk 2048 --sigreg-embedding-weight 1.0 --sigreg-encoding-weight 1.0 --tau 0.10 --rev-norm-kind ewma --rev-norm-span 128 --encoder-type gru --synth-kind forked-arma --mix-ratio 0.0078125 --crossfade-triplets 1 --mixup-p 0.3 --freq-emb-dim 3 --seasonality-emb-dim 3 --log-attn-amplitude --log-attn-amplitude-every 200 --residual-dtype fp32 --attn-dtype fp16 --ffn-dtype fp16 --conv-dtype fp16 --patch-emb-dtype fp32 --train-rollout-depth 32 --cpc-infonce-weight 0.0 --train-rollout-reduce mean --align-target teacher --rep-loss-weight 1.0 --rep-loss-weight-end 0.0 --rep-loss-weight-ramp-steps 10000 --latent-drift-probe-batch-size 16
Traceback (most recent call last):
  File "/tmp/contrastive-forecasting-409/experiments/2026-04-27_freq-embedding/scripts/train.py", line 2330, in <module>
    main()
  File "/tmp/contrastive-forecasting-409/experiments/2026-04-27_freq-embedding/scripts/train.py", line 1611, in main
    model = ConfigurableModel(**model_config).to(device)
  File "/home/jupyter/.local/lib/python3.10/site-packages/torch/nn/modules/module.py", line 1369, in to
    return self._apply(convert)
  File "/home/jupyter/.local/lib/python3.10/site-packages/torch/nn/modules/module.py", line 928, in _apply
    module._apply(fn)
  File "/home/jupyter/.local/lib/python3.10/site-packages/torch/nn/modules/module.py", line 928, in _apply
    module._apply(fn)
  File "/home/jupyter/.local/lib/python3.10/site-packages/torch/nn/modules/rnn.py", line 291, in _apply
    self._init_flat_weights()
  File "/home/jupyter/.local/lib/python3.10/site-packages/torch/nn/modules/rnn.py", line 215, in _init_flat_weights
    self.flatten_parameters()
  File "/home/jupyter/.local/lib/python3.10/site-packages/torch/nn/modules/rnn.py", line 272, in flatten_parameters
    torch._cudnn_rnn_flatten_weight(
torch.AcceleratorError: CUDA error: out of memory
CUDA kernel errors might be asynchronously reported at some other API call, so the stacktrace below might be incorrect.
For debugging consider passing CUDA_LAUNCH_BLOCKING=1
Compile with `TORCH_USE_CUDA_DSA` to enable device-side assertions.

Command line: /tmp/contrastive-forecasting-409/experiments/2026-04-27_freq-embedding/scripts/train.py --qk-norm --attn-out-norm --batch-size 64 --device cuda --total-steps 40000 --lr 1e-3 --weight-decay 0.1 --adam-beta1 0.9 --adam-beta2 0.98 --seed 20260520 --save-every 5000 --extra-save-steps 40000 --save-dir /home/jupyter/checkpoints_backup/cf-409/dec_m070_fix/arm6_v2_combab_alignT/leg_40k --run-name cf393_arm6_v2_combab_alignT_cf373k32_cf409_dec_m070_fix --log-every 200 --hf-repo jeremycochoy/gift-pretrain-full-4096 --hf-path small_v1 --t-raw 4096 --n-channels 1 --d-model 64 --n-heads 8 --num-encoder-layers 3 --num-layers 3 --encoder-dropkey 0.70 --encoder-dropkey-share-heads --encoder-dropkey-share-layers --depthwise-conv 3 --deprecated-depthwise-conv 0 --loss-shape cosine_similarity_batch_rep_only --align-loss-weight 1.0 --moco-rep-keys --tau-rep 1.0 --align-target teacher --ema-embedding --ema-encoder --ema-tau 0.7 --cpc-infonce-weight 1.0 --sigreg-embedding --sigreg-encoding --sigreg-n-chunk 2048 --sigreg-embedding-weight 1.0 --sigreg-encoding-weight 1.0 --tau 0.10 --rev-norm-kind ewma --rev-norm-span 128 --encoder-type gru --synth-kind forked-arma --mix-ratio 0.0078125 --crossfade-triplets 1 --mixup-p 0.3 --freq-emb-dim 3 --seasonality-emb-dim 3 --log-attn-amplitude --log-attn-amplitude-every 200 --residual-dtype fp32 --attn-dtype fp16 --ffn-dtype fp16 --conv-dtype fp16 --patch-emb-dtype fp32 --train-rollout-depth 32 --cpc-infonce-weight 0.0 --train-rollout-reduce mean --align-target teacher --rep-loss-weight 1.0 --rep-loss-weight-end 0.0 --rep-loss-weight-ramp-steps 10000 --latent-drift-probe-batch-size 16
Device: cuda | Params: 720,668
Training for 40000 steps, bs=64, lr=0.001, T=4096, C=1, mix_ratio=0.0078125, freq_emb_dim=3, seasonality_emb_dim=3, mixup_p=0.3, rev_norm_kind=ewma(span=128), patch_stats=none, encoder_type=gru
Checkpoints: /home/jupyter/checkpoints_backup/cf-409/dec_m070_fix/arm6_v2_combab_alignT/leg_40k/cf393_arm6_v2_combab_alignT_cf373k32_cf409_dec_m070_fix_*.pth
Loss CSV: /home/jupyter/checkpoints_backup/cf-409/dec_m070_fix/arm6_v2_combab_alignT/leg_40k/cf393_arm6_v2_combab_alignT_cf373k32_cf409_dec_m070_fix_losses.csv
Latent-drift CSV: /home/jupyter/checkpoints_backup/cf-409/dec_m070_fix/arm6_v2_combab_alignT/leg_40k/cf393_arm6_v2_combab_alignT_cf373k32_cf409_dec_m070_fix_latent_drift.csv (every 5000 steps, probe_bs=16, probe_seed=20260722)
Attn-amplitude CSV: /home/jupyter/checkpoints_backup/cf-409/dec_m070_fix/arm6_v2_combab_alignT/leg_40k/cf393_arm6_v2_combab_alignT_cf373k32_cf409_dec_m070_fix_attn_amplitude.csv (every 200 steps)
Data: MIX 99% HF + 1% synth (forked-arma) + 0% crossfade + 1 triplet(s)=3 rows, hf_bs=64, synth_bs=0, cross_bs=0, total_bs=67
Command line: /tmp/contrastive-forecasting-409/experiments/2026-04-27_freq-embedding/scripts/train.py --qk-norm --attn-out-norm --batch-size 64 --device cuda --total-steps 40000 --lr 1e-3 --weight-decay 0.1 --adam-beta1 0.9 --adam-beta2 0.98 --seed 20260520 --save-every 5000 --extra-save-steps 40000 --save-dir /home/jupyter/checkpoints_backup/cf-409/dec_m070_fix/arm6_v2_combab_alignT/leg_40k --run-name cf393_arm6_v2_combab_alignT_cf373k32_cf409_dec_m070_fix --log-every 200 --hf-repo jeremycochoy/gift-pretrain-full-4096 --hf-path small_v1 --t-raw 4096 --n-channels 1 --d-model 64 --n-heads 8 --num-encoder-layers 3 --num-layers 3 --encoder-dropkey 0.70 --encoder-dropkey-share-heads --encoder-dropkey-share-layers --depthwise-conv 3 --deprecated-depthwise-conv 0 --loss-shape cosine_similarity_batch_rep_only --align-loss-weight 1.0 --moco-rep-keys --tau-rep 1.0 --align-target teacher --ema-embedding --ema-encoder --ema-tau 0.7 --cpc-infonce-weight 1.0 --sigreg-embedding --sigreg-encoding --sigreg-n-chunk 2048 --sigreg-embedding-weight 1.0 --sigreg-encoding-weight 1.0 --tau 0.10 --rev-norm-kind ewma --rev-norm-span 128 --encoder-type gru --synth-kind forked-arma --mix-ratio 0.0078125 --crossfade-triplets 1 --mixup-p 0.3 --freq-emb-dim 3 --seasonality-emb-dim 3 --log-attn-amplitude --log-attn-amplitude-every 200 --residual-dtype fp32 --attn-dtype fp16 --ffn-dtype fp16 --conv-dtype fp16 --patch-emb-dtype fp32 --train-rollout-depth 32 --cpc-infonce-weight 0.0 --train-rollout-reduce mean --align-target teacher --rep-loss-weight 1.0 --rep-loss-weight-end 0.0 --rep-loss-weight-ramp-steps 10000 --latent-drift-probe-batch-size 16
Traceback (most recent call last):
  File "/tmp/contrastive-forecasting-409/experiments/2026-04-27_freq-embedding/scripts/train.py", line 2330, in <module>
    main()
  File "/tmp/contrastive-forecasting-409/experiments/2026-04-27_freq-embedding/scripts/train.py", line 1611, in main
    model = ConfigurableModel(**model_config).to(device)
  File "/home/jupyter/.local/lib/python3.10/site-packages/torch/nn/modules/module.py", line 1369, in to
    return self._apply(convert)
  File "/home/jupyter/.local/lib/python3.10/site-packages/torch/nn/modules/module.py", line 928, in _apply
    module._apply(fn)
  File "/home/jupyter/.local/lib/python3.10/site-packages/torch/nn/modules/module.py", line 928, in _apply
    module._apply(fn)
  File "/home/jupyter/.local/lib/python3.10/site-packages/torch/nn/modules/rnn.py", line 291, in _apply
    self._init_flat_weights()
  File "/home/jupyter/.local/lib/python3.10/site-packages/torch/nn/modules/rnn.py", line 215, in _init_flat_weights
    self.flatten_parameters()
  File "/home/jupyter/.local/lib/python3.10/site-packages/torch/nn/modules/rnn.py", line 272, in flatten_parameters
    torch._cudnn_rnn_flatten_weight(
torch.AcceleratorError: CUDA error: out of memory
CUDA kernel errors might be asynchronously reported at some other API call, so the stacktrace below might be incorrect.
For debugging consider passing CUDA_LAUNCH_BLOCKING=1
Compile with `TORCH_USE_CUDA_DSA` to enable device-side assertions.

[    200] loss=12.1560  ema_loss=12.7369  gap=-0.0956  ema_gap=-0.1703  mixup=61/200  1.5 sps  ETA 7.6h
              R²_rand=0.6100  R²_naive=0.2765  U_t=0.0753  U_b=0.1375  AUC=0.9162  Top1=0.0836
  timing: data=38.3ms  fwd=283.4ms  bwd=304.7ms  total=627.2ms
  -> Saved /home/jupyter/checkpoints_backup/cf-409/dec_m070_fix/arm6_v2_combab_alignT/leg_40k/cf393_arm6_v2_combab_alignT_cf373k32_cf409_dec_m070_fix_best_gap.pth
  -> Saved /home/jupyter/checkpoints_backup/cf-409/dec_m070_fix/arm6_v2_combab_alignT/leg_40k/cf393_arm6_v2_combab_alignT_cf373k32_cf409_dec_m070_fix_best_loss.pth
[    400] loss=11.8249  ema_loss=12.0773  gap=-0.0353  ema_gap=-0.0717  mixup=58/200  1.5 sps  ETA 7.4h
              R²_rand=0.6565  R²_naive=0.3752  U_t=0.0756  U_b=0.1136  AUC=0.9352  Top1=0.1178
  timing: data=4.8ms  fwd=287.2ms  bwd=301.8ms  total=594.6ms
  -> Saved /home/jupyter/checkpoints_backup/cf-409/dec_m070_fix/arm6_v2_combab_alignT/leg_40k/cf393_arm6_v2_combab_alignT_cf373k32_cf409_dec_m070_fix_best_gap.pth
  -> Saved /home/jupyter/checkpoints_backup/cf-409/dec_m070_fix/arm6_v2_combab_alignT/leg_40k/cf393_arm6_v2_combab_alignT_cf373k32_cf409_dec_m070_fix_best_loss.pth
[    600] loss=11.6623  ema_loss=11.7676  gap=-0.0053  ema_gap=-0.0252  mixup=65/200  1.5 sps  ETA 7.3h
              R²_rand=0.6460  R²_naive=0.3262  U_t=0.0778  U_b=0.1096  AUC=0.9435  Top1=0.1091
  timing: data=4.5ms  fwd=280.3ms  bwd=297.2ms  total=582.7ms
  -> Saved /home/jupyter/checkpoints_backup/cf-409/dec_m070_fix/arm6_v2_combab_alignT/leg_40k/cf393_arm6_v2_combab_alignT_cf373k32_cf409_dec_m070_fix_best_gap.pth
  -> Saved /home/jupyter/checkpoints_backup/cf-409/dec_m070_fix/arm6_v2_combab_alignT/leg_40k/cf393_arm6_v2_combab_alignT_cf373k32_cf409_dec_m070_fix_best_loss.pth
[    800] loss=11.5221  ema_loss=11.6196  gap=-0.0042  ema_gap=-0.0150  mixup=65/200  1.5 sps  ETA 7.3h
              R²_rand=0.6372  R²_naive=0.3315  U_t=0.0826  U_b=0.1372  AUC=0.9460  Top1=0.1213
  timing: data=17.6ms  fwd=281.2ms  bwd=297.7ms  total=597.2ms
  -> Saved /home/jupyter/checkpoints_backup/cf-409/dec_m070_fix/arm6_v2_combab_alignT/leg_40k/cf393_arm6_v2_combab_alignT_cf373k32_cf409_dec_m070_fix_best_gap.pth
  -> Saved /home/jupyter/checkpoints_backup/cf-409/dec_m070_fix/arm6_v2_combab_alignT/leg_40k/cf393_arm6_v2_combab_alignT_cf373k32_cf409_dec_m070_fix_best_loss.pth
[   1000] loss=11.2572  ema_loss=11.4104  gap=-0.0113  ema_gap=-0.0125  mixup=61/200  1.5 sps  ETA 7.2h
              R²_rand=0.6106  R²_naive=0.3124  U_t=0.0768  U_b=0.1402  AUC=0.9461  Top1=0.0980
  timing: data=4.6ms  fwd=285.4ms  bwd=300.8ms  total=591.5ms
  -> Saved /home/jupyter/checkpoints_backup/cf-409/dec_m070_fix/arm6_v2_combab_alignT/leg_40k/cf393_arm6_v2_combab_alignT_cf373k32_cf409_dec_m070_fix_best_gap.pth
  -> Saved /home/jupyter/checkpoints_backup/cf-409/dec_m070_fix/arm6_v2_combab_alignT/leg_40k/cf393_arm6_v2_combab_alignT_cf373k32_cf409_dec_m070_fix_best_loss.pth
[   1200] loss=11.0987  ema_loss=11.1878  gap=-0.0139  ema_gap=-0.0158  mixup=59/200  1.5 sps  ETA 7.2h
              R²_rand=0.5843  R²_naive=0.3345  U_t=0.0824  U_b=0.1349  AUC=0.9153  Top1=0.0814
  timing: data=4.6ms  fwd=288.7ms  bwd=303.1ms  total=597.3ms
  -> Saved /home/jupyter/checkpoints_backup/cf-409/dec_m070_fix/arm6_v2_combab_alignT/leg_40k/cf393_arm6_v2_combab_alignT_cf373k32_cf409_dec_m070_fix_best_loss.pth
[   1400] loss=10.7474  ema_loss=10.9158  gap=-0.0146  ema_gap=-0.0164  mixup=77/200  1.5 sps  ETA 7.2h
              R²_rand=0.6192  R²_naive=0.3546  U_t=0.0782  U_b=0.1481  AUC=0.9406  Top1=0.1178
  timing: data=22.6ms  fwd=282.3ms  bwd=302.4ms  total=608.1ms
  -> Saved /home/jupyter/checkpoints_backup/cf-409/dec_m070_fix/arm6_v2_combab_alignT/leg_40k/cf393_arm6_v2_combab_alignT_cf373k32_cf409_dec_m070_fix_best_loss.pth
[   1600] loss=10.5396  ema_loss=10.6477  gap=-0.0085  ema_gap=-0.0140  mixup=65/200  1.5 sps  ETA 7.1h
              R²_rand=0.6293  R²_naive=0.3679  U_t=0.0817  U_b=0.1350  AUC=0.9288  Top1=0.0961
  timing: data=5.1ms  fwd=286.2ms  bwd=301.7ms  total=593.8ms
  -> Saved /home/jupyter/checkpoints_backup/cf-409/dec_m070_fix/arm6_v2_combab_alignT/leg_40k/cf393_arm6_v2_combab_alignT_cf373k32_cf409_dec_m070_fix_best_loss.pth
[   1800] loss=10.2575  ema_loss=10.3868  gap=0.0010  ema_gap=-0.0038  mixup=64/200  1.5 sps  ETA 7.1h
              R²_rand=0.6357  R²_naive=0.3876  U_t=0.0754  U_b=0.1343  AUC=0.9354  Top1=0.1012
  timing: data=4.7ms  fwd=282.0ms  bwd=299.3ms  total=586.8ms
  -> Saved /home/jupyter/checkpoints_backup/cf-409/dec_m070_fix/arm6_v2_combab_alignT/leg_40k/cf393_arm6_v2_combab_alignT_cf373k32_cf409_dec_m070_fix_best_gap.pth
  -> Saved /home/jupyter/checkpoints_backup/cf-409/dec_m070_fix/arm6_v2_combab_alignT/leg_40k/cf393_arm6_v2_combab_alignT_cf373k32_cf409_dec_m070_fix_best_loss.pth
[   2000] loss=10.0361  ema_loss=10.1520  gap=0.0110  ema_gap=-0.0015  mixup=66/200  1.5 sps  ETA 7.0h
              R²_rand=0.6536  R²_naive=0.3813  U_t=0.0769  U_b=0.1286  AUC=0.9259  Top1=0.0806
  timing: data=19.5ms  fwd=283.9ms  bwd=299.3ms  total=603.6ms
  -> Saved /home/jupyter/checkpoints_backup/cf-409/dec_m070_fix/arm6_v2_combab_alignT/leg_40k/cf393_arm6_v2_combab_alignT_cf373k32_cf409_dec_m070_fix_best_gap.pth
  -> Saved /home/jupyter/checkpoints_backup/cf-409/dec_m070_fix/arm6_v2_combab_alignT/leg_40k/cf393_arm6_v2_combab_alignT_cf373k32_cf409_dec_m070_fix_best_loss.pth
[   2200] loss=9.8942  ema_loss=9.9415  gap=0.0034  ema_gap=0.0048  mixup=67/200  1.5 sps  ETA 7.0h
              R²_rand=0.6216  R²_naive=0.3554  U_t=0.0850  U_b=0.1355  AUC=0.9152  Top1=0.0901
  timing: data=4.7ms  fwd=285.9ms  bwd=303.9ms  total=595.3ms
  -> Saved /home/jupyter/checkpoints_backup/cf-409/dec_m070_fix/arm6_v2_combab_alignT/leg_40k/cf393_arm6_v2_combab_alignT_cf373k32_cf409_dec_m070_fix_best_gap.pth
  -> Saved /home/jupyter/checkpoints_backup/cf-409/dec_m070_fix/arm6_v2_combab_alignT/leg_40k/cf393_arm6_v2_combab_alignT_cf373k32_cf409_dec_m070_fix_best_loss.pth
[   2400] loss=9.6304  ema_loss=9.7344  gap=0.0006  ema_gap=0.0086  mixup=53/200  1.5 sps  ETA 7.0h
              R²_rand=0.6117  R²_naive=0.3956  U_t=0.0860  U_b=0.1399  AUC=0.9132  Top1=0.0657
  timing: data=5.0ms  fwd=288.5ms  bwd=305.7ms  total=600.0ms
  -> Saved /home/jupyter/checkpoints_backup/cf-409/dec_m070_fix/arm6_v2_combab_alignT/leg_40k/cf393_arm6_v2_combab_alignT_cf373k32_cf409_dec_m070_fix_best_gap.pth
  -> Saved /home/jupyter/checkpoints_backup/cf-409/dec_m070_fix/arm6_v2_combab_alignT/leg_40k/cf393_arm6_v2_combab_alignT_cf373k32_cf409_dec_m070_fix_best_loss.pth
[   2600] loss=9.3755  ema_loss=9.5275  gap=0.0144  ema_gap=0.0132  mixup=55/200  1.5 sps  ETA 6.9h
              R²_rand=0.6279  R²_naive=0.3792  U_t=0.0871  U_b=0.1528  AUC=0.9212  Top1=0.0733
  timing: data=28.5ms  fwd=282.3ms  bwd=299.4ms  total=610.9ms
  -> Saved /home/jupyter/checkpoints_backup/cf-409/dec_m070_fix/arm6_v2_combab_alignT/leg_40k/cf393_arm6_v2_combab_alignT_cf373k32_cf409_dec_m070_fix_best_gap.pth
  -> Saved /home/jupyter/checkpoints_backup/cf-409/dec_m070_fix/arm6_v2_combab_alignT/leg_40k/cf393_arm6_v2_combab_alignT_cf373k32_cf409_dec_m070_fix_best_loss.pth
[   2800] loss=9.1651  ema_loss=9.3042  gap=0.0177  ema_gap=0.0132  mixup=55/200  1.5 sps  ETA 6.9h
              R²_rand=0.6384  R²_naive=0.3742  U_t=0.0893  U_b=0.1518  AUC=0.9229  Top1=0.0860
  timing: data=4.7ms  fwd=287.1ms  bwd=300.7ms  total=593.3ms
  -> Saved /home/jupyter/checkpoints_backup/cf-409/dec_m070_fix/arm6_v2_combab_alignT/leg_40k/cf393_arm6_v2_combab_alignT_cf373k32_cf409_dec_m070_fix_best_gap.pth
  -> Saved /home/jupyter/checkpoints_backup/cf-409/dec_m070_fix/arm6_v2_combab_alignT/leg_40k/cf393_arm6_v2_combab_alignT_cf373k32_cf409_dec_m070_fix_best_loss.pth
[   3000] loss=8.9715  ema_loss=9.0858  gap=0.0153  ema_gap=0.0160  mixup=52/200  1.5 sps  ETA 6.8h
              R²_rand=0.6312  R²_naive=0.3669  U_t=0.0887  U_b=0.1607  AUC=0.9218  Top1=0.0695
  timing: data=4.6ms  fwd=285.6ms  bwd=302.2ms  total=593.1ms
  -> Saved /home/jupyter/checkpoints_backup/cf-409/dec_m070_fix/arm6_v2_combab_alignT/leg_40k/cf393_arm6_v2_combab_alignT_cf373k32_cf409_dec_m070_fix_best_gap.pth
  -> Saved /home/jupyter/checkpoints_backup/cf-409/dec_m070_fix/arm6_v2_combab_alignT/leg_40k/cf393_arm6_v2_combab_alignT_cf373k32_cf409_dec_m070_fix_best_loss.pth
[   3200] loss=8.8642  ema_loss=8.8659  gap=0.0218  ema_gap=0.0167  mixup=68/200  1.5 sps  ETA 6.8h
              R²_rand=0.5993  R²_naive=0.3927  U_t=0.0920  U_b=0.1493  AUC=0.9208  Top1=0.0760
  timing: data=30.2ms  fwd=283.8ms  bwd=300.3ms  total=615.2ms
  -> Saved /home/jupyter/checkpoints_backup/cf-409/dec_m070_fix/arm6_v2_combab_alignT/leg_40k/cf393_arm6_v2_combab_alignT_cf373k32_cf409_dec_m070_fix_best_gap.pth
  -> Saved /home/jupyter/checkpoints_backup/cf-409/dec_m070_fix/arm6_v2_combab_alignT/leg_40k/cf393_arm6_v2_combab_alignT_cf373k32_cf409_dec_m070_fix_best_loss.pth
[   3400] loss=8.5060  ema_loss=8.6459  gap=0.0129  ema_gap=0.0152  mixup=53/200  1.5 sps  ETA 6.8h
              R²_rand=0.6206  R²_naive=0.3654  U_t=0.0899  U_b=0.1569  AUC=0.9216  Top1=0.0589
  timing: data=5.0ms  fwd=285.4ms  bwd=302.3ms  total=593.5ms
  -> Saved /home/jupyter/checkpoints_backup/cf-409/dec_m070_fix/arm6_v2_combab_alignT/leg_40k/cf393_arm6_v2_combab_alignT_cf373k32_cf409_dec_m070_fix_best_loss.pth
[   3600] loss=8.3430  ema_loss=8.3991  gap=0.0119  ema_gap=0.0111  mixup=44/200  1.5 sps  ETA 6.7h
              R²_rand=0.5975  R²_naive=0.3495  U_t=0.1008  U_b=0.1442  AUC=0.9117  Top1=0.0773
  timing: data=5.0ms  fwd=288.3ms  bwd=303.7ms  total=597.8ms
  -> Saved /home/jupyter/checkpoints_backup/cf-409/dec_m070_fix/arm6_v2_combab_alignT/leg_40k/cf393_arm6_v2_combab_alignT_cf373k32_cf409_dec_m070_fix_best_loss.pth
[   3800] loss=8.0700  ema_loss=8.1710  gap=0.0067  ema_gap=0.0120  mixup=55/200  1.5 sps  ETA 6.7h
              R²_rand=0.6070  R²_naive=0.3608  U_t=0.0999  U_b=0.1591  AUC=0.9057  Top1=0.0703
  timing: data=28.9ms  fwd=284.5ms  bwd=302.4ms  total=616.6ms
  -> Saved /home/jupyter/checkpoints_backup/cf-409/dec_m070_fix/arm6_v2_combab_alignT/leg_40k/cf393_arm6_v2_combab_alignT_cf373k32_cf409_dec_m070_fix_best_loss.pth
[   4000] loss=7.8631  ema_loss=7.9450  gap=0.0161  ema_gap=0.0147  mixup=65/200  1.5 sps  ETA 6.7h
              R²_rand=0.5448  R²_naive=0.3674  U_t=0.1025  U_b=0.1608  AUC=0.9153  Top1=0.0445
  timing: data=5.0ms  fwd=286.0ms  bwd=302.7ms  total=594.4ms
  -> Saved /home/jupyter/checkpoints_backup/cf-409/dec_m070_fix/arm6_v2_combab_alignT/leg_40k/cf393_arm6_v2_combab_alignT_cf373k32_cf409_dec_m070_fix_best_loss.pth
[   4200] loss=7.6310  ema_loss=7.7281  gap=0.0157  ema_gap=0.0169  mixup=57/200  1.5 sps  ETA 6.6h
              R²_rand=0.6000  R²_naive=0.3779  U_t=0.0976  U_b=0.1608  AUC=0.9148  Top1=0.0488
  timing: data=4.7ms  fwd=285.9ms  bwd=302.4ms  total=593.9ms
  -> Saved /home/jupyter/checkpoints_backup/cf-409/dec_m070_fix/arm6_v2_combab_alignT/leg_40k/cf393_arm6_v2_combab_alignT_cf373k32_cf409_dec_m070_fix_best_gap.pth
  -> Saved /home/jupyter/checkpoints_backup/cf-409/dec_m070_fix/arm6_v2_combab_alignT/leg_40k/cf393_arm6_v2_combab_alignT_cf373k32_cf409_dec_m070_fix_best_loss.pth
[   4400] loss=7.4534  ema_loss=7.5088  gap=0.0066  ema_gap=0.0164  mixup=62/200  1.5 sps  ETA 6.6h
              R²_rand=0.5846  R²_naive=0.3165  U_t=0.1003  U_b=0.1746  AUC=0.9225  Top1=0.0725
  timing: data=24.1ms  fwd=285.1ms  bwd=305.6ms  total=615.6ms
  -> Saved /home/jupyter/checkpoints_backup/cf-409/dec_m070_fix/arm6_v2_combab_alignT/leg_40k/cf393_arm6_v2_combab_alignT_cf373k32_cf409_dec_m070_fix_best_loss.pth
[   4600] loss=7.1820  ema_loss=7.2891  gap=0.0174  ema_gap=0.0140  mixup=66/200  1.5 sps  ETA 6.6h
              R²_rand=0.5915  R²_naive=0.3632  U_t=0.1004  U_b=0.1573  AUC=0.9106  Top1=0.0488
  timing: data=4.9ms  fwd=286.7ms  bwd=302.4ms  total=594.9ms
  -> Saved /home/jupyter/checkpoints_backup/cf-409/dec_m070_fix/arm6_v2_combab_alignT/leg_40k/cf393_arm6_v2_combab_alignT_cf373k32_cf409_dec_m070_fix_best_loss.pth
[   4800] loss=6.9310  ema_loss=7.0620  gap=0.0109  ema_gap=0.0163  mixup=63/200  1.5 sps  ETA 6.5h
              R²_rand=0.5676  R²_naive=0.3687  U_t=0.1033  U_b=0.1699  AUC=0.9148  Top1=0.0521
  timing: data=5.0ms  fwd=283.6ms  bwd=299.2ms  total=588.6ms
  -> Saved /home/jupyter/checkpoints_backup/cf-409/dec_m070_fix/arm6_v2_combab_alignT/leg_40k/cf393_arm6_v2_combab_alignT_cf373k32_cf409_dec_m070_fix_best_loss.pth
[   5000] loss=6.7630  ema_loss=6.8508  gap=0.0241  ema_gap=0.0183  mixup=60/200  1.5 sps  ETA 6.5h
              R²_rand=0.5638  R²_naive=0.3665  U_t=0.1054  U_b=0.1608  AUC=0.9090  Top1=0.0635
  timing: data=20.4ms  fwd=286.0ms  bwd=300.4ms  total=607.6ms
  -> Saved /home/jupyter/checkpoints_backup/cf-409/dec_m070_fix/arm6_v2_combab_alignT/leg_40k/cf393_arm6_v2_combab_alignT_cf373k32_cf409_dec_m070_fix_best_gap.pth
  -> Saved /home/jupyter/checkpoints_backup/cf-409/dec_m070_fix/arm6_v2_combab_alignT/leg_40k/cf393_arm6_v2_combab_alignT_cf373k32_cf409_dec_m070_fix_best_loss.pth
  -> Saved /home/jupyter/checkpoints_backup/cf-409/dec_m070_fix/arm6_v2_combab_alignT/leg_40k/cf393_arm6_v2_combab_alignT_cf373k32_cf409_dec_m070_fix_5k.pth
[   5200] loss=6.5496  ema_loss=6.6418  gap=0.0177  ema_gap=0.0189  mixup=69/200  1.5 sps  ETA 6.4h
              R²_rand=0.5841  R²_naive=0.3531  U_t=0.1159  U_b=0.1733  AUC=0.9095  Top1=0.0554
  timing: data=5.1ms  fwd=283.3ms  bwd=318.6ms  total=607.7ms
  -> Saved /home/jupyter/checkpoints_backup/cf-409/dec_m070_fix/arm6_v2_combab_alignT/leg_40k/cf393_arm6_v2_combab_alignT_cf373k32_cf409_dec_m070_fix_best_gap.pth
  -> Saved /home/jupyter/checkpoints_backup/cf-409/dec_m070_fix/arm6_v2_combab_alignT/leg_40k/cf393_arm6_v2_combab_alignT_cf373k32_cf409_dec_m070_fix_best_loss.pth
[   5400] loss=6.4124  ema_loss=6.4226  gap=0.0377  ema_gap=0.0251  mixup=55/200  1.5 sps  ETA 6.4h
              R²_rand=0.4905  R²_naive=0.3602  U_t=0.1272  U_b=0.1761  AUC=0.9044  Top1=0.0516
  timing: data=5.0ms  fwd=285.3ms  bwd=319.8ms  total=610.9ms
  -> Saved /home/jupyter/checkpoints_backup/cf-409/dec_m070_fix/arm6_v2_combab_alignT/leg_40k/cf393_arm6_v2_combab_alignT_cf373k32_cf409_dec_m070_fix_best_gap.pth
  -> Saved /home/jupyter/checkpoints_backup/cf-409/dec_m070_fix/arm6_v2_combab_alignT/leg_40k/cf393_arm6_v2_combab_alignT_cf373k32_cf409_dec_m070_fix_best_loss.pth
[   5600] loss=6.2093  ema_loss=6.2390  gap=0.0159  ema_gap=0.0293  mixup=50/200  1.5 sps  ETA 6.4h
              R²_rand=0.5449  R²_naive=0.2856  U_t=0.1158  U_b=0.1871  AUC=0.9040  Top1=0.0638
  timing: data=4.6ms  fwd=284.9ms  bwd=317.7ms  total=608.1ms
  -> Saved /home/jupyter/checkpoints_backup/cf-409/dec_m070_fix/arm6_v2_combab_alignT/leg_40k/cf393_arm6_v2_combab_alignT_cf373k32_cf409_dec_m070_fix_best_gap.pth
  -> Saved /home/jupyter/checkpoints_backup/cf-409/dec_m070_fix/arm6_v2_combab_alignT/leg_40k/cf393_arm6_v2_combab_alignT_cf373k32_cf409_dec_m070_fix_best_loss.pth
[   5800] loss=5.8530  ema_loss=6.0351  gap=0.0367  ema_gap=0.0338  mixup=64/200  1.5 sps  ETA 6.4h
              R²_rand=0.5703  R²_naive=0.3391  U_t=0.1112  U_b=0.1851  AUC=0.9236  Top1=0.0763
  timing: data=28.1ms  fwd=281.7ms  bwd=318.4ms  total=629.1ms
  -> Saved /home/jupyter/checkpoints_backup/cf-409/dec_m070_fix/arm6_v2_combab_alignT/leg_40k/cf393_arm6_v2_combab_alignT_cf373k32_cf409_dec_m070_fix_best_gap.pth
  -> Saved /home/jupyter/checkpoints_backup/cf-409/dec_m070_fix/arm6_v2_combab_alignT/leg_40k/cf393_arm6_v2_combab_alignT_cf373k32_cf409_dec_m070_fix_best_loss.pth
[   6000] loss=5.6393  ema_loss=5.7979  gap=0.0235  ema_gap=0.0328  mixup=64/200  1.5 sps  ETA 6.3h
              R²_rand=0.5291  R²_naive=0.3707  U_t=0.1196  U_b=0.1788  AUC=0.9143  Top1=0.0545
  timing: data=4.8ms  fwd=283.6ms  bwd=318.0ms  total=607.2ms
  -> Saved /home/jupyter/checkpoints_backup/cf-409/dec_m070_fix/arm6_v2_combab_alignT/leg_40k/cf393_arm6_v2_combab_alignT_cf373k32_cf409_dec_m070_fix_best_loss.pth
[   6200] loss=5.4051  ema_loss=5.5363  gap=0.0218  ema_gap=0.0296  mixup=51/200  1.5 sps  ETA 6.3h
              R²_rand=0.5699  R²_naive=0.3584  U_t=0.1229  U_b=0.1930  AUC=0.9341  Top1=0.0687
  timing: data=5.0ms  fwd=286.0ms  bwd=323.6ms  total=615.5ms
  -> Saved /home/jupyter/checkpoints_backup/cf-409/dec_m070_fix/arm6_v2_combab_alignT/leg_40k/cf393_arm6_v2_combab_alignT_cf373k32_cf409_dec_m070_fix_best_loss.pth
[   6400] loss=4.9947  ema_loss=5.2337  gap=0.0304  ema_gap=0.0252  mixup=58/200  1.5 sps  ETA 6.3h
              R²_rand=0.6191  R²_naive=0.3781  U_t=0.0966  U_b=0.1408  AUC=0.9257  Top1=0.0670
  timing: data=31.5ms  fwd=283.5ms  bwd=319.6ms  total=635.5ms
  -> Saved /home/jupyter/checkpoints_backup/cf-409/dec_m070_fix/arm6_v2_combab_alignT/leg_40k/cf393_arm6_v2_combab_alignT_cf373k32_cf409_dec_m070_fix_best_loss.pth
[   6600] loss=4.8808  ema_loss=4.9963  gap=0.0153  ema_gap=0.0259  mixup=57/200  1.5 sps  ETA 6.2h
              R²_rand=0.5935  R²_naive=0.3628  U_t=0.1214  U_b=0.1751  AUC=0.9262  Top1=0.0646
  timing: data=4.3ms  fwd=287.8ms  bwd=320.1ms  total=613.0ms
  -> Saved /home/jupyter/checkpoints_backup/cf-409/dec_m070_fix/arm6_v2_combab_alignT/leg_40k/cf393_arm6_v2_combab_alignT_cf373k32_cf409_dec_m070_fix_best_loss.pth
[   6800] loss=4.5421  ema_loss=4.7554  gap=0.0160  ema_gap=0.0243  mixup=61/200  1.5 sps  ETA 6.2h
              R²_rand=0.6173  R²_naive=0.3455  U_t=0.1078  U_b=0.1576  AUC=0.9275  Top1=0.0700
  timing: data=5.2ms  fwd=284.2ms  bwd=320.9ms  total=611.2ms
  -> Saved /home/jupyter/checkpoints_backup/cf-409/dec_m070_fix/arm6_v2_combab_alignT/leg_40k/cf393_arm6_v2_combab_alignT_cf373k32_cf409_dec_m070_fix_best_loss.pth
[   7000] loss=4.3839  ema_loss=4.5214  gap=0.0188  ema_gap=0.0299  mixup=41/200  1.5 sps  ETA 6.2h
              R²_rand=0.6025  R²_naive=0.3673  U_t=0.1109  U_b=0.1850  AUC=0.9249  Top1=0.0678
  timing: data=37.1ms  fwd=283.2ms  bwd=321.5ms  total=642.7ms
  -> Saved /home/jupyter/checkpoints_backup/cf-409/dec_m070_fix/arm6_v2_combab_alignT/leg_40k/cf393_arm6_v2_combab_alignT_cf373k32_cf409_dec_m070_fix_best_loss.pth
[   7200] loss=4.1971  ema_loss=4.3034  gap=0.0324  ema_gap=0.0312  mixup=66/200  1.5 sps  ETA 6.1h
              R²_rand=0.5644  R²_naive=0.3669  U_t=0.1229  U_b=0.1821  AUC=0.9168  Top1=0.0646
  timing: data=4.8ms  fwd=288.8ms  bwd=327.9ms  total=622.4ms
  -> Saved /home/jupyter/checkpoints_backup/cf-409/dec_m070_fix/arm6_v2_combab_alignT/leg_40k/cf393_arm6_v2_combab_alignT_cf373k32_cf409_dec_m070_fix_best_loss.pth
[   7400] loss=4.0293  ema_loss=4.0907  gap=0.0416  ema_gap=0.0350  mixup=65/200  1.5 sps  ETA 6.1h
              R²_rand=0.5505  R²_naive=0.3708  U_t=0.1337  U_b=0.1761  AUC=0.9144  Top1=0.0619
  timing: data=4.7ms  fwd=285.8ms  bwd=321.3ms  total=612.5ms
  -> Saved /home/jupyter/checkpoints_backup/cf-409/dec_m070_fix/arm6_v2_combab_alignT/leg_40k/cf393_arm6_v2_combab_alignT_cf373k32_cf409_dec_m070_fix_best_gap.pth
  -> Saved /home/jupyter/checkpoints_backup/cf-409/dec_m070_fix/arm6_v2_combab_alignT/leg_40k/cf393_arm6_v2_combab_alignT_cf373k32_cf409_dec_m070_fix_best_loss.pth
[   7600] loss=3.7793  ema_loss=3.8623  gap=0.0454  ema_gap=0.0404  mixup=63/200  1.5 sps  ETA 6.1h
              R²_rand=0.5671  R²_naive=0.3795  U_t=0.1286  U_b=0.1793  AUC=0.9163  Top1=0.0616
  timing: data=40.3ms  fwd=276.6ms  bwd=313.6ms  total=631.3ms
  -> Saved /home/jupyter/checkpoints_backup/cf-409/dec_m070_fix/arm6_v2_combab_alignT/leg_40k/cf393_arm6_v2_combab_alignT_cf373k32_cf409_dec_m070_fix_best_gap.pth
  -> Saved /home/jupyter/checkpoints_backup/cf-409/dec_m070_fix/arm6_v2_combab_alignT/leg_40k/cf393_arm6_v2_combab_alignT_cf373k32_cf409_dec_m070_fix_best_loss.pth
[   7800] loss=3.5282  ema_loss=3.6426  gap=0.0417  ema_gap=0.0467  mixup=78/200  1.5 sps  ETA 6.0h
              R²_rand=0.5669  R²_naive=0.3434  U_t=0.1203  U_b=0.1758  AUC=0.9286  Top1=0.0613
  timing: data=4.7ms  fwd=282.1ms  bwd=316.5ms  total=604.0ms
  -> Saved /home/jupyter/checkpoints_backup/cf-409/dec_m070_fix/arm6_v2_combab_alignT/leg_40k/cf393_arm6_v2_combab_alignT_cf373k32_cf409_dec_m070_fix_best_gap.pth
  -> Saved /home/jupyter/checkpoints_backup/cf-409/dec_m070_fix/arm6_v2_combab_alignT/leg_40k/cf393_arm6_v2_combab_alignT_cf373k32_cf409_dec_m070_fix_best_loss.pth
[   8000] loss=3.3556  ema_loss=3.4311  gap=0.0854  ema_gap=0.0522  mixup=74/200  1.5 sps  ETA 6.0h
              R²_rand=0.5775  R²_naive=0.4048  U_t=0.1199  U_b=0.1735  AUC=0.9209  Top1=0.0760
  timing: data=4.9ms  fwd=284.8ms  bwd=317.3ms  total=607.8ms
  -> Saved /home/jupyter/checkpoints_backup/cf-409/dec_m070_fix/arm6_v2_combab_alignT/leg_40k/cf393_arm6_v2_combab_alignT_cf373k32_cf409_dec_m070_fix_best_gap.pth
  -> Saved /home/jupyter/checkpoints_backup/cf-409/dec_m070_fix/arm6_v2_combab_alignT/leg_40k/cf393_arm6_v2_combab_alignT_cf373k32_cf409_dec_m070_fix_best_loss.pth
[   8200] loss=3.1247  ema_loss=3.1961  gap=0.0576  ema_gap=0.0591  mixup=55/200  1.5 sps  ETA 5.9h
              R²_rand=0.5641  R²_naive=0.3661  U_t=0.1363  U_b=0.1678  AUC=0.9091  Top1=0.0638
  timing: data=32.7ms  fwd=281.7ms  bwd=319.3ms  total=634.5ms
  -> Saved /home/jupyter/checkpoints_backup/cf-409/dec_m070_fix/arm6_v2_combab_alignT/leg_40k/cf393_arm6_v2_combab_alignT_cf373k32_cf409_dec_m070_fix_best_gap.pth
  -> Saved /home/jupyter/checkpoints_backup/cf-409/dec_m070_fix/arm6_v2_combab_alignT/leg_40k/cf393_arm6_v2_combab_alignT_cf373k32_cf409_dec_m070_fix_best_loss.pth
[   8400] loss=2.8596  ema_loss=3.0085  gap=0.0541  ema_gap=0.0732  mixup=62/200  1.5 sps  ETA 5.9h
              R²_rand=0.5717  R²_naive=0.3742  U_t=0.1193  U_b=0.1577  AUC=0.9059  Top1=0.0678
  timing: data=5.0ms  fwd=284.3ms  bwd=321.4ms  total=611.6ms
  -> Saved /home/jupyter/checkpoints_backup/cf-409/dec_m070_fix/arm6_v2_combab_alignT/leg_40k/cf393_arm6_v2_combab_alignT_cf373k32_cf409_dec_m070_fix_best_gap.pth
  -> Saved /home/jupyter/checkpoints_backup/cf-409/dec_m070_fix/arm6_v2_combab_alignT/leg_40k/cf393_arm6_v2_combab_alignT_cf373k32_cf409_dec_m070_fix_best_loss.pth
[   8600] loss=2.7227  ema_loss=2.8153  gap=0.0808  ema_gap=0.0879  mixup=55/200  1.5 sps  ETA 5.9h
              R²_rand=0.5407  R²_naive=0.3640  U_t=0.1239  U_b=0.1801  AUC=0.9201  Top1=0.0668
  timing: data=5.3ms  fwd=287.8ms  bwd=322.5ms  total=616.3ms
  -> Saved /home/jupyter/checkpoints_backup/cf-409/dec_m070_fix/arm6_v2_combab_alignT/leg_40k/cf393_arm6_v2_combab_alignT_cf373k32_cf409_dec_m070_fix_best_gap.pth
  -> Saved /home/jupyter/checkpoints_backup/cf-409/dec_m070_fix/arm6_v2_combab_alignT/leg_40k/cf393_arm6_v2_combab_alignT_cf373k32_cf409_dec_m070_fix_best_loss.pth
[   8800] loss=2.4568  ema_loss=2.5504  gap=0.0931  ema_gap=0.0894  mixup=65/200  1.5 sps  ETA 5.8h
              R²_rand=0.5361  R²_naive=0.3910  U_t=0.1322  U_b=0.1712  AUC=0.9084  Top1=0.0714
  timing: data=42.2ms  fwd=283.8ms  bwd=318.0ms  total=644.8ms
  -> Saved /home/jupyter/checkpoints_backup/cf-409/dec_m070_fix/arm6_v2_combab_alignT/leg_40k/cf393_arm6_v2_combab_alignT_cf373k32_cf409_dec_m070_fix_best_gap.pth
  -> Saved /home/jupyter/checkpoints_backup/cf-409/dec_m070_fix/arm6_v2_combab_alignT/leg_40k/cf393_arm6_v2_combab_alignT_cf373k32_cf409_dec_m070_fix_best_loss.pth
[   9000] loss=2.2419  ema_loss=2.3089  gap=0.1366  ema_gap=0.0992  mixup=57/200  1.5 sps  ETA 5.8h
              R²_rand=0.5586  R²_naive=0.4240  U_t=0.1288  U_b=0.1583  AUC=0.9122  Top1=0.0917
  timing: data=4.8ms  fwd=284.5ms  bwd=318.9ms  total=609.0ms
  -> Saved /home/jupyter/checkpoints_backup/cf-409/dec_m070_fix/arm6_v2_combab_alignT/leg_40k/cf393_arm6_v2_combab_alignT_cf373k32_cf409_dec_m070_fix_best_gap.pth
  -> Saved /home/jupyter/checkpoints_backup/cf-409/dec_m070_fix/arm6_v2_combab_alignT/leg_40k/cf393_arm6_v2_combab_alignT_cf373k32_cf409_dec_m070_fix_best_loss.pth
[   9200] loss=2.0366  ema_loss=2.1147  gap=0.0886  ema_gap=0.1008  mixup=68/200  1.5 sps  ETA 5.8h
              R²_rand=0.5596  R²_naive=0.3729  U_t=0.1271  U_b=0.1561  AUC=0.9153  Top1=0.0855
  timing: data=5.4ms  fwd=291.9ms  bwd=324.8ms  total=622.9ms
  -> Saved /home/jupyter/checkpoints_backup/cf-409/dec_m070_fix/arm6_v2_combab_alignT/leg_40k/cf393_arm6_v2_combab_alignT_cf373k32_cf409_dec_m070_fix_best_gap.pth
  -> Saved /home/jupyter/checkpoints_backup/cf-409/dec_m070_fix/arm6_v2_combab_alignT/leg_40k/cf393_arm6_v2_combab_alignT_cf373k32_cf409_dec_m070_fix_best_loss.pth
[   9400] loss=1.7245  ema_loss=1.8753  gap=0.1139  ema_gap=0.1042  mixup=51/200  1.5 sps  ETA 5.7h
              R²_rand=0.5633  R²_naive=0.3934  U_t=0.1265  U_b=0.1766  AUC=0.9233  Top1=0.0868
  timing: data=34.9ms  fwd=299.9ms  bwd=329.0ms  total=664.7ms
  -> Saved /home/jupyter/checkpoints_backup/cf-409/dec_m070_fix/arm6_v2_combab_alignT/leg_40k/cf393_arm6_v2_combab_alignT_cf373k32_cf409_dec_m070_fix_best_gap.pth
  -> Saved /home/jupyter/checkpoints_backup/cf-409/dec_m070_fix/arm6_v2_combab_alignT/leg_40k/cf393_arm6_v2_combab_alignT_cf373k32_cf409_dec_m070_fix_best_loss.pth
[   9600] loss=1.4068  ema_loss=1.5694  gap=0.0682  ema_gap=0.0941  mixup=50/200  1.5 sps  ETA 5.7h
              R²_rand=0.5763  R²_naive=0.3287  U_t=0.1148  U_b=0.1679  AUC=0.9144  Top1=0.0687
  timing: data=5.9ms  fwd=297.5ms  bwd=327.7ms  total=632.0ms
  -> Saved /home/jupyter/checkpoints_backup/cf-409/dec_m070_fix/arm6_v2_combab_alignT/leg_40k/cf393_arm6_v2_combab_alignT_cf373k32_cf409_dec_m070_fix_best_loss.pth
[   9800] loss=1.1249  ema_loss=1.2317  gap=0.0372  ema_gap=0.0515  mixup=72/200  1.5 sps  ETA 5.7h
              R²_rand=0.5507  R²_naive=0.2554  U_t=0.1046  U_b=0.1478  AUC=0.8898  Top1=0.0621
  timing: data=6.3ms  fwd=302.8ms  bwd=329.9ms  total=639.9ms
  -> Saved /home/jupyter/checkpoints_backup/cf-409/dec_m070_fix/arm6_v2_combab_alignT/leg_40k/cf393_arm6_v2_combab_alignT_cf373k32_cf409_dec_m070_fix_best_loss.pth
[  10000] loss=0.6193  ema_loss=0.9091  gap=-0.0053  ema_gap=0.0041  mixup=61/200  1.5 sps  ETA 5.7h
              R²_rand=0.5250  R²_naive=0.2629  U_t=0.0694  U_b=0.1007  AUC=0.8429  Top1=0.0440
  timing: data=29.4ms  fwd=298.6ms  bwd=329.5ms  total=658.4ms
  -> Saved /home/jupyter/checkpoints_backup/cf-409/dec_m070_fix/arm6_v2_combab_alignT/leg_40k/cf393_arm6_v2_combab_alignT_cf373k32_cf409_dec_m070_fix_best_loss.pth
  -> Saved /home/jupyter/checkpoints_backup/cf-409/dec_m070_fix/arm6_v2_combab_alignT/leg_40k/cf393_arm6_v2_combab_alignT_cf373k32_cf409_dec_m070_fix_10k.pth
[  10200] loss=0.6232  ema_loss=0.6401  gap=-0.0210  ema_gap=-0.0179  mixup=51/200  1.5 sps  ETA 5.6h
              R²_rand=0.5310  R²_naive=0.1559  U_t=0.0719  U_b=0.1164  AUC=0.8469  Top1=0.0318
  timing: data=5.9ms  fwd=261.0ms  bwd=285.6ms  total=553.4ms
  -> Saved /home/jupyter/checkpoints_backup/cf-409/dec_m070_fix/arm6_v2_combab_alignT/leg_40k/cf393_arm6_v2_combab_alignT_cf373k32_cf409_dec_m070_fix_best_loss.pth
[  10400] loss=0.5952  ema_loss=0.6286  gap=-0.0199  ema_gap=-0.0208  mixup=57/200  1.5 sps  ETA 5.6h
              R²_rand=0.5235  R²_naive=0.1406  U_t=0.0587  U_b=0.0719  AUC=0.7709  Top1=0.0103
  timing: data=6.2ms  fwd=259.4ms  bwd=286.6ms  total=553.1ms
  -> Saved /home/jupyter/checkpoints_backup/cf-409/dec_m070_fix/arm6_v2_combab_alignT/leg_40k/cf393_arm6_v2_combab_alignT_cf373k32_cf409_dec_m070_fix_best_loss.pth
[  10600] loss=0.5179  ema_loss=0.6155  gap=-0.0257  ema_gap=-0.0196  mixup=56/200  1.5 sps  ETA 5.5h
              R²_rand=0.5210  R²_naive=0.1828  U_t=0.0615  U_b=0.0741  AUC=0.7512  Top1=0.0149
  timing: data=6.5ms  fwd=262.7ms  bwd=286.9ms  total=557.1ms
  -> Saved /home/jupyter/checkpoints_backup/cf-409/dec_m070_fix/arm6_v2_combab_alignT/leg_40k/cf393_arm6_v2_combab_alignT_cf373k32_cf409_dec_m070_fix_best_loss.pth
[  10800] loss=0.4887  ema_loss=0.6395  gap=-0.0202  ema_gap=-0.0200  mixup=60/200  1.5 sps  ETA 5.5h
              R²_rand=0.5180  R²_naive=0.1556  U_t=0.0592  U_b=0.0734  AUC=0.7657  Top1=0.0179
  timing: data=53.7ms  fwd=245.0ms  bwd=278.4ms  total=577.9ms
[  11000] loss=0.9080  ema_loss=0.7082  gap=-0.0291  ema_gap=-0.0233  mixup=54/200  1.5 sps  ETA 5.4h
              R²_rand=0.2837  R²_naive=-0.0734  U_t=0.0662  U_b=0.1129  AUC=0.7637  Top1=0.0152
  timing: data=4.0ms  fwd=231.8ms  bwd=267.3ms  total=503.8ms
[  11200] loss=1.0013  ema_loss=1.1318  gap=-0.0199  ema_gap=-0.0296  mixup=61/200  1.5 sps  ETA 5.4h
              R²_rand=0.2935  R²_naive=-0.0643  U_t=0.0604  U_b=0.0727  AUC=0.5939  Top1=0.0103
  timing: data=4.0ms  fwd=229.0ms  bwd=266.8ms  total=500.6ms
[  11400] loss=1.4114  ema_loss=1.3357  gap=-0.0531  ema_gap=-0.0334  mixup=61/200  1.5 sps  ETA 5.3h
              R²_rand=0.2596  R²_naive=-0.1388  U_t=0.0607  U_b=0.0764  AUC=0.6832  Top1=0.0109
  timing: data=79.5ms  fwd=228.2ms  bwd=266.9ms  total=575.4ms
[  11600] loss=1.2485  ema_loss=1.2816  gap=-0.0719  ema_gap=-0.0575  mixup=64/200  1.5 sps  ETA 5.3h
              R²_rand=0.3799  R²_naive=0.0918  U_t=0.0840  U_b=0.0864  AUC=0.7199  Top1=0.0087
  timing: data=3.8ms  fwd=231.2ms  bwd=266.6ms  total=502.2ms
[  11800] loss=0.8904  ema_loss=1.0547  gap=-0.0501  ema_gap=-0.0588  mixup=59/200  1.5 sps  ETA 5.2h
              R²_rand=0.5102  R²_naive=0.1038  U_t=0.0626  U_b=0.0590  AUC=0.7551  Top1=0.0155
  timing: data=3.8ms  fwd=229.2ms  bwd=266.3ms  total=500.0ms
[  12000] loss=0.8057  ema_loss=1.0162  gap=-0.0816  ema_gap=-0.0518  mixup=64/200  1.5 sps  ETA 5.2h
              R²_rand=0.5963  R²_naive=-0.0771  U_t=0.0294  U_b=0.0303  AUC=0.7384  Top1=0.0109
  timing: data=91.0ms  fwd=229.9ms  bwd=270.9ms  total=592.6ms
[  12200] loss=0.8400  ema_loss=0.9229  gap=-0.0319  ema_gap=-0.0420  mixup=69/200  1.5 sps  ETA 5.1h
              R²_rand=0.3076  R²_naive=0.0728  U_t=0.0766  U_b=0.0896  AUC=0.5989  Top1=0.0130
  timing: data=4.3ms  fwd=230.8ms  bwd=270.6ms  total=506.4ms
[  12400] loss=1.1830  ema_loss=1.0667  gap=-0.0681  ema_gap=-0.0498  mixup=62/200  1.5 sps  ETA 5.1h
              R²_rand=0.3691  R²_naive=0.1041  U_t=0.0700  U_b=0.0840  AUC=0.7139  Top1=0.0128
  timing: data=4.1ms  fwd=231.4ms  bwd=268.0ms  total=504.2ms
[  12600] loss=1.1812  ema_loss=1.1224  gap=-0.0522  ema_gap=-0.0491  mixup=50/200  1.5 sps  ETA 5.0h
              R²_rand=0.3870  R²_naive=0.1162  U_t=0.0815  U_b=0.1090  AUC=0.7671  Top1=0.0155
  timing: data=62.1ms  fwd=228.8ms  bwd=268.7ms  total=560.4ms
[  12800] loss=0.8725  ema_loss=1.0403  gap=-0.0386  ema_gap=-0.0502  mixup=61/200  1.5 sps  ETA 5.0h
              R²_rand=0.4609  R²_naive=0.2052  U_t=0.0781  U_b=0.1151  AUC=0.7921  Top1=0.0176
  timing: data=4.0ms  fwd=230.5ms  bwd=267.9ms  total=503.1ms
[  13000] loss=1.1162  ema_loss=1.0686  gap=-0.0652  ema_gap=-0.0471  mixup=67/200  1.5 sps  ETA 4.9h
              R²_rand=0.3511  R²_naive=0.1082  U_t=0.0846  U_b=0.1053  AUC=0.7025  Top1=0.0149
  timing: data=4.1ms  fwd=229.7ms  bwd=267.7ms  total=502.2ms
[  13200] loss=0.8948  ema_loss=0.9927  gap=-0.0562  ema_gap=-0.0429  mixup=51/200  1.5 sps  ETA 4.9h
              R²_rand=0.4735  R²_naive=0.1255  U_t=0.0624  U_b=0.0690  AUC=0.7657  Top1=0.0160
  timing: data=32.8ms  fwd=228.7ms  bwd=266.4ms  total=528.6ms
[  13400] loss=1.0176  ema_loss=0.9902  gap=-0.0364  ema_gap=-0.0466  mixup=59/200  1.5 sps  ETA 4.8h
              R²_rand=0.3547  R²_naive=0.2802  U_t=0.0713  U_b=0.0896  AUC=0.6928  Top1=0.0176
  timing: data=4.0ms  fwd=229.3ms  bwd=267.4ms  total=501.4ms
[  13600] loss=1.2256  ema_loss=1.0495  gap=-0.0580  ema_gap=-0.0476  mixup=67/200  1.5 sps  ETA 4.8h
              R²_rand=0.3814  R²_naive=0.1418  U_t=0.0966  U_b=0.1241  AUC=0.7651  Top1=0.0174
  timing: data=4.1ms  fwd=230.2ms  bwd=268.6ms  total=503.7ms
[  13800] loss=1.2071  ema_loss=1.0756  gap=-0.0490  ema_gap=-0.0457  mixup=57/200  1.5 sps  ETA 4.7h
              R²_rand=0.3974  R²_naive=0.0471  U_t=0.0929  U_b=0.1038  AUC=0.8084  Top1=0.0163
  timing: data=52.5ms  fwd=226.9ms  bwd=268.0ms  total=548.1ms
[  14000] loss=1.1848  ema_loss=1.1127  gap=-0.0387  ema_gap=-0.0414  mixup=51/200  1.5 sps  ETA 4.7h
              R²_rand=0.4048  R²_naive=0.1048  U_t=0.0908  U_b=0.1081  AUC=0.8117  Top1=0.0187
  timing: data=4.0ms  fwd=232.4ms  bwd=269.1ms  total=506.2ms
[  14200] loss=1.2294  ema_loss=1.1924  gap=-0.0412  ema_gap=-0.0422  mixup=58/200  1.5 sps  ETA 4.6h
              R²_rand=0.3388  R²_naive=0.1268  U_t=0.0847  U_b=0.1029  AUC=0.7728  Top1=0.0185
  timing: data=3.8ms  fwd=228.8ms  bwd=267.0ms  total=500.4ms
[  14400] loss=1.4192  ema_loss=1.2940  gap=-0.0667  ema_gap=-0.0468  mixup=55/200  1.5 sps  ETA 4.6h
              R²_rand=0.3354  R²_naive=-0.0749  U_t=0.0566  U_b=0.0637  AUC=0.8053  Top1=0.0223
  timing: data=28.4ms  fwd=229.7ms  bwd=267.7ms  total=526.6ms
[  14600] loss=0.8627  ema_loss=0.9873  gap=-0.0635  ema_gap=-0.0595  mixup=69/200  1.5 sps  ETA 4.6h
              R²_rand=0.3929  R²_naive=0.1701  U_t=0.0632  U_b=0.0762  AUC=0.7568  Top1=0.0157
  timing: data=4.0ms  fwd=227.3ms  bwd=268.9ms  total=501.1ms
[  14800] loss=0.9408  ema_loss=0.9442  gap=-0.0493  ema_gap=-0.0589  mixup=63/200  1.6 sps  ETA 4.5h
              R²_rand=0.4610  R²_naive=0.1482  U_t=0.0862  U_b=0.1174  AUC=0.8204  Top1=0.0277
  timing: data=4.0ms  fwd=230.2ms  bwd=268.4ms  total=503.3ms
[  15000] loss=1.0088  ema_loss=0.9735  gap=-0.0588  ema_gap=-0.0562  mixup=59/200  1.6 sps  ETA 4.5h
              R²_rand=0.4253  R²_naive=0.1996  U_t=0.0812  U_b=0.1043  AUC=0.7962  Top1=0.0312
  timing: data=35.8ms  fwd=227.5ms  bwd=268.8ms  total=532.8ms
  -> Saved /home/jupyter/checkpoints_backup/cf-409/dec_m070_fix/arm6_v2_combab_alignT/leg_40k/cf393_arm6_v2_combab_alignT_cf373k32_cf409_dec_m070_fix_15k.pth
[  15200] loss=1.1857  ema_loss=1.0291  gap=-0.0834  ema_gap=-0.0657  mixup=65/200  1.6 sps  ETA 4.4h
              R²_rand=0.3542  R²_naive=0.1328  U_t=0.0908  U_b=0.1191  AUC=0.8029  Top1=0.0244
  timing: data=3.8ms  fwd=222.3ms  bwd=258.7ms  total=485.5ms
[  15400] loss=1.0214  ema_loss=1.0875  gap=-0.0626  ema_gap=-0.0629  mixup=62/200  1.6 sps  ETA 4.4h
              R²_rand=0.3551  R²_naive=0.1237  U_t=0.0884  U_b=0.1163  AUC=0.8012  Top1=0.0361
  timing: data=3.7ms  fwd=222.7ms  bwd=257.6ms  total=484.6ms
[  15600] loss=1.2169  ema_loss=1.1574  gap=-0.0714  ema_gap=-0.0681  mixup=65/200  1.6 sps  ETA 4.3h
              R²_rand=0.3693  R²_naive=0.1317  U_t=0.0931  U_b=0.1180  AUC=0.8139  Top1=0.0296
  timing: data=4.0ms  fwd=225.7ms  bwd=263.4ms  total=493.8ms
[  15800] loss=0.9750  ema_loss=1.0099  gap=-0.0723  ema_gap=-0.0660  mixup=45/200  1.6 sps  ETA 4.3h
              R²_rand=0.4231  R²_naive=0.2225  U_t=0.0937  U_b=0.1193  AUC=0.7992  Top1=0.0320
  timing: data=46.5ms  fwd=226.2ms  bwd=267.1ms  total=540.5ms
[  16000] loss=1.0202  ema_loss=0.9457  gap=-0.0741  ema_gap=-0.0623  mixup=54/200  1.6 sps  ETA 4.3h
              R²_rand=0.3736  R²_naive=0.1685  U_t=0.0935  U_b=0.1112  AUC=0.7313  Top1=0.0166
  timing: data=4.0ms  fwd=231.9ms  bwd=269.1ms  total=505.8ms
[  16200] loss=1.1556  ema_loss=0.9882  gap=-0.0696  ema_gap=-0.0569  mixup=70/200  1.6 sps  ETA 4.2h
              R²_rand=0.3434  R²_naive=0.1451  U_t=0.0984  U_b=0.1220  AUC=0.7839  Top1=0.0456
  timing: data=4.3ms  fwd=229.0ms  bwd=269.1ms  total=503.1ms
[  16400] loss=0.7994  ema_loss=0.9181  gap=-0.0558  ema_gap=-0.0628  mixup=55/200  1.6 sps  ETA 4.2h
              R²_rand=0.4176  R²_naive=0.1827  U_t=0.0798  U_b=0.0976  AUC=0.7515  Top1=0.0271
  timing: data=31.9ms  fwd=227.9ms  bwd=269.5ms  total=530.1ms
[  16600] loss=0.8774  ema_loss=0.9702  gap=-0.0528  ema_gap=-0.0598  mixup=53/200  1.6 sps  ETA 4.1h
              R²_rand=0.4933  R²_naive=0.2273  U_t=0.0800  U_b=0.1139  AUC=0.8581  Top1=0.0537
  timing: data=3.9ms  fwd=228.2ms  bwd=266.5ms  total=499.4ms
[  16800] loss=0.8557  ema_loss=0.9636  gap=-0.0576  ema_gap=-0.0640  mixup=58/200  1.6 sps  ETA 4.1h
              R²_rand=0.4058  R²_naive=0.1566  U_t=0.0818  U_b=0.1233  AUC=0.8293  Top1=0.0594
  timing: data=3.9ms  fwd=228.4ms  bwd=265.1ms  total=498.1ms
[  17000] loss=1.0529  ema_loss=0.9148  gap=-0.0639  ema_gap=-0.0557  mixup=61/200  1.6 sps  ETA 4.0h
              R²_rand=0.3056  R²_naive=0.2232  U_t=0.0927  U_b=0.1136  AUC=0.7925  Top1=0.0450
  timing: data=51.7ms  fwd=228.3ms  bwd=266.2ms  total=547.0ms
[  17200] loss=0.8296  ema_loss=0.9163  gap=-0.0662  ema_gap=-0.0609  mixup=70/200  1.6 sps  ETA 4.0h
              R²_rand=0.4822  R²_naive=0.1483  U_t=0.0755  U_b=0.1062  AUC=0.8332  Top1=0.0524
  timing: data=4.2ms  fwd=231.0ms  bwd=267.2ms  total=503.2ms
[  17400] loss=1.0581  ema_loss=0.8710  gap=-0.0784  ema_gap=-0.0581  mixup=61/200  1.6 sps  ETA 4.0h
              R²_rand=0.4012  R²_naive=0.1521  U_t=0.0665  U_b=0.0838  AUC=0.7648  Top1=0.0290
  timing: data=4.0ms  fwd=227.5ms  bwd=266.5ms  total=498.8ms
[  17600] loss=0.8568  ema_loss=0.8923  gap=-0.0689  ema_gap=-0.0723  mixup=56/200  1.6 sps  ETA 3.9h
              R²_rand=0.4924  R²_naive=0.1718  U_t=0.0721  U_b=0.1033  AUC=0.8501  Top1=0.0518
  timing: data=30.1ms  fwd=228.1ms  bwd=265.5ms  total=524.4ms
[  17800] loss=0.8633  ema_loss=0.8213  gap=-0.0545  ema_gap=-0.0658  mixup=64/200  1.6 sps  ETA 3.9h
              R²_rand=0.5047  R²_naive=0.0500  U_t=0.0527  U_b=0.0612  AUC=0.7602  Top1=0.0296
  timing: data=4.0ms  fwd=229.6ms  bwd=269.7ms  total=504.1ms
[  18000] loss=0.8542  ema_loss=0.8740  gap=-0.0755  ema_gap=-0.0701  mixup=58/200  1.6 sps  ETA 3.8h
              R²_rand=0.4772  R²_naive=0.1931  U_t=0.0826  U_b=0.1131  AUC=0.8250  Top1=0.0377
  timing: data=4.1ms  fwd=230.6ms  bwd=268.6ms  total=504.2ms
[  18200] loss=0.9164  ema_loss=0.9114  gap=-0.0755  ema_gap=-0.0763  mixup=60/200  1.6 sps  ETA 3.8h
              R²_rand=0.4517  R²_naive=0.1246  U_t=0.0860  U_b=0.1205  AUC=0.8337  Top1=0.0456
  timing: data=77.7ms  fwd=228.7ms  bwd=269.0ms  total=576.2ms
[  18400] loss=0.7206  ema_loss=0.8211  gap=-0.0587  ema_gap=-0.0666  mixup=67/200  1.6 sps  ETA 3.8h
              R²_rand=0.5455  R²_naive=0.1099  U_t=0.0604  U_b=0.0834  AUC=0.8061  Top1=0.0391
  timing: data=4.2ms  fwd=231.1ms  bwd=269.3ms  total=505.4ms
[  18600] loss=0.4237  ema_loss=0.6255  gap=-0.0263  ema_gap=-0.0442  mixup=51/200  1.6 sps  ETA 3.7h
              R²_rand=0.4119  R²_naive=0.2662  U_t=0.0392  U_b=0.0456  AUC=0.6794  Top1=0.0228
  timing: data=4.2ms  fwd=228.0ms  bwd=267.7ms  total=500.7ms
[  18800] loss=0.7130  ema_loss=0.6490  gap=-0.0623  ema_gap=-0.0490  mixup=59/200  1.6 sps  ETA 3.7h
              R²_rand=0.5070  R²_naive=0.2186  U_t=0.0528  U_b=0.0604  AUC=0.7487  Top1=0.0185
  timing: data=44.5ms  fwd=229.0ms  bwd=268.0ms  total=542.3ms
[  19000] loss=0.8744  ema_loss=0.6228  gap=-0.0718  ema_gap=-0.0501  mixup=50/200  1.6 sps  ETA 3.6h
              R²_rand=0.4786  R²_naive=0.1139  U_t=0.0618  U_b=0.0852  AUC=0.7512  Top1=0.0214
  timing: data=3.9ms  fwd=230.6ms  bwd=269.7ms  total=504.9ms
[  19200] loss=0.6249  ema_loss=0.6341  gap=-0.0590  ema_gap=-0.0555  mixup=59/200  1.6 sps  ETA 3.6h
              R²_rand=0.6462  R²_naive=0.2048  U_t=0.0468  U_b=0.0801  AUC=0.8422  Top1=0.0364
  timing: data=4.0ms  fwd=230.9ms  bwd=268.5ms  total=504.1ms
[  19400] loss=0.6950  ema_loss=0.6407  gap=-0.0696  ema_gap=-0.0638  mixup=66/200  1.6 sps  ETA 3.6h
              R²_rand=0.6124  R²_naive=0.1809  U_t=0.0498  U_b=0.0850  AUC=0.8611  Top1=0.0467
  timing: data=54.7ms  fwd=228.3ms  bwd=270.2ms  total=554.0ms
[  19600] loss=0.7028  ema_loss=0.6682  gap=-0.0888  ema_gap=-0.0781  mixup=58/200  1.6 sps  ETA 3.5h
              R²_rand=0.6134  R²_naive=0.1343  U_t=0.0485  U_b=0.0879  AUC=0.8477  Top1=0.0478
  timing: data=4.3ms  fwd=230.1ms  bwd=268.8ms  total=504.0ms
[  19800] loss=0.7175  ema_loss=0.6600  gap=-0.0831  ema_gap=-0.0832  mixup=65/200  1.6 sps  ETA 3.5h
              R²_rand=0.6340  R²_naive=0.1785  U_t=0.0461  U_b=0.0737  AUC=0.8516  Top1=0.0391
  timing: data=4.4ms  fwd=227.9ms  bwd=267.4ms  total=500.4ms
[  20000] loss=0.6910  ema_loss=0.7007  gap=-0.0838  ema_gap=-0.0873  mixup=57/200  1.6 sps  ETA 3.5h
              R²_rand=0.6663  R²_naive=0.2148  U_t=0.0518  U_b=0.0708  AUC=0.8472  Top1=0.0366
  timing: data=39.1ms  fwd=228.5ms  bwd=266.7ms  total=535.0ms
  -> Saved /home/jupyter/checkpoints_backup/cf-409/dec_m070_fix/arm6_v2_combab_alignT/leg_40k/cf393_arm6_v2_combab_alignT_cf373k32_cf409_dec_m070_fix_20k.pth
[  20200] loss=0.6573  ema_loss=0.7195  gap=-0.0779  ema_gap=-0.0869  mixup=63/200  1.6 sps  ETA 3.4h
              R²_rand=0.5716  R²_naive=0.2488  U_t=0.0562  U_b=0.0881  AUC=0.8306  Top1=0.0597
  timing: data=4.0ms  fwd=227.2ms  bwd=267.6ms  total=499.5ms
[  20400] loss=0.6391  ema_loss=0.6755  gap=-0.0789  ema_gap=-0.0781  mixup=52/200  1.6 sps  ETA 3.4h
              R²_rand=0.4690  R²_naive=0.2390  U_t=0.0727  U_b=0.1005  AUC=0.7994  Top1=0.0336
  timing: data=4.1ms  fwd=229.3ms  bwd=268.4ms  total=502.5ms
[  20600] loss=0.7996  ema_loss=0.7843  gap=-0.0705  ema_gap=-0.0744  mixup=67/200  1.6 sps  ETA 3.3h
              R²_rand=0.5011  R²_naive=0.0645  U_t=0.0634  U_b=0.0931  AUC=0.8442  Top1=0.0461
  timing: data=4.0ms  fwd=229.4ms  bwd=266.2ms  total=500.3ms
[  20800] loss=0.8262  ema_loss=0.7131  gap=-0.0805  ema_gap=-0.0668  mixup=63/200  1.6 sps  ETA 3.3h
              R²_rand=0.4780  R²_naive=0.0967  U_t=0.0738  U_b=0.1150  AUC=0.8382  Top1=0.0510
  timing: data=47.4ms  fwd=226.4ms  bwd=266.7ms  total=541.3ms
[  21000] loss=0.7144  ema_loss=0.6736  gap=-0.0783  ema_gap=-0.0689  mixup=57/200  1.6 sps  ETA 3.3h
              R²_rand=0.5797  R²_naive=0.1583  U_t=0.0577  U_b=0.1034  AUC=0.8690  Top1=0.0722
  timing: data=4.1ms  fwd=229.3ms  bwd=268.0ms  total=502.1ms
[  21200] loss=0.6799  ema_loss=0.6963  gap=-0.0717  ema_gap=-0.0774  mixup=60/200  1.6 sps  ETA 3.2h
              R²_rand=0.5231  R²_naive=0.2115  U_t=0.0640  U_b=0.1295  AUC=0.8834  Top1=0.0716
  timing: data=4.1ms  fwd=227.3ms  bwd=267.0ms  total=499.2ms
[  21400] loss=0.8755  ema_loss=0.8342  gap=-0.0956  ema_gap=-0.0865  mixup=67/200  1.6 sps  ETA 3.2h
              R²_rand=0.4154  R²_naive=0.1340  U_t=0.0789  U_b=0.1306  AUC=0.8063  Top1=0.0589
  timing: data=51.3ms  fwd=228.5ms  bwd=265.5ms  total=546.1ms
[  21600] loss=0.9278  ema_loss=0.8062  gap=-0.0998  ema_gap=-0.0852  mixup=49/200  1.6 sps  ETA 3.2h
              R²_rand=0.4253  R²_naive=0.1255  U_t=0.0811  U_b=0.1131  AUC=0.8179  Top1=0.0551
  timing: data=4.3ms  fwd=230.5ms  bwd=269.9ms  total=505.5ms
[  21800] loss=0.7113  ema_loss=0.7680  gap=-0.0857  ema_gap=-0.0902  mixup=65/200  1.6 sps  ETA 3.1h
              R²_rand=0.5260  R²_naive=0.1968  U_t=0.0727  U_b=0.1232  AUC=0.8588  Top1=0.0695
  timing: data=4.1ms  fwd=229.7ms  bwd=267.9ms  total=502.4ms
[  22000] loss=0.6358  ema_loss=0.7037  gap=-0.0822  ema_gap=-0.0836  mixup=57/200  1.6 sps  ETA 3.1h
              R²_rand=0.4524  R²_naive=0.2054  U_t=0.0806  U_b=0.1379  AUC=0.8460  Top1=0.0554
  timing: data=42.3ms  fwd=228.3ms  bwd=269.6ms  total=541.0ms
[  22200] loss=0.6922  ema_loss=0.6166  gap=-0.0798  ema_gap=-0.0804  mixup=72/200  1.6 sps  ETA 3.0h
              R²_rand=0.5061  R²_naive=0.1710  U_t=0.0753  U_b=0.1136  AUC=0.8232  Top1=0.0399
  timing: data=4.1ms  fwd=230.6ms  bwd=267.8ms  total=503.2ms
[  22400] loss=0.4863  ema_loss=0.6345  gap=-0.0614  ema_gap=-0.0745  mixup=48/200  1.6 sps  ETA 3.0h
              R²_rand=0.6222  R²_naive=0.2006  U_t=0.0528  U_b=0.0992  AUC=0.8624  Top1=0.0543
  timing: data=3.9ms  fwd=228.7ms  bwd=267.1ms  total=500.5ms
[  22600] loss=0.6311  ema_loss=0.6437  gap=-0.0638  ema_gap=-0.0702  mixup=74/200  1.6 sps  ETA 3.0h
              R²_rand=0.5595  R²_naive=0.1626  U_t=0.0598  U_b=0.0969  AUC=0.8252  Top1=0.0339
  timing: data=45.0ms  fwd=229.7ms  bwd=268.0ms  total=543.4ms
[  22800] loss=0.4934  ema_loss=0.6121  gap=-0.0483  ema_gap=-0.0706  mixup=53/200  1.6 sps  ETA 2.9h
              R²_rand=0.6345  R²_naive=0.1990  U_t=0.0461  U_b=0.0810  AUC=0.8167  Top1=0.0396
  timing: data=4.2ms  fwd=228.4ms  bwd=267.9ms  total=501.2ms
  -> Saved /home/jupyter/checkpoints_backup/cf-409/dec_m070_fix/arm6_v2_combab_alignT/leg_40k/cf393_arm6_v2_combab_alignT_cf373k32_cf409_dec_m070_fix_best_loss.pth
[  23000] loss=0.7245  ema_loss=0.5241  gap=-0.0983  ema_gap=-0.0515  mixup=64/200  1.6 sps  ETA 2.9h
              R²_rand=0.4597  R²_naive=0.0925  U_t=0.0639  U_b=0.0940  AUC=0.8067  Top1=0.0312
  timing: data=4.1ms  fwd=226.1ms  bwd=267.3ms  total=498.3ms
  -> Saved /home/jupyter/checkpoints_backup/cf-409/dec_m070_fix/arm6_v2_combab_alignT/leg_40k/cf393_arm6_v2_combab_alignT_cf373k32_cf409_dec_m070_fix_best_loss.pth
[  23200] loss=0.6427  ema_loss=0.6452  gap=-0.0735  ema_gap=-0.0671  mixup=70/200  1.6 sps  ETA 2.9h
              R²_rand=0.5996  R²_naive=0.1203  U_t=0.0593  U_b=0.1355  AUC=0.9035  Top1=0.0657
  timing: data=31.9ms  fwd=225.2ms  bwd=268.5ms  total=526.3ms
[  23400] loss=0.5397  ema_loss=0.5497  gap=-0.0638  ema_gap=-0.0591  mixup=61/200  1.6 sps  ETA 2.8h
              R²_rand=0.4611  R²_naive=0.1829  U_t=0.0607  U_b=0.0847  AUC=0.7509  Top1=0.0274
  timing: data=4.2ms  fwd=229.0ms  bwd=268.0ms  total=501.9ms
[  23600] loss=0.5359  ema_loss=0.6716  gap=-0.0669  ema_gap=-0.0763  mixup=54/200  1.6 sps  ETA 2.8h
              R²_rand=0.6379  R²_naive=0.2015  U_t=0.0533  U_b=0.1130  AUC=0.8992  Top1=0.0749
  timing: data=4.1ms  fwd=228.0ms  bwd=265.3ms  total=498.1ms
[  23800] loss=0.8248  ema_loss=0.6982  gap=-0.0958  ema_gap=-0.0837  mixup=51/200  1.6 sps  ETA 2.7h
              R²_rand=0.5114  R²_naive=0.1478  U_t=0.0763  U_b=0.1385  AUC=0.8581  Top1=0.0944
  timing: data=30.5ms  fwd=227.1ms  bwd=267.4ms  total=525.7ms
[  24000] loss=0.7377  ema_loss=0.7035  gap=-0.0787  ema_gap=-0.0790  mixup=51/200  1.6 sps  ETA 2.7h
              R²_rand=0.5658  R²_naive=0.1414  U_t=0.0633  U_b=0.1133  AUC=0.8731  Top1=0.0640
  timing: data=4.4ms  fwd=226.5ms  bwd=266.3ms  total=497.9ms
[  24200] loss=0.6294  ema_loss=0.6139  gap=-0.0720  ema_gap=-0.0745  mixup=59/200  1.6 sps  ETA 2.7h
              R²_rand=0.4659  R²_naive=0.1547  U_t=0.0661  U_b=0.1079  AUC=0.8316  Top1=0.0467
  timing: data=4.4ms  fwd=226.3ms  bwd=268.0ms  total=499.4ms
[  24400] loss=0.6243  ema_loss=0.6224  gap=-0.0673  ema_gap=-0.0702  mixup=53/200  1.6 sps  ETA 2.6h
              R²_rand=0.5034  R²_naive=0.0803  U_t=0.0660  U_b=0.1082  AUC=0.8477  Top1=0.0467
  timing: data=41.3ms  fwd=226.3ms  bwd=269.4ms  total=537.7ms
[  24600] loss=0.5824  ema_loss=0.5812  gap=-0.0692  ema_gap=-0.0635  mixup=55/200  1.6 sps  ETA 2.6h
              R²_rand=0.5114  R²_naive=0.0419  U_t=0.0606  U_b=0.1104  AUC=0.8470  Top1=0.0730
  timing: data=4.4ms  fwd=232.2ms  bwd=270.8ms  total=508.1ms
[  24800] loss=0.6892  ema_loss=0.6331  gap=-0.0708  ema_gap=-0.0670  mixup=62/200  1.6 sps  ETA 2.6h
              R²_rand=0.4816  R²_naive=0.0403  U_t=0.0640  U_b=0.1053  AUC=0.8482  Top1=0.0754
  timing: data=4.3ms  fwd=228.9ms  bwd=268.9ms  total=502.8ms
[  25000] loss=0.6211  ema_loss=0.7069  gap=-0.0616  ema_gap=-0.0642  mixup=62/200  1.6 sps  ETA 2.5h
              R²_rand=0.5715  R²_naive=0.1690  U_t=0.0594  U_b=0.1158  AUC=0.8758  Top1=0.0763
  timing: data=32.4ms  fwd=229.0ms  bwd=268.8ms  total=530.9ms
  -> Saved /home/jupyter/checkpoints_backup/cf-409/dec_m070_fix/arm6_v2_combab_alignT/leg_40k/cf393_arm6_v2_combab_alignT_cf373k32_cf409_dec_m070_fix_25k.pth
[  25200] loss=0.6534  ema_loss=0.6932  gap=-0.0719  ema_gap=-0.0681  mixup=53/200  1.6 sps  ETA 2.5h
              R²_rand=0.5132  R²_naive=0.1385  U_t=0.0647  U_b=0.1099  AUC=0.8415  Top1=0.0570
  timing: data=4.2ms  fwd=226.0ms  bwd=268.5ms  total=499.5ms
[  25400] loss=0.2457  ema_loss=0.5938  gap=-0.0177  ema_gap=-0.0442  mixup=58/200  1.6 sps  ETA 2.5h
              R²_rand=0.4365  R²_naive=0.0737  U_t=0.0270  U_b=0.0298  AUC=0.6004  Top1=0.0090
  timing: data=4.2ms  fwd=229.6ms  bwd=269.0ms  total=503.5ms
[  25600] loss=0.7418  ema_loss=0.5784  gap=-0.0487  ema_gap=-0.0403  mixup=62/200  1.7 sps  ETA 2.4h
              R²_rand=0.4198  R²_naive=-0.0182  U_t=0.0570  U_b=0.0903  AUC=0.7725  Top1=0.0201
  timing: data=4.2ms  fwd=228.7ms  bwd=268.9ms  total=502.4ms
[  25800] loss=0.6617  ema_loss=0.5573  gap=-0.0603  ema_gap=-0.0441  mixup=57/200  1.7 sps  ETA 2.4h
              R²_rand=0.5601  R²_naive=0.0192  U_t=0.0509  U_b=0.0643  AUC=0.8030  Top1=0.0201
  timing: data=32.6ms  fwd=227.1ms  bwd=267.9ms  total=528.3ms
[  26000] loss=0.5925  ema_loss=0.6279  gap=-0.0552  ema_gap=-0.0534  mixup=78/200  1.7 sps  ETA 2.4h
              R²_rand=0.6220  R²_naive=0.0118  U_t=0.0506  U_b=0.0819  AUC=0.8727  Top1=0.0355
  timing: data=4.2ms  fwd=226.9ms  bwd=266.2ms  total=498.0ms
[  26200] loss=0.7440  ema_loss=0.6546  gap=-0.0600  ema_gap=-0.0542  mixup=64/200  1.7 sps  ETA 2.3h
              R²_rand=0.5802  R²_naive=-0.0007  U_t=0.0525  U_b=0.0739  AUC=0.8522  Top1=0.0280
  timing: data=4.0ms  fwd=228.1ms  bwd=266.4ms  total=499.3ms
[  26400] loss=0.3504  ema_loss=0.6336  gap=-0.0273  ema_gap=-0.0431  mixup=57/200  1.7 sps  ETA 2.3h
              R²_rand=0.6249  R²_naive=-0.0580  U_t=0.0309  U_b=0.0370  AUC=0.7429  Top1=0.0301
  timing: data=42.7ms  fwd=225.3ms  bwd=263.7ms  total=532.4ms
[  26600] loss=0.5116  ema_loss=0.6760  gap=-0.0507  ema_gap=-0.0619  mixup=63/200  1.7 sps  ETA 2.2h
              R²_rand=0.6603  R²_naive=0.1454  U_t=0.0406  U_b=0.0623  AUC=0.8351  Top1=0.0277
  timing: data=4.1ms  fwd=228.3ms  bwd=266.8ms  total=499.9ms
[  26800] loss=0.5216  ema_loss=0.6182  gap=-0.0602  ema_gap=-0.0697  mixup=69/200  1.7 sps  ETA 2.2h
              R²_rand=0.6867  R²_naive=0.1279  U_t=0.0417  U_b=0.0694  AUC=0.8396  Top1=0.0358
  timing: data=4.4ms  fwd=228.2ms  bwd=270.8ms  total=504.2ms
[  27000] loss=0.4493  ema_loss=0.5547  gap=-0.0538  ema_gap=-0.0632  mixup=60/200  1.7 sps  ETA 2.2h
              R²_rand=0.7347  R²_naive=0.1581  U_t=0.0378  U_b=0.0710  AUC=0.8822  Top1=0.0320
  timing: data=33.3ms  fwd=228.6ms  bwd=269.3ms  total=532.0ms
[  27200] loss=0.6552  ema_loss=0.6436  gap=-0.0689  ema_gap=-0.0675  mixup=62/200  1.7 sps  ETA 2.1h
              R²_rand=0.6482  R²_naive=0.1454  U_t=0.0539  U_b=0.0882  AUC=0.8845  Top1=0.0331
  timing: data=4.2ms  fwd=227.9ms  bwd=269.1ms  total=501.9ms
[  27400] loss=0.3289  ema_loss=0.6426  gap=-0.0415  ema_gap=-0.0646  mixup=59/200  1.7 sps  ETA 2.1h
              R²_rand=0.6550  R²_naive=0.2091  U_t=0.0310  U_b=0.0398  AUC=0.7535  Top1=0.0269
  timing: data=4.4ms  fwd=230.2ms  bwd=270.8ms  total=506.2ms
[  27600] loss=0.5830  ema_loss=0.6101  gap=-0.0772  ema_gap=-0.0717  mixup=59/200  1.7 sps  ETA 2.1h
              R²_rand=0.6833  R²_naive=0.1205  U_t=0.0428  U_b=0.0625  AUC=0.8629  Top1=0.0396
  timing: data=30.4ms  fwd=227.2ms  bwd=269.0ms  total=527.3ms
[  27800] loss=0.6342  ema_loss=0.6874  gap=-0.0751  ema_gap=-0.0769  mixup=51/200  1.7 sps  ETA 2.0h
              R²_rand=0.6419  R²_naive=0.1283  U_t=0.0455  U_b=0.0596  AUC=0.8464  Top1=0.0358
  timing: data=4.1ms  fwd=226.6ms  bwd=266.0ms  total=497.5ms
[  28000] loss=0.9376  ema_loss=0.7989  gap=-0.0899  ema_gap=-0.0855  mixup=60/200  1.7 sps  ETA 2.0h
              R²_rand=0.5332  R²_naive=0.0341  U_t=0.0671  U_b=0.0941  AUC=0.8718  Top1=0.0518
  timing: data=4.4ms  fwd=228.5ms  bwd=268.8ms  total=502.4ms
[  28200] loss=0.7220  ema_loss=0.7805  gap=-0.1030  ema_gap=-0.0869  mixup=50/200  1.7 sps  ETA 2.0h
              R²_rand=0.5736  R²_naive=0.1061  U_t=0.0519  U_b=0.0954  AUC=0.8485  Top1=0.0415
  timing: data=32.1ms  fwd=227.5ms  bwd=267.0ms  total=527.4ms
[  28400] loss=0.6969  ema_loss=0.7938  gap=-0.0886  ema_gap=-0.1009  mixup=58/200  1.7 sps  ETA 1.9h
              R²_rand=0.5638  R²_naive=0.1188  U_t=0.0603  U_b=0.1028  AUC=0.8803  Top1=0.0581
  timing: data=4.3ms  fwd=228.2ms  bwd=269.0ms  total=502.3ms
[  28600] loss=0.5993  ema_loss=0.7270  gap=-0.0759  ema_gap=-0.0957  mixup=53/200  1.7 sps  ETA 1.9h
              R²_rand=0.6495  R²_naive=0.1876  U_t=0.0516  U_b=0.1050  AUC=0.9220  Top1=0.0874
  timing: data=4.4ms  fwd=230.3ms  bwd=268.9ms  total=504.3ms
[  28800] loss=0.8062  ema_loss=0.6900  gap=-0.0951  ema_gap=-0.0827  mixup=49/200  1.7 sps  ETA 1.9h
              R²_rand=0.6102  R²_naive=0.1452  U_t=0.0612  U_b=0.1055  AUC=0.9051  Top1=0.0909
  timing: data=34.2ms  fwd=227.1ms  bwd=267.1ms  total=529.2ms
[  29000] loss=0.7070  ema_loss=0.7545  gap=-0.0981  ema_gap=-0.1016  mixup=59/200  1.7 sps  ETA 1.8h
              R²_rand=0.5969  R²_naive=0.1425  U_t=0.0620  U_b=0.1133  AUC=0.8976  Top1=0.0746
  timing: data=3.8ms  fwd=226.5ms  bwd=264.5ms  total=495.5ms
[  29200] loss=0.6937  ema_loss=0.7706  gap=-0.1046  ema_gap=-0.1144  mixup=57/200  1.7 sps  ETA 1.8h
              R²_rand=0.5956  R²_naive=0.1349  U_t=0.0613  U_b=0.1197  AUC=0.9075  Top1=0.1009
  timing: data=4.5ms  fwd=227.1ms  bwd=267.6ms  total=499.9ms
[  29400] loss=0.6439  ema_loss=0.7463  gap=-0.0946  ema_gap=-0.1082  mixup=63/200  1.7 sps  ETA 1.8h
              R²_rand=0.6256  R²_naive=0.1095  U_t=0.0538  U_b=0.0857  AUC=0.8788  Top1=0.0611
  timing: data=33.1ms  fwd=230.8ms  bwd=269.4ms  total=534.1ms
[  29600] loss=0.6102  ema_loss=0.6834  gap=-0.1118  ema_gap=-0.1093  mixup=61/200  1.7 sps  ETA 1.7h
              R²_rand=0.6187  R²_naive=0.1765  U_t=0.0580  U_b=0.1038  AUC=0.8875  Top1=0.0716
  timing: data=4.8ms  fwd=244.8ms  bwd=277.8ms  total=528.2ms
[  29800] loss=0.6498  ema_loss=0.6653  gap=-0.1238  ema_gap=-0.1183  mixup=60/200  1.7 sps  ETA 1.7h
              R²_rand=0.5919  R²_naive=0.1794  U_t=0.0640  U_b=0.1155  AUC=0.8992  Top1=0.0868
  timing: data=4.6ms  fwd=243.3ms  bwd=275.5ms  total=524.1ms
[  30000] loss=0.5341  ema_loss=0.5903  gap=-0.0753  ema_gap=-0.0958  mixup=65/200  1.7 sps  ETA 1.7h
              R²_rand=0.6725  R²_naive=0.0840  U_t=0.0512  U_b=0.0921  AUC=0.9101  Top1=0.1080
  timing: data=29.0ms  fwd=243.8ms  bwd=275.5ms  total=549.1ms
  -> Saved /home/jupyter/checkpoints_backup/cf-409/dec_m070_fix/arm6_v2_combab_alignT/leg_40k/cf393_arm6_v2_combab_alignT_cf373k32_cf409_dec_m070_fix_30k.pth
[  30200] loss=0.3771  ema_loss=0.6124  gap=-0.0992  ema_gap=-0.1035  mixup=53/200  1.7 sps  ETA 1.6h
              R²_rand=0.5676  R²_naive=0.2055  U_t=0.0523  U_b=0.0675  AUC=0.7635  Top1=0.0469
  timing: data=4.8ms  fwd=240.5ms  bwd=277.3ms  total=523.4ms
[  30400] loss=0.4664  ema_loss=0.5885  gap=-0.0909  ema_gap=-0.1043  mixup=57/200  1.7 sps  ETA 1.6h
              R²_rand=0.6449  R²_naive=0.1200  U_t=0.0469  U_b=0.0695  AUC=0.8585  Top1=0.0719
  timing: data=4.8ms  fwd=243.1ms  bwd=275.8ms  total=524.4ms
[  30600] loss=0.4528  ema_loss=0.4629  gap=-0.0825  ema_gap=-0.0911  mixup=61/200  1.7 sps  ETA 1.6h
              R²_rand=0.6967  R²_naive=0.2293  U_t=0.0436  U_b=0.0859  AUC=0.9051  Top1=0.0700
  timing: data=4.6ms  fwd=245.0ms  bwd=278.9ms  total=529.4ms
  -> Saved /home/jupyter/checkpoints_backup/cf-409/dec_m070_fix/arm6_v2_combab_alignT/leg_40k/cf393_arm6_v2_combab_alignT_cf373k32_cf409_dec_m070_fix_best_loss.pth
[  30800] loss=0.4912  ema_loss=0.4870  gap=-0.0717  ema_gap=-0.0760  mixup=56/200  1.7 sps  ETA 1.5h
              R²_rand=0.6787  R²_naive=0.2235  U_t=0.0473  U_b=0.0813  AUC=0.8623  Top1=0.0640
  timing: data=32.0ms  fwd=240.4ms  bwd=277.3ms  total=550.6ms
[  31000] loss=0.3805  ema_loss=0.5173  gap=-0.0659  ema_gap=-0.0805  mixup=72/200  1.7 sps  ETA 1.5h
              R²_rand=0.5185  R²_naive=0.2328  U_t=0.0431  U_b=0.0545  AUC=0.7668  Top1=0.0377
  timing: data=4.5ms  fwd=244.2ms  bwd=277.2ms  total=526.6ms
[  31200] loss=0.6721  ema_loss=0.6215  gap=-0.0950  ema_gap=-0.0934  mixup=67/200  1.7 sps  ETA 1.5h
              R²_rand=0.5256  R²_naive=0.1070  U_t=0.0664  U_b=0.1057  AUC=0.8137  Top1=0.0502
  timing: data=4.8ms  fwd=245.5ms  bwd=276.9ms  total=528.0ms
[  31400] loss=0.7633  ema_loss=0.7206  gap=-0.1103  ema_gap=-0.1194  mixup=61/200  1.7 sps  ETA 1.4h
              R²_rand=0.5258  R²_naive=0.0605  U_t=0.0688  U_b=0.1395  AUC=0.9116  Top1=0.0898
  timing: data=35.0ms  fwd=241.2ms  bwd=276.2ms  total=553.1ms
[  31600] loss=0.6948  ema_loss=0.6059  gap=-0.1202  ema_gap=-0.1051  mixup=57/200  1.7 sps  ETA 1.4h
              R²_rand=0.5412  R²_naive=0.1596  U_t=0.0689  U_b=0.1422  AUC=0.9054  Top1=0.0915
  timing: data=5.0ms  fwd=245.8ms  bwd=278.1ms  total=529.8ms
[  31800] loss=0.6294  ema_loss=0.6348  gap=-0.1062  ema_gap=-0.1105  mixup=55/200  1.7 sps  ETA 1.4h
              R²_rand=0.6287  R²_naive=0.1985  U_t=0.0528  U_b=0.0757  AUC=0.8734  Top1=0.0773
  timing: data=4.7ms  fwd=242.4ms  bwd=276.4ms  total=524.3ms
[  32000] loss=0.6095  ema_loss=0.6138  gap=-0.1197  ema_gap=-0.1152  mixup=61/200  1.7 sps  ETA 1.3h
              R²_rand=0.5946  R²_naive=0.1929  U_t=0.0609  U_b=0.1206  AUC=0.8827  Top1=0.0771
  timing: data=18.0ms  fwd=243.9ms  bwd=278.0ms  total=540.7ms
[  32200] loss=0.5863  ema_loss=0.5958  gap=-0.1209  ema_gap=-0.1187  mixup=58/200  1.7 sps  ETA 1.3h
              R²_rand=0.5622  R²_naive=0.1919  U_t=0.0595  U_b=0.1059  AUC=0.8944  Top1=0.1045
  timing: data=4.9ms  fwd=244.3ms  bwd=277.5ms  total=527.4ms
[  32400] loss=0.6639  ema_loss=0.5994  gap=-0.1253  ema_gap=-0.1123  mixup=56/200  1.7 sps  ETA 1.3h
              R²_rand=0.5658  R²_naive=0.2009  U_t=0.0697  U_b=0.1381  AUC=0.8865  Top1=0.0904
  timing: data=4.6ms  fwd=241.2ms  bwd=272.2ms  total=518.7ms
[  32600] loss=0.5624  ema_loss=0.5728  gap=-0.1106  ema_gap=-0.1116  mixup=56/200  1.7 sps  ETA 1.2h
              R²_rand=0.5379  R²_naive=0.1741  U_t=0.0579  U_b=0.0925  AUC=0.8346  Top1=0.0703
  timing: data=34.5ms  fwd=239.0ms  bwd=269.6ms  total=543.9ms
[  32800] loss=0.6597  ema_loss=0.5055  gap=-0.1359  ema_gap=-0.1066  mixup=62/200  1.7 sps  ETA 1.2h
              R²_rand=0.6545  R²_naive=0.1728  U_t=0.0559  U_b=0.1163  AUC=0.9136  Top1=0.1191
  timing: data=4.2ms  fwd=242.4ms  bwd=272.6ms  total=520.0ms
[  33000] loss=0.9260  ema_loss=0.5764  gap=-0.1520  ema_gap=-0.1142  mixup=66/200  1.7 sps  ETA 1.2h
              R²_rand=0.5361  R²_naive=0.1012  U_t=0.0679  U_b=0.1191  AUC=0.8881  Top1=0.0982
  timing: data=4.8ms  fwd=242.2ms  bwd=276.7ms  total=524.5ms
[  33200] loss=0.5134  ema_loss=0.6279  gap=-0.1439  ema_gap=-0.1331  mixup=61/200  1.7 sps  ETA 1.1h
              R²_rand=0.5748  R²_naive=0.1461  U_t=0.0608  U_b=0.1028  AUC=0.8741  Top1=0.1151
  timing: data=29.5ms  fwd=244.1ms  bwd=276.4ms  total=550.8ms
[  33400] loss=0.5809  ema_loss=0.6137  gap=-0.1136  ema_gap=-0.1270  mixup=62/200  1.7 sps  ETA 1.1h
              R²_rand=0.5759  R²_naive=0.1568  U_t=0.0552  U_b=0.0872  AUC=0.8921  Top1=0.1080
  timing: data=4.7ms  fwd=248.6ms  bwd=283.5ms  total=537.7ms
[  33600] loss=0.3782  ema_loss=0.4819  gap=-0.0950  ema_gap=-0.1090  mixup=53/200  1.7 sps  ETA 1.1h
              R²_rand=0.6550  R²_naive=0.2003  U_t=0.0434  U_b=0.0852  AUC=0.9121  Top1=0.0754
  timing: data=4.7ms  fwd=250.4ms  bwd=285.3ms  total=541.3ms
[  33800] loss=0.2845  ema_loss=0.3536  gap=-0.0948  ema_gap=-0.0988  mixup=46/200  1.7 sps  ETA 1.0h
              R²_rand=0.5985  R²_naive=0.1274  U_t=0.0428  U_b=0.0937  AUC=0.8942  Top1=0.0659
  timing: data=23.4ms  fwd=247.1ms  bwd=285.1ms  total=556.5ms
  -> Saved /home/jupyter/checkpoints_backup/cf-409/dec_m070_fix/arm6_v2_combab_alignT/leg_40k/cf393_arm6_v2_combab_alignT_cf373k32_cf409_dec_m070_fix_best_loss.pth
[  34000] loss=0.3525  ema_loss=0.3594  gap=-0.1099  ema_gap=-0.1032  mixup=62/200  1.7 sps  ETA 1.0h
              R²_rand=0.5653  R²_naive=0.1551  U_t=0.0533  U_b=0.1345  AUC=0.9070  Top1=0.0942
  timing: data=4.7ms  fwd=248.3ms  bwd=286.0ms  total=539.9ms
[  34200] loss=0.3090  ema_loss=0.2795  gap=-0.1039  ema_gap=-0.0979  mixup=65/200  1.7 sps  ETA 1.0h
              R²_rand=0.6098  R²_naive=0.0889  U_t=0.0492  U_b=0.1011  AUC=0.9086  Top1=0.1094
  timing: data=6.0ms  fwd=250.8ms  bwd=289.1ms  total=546.8ms
  -> Saved /home/jupyter/checkpoints_backup/cf-409/dec_m070_fix/arm6_v2_combab_alignT/leg_40k/cf393_arm6_v2_combab_alignT_cf373k32_cf409_dec_m070_fix_best_loss.pth
[  34400] loss=0.1959  ema_loss=0.2550  gap=-0.0869  ema_gap=-0.0927  mixup=63/200  1.7 sps  ETA 0.9h
              R²_rand=0.6001  R²_naive=0.1020  U_t=0.0421  U_b=0.0847  AUC=0.9093  Top1=0.0882
  timing: data=30.4ms  fwd=247.4ms  bwd=286.4ms  total=565.1ms
  -> Saved /home/jupyter/checkpoints_backup/cf-409/dec_m070_fix/arm6_v2_combab_alignT/leg_40k/cf393_arm6_v2_combab_alignT_cf373k32_cf409_dec_m070_fix_best_loss.pth
[  34600] loss=0.1570  ema_loss=0.2912  gap=-0.0555  ema_gap=-0.0855  mixup=67/200  1.7 sps  ETA 0.9h
              R²_rand=0.4501  R²_naive=0.1436  U_t=0.0269  U_b=0.0342  AUC=0.7917  Top1=0.0537
  timing: data=4.8ms  fwd=248.1ms  bwd=288.1ms  total=541.8ms
[  34800] loss=0.2335  ema_loss=0.2913  gap=-0.0736  ema_gap=-0.0805  mixup=65/200  1.7 sps  ETA 0.9h
              R²_rand=0.6174  R²_naive=0.1309  U_t=0.0340  U_b=0.0747  AUC=0.8919  Top1=0.0643
  timing: data=4.6ms  fwd=248.0ms  bwd=282.3ms  total=535.8ms
[  35000] loss=0.6163  ema_loss=0.3770  gap=-0.1229  ema_gap=-0.0889  mixup=61/200  1.7 sps  ETA 0.8h
              R²_rand=0.6428  R²_naive=0.1432  U_t=0.0461  U_b=0.0808  AUC=0.8850  Top1=0.0809
  timing: data=37.6ms  fwd=245.6ms  bwd=282.2ms  total=566.2ms
  -> Saved /home/jupyter/checkpoints_backup/cf-409/dec_m070_fix/arm6_v2_combab_alignT/leg_40k/cf393_arm6_v2_combab_alignT_cf373k32_cf409_dec_m070_fix_35k.pth
[  35200] loss=0.4688  ema_loss=0.4468  gap=-0.1006  ema_gap=-0.0925  mixup=60/200  1.7 sps  ETA 0.8h
              R²_rand=0.6831  R²_naive=0.2159  U_t=0.0466  U_b=0.0972  AUC=0.9113  Top1=0.1121
  timing: data=5.1ms  fwd=247.6ms  bwd=285.5ms  total=539.1ms
[  35400] loss=0.5445  ema_loss=0.4035  gap=-0.0879  ema_gap=-0.0762  mixup=62/200  1.7 sps  ETA 0.8h
              R²_rand=0.6711  R²_naive=0.1260  U_t=0.0431  U_b=0.0642  AUC=0.8262  Top1=0.0404
  timing: data=4.7ms  fwd=247.7ms  bwd=281.7ms  total=534.9ms
[  35600] loss=0.7382  ema_loss=0.4134  gap=-0.0925  ema_gap=-0.0636  mixup=66/200  1.7 sps  ETA 0.7h
              R²_rand=0.5088  R²_naive=-0.2889  U_t=0.0351  U_b=0.0404  AUC=0.7418  Top1=0.0193
  timing: data=5.1ms  fwd=249.4ms  bwd=285.5ms  total=540.9ms
[  35800] loss=0.2652  ema_loss=0.3632  gap=-0.0277  ema_gap=-0.0465  mixup=65/200  1.7 sps  ETA 0.7h
              R²_rand=0.2268  R²_naive=-0.1076  U_t=0.0239  U_b=0.0261  AUC=0.6854  Top1=0.0149
  timing: data=18.4ms  fwd=249.0ms  bwd=287.0ms  total=555.3ms
[  36000] loss=0.3776  ema_loss=0.3889  gap=-0.0586  ema_gap=-0.0570  mixup=62/200  1.7 sps  ETA 0.7h
              R²_rand=0.6302  R²_naive=0.0855  U_t=0.0338  U_b=0.0422  AUC=0.7624  Top1=0.0182
  timing: data=4.7ms  fwd=247.7ms  bwd=282.3ms  total=535.6ms
[  36200] loss=0.6253  ema_loss=0.5296  gap=-0.1342  ema_gap=-0.1032  mixup=56/200  1.7 sps  ETA 0.6h
              R²_rand=0.5886  R²_naive=0.1969  U_t=0.0497  U_b=0.0706  AUC=0.8076  Top1=0.0421
  timing: data=4.6ms  fwd=246.6ms  bwd=282.6ms  total=534.6ms
[  36400] loss=0.6346  ema_loss=0.5456  gap=-0.1211  ema_gap=-0.1162  mixup=63/200  1.7 sps  ETA 0.6h
              R²_rand=0.6821  R²_naive=0.1171  U_t=0.0436  U_b=0.0760  AUC=0.8809  Top1=0.0537
  timing: data=30.7ms  fwd=241.5ms  bwd=276.5ms  total=549.6ms
[  36600] loss=0.5412  ema_loss=0.4895  gap=-0.1275  ema_gap=-0.1174  mixup=58/200  1.7 sps  ETA 0.6h
              R²_rand=0.6900  R²_naive=0.1124  U_t=0.0375  U_b=0.0738  AUC=0.8994  Top1=0.0936
  timing: data=4.6ms  fwd=246.2ms  bwd=281.5ms  total=533.3ms
[  36800] loss=0.5480  ema_loss=0.4536  gap=-0.1376  ema_gap=-0.1260  mixup=52/200  1.7 sps  ETA 0.5h
              R²_rand=0.7339  R²_naive=0.1455  U_t=0.0362  U_b=0.0646  AUC=0.9029  Top1=0.0678
  timing: data=4.9ms  fwd=248.1ms  bwd=280.4ms  total=534.3ms
[  37000] loss=0.4637  ema_loss=0.4531  gap=-0.1101  ema_gap=-0.1228  mixup=58/200  1.7 sps  ETA 0.5h
              R²_rand=0.7271  R²_naive=0.1874  U_t=0.0323  U_b=0.0388  AUC=0.8263  Top1=0.0727
  timing: data=29.1ms  fwd=245.2ms  bwd=281.8ms  total=556.9ms
[  37200] loss=0.3869  ema_loss=0.3571  gap=-0.1065  ema_gap=-0.1022  mixup=48/200  1.7 sps  ETA 0.5h
              R²_rand=0.7667  R²_naive=0.2038  U_t=0.0334  U_b=0.0606  AUC=0.9072  Top1=0.0621
  timing: data=4.6ms  fwd=241.9ms  bwd=274.9ms  total=522.2ms
[  37400] loss=0.4143  ema_loss=0.3717  gap=-0.0978  ema_gap=-0.0974  mixup=58/200  1.7 sps  ETA 0.4h
              R²_rand=0.7671  R²_naive=0.1414  U_t=0.0318  U_b=0.0645  AUC=0.9009  Top1=0.0681
  timing: data=4.7ms  fwd=246.8ms  bwd=281.1ms  total=533.4ms
[  37600] loss=0.3082  ema_loss=0.3744  gap=-0.0902  ema_gap=-0.0947  mixup=65/200  1.7 sps  ETA 0.4h
              R²_rand=0.8084  R²_naive=0.1319  U_t=0.0250  U_b=0.0380  AUC=0.8592  Top1=0.0426
  timing: data=55.7ms  fwd=243.7ms  bwd=278.2ms  total=578.4ms
[  37800] loss=0.4064  ema_loss=0.3569  gap=-0.1146  ema_gap=-0.0991  mixup=71/200  1.7 sps  ETA 0.4h
              R²_rand=0.7970  R²_naive=0.1612  U_t=0.0326  U_b=0.0728  AUC=0.9275  Top1=0.0855
  timing: data=5.9ms  fwd=246.1ms  bwd=280.3ms  total=533.1ms
[  38000] loss=0.4285  ema_loss=0.3735  gap=-0.0983  ema_gap=-0.1026  mixup=61/200  1.7 sps  ETA 0.3h
              R²_rand=0.8160  R²_naive=0.1759  U_t=0.0326  U_b=0.0690  AUC=0.9305  Top1=0.1047
  timing: data=4.6ms  fwd=244.7ms  bwd=280.3ms  total=530.4ms
[  38200] loss=0.3662  ema_loss=0.3734  gap=-0.1042  ema_gap=-0.1012  mixup=70/200  1.7 sps  ETA 0.3h
              R²_rand=0.8031  R²_naive=0.1827  U_t=0.0325  U_b=0.0815  AUC=0.9467  Top1=0.1373
  timing: data=36.7ms  fwd=245.9ms  bwd=281.7ms  total=565.2ms
[  38400] loss=0.4225  ema_loss=0.3685  gap=-0.1152  ema_gap=-0.1035  mixup=49/200  1.7 sps  ETA 0.3h
              R²_rand=0.7792  R²_naive=0.2154  U_t=0.0343  U_b=0.0824  AUC=0.9321  Top1=0.1126
  timing: data=4.8ms  fwd=243.9ms  bwd=278.8ms  total=528.3ms
[  38600] loss=0.5080  ema_loss=0.3952  gap=-0.1142  ema_gap=-0.1045  mixup=53/200  1.7 sps  ETA 0.2h
              R²_rand=0.7776  R²_naive=0.1954  U_t=0.0391  U_b=0.0829  AUC=0.9323  Top1=0.1387
  timing: data=5.1ms  fwd=249.7ms  bwd=285.0ms  total=540.7ms
[  38800] loss=0.4364  ema_loss=0.4404  gap=-0.1089  ema_gap=-0.1112  mixup=53/200  1.7 sps  ETA 0.2h
              R²_rand=0.7949  R²_naive=0.2033  U_t=0.0354  U_b=0.0907  AUC=0.9549  Top1=0.1349
  timing: data=23.0ms  fwd=246.6ms  bwd=281.9ms  total=552.4ms
[  39000] loss=0.3977  ema_loss=0.4392  gap=-0.1035  ema_gap=-0.1134  mixup=56/200  1.7 sps  ETA 0.2h
              R²_rand=0.7791  R²_naive=0.2312  U_t=0.0337  U_b=0.0765  AUC=0.9267  Top1=0.1018
  timing: data=4.8ms  fwd=245.7ms  bwd=281.6ms  total=533.0ms
[  39200] loss=0.3542  ema_loss=0.4046  gap=-0.0968  ema_gap=-0.1029  mixup=65/200  1.7 sps  ETA 0.1h
              R²_rand=0.8043  R²_naive=0.1966  U_t=0.0307  U_b=0.0582  AUC=0.9091  Top1=0.0958
  timing: data=4.5ms  fwd=245.4ms  bwd=278.3ms  total=529.0ms
[  39400] loss=0.3541  ema_loss=0.3507  gap=-0.0896  ema_gap=-0.0915  mixup=51/200  1.7 sps  ETA 0.1h
              R²_rand=0.8224  R²_naive=0.2199  U_t=0.0283  U_b=0.0453  AUC=0.9055  Top1=0.0906
  timing: data=35.7ms  fwd=242.8ms  bwd=280.4ms  total=559.7ms
[  39600] loss=0.2901  ema_loss=0.3813  gap=-0.0976  ema_gap=-0.0989  mixup=63/200  1.7 sps  ETA 0.1h
              R²_rand=0.7896  R²_naive=0.2484  U_t=0.0298  U_b=0.0582  AUC=0.9184  Top1=0.0863
  timing: data=4.7ms  fwd=248.5ms  bwd=283.0ms  total=537.0ms
[  39800] loss=0.3360  ema_loss=0.3383  gap=-0.1084  ema_gap=-0.1019  mixup=57/200  1.7 sps  ETA 0.0h
              R²_rand=0.7560  R²_naive=0.2442  U_t=0.0347  U_b=0.0645  AUC=0.9082  Top1=0.1039
  timing: data=4.8ms  fwd=250.0ms  bwd=285.2ms  total=540.8ms
[  40000] loss=0.2962  ema_loss=0.3327  gap=-0.0698  ema_gap=-0.0947  mixup=66/200  1.7 sps  ETA 0.0h
              R²_rand=0.8438  R²_naive=0.1757  U_t=0.0245  U_b=0.0501  AUC=0.9311  Top1=0.0982
  timing: data=30.6ms  fwd=244.9ms  bwd=282.3ms  total=558.7ms
  -> Saved /home/jupyter/checkpoints_backup/cf-409/dec_m070_fix/arm6_v2_combab_alignT/leg_40k/cf393_arm6_v2_combab_alignT_cf373k32_cf409_dec_m070_fix_40k.pth
  -> Saved /home/jupyter/checkpoints_backup/cf-409/dec_m070_fix/arm6_v2_combab_alignT/leg_40k/cf393_arm6_v2_combab_alignT_cf373k32_cf409_dec_m070_fix_final.pth

Done in 6.6h. Best gap=0.1042 at step 9400, Best loss=0.2550 at step 34400
