Command line: /tmp/contrastive-forecasting-409/experiments/2026-04-27_freq-embedding/scripts/train.py --qk-norm --attn-out-norm --batch-size 64 --device cuda --total-steps 40000 --lr 1e-3 --weight-decay 0.1 --adam-beta1 0.9 --adam-beta2 0.98 --seed 20260520 --save-every 20000 --extra-save-steps 40000 --save-dir /home/jupyter/checkpoints_backup/cf-409/ctrl_s20/arm6_v2_combab_alignS/leg_40k --run-name cf393_arm6_v2_combab_alignS_cf373k3_cf409_ctrl_s20 --log-every 200 --hf-repo jeremycochoy/gift-pretrain-full-4096 --hf-path small_v1 --t-raw 4096 --n-channels 1 --d-model 64 --n-heads 8 --num-encoder-layers 3 --num-layers 3 --encoder-dropkey 0.70 --encoder-dropkey-share-heads --encoder-dropkey-share-layers --depthwise-conv 3 --deprecated-depthwise-conv 0 --loss-shape cosine_similarity_batch_rep_only --align-loss-weight 1.0 --moco-rep-keys --tau-rep 1.0 --align-target student --ema-embedding --ema-encoder --ema-tau 0.9 --ema-tau-end 1.0 --ema-tau-ramp-steps 100000 --cpc-infonce-weight 1.0 --sigreg-embedding --sigreg-encoding --sigreg-n-chunk 2048 --sigreg-embedding-weight 1.0 --sigreg-encoding-weight 1.0 --tau 0.10 --rev-norm-kind ewma --rev-norm-span 128 --encoder-type gru --synth-kind forked-arma --mix-ratio 0.0078125 --crossfade-triplets 1 --mixup-p 0.3 --freq-emb-dim 3 --seasonality-emb-dim 3 --log-attn-amplitude --log-attn-amplitude-every 200 --residual-dtype fp32 --attn-dtype fp16 --ffn-dtype fp16 --conv-dtype fp16 --patch-emb-dtype fp32 --train-rollout-depth 3 --cpc-infonce-weight 0.0 --train-rollout-reduce sum --align-target student --rep-loss-weight 1.0
Device: cuda | Params: 720,668
Training for 40000 steps, bs=64, lr=0.001, T=4096, C=1, mix_ratio=0.0078125, freq_emb_dim=3, seasonality_emb_dim=3, mixup_p=0.3, rev_norm_kind=ewma(span=128), patch_stats=none, encoder_type=gru
Checkpoints: /home/jupyter/checkpoints_backup/cf-409/ctrl_s20/arm6_v2_combab_alignS/leg_40k/cf393_arm6_v2_combab_alignS_cf373k3_cf409_ctrl_s20_*.pth
Loss CSV: /home/jupyter/checkpoints_backup/cf-409/ctrl_s20/arm6_v2_combab_alignS/leg_40k/cf393_arm6_v2_combab_alignS_cf373k3_cf409_ctrl_s20_losses.csv
Latent-drift CSV: /home/jupyter/checkpoints_backup/cf-409/ctrl_s20/arm6_v2_combab_alignS/leg_40k/cf393_arm6_v2_combab_alignS_cf373k3_cf409_ctrl_s20_latent_drift.csv (every 20000 steps, probe_bs=64, probe_seed=20260722)
Attn-amplitude CSV: /home/jupyter/checkpoints_backup/cf-409/ctrl_s20/arm6_v2_combab_alignS/leg_40k/cf393_arm6_v2_combab_alignS_cf373k3_cf409_ctrl_s20_attn_amplitude.csv (every 200 steps)
Data: MIX 99% HF + 1% synth (forked-arma) + 0% crossfade + 1 triplet(s)=3 rows, hf_bs=64, synth_bs=0, cross_bs=0, total_bs=67
[    200] loss=16.8983  ema_loss=16.6687  gap=-0.2417  ema_gap=-0.2184  mixup=61/200  3.3 sps  ETA 3.3h
              R²_rand=0.3832  R²_naive=0.0828  U_t=0.0759  U_b=0.0922  AUC=0.7611  Top1=0.0290
  timing: data=37.9ms  fwd=141.6ms  bwd=87.2ms  total=267.4ms
  -> Saved /home/jupyter/checkpoints_backup/cf-409/ctrl_s20/arm6_v2_combab_alignS/leg_40k/cf393_arm6_v2_combab_alignS_cf373k3_cf409_ctrl_s20_best_gap.pth
  -> Saved /home/jupyter/checkpoints_backup/cf-409/ctrl_s20/arm6_v2_combab_alignS/leg_40k/cf393_arm6_v2_combab_alignS_cf373k3_cf409_ctrl_s20_best_loss.pth
[    400] loss=15.6550  ema_loss=16.7328  gap=-0.1567  ema_gap=-0.1725  mixup=58/200  3.5 sps  ETA 3.1h
              R²_rand=0.4368  R²_naive=0.2304  U_t=0.0492  U_b=0.0483  AUC=0.6553  Top1=0.0106
  timing: data=5.8ms  fwd=144.0ms  bwd=86.7ms  total=237.2ms
  -> Saved /home/jupyter/checkpoints_backup/cf-409/ctrl_s20/arm6_v2_combab_alignS/leg_40k/cf393_arm6_v2_combab_alignS_cf373k3_cf409_ctrl_s20_best_gap.pth
[    600] loss=17.0469  ema_loss=16.9510  gap=-0.0363  ema_gap=-0.1170  mixup=65/200  3.6 sps  ETA 3.1h
              R²_rand=0.4209  R²_naive=0.2483  U_t=0.0845  U_b=0.0818  AUC=0.7753  Top1=0.0198
  timing: data=5.0ms  fwd=139.6ms  bwd=85.7ms  total=231.1ms
  -> Saved /home/jupyter/checkpoints_backup/cf-409/ctrl_s20/arm6_v2_combab_alignS/leg_40k/cf393_arm6_v2_combab_alignS_cf373k3_cf409_ctrl_s20_best_gap.pth
[    800] loss=16.2148  ema_loss=16.8674  gap=-0.0322  ema_gap=-0.0651  mixup=65/200  3.5 sps  ETA 3.1h
              R²_rand=0.4824  R²_naive=0.2890  U_t=0.0741  U_b=0.0852  AUC=0.7688  Top1=0.0252
  timing: data=33.6ms  fwd=138.2ms  bwd=84.7ms  total=257.3ms
  -> Saved /home/jupyter/checkpoints_backup/cf-409/ctrl_s20/arm6_v2_combab_alignS/leg_40k/cf393_arm6_v2_combab_alignS_cf373k3_cf409_ctrl_s20_best_gap.pth
[   1000] loss=17.1002  ema_loss=16.9566  gap=-0.0120  ema_gap=-0.0380  mixup=61/200  3.6 sps  ETA 3.0h
              R²_rand=0.4829  R²_naive=0.2517  U_t=0.0782  U_b=0.0942  AUC=0.8174  Top1=0.0258
  timing: data=4.9ms  fwd=139.7ms  bwd=85.1ms  total=230.4ms
  -> Saved /home/jupyter/checkpoints_backup/cf-409/ctrl_s20/arm6_v2_combab_alignS/leg_40k/cf393_arm6_v2_combab_alignS_cf373k3_cf409_ctrl_s20_best_gap.pth
[   1200] loss=17.4380  ema_loss=17.0222  gap=0.0309  ema_gap=-0.0239  mixup=59/200  3.6 sps  ETA 3.0h
              R²_rand=0.4140  R²_naive=0.3094  U_t=0.0852  U_b=0.0952  AUC=0.8018  Top1=0.0418
  timing: data=4.8ms  fwd=141.0ms  bwd=83.7ms  total=230.1ms
  -> Saved /home/jupyter/checkpoints_backup/cf-409/ctrl_s20/arm6_v2_combab_alignS/leg_40k/cf393_arm6_v2_combab_alignS_cf373k3_cf409_ctrl_s20_best_gap.pth
[   1400] loss=16.8131  ema_loss=16.9872  gap=0.0545  ema_gap=0.0204  mixup=77/200  3.6 sps  ETA 3.0h
              R²_rand=0.5144  R²_naive=0.3169  U_t=0.0753  U_b=0.0999  AUC=0.8502  Top1=0.0442
  timing: data=24.7ms  fwd=138.7ms  bwd=84.9ms  total=249.1ms
  -> Saved /home/jupyter/checkpoints_backup/cf-409/ctrl_s20/arm6_v2_combab_alignS/leg_40k/cf393_arm6_v2_combab_alignS_cf373k3_cf409_ctrl_s20_best_gap.pth
[   1600] loss=17.3476  ema_loss=16.9529  gap=0.1090  ema_gap=0.0571  mixup=65/200  3.6 sps  ETA 2.9h
              R²_rand=0.4510  R²_naive=0.3026  U_t=0.0802  U_b=0.0947  AUC=0.8364  Top1=0.0339
  timing: data=5.2ms  fwd=141.1ms  bwd=85.3ms  total=232.2ms
  -> Saved /home/jupyter/checkpoints_backup/cf-409/ctrl_s20/arm6_v2_combab_alignS/leg_40k/cf393_arm6_v2_combab_alignS_cf373k3_cf409_ctrl_s20_best_gap.pth
[   1800] loss=17.0458  ema_loss=17.0382  gap=0.1412  ema_gap=0.0741  mixup=64/200  3.6 sps  ETA 2.9h
              R²_rand=0.4814  R²_naive=0.3761  U_t=0.0761  U_b=0.0973  AUC=0.8330  Top1=0.0421
  timing: data=5.3ms  fwd=140.6ms  bwd=88.9ms  total=235.6ms
  -> Saved /home/jupyter/checkpoints_backup/cf-409/ctrl_s20/arm6_v2_combab_alignS/leg_40k/cf393_arm6_v2_combab_alignS_cf373k3_cf409_ctrl_s20_best_gap.pth
[   2000] loss=17.3752  ema_loss=16.8047  gap=0.1009  ema_gap=0.1170  mixup=66/200  3.6 sps  ETA 2.9h
              R²_rand=0.4682  R²_naive=0.2787  U_t=0.0789  U_b=0.0823  AUC=0.8093  Top1=0.0307
  timing: data=27.8ms  fwd=143.2ms  bwd=89.6ms  total=261.4ms
  -> Saved /home/jupyter/checkpoints_backup/cf-409/ctrl_s20/arm6_v2_combab_alignS/leg_40k/cf393_arm6_v2_combab_alignS_cf373k3_cf409_ctrl_s20_best_gap.pth
