21 real windows of 4096 steps from 8 datasets

backbone                  pair_cos   dim_std  eff_rank  cos_err_d0
393 parent  k=0  bb40k     0.06531   0.16951     7.221     0.32743
379 B5pub   k=0  bb40k     0.07939   0.16506    10.757     0.19284
401 arm     k=8  bb40k     1.00000   0.38199     1.000     0.00016
401 arm     k=8  bb100k    1.00000   3.69477     1.000     0.00037
401 arm     k=16 bb40k     1.00000   0.11780     1.015     0.00003
401 mean    k=8  bb40k     0.08699   0.22806     4.196     0.01718
401 mean    k=32 bb200k    0.10895   0.16102     7.404     0.42746
k=0  step  20k             0.05966   0.16642     6.464     0.32582
k=0  step  60k             0.09308   0.17828     7.038     0.33132
k=0  step  80k             0.09333   0.18989     6.615     0.32206
k=0  step 100k             0.10570   0.19417     6.609     0.31014
k=8  step  20k             1.00000   0.01668     1.271     0.00075
k=8  step  60k             1.00000   0.09834     1.009     0.00060
k=8  step  80k             1.00000   0.29103     1.000     0.00012
k=8  step 120k             1.00000   7.10798     1.000     0.00038
k=8  step 140k             1.00000   2.96423     1.000     0.00027
k=8  step 160k             1.00000   2.02311     1.000     0.00033
k=8  step 180k             1.00000   0.12019     1.000     0.00027
k=8  step 200k             1.00000   0.72672     1.000     0.00035
k=16 step  20k             1.00000   0.13366     1.254     0.00154
k=16 step  60k             1.00000   0.12947     1.001     0.00080
k=16 step  80k             1.00000   0.02607     1.144     0.00023
k=16 step 100k             1.00000   0.05272     1.905     0.00029
k=16 step 120k             1.00000   0.11416     1.038     0.00010
k=16 step 140k             0.99996   0.84588     1.005     0.00757
k=16 step 160k             1.00000   0.08290     1.021     0.00002
k=16 step 180k             1.00000   0.94162     1.002     0.00008
k=16 step 200k             1.00000   1.43020     1.000     0.00005
k=32 step  20k             1.00000   0.03640     1.363     0.00198
k=32 step  40k             1.00000   0.03007     1.194     0.00016
k=32 step  60k             1.00000   0.03129     1.140     0.00001
k=32 step  80k             1.00000   0.31264     1.027     0.00009
k=32 step 100k             1.00000   0.19707     1.570     0.00005
k=32 step 120k             1.00000   0.21984     1.001     0.00000
k=32 step 140k             1.00000   0.07858     1.081     0.00206
k=8  mean  20k             0.06499   0.24625     6.216     0.18064
k=8  mean  60k             0.08651   0.26397     4.131     0.02388
k=8  mean  80k             0.05271   0.25588     4.435     0.02600
k=8  mean 100k             0.12860   0.24086     5.652     0.02263
k=8  mean 120k             0.09882   0.25361     6.280     0.02283
k=8  mean 140k             0.10503   0.23233     6.639     0.02595
k=8  mean 160k             0.09186   0.24125     5.949     0.02541
k=8  mean 180k             0.08972   0.24888     5.864     0.02420
k=8  mean 200k             0.11964   0.25739     5.841     0.02295
k=32 mean  20k             0.07056   0.22806     5.897     0.35157
k=32 mean  40k             0.08120   0.21608     7.782     0.36528
k=32 mean  60k             0.09792   0.20073     8.011     0.43556
k=32 mean  80k             0.09954   0.19392     7.666     0.41107
k=32 mean 100k             0.10554   0.18269     7.364     0.42236
k=32 mean 120k             0.10889   0.17483     7.406     0.44181
k=32 mean 140k             0.10295   0.17062     7.292     0.45360
k=32 mean 160k             0.13054   0.16522     7.171     0.44654
k=32 mean 180k             0.09740   0.16258     7.616     0.43131

-> /tmp/contrastive-forecasting-401/reports/2026-08-15_rollout_depth_k16_8_32/results/diag/collapse_all.csv
