[08-09 00:46:33] [sync-373] start REMOTE=root@ssh3.vast.ai:/root/cf/reports/2026-08-08_rollout_depth RUNS=/root/cf373_runs
[08-09 00:46:33] [sync-373]       LOCAL=/home/jupyter/cf373_sync/d interval=900s
[08-09 00:46:33] [sync-373] tick
✓ /root/cf373_runs/bb_small_arm4_combab_xshh_allt_moco_enc3l3_b64_200k_sigreg_ema_qk_aon_cpc_tau090_cf373k0/bb_small_arm4_combab_xshh_allt_moco_enc3l3_b64_200k_sigreg_ema_qk_aon_cpc_tau090_cf373k0_losses.csv → /home/jupyter/cf373_sync/d/sync/bb_small_arm4_combab_xshh_allt_moco_enc3l3_b64_200k_sigreg_ema_qk_aon_cpc_tau090_cf373k0/bb_small_arm4_combab_xshh_allt_moco_enc3l3_b64_200k_sigreg_ema_qk_aon_cpc_tau090_cf373k0_losses.csv (245 bytes)
✓ /root/cf373_runs/bb_small_arm4_combab_xshh_allt_moco_enc3l3_b64_200k_sigreg_ema_qk_aon_cpc_tau090_cf373k0/bb_small_arm4_combab_xshh_allt_moco_enc3l3_b64_200k_sigreg_ema_qk_aon_cpc_tau090_cf373k0_latent_drift.csv → /home/jupyter/cf373_sync/d/sync/bb_small_arm4_combab_xshh_allt_moco_enc3l3_b64_200k_sigreg_ema_qk_aon_cpc_tau090_cf373k0/bb_small_arm4_combab_xshh_allt_moco_enc3l3_b64_200k_sigreg_ema_qk_aon_cpc_tau090_cf373k0_latent_drift.csv (78 bytes)
✓ /root/cf373_runs/bb_small_arm4_combab_xshh_allt_moco_enc3l3_b64_200k_sigreg_ema_qk_aon_cpc_tau090_cf373k0/bb_small_arm4_combab_xshh_allt_moco_enc3l3_b64_200k_sigreg_ema_qk_aon_cpc_tau090_cf373k0_attn_amplitude.csv → /home/jupyter/cf373_sync/d/sync/bb_small_arm4_combab_xshh_allt_moco_enc3l3_b64_200k_sigreg_ema_qk_aon_cpc_tau090_cf373k0/bb_small_arm4_combab_xshh_allt_moco_enc3l3_b64_200k_sigreg_ema_qk_aon_cpc_tau090_cf373k0_attn_amplitude.csv (108 bytes)
✓ /root/cf/reports/2026-08-08_rollout_depth/results/queue.log → /home/jupyter/cf373_sync/d/results/queue.log (155 bytes)
✓ /root/cf/reports/2026-08-08_rollout_depth/results/dl_arm4_combab.log → /home/jupyter/cf373_sync/d/results/dl_arm4_combab.log (158 bytes)
✓ /root/cf/reports/2026-08-08_rollout_depth/results/run_bb_small_arm4_combab_xshh_allt_moco_enc3l3_b64_200k_sigreg_ema_qk_aon_cpc_tau090_cf373k0.log → /home/jupyter/cf373_sync/d/results/run_bb_small_arm4_combab_xshh_allt_moco_enc3l3_b64_200k_sigreg_ema_qk_aon_cpc_tau090_cf373k0.log (1317 bytes)
[08-09 00:47:11] [sync-373] --- sleeping 900s ---
[08-09 01:02:11] [sync-373] tick
✓ /root/cf373_runs/bb_small_arm4_combab_xshh_allt_moco_enc3l3_b64_200k_sigreg_ema_qk_aon_cpc_tau090_cf373k0/bb_small_arm4_combab_xshh_allt_moco_enc3l3_b64_200k_sigreg_ema_qk_aon_cpc_tau090_cf373k0_losses.csv → /home/jupyter/cf373_sync/d/sync/bb_small_arm4_combab_xshh_allt_moco_enc3l3_b64_200k_sigreg_ema_qk_aon_cpc_tau090_cf373k0/bb_small_arm4_combab_xshh_allt_moco_enc3l3_b64_200k_sigreg_ema_qk_aon_cpc_tau090_cf373k0_losses.csv (2891111 bytes)
✓ /root/cf373_runs/bb_small_arm4_combab_xshh_allt_moco_enc3l3_b64_200k_sigreg_ema_qk_aon_cpc_tau090_cf373k0/bb_small_arm4_combab_xshh_allt_moco_enc3l3_b64_200k_sigreg_ema_qk_aon_cpc_tau090_cf373k0_attn_amplitude.csv → /home/jupyter/cf373_sync/d/sync/bb_small_arm4_combab_xshh_allt_moco_enc3l3_b64_200k_sigreg_ema_qk_aon_cpc_tau090_cf373k0/bb_small_arm4_combab_xshh_allt_moco_enc3l3_b64_200k_sigreg_ema_qk_aon_cpc_tau090_cf373k0_attn_amplitude.csv (29586 bytes)
✓ /root/cf373_runs/bb_small_arm4_combab_xshh_allt_moco_enc3l3_b64_200k_sigreg_ema_qk_aon_cpc_tau090_cf373k0/bb_small_arm4_combab_xshh_allt_moco_enc3l3_b64_200k_sigreg_ema_qk_aon_cpc_tau090_cf373k0_best_gap.pth → /home/jupyter/cf373_sync/d/sync/bb_small_arm4_combab_xshh_allt_moco_enc3l3_b64_200k_sigreg_ema_qk_aon_cpc_tau090_cf373k0/bb_small_arm4_combab_xshh_allt_moco_enc3l3_b64_200k_sigreg_ema_qk_aon_cpc_tau090_cf373k0_best_gap.pth (5207659 bytes)
✓ /root/cf373_runs/bb_small_arm4_combab_xshh_allt_moco_enc3l3_b64_200k_sigreg_ema_qk_aon_cpc_tau090_cf373k0/bb_small_arm4_combab_xshh_allt_moco_enc3l3_b64_200k_sigreg_ema_qk_aon_cpc_tau090_cf373k0_best_gap_optimizer.pth → /home/jupyter/cf373_sync/d/sync/bb_small_arm4_combab_xshh_allt_moco_enc3l3_b64_200k_sigreg_ema_qk_aon_cpc_tau090_cf373k0/bb_small_arm4_combab_xshh_allt_moco_enc3l3_b64_200k_sigreg_ema_qk_aon_cpc_tau090_cf373k0_best_gap_optimizer.pth (5823025 bytes)
✓ /root/cf373_runs/bb_small_arm4_combab_xshh_allt_moco_enc3l3_b64_200k_sigreg_ema_qk_aon_cpc_tau090_cf373k0/bb_small_arm4_combab_xshh_allt_moco_enc3l3_b64_200k_sigreg_ema_qk_aon_cpc_tau090_cf373k0_best_loss.pth → /home/jupyter/cf373_sync/d/sync/bb_small_arm4_combab_xshh_allt_moco_enc3l3_b64_200k_sigreg_ema_qk_aon_cpc_tau090_cf373k0/bb_small_arm4_combab_xshh_allt_moco_enc3l3_b64_200k_sigreg_ema_qk_aon_cpc_tau090_cf373k0_best_loss.pth (5207775 bytes)
✓ /root/cf373_runs/bb_small_arm4_combab_xshh_allt_moco_enc3l3_b64_200k_sigreg_ema_qk_aon_cpc_tau090_cf373k0/bb_small_arm4_combab_xshh_allt_moco_enc3l3_b64_200k_sigreg_ema_qk_aon_cpc_tau090_cf373k0_best_loss_optimizer.pth → /home/jupyter/cf373_sync/d/sync/bb_small_arm4_combab_xshh_allt_moco_enc3l3_b64_200k_sigreg_ema_qk_aon_cpc_tau090_cf373k0/bb_small_arm4_combab_xshh_allt_moco_enc3l3_b64_200k_sigreg_ema_qk_aon_cpc_tau090_cf373k0_best_loss_optimizer.pth (5823284 bytes)
✓ /root/cf/reports/2026-08-08_rollout_depth/results/run_bb_small_arm4_combab_xshh_allt_moco_enc3l3_b64_200k_sigreg_ema_qk_aon_cpc_tau090_cf373k0.log → /home/jupyter/cf373_sync/d/results/run_bb_small_arm4_combab_xshh_allt_moco_enc3l3_b64_200k_sigreg_ema_qk_aon_cpc_tau090_cf373k0.log (16179 bytes)
[08-09 01:03:48] [sync-373] --- sleeping 900s ---
[08-09 01:18:48] [sync-373] tick
✓ /root/cf373_runs/bb_small_arm4_combab_xshh_allt_moco_enc3l3_b64_200k_sigreg_ema_qk_aon_cpc_tau090_cf373k0/bb_small_arm4_combab_xshh_allt_moco_enc3l3_b64_200k_sigreg_ema_qk_aon_cpc_tau090_cf373k0_losses.csv → /home/jupyter/cf373_sync/d/sync/bb_small_arm4_combab_xshh_allt_moco_enc3l3_b64_200k_sigreg_ema_qk_aon_cpc_tau090_cf373k0/bb_small_arm4_combab_xshh_allt_moco_enc3l3_b64_200k_sigreg_ema_qk_aon_cpc_tau090_cf373k0_losses.csv (5924398 bytes)
✓ /root/cf373_runs/bb_small_arm4_combab_xshh_allt_moco_enc3l3_b64_200k_sigreg_ema_qk_aon_cpc_tau090_cf373k0/bb_small_arm4_combab_xshh_allt_moco_enc3l3_b64_200k_sigreg_ema_qk_aon_cpc_tau090_cf373k0_attn_amplitude.csv → /home/jupyter/cf373_sync/d/sync/bb_small_arm4_combab_xshh_allt_moco_enc3l3_b64_200k_sigreg_ema_qk_aon_cpc_tau090_cf373k0/bb_small_arm4_combab_xshh_allt_moco_enc3l3_b64_200k_sigreg_ema_qk_aon_cpc_tau090_cf373k0_attn_amplitude.csv (59720 bytes)
✓ /root/cf/reports/2026-08-08_rollout_depth/results/run_bb_small_arm4_combab_xshh_allt_moco_enc3l3_b64_200k_sigreg_ema_qk_aon_cpc_tau090_cf373k0.log → /home/jupyter/cf373_sync/d/results/run_bb_small_arm4_combab_xshh_allt_moco_enc3l3_b64_200k_sigreg_ema_qk_aon_cpc_tau090_cf373k0.log (24219 bytes)
[08-09 01:19:10] [sync-373] --- sleeping 900s ---
