  [checkpoint] Restored optimizer from /home/jupyter/contrastive-forecasting/checkpoints/enc_fcst_v11c_jepa_newconv_fp32_50k_5k_optimizer.pth (step=5000, best_ff=0.9629)
Resumed from /home/jupyter/contrastive-forecasting/checkpoints/enc_fcst_v11c_jepa_newconv_fp32_50k_5k.pth at step 5000
Device: cuda | Params: 13,200,060
Training for 15000 steps, bs=256, lr=0.001, T=4096, C=1, mix_ratio=0.0, freq_emb_dim=3, seasonality_emb_dim=3, mixup_p=0.3, rev_norm_kind=ewma(span=128), patch_stats=none, encoder_type=gru
Checkpoints: /home/jupyter/contrastive-forecasting/checkpoints/enc_fcst_precenv_ffn_bf16_v11c_5k_15k_*.pth
Loss CSV: /home/jupyter/contrastive-forecasting/checkpoints/enc_fcst_precenv_ffn_bf16_v11c_5k_15k_losses.csv
Data: MIX 100% HF + 0% synth (periodic), hf_bs=256, synth_bs=0
  [dataloader] 4274 shards, 42740000 total rows, target skip 1280000
  [dataloader] Fast-skip: starting at shard 128/4274, then skipping 0 rows within it
[   5100] loss=2.2986  ema_loss=2.3050  gap=0.9670  ema_gap=0.9639  mixup=31/100  2.3 sps  ETA 1.2h
              R²_rand=0.9880  R²_naive=0.9877  U_t=0.1192  U_b=0.1147  AUC=1.0000  Top1=1.0000
  timing: data=75.4ms  fwd=106.8ms  bwd=84.1ms  total=266.9ms
  -> Saved /home/jupyter/contrastive-forecasting/checkpoints/enc_fcst_precenv_ffn_bf16_v11c_5k_15k_best_gap.pth
  -> Saved /home/jupyter/contrastive-forecasting/checkpoints/enc_fcst_precenv_ffn_bf16_v11c_5k_15k_best_loss.pth
[   5200] loss=2.3058  ema_loss=2.3038  gap=0.9608  ema_gap=0.9652  mixup=29/100  2.4 sps  ETA 1.1h
              R²_rand=0.9880  R²_naive=0.9878  U_t=0.1197  U_b=0.1143  AUC=1.0000  Top1=1.0000
  timing: data=29.1ms  fwd=95.4ms  bwd=83.4ms  total=208.4ms
  -> Saved /home/jupyter/contrastive-forecasting/checkpoints/enc_fcst_precenv_ffn_bf16_v11c_5k_15k_best_gap.pth
  -> Saved /home/jupyter/contrastive-forecasting/checkpoints/enc_fcst_precenv_ffn_bf16_v11c_5k_15k_best_loss.pth
[   5300] loss=2.3027  ema_loss=2.3027  gap=0.9667  ema_gap=0.9671  mixup=29/100  2.5 sps  ETA 1.1h
              R²_rand=0.9879  R²_naive=0.9878  U_t=0.1197  U_b=0.1146  AUC=1.0000  Top1=1.0000
  timing: data=4.0ms  fwd=97.3ms  bwd=84.1ms  total=185.9ms
  -> Saved /home/jupyter/contrastive-forecasting/checkpoints/enc_fcst_precenv_ffn_bf16_v11c_5k_15k_best_gap.pth
  -> Saved /home/jupyter/contrastive-forecasting/checkpoints/enc_fcst_precenv_ffn_bf16_v11c_5k_15k_best_loss.pth
[   5400] loss=2.2955  ema_loss=2.3019  gap=0.9780  ema_gap=0.9688  mixup=29/100  2.6 sps  ETA 1.0h
              R²_rand=0.9880  R²_naive=0.9879  U_t=0.1198  U_b=0.1146  AUC=1.0000  Top1=1.0000
  timing: data=18.0ms  fwd=99.4ms  bwd=83.5ms  total=201.5ms
  -> Saved /home/jupyter/contrastive-forecasting/checkpoints/enc_fcst_precenv_ffn_bf16_v11c_5k_15k_best_gap.pth
  -> Saved /home/jupyter/contrastive-forecasting/checkpoints/enc_fcst_precenv_ffn_bf16_v11c_5k_15k_best_loss.pth
[   5500] loss=2.3024  ema_loss=2.3018  gap=0.9797  ema_gap=0.9698  mixup=31/100  2.6 sps  ETA 1.0h
              R²_rand=0.9881  R²_naive=0.9880  U_t=0.1199  U_b=0.1146  AUC=1.0000  Top1=1.0000
  timing: data=15.4ms  fwd=99.1ms  bwd=84.0ms  total=199.0ms
  -> Saved /home/jupyter/contrastive-forecasting/checkpoints/enc_fcst_precenv_ffn_bf16_v11c_5k_15k_best_gap.pth
  -> Saved /home/jupyter/contrastive-forecasting/checkpoints/enc_fcst_precenv_ffn_bf16_v11c_5k_15k_best_loss.pth
[   5600] loss=2.2838  ema_loss=2.2934  gap=0.9691  ema_gap=0.9712  mixup=29/100  2.6 sps  ETA 1.0h
              R²_rand=0.9880  R²_naive=0.9878  U_t=0.1205  U_b=0.1170  AUC=1.0000  Top1=1.0000
  timing: data=4.2ms  fwd=100.4ms  bwd=82.8ms  total=188.1ms
  -> Saved /home/jupyter/contrastive-forecasting/checkpoints/enc_fcst_precenv_ffn_bf16_v11c_5k_15k_best_gap.pth
  -> Saved /home/jupyter/contrastive-forecasting/checkpoints/enc_fcst_precenv_ffn_bf16_v11c_5k_15k_best_loss.pth
[   5700] loss=2.2780  ema_loss=2.2847  gap=0.9657  ema_gap=0.9718  mixup=25/100  2.6 sps  ETA 1.0h
              R²_rand=0.9881  R²_naive=0.9879  U_t=0.1228  U_b=0.1168  AUC=1.0000  Top1=1.0000
  timing: data=14.3ms  fwd=102.0ms  bwd=84.2ms  total=201.0ms
  -> Saved /home/jupyter/contrastive-forecasting/checkpoints/enc_fcst_precenv_ffn_bf16_v11c_5k_15k_best_gap.pth
  -> Saved /home/jupyter/contrastive-forecasting/checkpoints/enc_fcst_precenv_ffn_bf16_v11c_5k_15k_best_loss.pth
[   5800] loss=2.2814  ema_loss=2.2806  gap=0.9770  ema_gap=0.9725  mixup=36/100  2.6 sps  ETA 1.0h
              R²_rand=0.9880  R²_naive=0.9880  U_t=0.1226  U_b=0.1170  AUC=1.0000  Top1=1.0000
  timing: data=15.8ms  fwd=97.8ms  bwd=83.7ms  total=197.9ms
  -> Saved /home/jupyter/contrastive-forecasting/checkpoints/enc_fcst_precenv_ffn_bf16_v11c_5k_15k_best_gap.pth
  -> Saved /home/jupyter/contrastive-forecasting/checkpoints/enc_fcst_precenv_ffn_bf16_v11c_5k_15k_best_loss.pth
[   5900] loss=2.2758  ema_loss=2.2786  gap=0.9706  ema_gap=0.9732  mixup=27/100  2.6 sps  ETA 1.0h
              R²_rand=0.9884  R²_naive=0.9882  U_t=0.1227  U_b=0.1170  AUC=1.0000  Top1=1.0000
  timing: data=4.2ms  fwd=99.9ms  bwd=84.6ms  total=189.2ms
  -> Saved /home/jupyter/contrastive-forecasting/checkpoints/enc_fcst_precenv_ffn_bf16_v11c_5k_15k_best_gap.pth
  -> Saved /home/jupyter/contrastive-forecasting/checkpoints/enc_fcst_precenv_ffn_bf16_v11c_5k_15k_best_loss.pth
[   6000] loss=2.2764  ema_loss=2.2770  gap=0.9764  ema_gap=0.9748  mixup=30/100  2.6 sps  ETA 1.0h
              R²_rand=0.9884  R²_naive=0.9883  U_t=0.1220  U_b=0.1170  AUC=1.0000  Top1=1.0000
  timing: data=15.7ms  fwd=97.9ms  bwd=84.2ms  total=198.4ms
  -> Saved /home/jupyter/contrastive-forecasting/checkpoints/enc_fcst_precenv_ffn_bf16_v11c_5k_15k_best_gap.pth
  -> Saved /home/jupyter/contrastive-forecasting/checkpoints/enc_fcst_precenv_ffn_bf16_v11c_5k_15k_best_loss.pth
[   6100] loss=2.2690  ema_loss=2.2764  gap=0.9881  ema_gap=0.9757  mixup=29/100  2.6 sps  ETA 0.9h
              R²_rand=0.9882  R²_naive=0.9883  U_t=0.1231  U_b=0.1170  AUC=1.0000  Top1=1.0000
  timing: data=16.2ms  fwd=98.8ms  bwd=83.7ms  total=199.2ms
  -> Saved /home/jupyter/contrastive-forecasting/checkpoints/enc_fcst_precenv_ffn_bf16_v11c_5k_15k_best_gap.pth
  -> Saved /home/jupyter/contrastive-forecasting/checkpoints/enc_fcst_precenv_ffn_bf16_v11c_5k_15k_best_loss.pth
[   6200] loss=2.2760  ema_loss=2.2756  gap=0.9785  ema_gap=0.9770  mixup=26/100  2.6 sps  ETA 0.9h
              R²_rand=0.9884  R²_naive=0.9882  U_t=0.1228  U_b=0.1169  AUC=1.0000  Top1=1.0000
  timing: data=4.0ms  fwd=100.4ms  bwd=83.2ms  total=188.1ms
  -> Saved /home/jupyter/contrastive-forecasting/checkpoints/enc_fcst_precenv_ffn_bf16_v11c_5k_15k_best_gap.pth
  -> Saved /home/jupyter/contrastive-forecasting/checkpoints/enc_fcst_precenv_ffn_bf16_v11c_5k_15k_best_loss.pth
[   6300] loss=2.2748  ema_loss=2.2749  gap=0.9791  ema_gap=0.9784  mixup=26/100  2.6 sps  ETA 0.9h
              R²_rand=0.9884  R²_naive=0.9884  U_t=0.1228  U_b=0.1170  AUC=1.0000  Top1=1.0000
  timing: data=14.9ms  fwd=97.5ms  bwd=84.3ms  total=197.2ms
  -> Saved /home/jupyter/contrastive-forecasting/checkpoints/enc_fcst_precenv_ffn_bf16_v11c_5k_15k_best_gap.pth
  -> Saved /home/jupyter/contrastive-forecasting/checkpoints/enc_fcst_precenv_ffn_bf16_v11c_5k_15k_best_loss.pth
[   6400] loss=2.2787  ema_loss=2.2742  gap=0.9826  ema_gap=0.9798  mixup=29/100  2.6 sps  ETA 0.9h
              R²_rand=0.9884  R²_naive=0.9884  U_t=0.1223  U_b=0.1168  AUC=1.0000  Top1=1.0000
  timing: data=30.3ms  fwd=97.2ms  bwd=83.0ms  total=211.1ms
  -> Saved /home/jupyter/contrastive-forecasting/checkpoints/enc_fcst_precenv_ffn_bf16_v11c_5k_15k_best_gap.pth
  -> Saved /home/jupyter/contrastive-forecasting/checkpoints/enc_fcst_precenv_ffn_bf16_v11c_5k_15k_best_loss.pth
[   6500] loss=2.2752  ema_loss=2.2732  gap=0.9824  ema_gap=0.9802  mixup=31/100  2.6 sps  ETA 0.9h
              R²_rand=0.9887  R²_naive=0.9887  U_t=0.1230  U_b=0.1168  AUC=1.0000  Top1=1.0000
  timing: data=3.7ms  fwd=101.7ms  bwd=84.3ms  total=190.3ms
  -> Saved /home/jupyter/contrastive-forecasting/checkpoints/enc_fcst_precenv_ffn_bf16_v11c_5k_15k_best_gap.pth
  -> Saved /home/jupyter/contrastive-forecasting/checkpoints/enc_fcst_precenv_ffn_bf16_v11c_5k_15k_best_loss.pth
[   6600] loss=2.2764  ema_loss=2.2731  gap=0.9783  ema_gap=0.9806  mixup=26/100  2.6 sps  ETA 0.9h
              R²_rand=0.9885  R²_naive=0.9885  U_t=0.1225  U_b=0.1168  AUC=1.0000  Top1=1.0000
  timing: data=16.3ms  fwd=98.8ms  bwd=84.0ms  total=199.7ms
  -> Saved /home/jupyter/contrastive-forecasting/checkpoints/enc_fcst_precenv_ffn_bf16_v11c_5k_15k_best_gap.pth
  -> Saved /home/jupyter/contrastive-forecasting/checkpoints/enc_fcst_precenv_ffn_bf16_v11c_5k_15k_best_loss.pth
[   6700] loss=2.2772  ema_loss=2.2724  gap=0.9797  ema_gap=0.9806  mixup=33/100  2.6 sps  ETA 0.9h
              R²_rand=0.9888  R²_naive=0.9886  U_t=0.1227  U_b=0.1171  AUC=1.0000  Top1=1.0000
  timing: data=4.9ms  fwd=99.5ms  bwd=82.8ms  total=187.7ms
  -> Saved /home/jupyter/contrastive-forecasting/checkpoints/enc_fcst_precenv_ffn_bf16_v11c_5k_15k_best_gap.pth
  -> Saved /home/jupyter/contrastive-forecasting/checkpoints/enc_fcst_precenv_ffn_bf16_v11c_5k_15k_best_loss.pth
[   6800] loss=2.2712  ema_loss=2.2719  gap=0.9869  ema_gap=0.9816  mixup=34/100  2.6 sps  ETA 0.9h
              R²_rand=0.9885  R²_naive=0.9885  U_t=0.1230  U_b=0.1169  AUC=1.0000  Top1=1.0000
  timing: data=16.1ms  fwd=97.6ms  bwd=84.1ms  total=198.4ms
  -> Saved /home/jupyter/contrastive-forecasting/checkpoints/enc_fcst_precenv_ffn_bf16_v11c_5k_15k_best_gap.pth
  -> Saved /home/jupyter/contrastive-forecasting/checkpoints/enc_fcst_precenv_ffn_bf16_v11c_5k_15k_best_loss.pth
[   6900] loss=2.2720  ema_loss=2.2712  gap=0.9797  ema_gap=0.9814  mixup=23/100  2.6 sps  ETA 0.9h
              R²_rand=0.9886  R²_naive=0.9887  U_t=0.1221  U_b=0.1169  AUC=1.0000  Top1=1.0000
  timing: data=22.0ms  fwd=97.4ms  bwd=84.0ms  total=204.0ms
  -> Saved /home/jupyter/contrastive-forecasting/checkpoints/enc_fcst_precenv_ffn_bf16_v11c_5k_15k_best_loss.pth
[   7000] loss=2.2717  ema_loss=2.2713  gap=0.9851  ema_gap=0.9827  mixup=34/100  2.6 sps  ETA 0.8h
              R²_rand=0.9888  R²_naive=0.9887  U_t=0.1228  U_b=0.1169  AUC=1.0000  Top1=1.0000
  timing: data=4.7ms  fwd=98.8ms  bwd=83.8ms  total=187.7ms
  -> Saved /home/jupyter/contrastive-forecasting/checkpoints/enc_fcst_precenv_ffn_bf16_v11c_5k_15k_best_gap.pth
[   7100] loss=2.2731  ema_loss=2.2703  gap=0.9862  ema_gap=0.9836  mixup=31/100  2.6 sps  ETA 0.8h
              R²_rand=0.9887  R²_naive=0.9888  U_t=0.1222  U_b=0.1171  AUC=1.0000  Top1=1.0000
  timing: data=54.8ms  fwd=98.5ms  bwd=82.8ms  total=236.7ms
  -> Saved /home/jupyter/contrastive-forecasting/checkpoints/enc_fcst_precenv_ffn_bf16_v11c_5k_15k_best_gap.pth
  -> Saved /home/jupyter/contrastive-forecasting/checkpoints/enc_fcst_precenv_ffn_bf16_v11c_5k_15k_best_loss.pth
[   7200] loss=2.2741  ema_loss=2.2700  gap=0.9868  ema_gap=0.9849  mixup=31/100  2.6 sps  ETA 0.8h
              R²_rand=0.9886  R²_naive=0.9887  U_t=0.1232  U_b=0.1169  AUC=1.0000  Top1=1.0000
  timing: data=15.2ms  fwd=98.8ms  bwd=84.3ms  total=198.9ms
  -> Saved /home/jupyter/contrastive-forecasting/checkpoints/enc_fcst_precenv_ffn_bf16_v11c_5k_15k_best_gap.pth
  -> Saved /home/jupyter/contrastive-forecasting/checkpoints/enc_fcst_precenv_ffn_bf16_v11c_5k_15k_best_loss.pth
[   7300] loss=2.2749  ema_loss=2.2697  gap=0.9832  ema_gap=0.9856  mixup=25/100  2.6 sps  ETA 0.8h
              R²_rand=0.9886  R²_naive=0.9887  U_t=0.1235  U_b=0.1167  AUC=1.0000  Top1=1.0000
  timing: data=3.5ms  fwd=100.6ms  bwd=84.3ms  total=189.1ms
  -> Saved /home/jupyter/contrastive-forecasting/checkpoints/enc_fcst_precenv_ffn_bf16_v11c_5k_15k_best_gap.pth
  -> Saved /home/jupyter/contrastive-forecasting/checkpoints/enc_fcst_precenv_ffn_bf16_v11c_5k_15k_best_loss.pth
[   7400] loss=2.2638  ema_loss=2.2692  gap=0.9887  ema_gap=0.9857  mixup=21/100  2.6 sps  ETA 0.8h
              R²_rand=0.9888  R²_naive=0.9889  U_t=0.1231  U_b=0.1169  AUC=1.0000  Top1=1.0000
  timing: data=23.0ms  fwd=98.2ms  bwd=83.9ms  total=205.7ms
  -> Saved /home/jupyter/contrastive-forecasting/checkpoints/enc_fcst_precenv_ffn_bf16_v11c_5k_15k_best_gap.pth
  -> Saved /home/jupyter/contrastive-forecasting/checkpoints/enc_fcst_precenv_ffn_bf16_v11c_5k_15k_best_loss.pth
[   7500] loss=2.2664  ema_loss=2.2775  gap=1.0025  ema_gap=0.9994  mixup=27/100  2.6 sps  ETA 0.8h
              R²_rand=0.9886  R²_naive=0.9889  U_t=0.1241  U_b=0.1174  AUC=1.0000  Top1=1.0000
  timing: data=15.1ms  fwd=96.7ms  bwd=82.8ms  total=195.1ms
  -> Saved /home/jupyter/contrastive-forecasting/checkpoints/enc_fcst_precenv_ffn_bf16_v11c_5k_15k_best_gap.pth
  -> Saved /home/jupyter/contrastive-forecasting/checkpoints/enc_fcst_precenv_ffn_bf16_v11c_5k_15k_7k.pth
[   7600] loss=2.2733  ema_loss=2.2711  gap=1.0018  ema_gap=0.9964  mixup=29/100  2.6 sps  ETA 0.8h
              R²_rand=0.9888  R²_naive=0.9891  U_t=0.1222  U_b=0.1169  AUC=1.0000  Top1=1.0000
  timing: data=4.7ms  fwd=98.7ms  bwd=83.3ms  total=187.3ms
[   7700] loss=2.2635  ema_loss=2.2695  gap=0.9919  ema_gap=0.9940  mixup=23/100  2.6 sps  ETA 0.8h
              R²_rand=0.9889  R²_naive=0.9889  U_t=0.1233  U_b=0.1175  AUC=1.0000  Top1=1.0000
  timing: data=15.2ms  fwd=96.0ms  bwd=84.0ms  total=195.8ms
[   7800] loss=2.2696  ema_loss=2.2690  gap=0.9952  ema_gap=0.9921  mixup=32/100  2.6 sps  ETA 0.8h
              R²_rand=0.9889  R²_naive=0.9890  U_t=0.1232  U_b=0.1169  AUC=1.0000  Top1=1.0000
  timing: data=5.1ms  fwd=98.6ms  bwd=84.7ms  total=188.8ms
  -> Saved /home/jupyter/contrastive-forecasting/checkpoints/enc_fcst_precenv_ffn_bf16_v11c_5k_15k_best_loss.pth
[   7900] loss=2.2666  ema_loss=2.2678  gap=0.9884  ema_gap=0.9918  mixup=29/100  2.6 sps  ETA 0.7h
              R²_rand=0.9888  R²_naive=0.9889  U_t=0.1233  U_b=0.1170  AUC=1.0000  Top1=1.0000
  timing: data=14.1ms  fwd=99.9ms  bwd=83.5ms  total=198.0ms
  -> Saved /home/jupyter/contrastive-forecasting/checkpoints/enc_fcst_precenv_ffn_bf16_v11c_5k_15k_best_loss.pth
[   8000] loss=2.2679  ema_loss=2.2675  gap=0.9941  ema_gap=0.9917  mixup=35/100  2.6 sps  ETA 0.7h
              R²_rand=0.9891  R²_naive=0.9892  U_t=0.1241  U_b=0.1170  AUC=1.0000  Top1=1.0000
  timing: data=16.3ms  fwd=99.2ms  bwd=83.4ms  total=199.5ms
  -> Saved /home/jupyter/contrastive-forecasting/checkpoints/enc_fcst_precenv_ffn_bf16_v11c_5k_15k_best_loss.pth
[   8100] loss=2.2612  ema_loss=2.2674  gap=0.9879  ema_gap=0.9928  mixup=29/100  2.7 sps  ETA 0.7h
              R²_rand=0.9890  R²_naive=0.9890  U_t=0.1241  U_b=0.1177  AUC=1.0000  Top1=1.0000
  timing: data=4.2ms  fwd=99.9ms  bwd=84.0ms  total=188.7ms
  -> Saved /home/jupyter/contrastive-forecasting/checkpoints/enc_fcst_precenv_ffn_bf16_v11c_5k_15k_best_loss.pth
[   8200] loss=2.2651  ema_loss=2.2661  gap=0.9920  ema_gap=0.9931  mixup=19/100  2.7 sps  ETA 0.7h
              R²_rand=0.9890  R²_naive=0.9891  U_t=0.1231  U_b=0.1171  AUC=1.0000  Top1=1.0000
  timing: data=14.4ms  fwd=100.8ms  bwd=83.7ms  total=199.5ms
  -> Saved /home/jupyter/contrastive-forecasting/checkpoints/enc_fcst_precenv_ffn_bf16_v11c_5k_15k_best_loss.pth
[   8300] loss=2.2670  ema_loss=2.2657  gap=0.9875  ema_gap=0.9935  mixup=33/100  2.7 sps  ETA 0.7h
              R²_rand=0.9891  R²_naive=0.9891  U_t=0.1234  U_b=0.1171  AUC=1.0000  Top1=1.0000
  timing: data=15.8ms  fwd=96.3ms  bwd=84.1ms  total=196.8ms
  -> Saved /home/jupyter/contrastive-forecasting/checkpoints/enc_fcst_precenv_ffn_bf16_v11c_5k_15k_best_loss.pth
[   8400] loss=2.2673  ema_loss=2.2663  gap=0.9893  ema_gap=0.9935  mixup=33/100  2.7 sps  ETA 0.7h
              R²_rand=0.9890  R²_naive=0.9891  U_t=0.1243  U_b=0.1169  AUC=1.0000  Top1=1.0000
  timing: data=4.3ms  fwd=99.4ms  bwd=83.9ms  total=188.2ms
[   8500] loss=2.2651  ema_loss=2.2652  gap=0.9986  ema_gap=0.9937  mixup=30/100  2.7 sps  ETA 0.7h
              R²_rand=0.9890  R²_naive=0.9892  U_t=0.1237  U_b=0.1170  AUC=1.0000  Top1=1.0000
  timing: data=14.9ms  fwd=95.1ms  bwd=83.4ms  total=194.0ms
  -> Saved /home/jupyter/contrastive-forecasting/checkpoints/enc_fcst_precenv_ffn_bf16_v11c_5k_15k_best_loss.pth
[   8600] loss=2.2614  ema_loss=2.2657  gap=0.9953  ema_gap=0.9951  mixup=43/100  2.7 sps  ETA 0.7h
              R²_rand=0.9890  R²_naive=0.9892  U_t=0.1244  U_b=0.1176  AUC=1.0000  Top1=1.0000
  timing: data=16.2ms  fwd=95.3ms  bwd=83.8ms  total=195.9ms
[   8700] loss=2.2576  ema_loss=2.2644  gap=0.9973  ema_gap=0.9961  mixup=25/100  2.7 sps  ETA 0.7h
              R²_rand=0.9892  R²_naive=0.9893  U_t=0.1237  U_b=0.1171  AUC=1.0000  Top1=1.0000
  timing: data=4.9ms  fwd=98.3ms  bwd=83.9ms  total=187.6ms
  -> Saved /home/jupyter/contrastive-forecasting/checkpoints/enc_fcst_precenv_ffn_bf16_v11c_5k_15k_best_loss.pth
[   8800] loss=2.2666  ema_loss=2.2646  gap=0.9972  ema_gap=0.9967  mixup=27/100  2.7 sps  ETA 0.6h
              R²_rand=0.9891  R²_naive=0.9893  U_t=0.1233  U_b=0.1174  AUC=1.0000  Top1=1.0000
  timing: data=15.4ms  fwd=97.6ms  bwd=83.8ms  total=197.4ms
[   8900] loss=2.2590  ema_loss=2.2640  gap=0.9945  ema_gap=0.9971  mixup=34/100  2.7 sps  ETA 0.6h
              R²_rand=0.9894  R²_naive=0.9895  U_t=0.1238  U_b=0.1171  AUC=1.0000  Top1=1.0000
  timing: data=16.0ms  fwd=95.4ms  bwd=82.8ms  total=194.8ms
  -> Saved /home/jupyter/contrastive-forecasting/checkpoints/enc_fcst_precenv_ffn_bf16_v11c_5k_15k_best_loss.pth
[   9000] loss=2.2556  ema_loss=2.2638  gap=0.9903  ema_gap=0.9982  mixup=34/100  2.7 sps  ETA 0.6h
              R²_rand=0.9893  R²_naive=0.9894  U_t=0.1245  U_b=0.1174  AUC=1.0000  Top1=1.0000
  timing: data=4.5ms  fwd=98.9ms  bwd=83.9ms  total=187.8ms
  -> Saved /home/jupyter/contrastive-forecasting/checkpoints/enc_fcst_precenv_ffn_bf16_v11c_5k_15k_best_loss.pth
[   9100] loss=2.2645  ema_loss=2.2635  gap=1.0019  ema_gap=0.9988  mixup=34/100  2.7 sps  ETA 0.6h
              R²_rand=0.9892  R²_naive=0.9894  U_t=0.1234  U_b=0.1169  AUC=1.0000  Top1=1.0000
  timing: data=16.4ms  fwd=95.8ms  bwd=83.6ms  total=196.3ms
  -> Saved /home/jupyter/contrastive-forecasting/checkpoints/enc_fcst_precenv_ffn_bf16_v11c_5k_15k_best_loss.pth
[   9200] loss=2.2644  ema_loss=2.2631  gap=0.9978  ema_gap=0.9977  mixup=28/100  2.7 sps  ETA 0.6h
              R²_rand=0.9892  R²_naive=0.9894  U_t=0.1248  U_b=0.1171  AUC=1.0000  Top1=1.0000
  timing: data=4.1ms  fwd=98.1ms  bwd=84.0ms  total=186.8ms
  -> Saved /home/jupyter/contrastive-forecasting/checkpoints/enc_fcst_precenv_ffn_bf16_v11c_5k_15k_best_loss.pth
[   9300] loss=2.2626  ema_loss=2.2626  gap=1.0013  ema_gap=0.9982  mixup=37/100  2.7 sps  ETA 0.6h
              R²_rand=0.9893  R²_naive=0.9895  U_t=0.1235  U_b=0.1170  AUC=1.0000  Top1=1.0000
  timing: data=15.5ms  fwd=95.4ms  bwd=83.4ms  total=194.9ms
  -> Saved /home/jupyter/contrastive-forecasting/checkpoints/enc_fcst_precenv_ffn_bf16_v11c_5k_15k_best_loss.pth
[   9400] loss=2.2627  ema_loss=2.2621  gap=0.9965  ema_gap=0.9992  mixup=39/100  2.7 sps  ETA 0.6h
              R²_rand=0.9892  R²_naive=0.9894  U_t=0.1235  U_b=0.1169  AUC=1.0000  Top1=1.0000
  timing: data=17.0ms  fwd=100.1ms  bwd=83.4ms  total=201.2ms
  -> Saved /home/jupyter/contrastive-forecasting/checkpoints/enc_fcst_precenv_ffn_bf16_v11c_5k_15k_best_loss.pth
[   9500] loss=2.2656  ema_loss=2.2623  gap=1.0050  ema_gap=1.0004  mixup=30/100  2.7 sps  ETA 0.6h
              R²_rand=0.9893  R²_naive=0.9895  U_t=0.1239  U_b=0.1169  AUC=1.0000  Top1=1.0000
  timing: data=4.1ms  fwd=100.2ms  bwd=83.6ms  total=188.4ms
  -> Saved /home/jupyter/contrastive-forecasting/checkpoints/enc_fcst_precenv_ffn_bf16_v11c_5k_15k_best_gap.pth
[   9600] loss=2.2606  ema_loss=2.2624  gap=1.0009  ema_gap=1.0007  mixup=29/100  2.7 sps  ETA 0.6h
              R²_rand=0.9894  R²_naive=0.9896  U_t=0.1231  U_b=0.1168  AUC=1.0000  Top1=1.0000
  timing: data=17.3ms  fwd=95.5ms  bwd=84.4ms  total=197.7ms
  -> Saved /home/jupyter/contrastive-forecasting/checkpoints/enc_fcst_precenv_ffn_bf16_v11c_5k_15k_best_gap.pth
[   9700] loss=2.2630  ema_loss=2.2621  gap=1.0075  ema_gap=1.0011  mixup=31/100  2.7 sps  ETA 0.6h
              R²_rand=0.9893  R²_naive=0.9896  U_t=0.1239  U_b=0.1174  AUC=1.0000  Top1=1.0000
  timing: data=15.8ms  fwd=95.4ms  bwd=84.3ms  total=196.0ms
  -> Saved /home/jupyter/contrastive-forecasting/checkpoints/enc_fcst_precenv_ffn_bf16_v11c_5k_15k_best_gap.pth
[   9800] loss=2.2626  ema_loss=2.2617  gap=1.0034  ema_gap=1.0014  mixup=26/100  2.7 sps  ETA 0.5h
              R²_rand=0.9894  R²_naive=0.9896  U_t=0.1234  U_b=0.1173  AUC=1.0000  Top1=1.0000
  timing: data=5.1ms  fwd=97.9ms  bwd=83.5ms  total=187.0ms
  -> Saved /home/jupyter/contrastive-forecasting/checkpoints/enc_fcst_precenv_ffn_bf16_v11c_5k_15k_best_gap.pth
  -> Saved /home/jupyter/contrastive-forecasting/checkpoints/enc_fcst_precenv_ffn_bf16_v11c_5k_15k_best_loss.pth
[   9900] loss=2.2570  ema_loss=2.2611  gap=1.0064  ema_gap=1.0010  mixup=29/100  2.7 sps  ETA 0.5h
              R²_rand=0.9894  R²_naive=0.9896  U_t=0.1239  U_b=0.1177  AUC=1.0000  Top1=1.0000
  timing: data=17.1ms  fwd=97.8ms  bwd=84.7ms  total=200.2ms
  -> Saved /home/jupyter/contrastive-forecasting/checkpoints/enc_fcst_precenv_ffn_bf16_v11c_5k_15k_best_loss.pth
[  10000] loss=2.2614  ema_loss=2.2612  gap=1.0068  ema_gap=1.0024  mixup=20/100  2.7 sps  ETA 0.5h
              R²_rand=0.9893  R²_naive=0.9896  U_t=0.1229  U_b=0.1170  AUC=1.0000  Top1=1.0000
  timing: data=14.7ms  fwd=95.6ms  bwd=83.9ms  total=194.8ms
  -> Saved /home/jupyter/contrastive-forecasting/checkpoints/enc_fcst_precenv_ffn_bf16_v11c_5k_15k_best_gap.pth
  -> Saved /home/jupyter/contrastive-forecasting/checkpoints/enc_fcst_precenv_ffn_bf16_v11c_5k_15k_10k.pth
[  10100] loss=2.2657  ema_loss=2.2607  gap=1.0080  ema_gap=1.0036  mixup=35/100  2.7 sps  ETA 0.5h
              R²_rand=0.9894  R²_naive=0.9896  U_t=0.1247  U_b=0.1173  AUC=1.0000  Top1=1.0000
  timing: data=5.0ms  fwd=97.6ms  bwd=83.4ms  total=186.5ms
  -> Saved /home/jupyter/contrastive-forecasting/checkpoints/enc_fcst_precenv_ffn_bf16_v11c_5k_15k_best_gap.pth
  -> Saved /home/jupyter/contrastive-forecasting/checkpoints/enc_fcst_precenv_ffn_bf16_v11c_5k_15k_best_loss.pth
[  10200] loss=2.2629  ema_loss=2.2604  gap=1.0115  ema_gap=1.0040  mixup=35/100  2.7 sps  ETA 0.5h
              R²_rand=0.9895  R²_naive=0.9897  U_t=0.1232  U_b=0.1172  AUC=1.0000  Top1=1.0000
  timing: data=15.5ms  fwd=95.5ms  bwd=83.2ms  total=194.8ms
  -> Saved /home/jupyter/contrastive-forecasting/checkpoints/enc_fcst_precenv_ffn_bf16_v11c_5k_15k_best_gap.pth
  -> Saved /home/jupyter/contrastive-forecasting/checkpoints/enc_fcst_precenv_ffn_bf16_v11c_5k_15k_best_loss.pth
[  10300] loss=2.2592  ema_loss=2.2600  gap=1.0028  ema_gap=1.0044  mixup=36/100  2.7 sps  ETA 0.5h
              R²_rand=0.9896  R²_naive=0.9897  U_t=0.1231  U_b=0.1170  AUC=1.0000  Top1=1.0000
  timing: data=4.4ms  fwd=96.9ms  bwd=84.5ms  total=186.3ms
  -> Saved /home/jupyter/contrastive-forecasting/checkpoints/enc_fcst_precenv_ffn_bf16_v11c_5k_15k_best_gap.pth
  -> Saved /home/jupyter/contrastive-forecasting/checkpoints/enc_fcst_precenv_ffn_bf16_v11c_5k_15k_best_loss.pth
[  10400] loss=2.2567  ema_loss=2.2601  gap=1.0004  ema_gap=1.0055  mixup=26/100  2.7 sps  ETA 0.5h
              R²_rand=0.9895  R²_naive=0.9896  U_t=0.1237  U_b=0.1176  AUC=1.0000  Top1=1.0000
  timing: data=9.6ms  fwd=99.3ms  bwd=83.0ms  total=192.5ms
  -> Saved /home/jupyter/contrastive-forecasting/checkpoints/enc_fcst_precenv_ffn_bf16_v11c_5k_15k_best_gap.pth
[  10500] loss=2.2559  ema_loss=2.2598  gap=1.0017  ema_gap=1.0056  mixup=33/100  2.7 sps  ETA 0.5h
              R²_rand=0.9894  R²_naive=0.9897  U_t=0.1237  U_b=0.1174  AUC=1.0000  Top1=1.0000
  timing: data=15.5ms  fwd=97.5ms  bwd=83.6ms  total=197.3ms
  -> Saved /home/jupyter/contrastive-forecasting/checkpoints/enc_fcst_precenv_ffn_bf16_v11c_5k_15k_best_gap.pth
  -> Saved /home/jupyter/contrastive-forecasting/checkpoints/enc_fcst_precenv_ffn_bf16_v11c_5k_15k_best_loss.pth
[  10600] loss=2.2633  ema_loss=2.2600  gap=1.0056  ema_gap=1.0061  mixup=31/100  2.7 sps  ETA 0.5h
              R²_rand=0.9894  R²_naive=0.9896  U_t=0.1249  U_b=0.1169  AUC=1.0000  Top1=1.0000
  timing: data=5.3ms  fwd=99.8ms  bwd=84.0ms  total=189.7ms
  -> Saved /home/jupyter/contrastive-forecasting/checkpoints/enc_fcst_precenv_ffn_bf16_v11c_5k_15k_best_gap.pth
[  10700] loss=2.2601  ema_loss=2.2596  gap=1.0056  ema_gap=1.0082  mixup=39/100  2.7 sps  ETA 0.4h
              R²_rand=0.9895  R²_naive=0.9897  U_t=0.1241  U_b=0.1172  AUC=1.0000  Top1=1.0000
  timing: data=75.3ms  fwd=95.7ms  bwd=83.1ms  total=254.7ms
  -> Saved /home/jupyter/contrastive-forecasting/checkpoints/enc_fcst_precenv_ffn_bf16_v11c_5k_15k_best_gap.pth
  -> Saved /home/jupyter/contrastive-forecasting/checkpoints/enc_fcst_precenv_ffn_bf16_v11c_5k_15k_best_loss.pth
[  10800] loss=2.2580  ema_loss=2.2601  gap=1.0199  ema_gap=1.0108  mixup=32/100  2.7 sps  ETA 0.4h
              R²_rand=0.9891  R²_naive=0.9896  U_t=0.1239  U_b=0.1174  AUC=1.0000  Top1=1.0000
  timing: data=67.4ms  fwd=96.2ms  bwd=83.6ms  total=247.7ms
  -> Saved /home/jupyter/contrastive-forecasting/checkpoints/enc_fcst_precenv_ffn_bf16_v11c_5k_15k_best_gap.pth
[  10900] loss=2.2402  ema_loss=2.2521  gap=1.0073  ema_gap=1.0100  mixup=36/100  2.7 sps  ETA 0.4h
              R²_rand=0.9892  R²_naive=0.9894  U_t=0.1272  U_b=0.1200  AUC=1.0000  Top1=1.0000
  timing: data=5.0ms  fwd=100.4ms  bwd=84.3ms  total=190.2ms
  -> Saved /home/jupyter/contrastive-forecasting/checkpoints/enc_fcst_precenv_ffn_bf16_v11c_5k_15k_best_loss.pth
[  11000] loss=2.2390  ema_loss=2.2443  gap=1.0078  ema_gap=1.0075  mixup=31/100  2.7 sps  ETA 0.4h
              R²_rand=0.9893  R²_naive=0.9896  U_t=0.1258  U_b=0.1198  AUC=1.0000  Top1=1.0000
  timing: data=15.2ms  fwd=96.0ms  bwd=83.4ms  total=195.2ms
  -> Saved /home/jupyter/contrastive-forecasting/checkpoints/enc_fcst_precenv_ffn_bf16_v11c_5k_15k_best_loss.pth
[  11100] loss=2.2398  ema_loss=2.2403  gap=1.0095  ema_gap=1.0068  mixup=32/100  2.7 sps  ETA 0.4h
              R²_rand=0.9894  R²_naive=0.9896  U_t=0.1264  U_b=0.1193  AUC=1.0000  Top1=1.0000
  timing: data=15.3ms  fwd=96.2ms  bwd=83.8ms  total=195.8ms
  -> Saved /home/jupyter/contrastive-forecasting/checkpoints/enc_fcst_precenv_ffn_bf16_v11c_5k_15k_best_loss.pth
[  11200] loss=2.2361  ema_loss=2.2389  gap=1.0076  ema_gap=1.0073  mixup=31/100  2.7 sps  ETA 0.4h
              R²_rand=0.9893  R²_naive=0.9896  U_t=0.1270  U_b=0.1200  AUC=1.0000  Top1=1.0000
  timing: data=4.2ms  fwd=100.0ms  bwd=83.5ms  total=188.3ms
  -> Saved /home/jupyter/contrastive-forecasting/checkpoints/enc_fcst_precenv_ffn_bf16_v11c_5k_15k_best_loss.pth
[  11300] loss=2.2391  ema_loss=2.2384  gap=1.0067  ema_gap=1.0076  mixup=22/100  2.7 sps  ETA 0.4h
              R²_rand=0.9894  R²_naive=0.9896  U_t=0.1262  U_b=0.1199  AUC=1.0000  Top1=1.0000
  timing: data=16.9ms  fwd=99.8ms  bwd=83.8ms  total=201.1ms
  -> Saved /home/jupyter/contrastive-forecasting/checkpoints/enc_fcst_precenv_ffn_bf16_v11c_5k_15k_best_loss.pth
[  11400] loss=2.2379  ema_loss=2.2384  gap=1.0116  ema_gap=1.0093  mixup=32/100  2.7 sps  ETA 0.4h
              R²_rand=0.9895  R²_naive=0.9897  U_t=0.1270  U_b=0.1201  AUC=1.0000  Top1=1.0000
  timing: data=15.0ms  fwd=96.8ms  bwd=84.3ms  total=196.6ms
  -> Saved /home/jupyter/contrastive-forecasting/checkpoints/enc_fcst_precenv_ffn_bf16_v11c_5k_15k_best_loss.pth
[  11500] loss=2.2180  ema_loss=2.2301  gap=1.0117  ema_gap=1.0099  mixup=33/100  2.7 sps  ETA 0.4h
              R²_rand=0.9892  R²_naive=0.9896  U_t=0.1289  U_b=0.1225  AUC=1.0000  Top1=1.0000
  timing: data=5.5ms  fwd=96.4ms  bwd=82.3ms  total=184.8ms
  -> Saved /home/jupyter/contrastive-forecasting/checkpoints/enc_fcst_precenv_ffn_bf16_v11c_5k_15k_best_loss.pth
[  11600] loss=2.2194  ema_loss=2.2227  gap=1.0162  ema_gap=1.0105  mixup=33/100  2.7 sps  ETA 0.4h
              R²_rand=0.9893  R²_naive=0.9896  U_t=0.1282  U_b=0.1220  AUC=1.0000  Top1=1.0000
  timing: data=16.2ms  fwd=94.5ms  bwd=83.4ms  total=194.6ms
  -> Saved /home/jupyter/contrastive-forecasting/checkpoints/enc_fcst_precenv_ffn_bf16_v11c_5k_15k_best_loss.pth
[  11700] loss=2.2150  ema_loss=2.2197  gap=1.0181  ema_gap=1.0122  mixup=32/100  2.7 sps  ETA 0.3h
              R²_rand=0.9894  R²_naive=0.9899  U_t=0.1278  U_b=0.1223  AUC=1.0000  Top1=1.0000
  timing: data=5.6ms  fwd=98.6ms  bwd=84.4ms  total=189.2ms
  -> Saved /home/jupyter/contrastive-forecasting/checkpoints/enc_fcst_precenv_ffn_bf16_v11c_5k_15k_best_gap.pth
  -> Saved /home/jupyter/contrastive-forecasting/checkpoints/enc_fcst_precenv_ffn_bf16_v11c_5k_15k_best_loss.pth
[  11800] loss=2.2146  ema_loss=2.2186  gap=1.0124  ema_gap=1.0132  mixup=30/100  2.7 sps  ETA 0.3h
              R²_rand=0.9895  R²_naive=0.9898  U_t=0.1278  U_b=0.1224  AUC=1.0000  Top1=1.0000
  timing: data=15.4ms  fwd=98.2ms  bwd=82.2ms  total=196.5ms
  -> Saved /home/jupyter/contrastive-forecasting/checkpoints/enc_fcst_precenv_ffn_bf16_v11c_5k_15k_best_gap.pth
  -> Saved /home/jupyter/contrastive-forecasting/checkpoints/enc_fcst_precenv_ffn_bf16_v11c_5k_15k_best_loss.pth
[  11900] loss=2.2222  ema_loss=2.2190  gap=1.0323  ema_gap=1.0152  mixup=26/100  2.7 sps  ETA 0.3h
              R²_rand=0.9892  R²_naive=0.9898  U_t=0.1276  U_b=0.1221  AUC=1.0000  Top1=1.0000
  timing: data=16.2ms  fwd=97.3ms  bwd=82.5ms  total=196.6ms
  -> Saved /home/jupyter/contrastive-forecasting/checkpoints/enc_fcst_precenv_ffn_bf16_v11c_5k_15k_best_gap.pth
[  12000] loss=2.2190  ema_loss=2.2177  gap=1.0180  ema_gap=1.0169  mixup=31/100  2.7 sps  ETA 0.3h
              R²_rand=0.9894  R²_naive=0.9898  U_t=0.1282  U_b=0.1221  AUC=1.0000  Top1=1.0000
  timing: data=4.5ms  fwd=98.7ms  bwd=83.8ms  total=187.5ms
  -> Saved /home/jupyter/contrastive-forecasting/checkpoints/enc_fcst_precenv_ffn_bf16_v11c_5k_15k_best_gap.pth
  -> Saved /home/jupyter/contrastive-forecasting/checkpoints/enc_fcst_precenv_ffn_bf16_v11c_5k_15k_best_loss.pth
[  12100] loss=2.2147  ema_loss=2.2166  gap=1.0153  ema_gap=1.0171  mixup=31/100  2.7 sps  ETA 0.3h
              R²_rand=0.9896  R²_naive=0.9899  U_t=0.1282  U_b=0.1221  AUC=1.0000  Top1=1.0000
  timing: data=15.6ms  fwd=96.9ms  bwd=83.3ms  total=196.4ms
  -> Saved /home/jupyter/contrastive-forecasting/checkpoints/enc_fcst_precenv_ffn_bf16_v11c_5k_15k_best_gap.pth
  -> Saved /home/jupyter/contrastive-forecasting/checkpoints/enc_fcst_precenv_ffn_bf16_v11c_5k_15k_best_loss.pth
[  12200] loss=2.2132  ema_loss=2.2162  gap=1.0199  ema_gap=1.0176  mixup=27/100  2.7 sps  ETA 0.3h
              R²_rand=0.9893  R²_naive=0.9898  U_t=0.1284  U_b=0.1226  AUC=1.0000  Top1=1.0000
  timing: data=14.8ms  fwd=99.5ms  bwd=82.5ms  total=197.4ms
  -> Saved /home/jupyter/contrastive-forecasting/checkpoints/enc_fcst_precenv_ffn_bf16_v11c_5k_15k_best_gap.pth
  -> Saved /home/jupyter/contrastive-forecasting/checkpoints/enc_fcst_precenv_ffn_bf16_v11c_5k_15k_best_loss.pth
[  12300] loss=2.2207  ema_loss=2.2159  gap=1.0119  ema_gap=1.0181  mixup=29/100  2.7 sps  ETA 0.3h
              R²_rand=0.9895  R²_naive=0.9898  U_t=0.1283  U_b=0.1224  AUC=1.0000  Top1=1.0000
  timing: data=4.1ms  fwd=99.4ms  bwd=84.1ms  total=188.2ms
  -> Saved /home/jupyter/contrastive-forecasting/checkpoints/enc_fcst_precenv_ffn_bf16_v11c_5k_15k_best_gap.pth
  -> Saved /home/jupyter/contrastive-forecasting/checkpoints/enc_fcst_precenv_ffn_bf16_v11c_5k_15k_best_loss.pth
[  12400] loss=2.2184  ema_loss=2.2160  gap=1.0234  ema_gap=1.0183  mixup=26/100  2.7 sps  ETA 0.3h
              R²_rand=0.9895  R²_naive=0.9899  U_t=0.1277  U_b=0.1222  AUC=1.0000  Top1=1.0000
  timing: data=15.6ms  fwd=96.4ms  bwd=83.6ms  total=196.1ms
  -> Saved /home/jupyter/contrastive-forecasting/checkpoints/enc_fcst_precenv_ffn_bf16_v11c_5k_15k_best_gap.pth
[  12500] loss=2.2138  ema_loss=2.2152  gap=1.0264  ema_gap=1.0191  mixup=27/100  2.7 sps  ETA 0.3h
              R²_rand=0.9893  R²_naive=0.9898  U_t=0.1275  U_b=0.1225  AUC=1.0000  Top1=1.0000
  timing: data=15.7ms  fwd=96.6ms  bwd=83.7ms  total=196.6ms
  -> Saved /home/jupyter/contrastive-forecasting/checkpoints/enc_fcst_precenv_ffn_bf16_v11c_5k_15k_best_gap.pth
  -> Saved /home/jupyter/contrastive-forecasting/checkpoints/enc_fcst_precenv_ffn_bf16_v11c_5k_15k_best_loss.pth
  -> Saved /home/jupyter/contrastive-forecasting/checkpoints/enc_fcst_precenv_ffn_bf16_v11c_5k_15k_12k.pth
[  12600] loss=2.2193  ema_loss=2.2150  gap=1.0291  ema_gap=1.0214  mixup=33/100  2.7 sps  ETA 0.2h
              R²_rand=0.9895  R²_naive=0.9899  U_t=0.1278  U_b=0.1220  AUC=1.0000  Top1=1.0000
  timing: data=5.8ms  fwd=98.0ms  bwd=82.5ms  total=186.7ms
  -> Saved /home/jupyter/contrastive-forecasting/checkpoints/enc_fcst_precenv_ffn_bf16_v11c_5k_15k_best_gap.pth
  -> Saved /home/jupyter/contrastive-forecasting/checkpoints/enc_fcst_precenv_ffn_bf16_v11c_5k_15k_best_loss.pth
[  12700] loss=2.2148  ema_loss=2.2152  gap=1.0261  ema_gap=1.0230  mixup=31/100  2.7 sps  ETA 0.2h
              R²_rand=0.9898  R²_naive=0.9902  U_t=0.1275  U_b=0.1224  AUC=1.0000  Top1=1.0000
  timing: data=17.7ms  fwd=97.4ms  bwd=83.8ms  total=199.5ms
  -> Saved /home/jupyter/contrastive-forecasting/checkpoints/enc_fcst_precenv_ffn_bf16_v11c_5k_15k_best_gap.pth
[  12800] loss=2.2092  ema_loss=2.2151  gap=1.0199  ema_gap=1.0241  mixup=25/100  2.7 sps  ETA 0.2h
              R²_rand=0.9897  R²_naive=0.9901  U_t=0.1285  U_b=0.1227  AUC=1.0000  Top1=1.0000
  timing: data=15.8ms  fwd=99.4ms  bwd=84.0ms  total=199.7ms
  -> Saved /home/jupyter/contrastive-forecasting/checkpoints/enc_fcst_precenv_ffn_bf16_v11c_5k_15k_best_gap.pth
[  12900] loss=2.2173  ema_loss=2.2164  gap=1.0327  ema_gap=1.0273  mixup=25/100  2.7 sps  ETA 0.2h
              R²_rand=0.9896  R²_naive=0.9901  U_t=0.1281  U_b=0.1221  AUC=1.0000  Top1=1.0000
  timing: data=4.0ms  fwd=103.1ms  bwd=83.0ms  total=190.7ms
  -> Saved /home/jupyter/contrastive-forecasting/checkpoints/enc_fcst_precenv_ffn_bf16_v11c_5k_15k_best_gap.pth
[  13000] loss=2.2181  ema_loss=2.2154  gap=1.0246  ema_gap=1.0282  mixup=21/100  2.7 sps  ETA 0.2h
              R²_rand=0.9896  R²_naive=0.9899  U_t=0.1285  U_b=0.1219  AUC=1.0000  Top1=1.0000
  timing: data=14.8ms  fwd=99.3ms  bwd=82.6ms  total=197.3ms
  -> Saved /home/jupyter/contrastive-forecasting/checkpoints/enc_fcst_precenv_ffn_bf16_v11c_5k_15k_best_gap.pth
[  13100] loss=2.2130  ema_loss=2.2147  gap=1.0295  ema_gap=1.0285  mixup=29/100  2.7 sps  ETA 0.2h
              R²_rand=0.9895  R²_naive=0.9899  U_t=0.1284  U_b=0.1225  AUC=1.0000  Top1=1.0000
  timing: data=4.7ms  fwd=100.6ms  bwd=84.5ms  total=190.3ms
  -> Saved /home/jupyter/contrastive-forecasting/checkpoints/enc_fcst_precenv_ffn_bf16_v11c_5k_15k_best_gap.pth
  -> Saved /home/jupyter/contrastive-forecasting/checkpoints/enc_fcst_precenv_ffn_bf16_v11c_5k_15k_best_loss.pth
[  13200] loss=2.2130  ema_loss=2.2148  gap=1.0306  ema_gap=1.0288  mixup=29/100  2.7 sps  ETA 0.2h
              R²_rand=0.9895  R²_naive=0.9899  U_t=0.1280  U_b=0.1227  AUC=1.0000  Top1=1.0000
  timing: data=14.9ms  fwd=98.4ms  bwd=83.1ms  total=197.0ms
  -> Saved /home/jupyter/contrastive-forecasting/checkpoints/enc_fcst_precenv_ffn_bf16_v11c_5k_15k_best_gap.pth
[  13300] loss=2.2130  ema_loss=2.2145  gap=1.0315  ema_gap=1.0294  mixup=31/100  2.7 sps  ETA 0.2h
              R²_rand=0.9896  R²_naive=0.9900  U_t=0.1279  U_b=0.1224  AUC=1.0000  Top1=1.0000
  timing: data=25.0ms  fwd=98.3ms  bwd=84.0ms  total=207.9ms
  -> Saved /home/jupyter/contrastive-forecasting/checkpoints/enc_fcst_precenv_ffn_bf16_v11c_5k_15k_best_gap.pth
  -> Saved /home/jupyter/contrastive-forecasting/checkpoints/enc_fcst_precenv_ffn_bf16_v11c_5k_15k_best_loss.pth
[  13400] loss=2.2121  ema_loss=2.2142  gap=1.0340  ema_gap=1.0313  mixup=25/100  2.7 sps  ETA 0.2h
              R²_rand=0.9892  R²_naive=0.9898  U_t=0.1291  U_b=0.1229  AUC=1.0000  Top1=1.0000
  timing: data=4.0ms  fwd=101.8ms  bwd=83.1ms  total=189.5ms
  -> Saved /home/jupyter/contrastive-forecasting/checkpoints/enc_fcst_precenv_ffn_bf16_v11c_5k_15k_best_gap.pth
  -> Saved /home/jupyter/contrastive-forecasting/checkpoints/enc_fcst_precenv_ffn_bf16_v11c_5k_15k_best_loss.pth
[  13500] loss=2.1981  ema_loss=2.2040  gap=1.0293  ema_gap=1.0315  mixup=31/100  2.7 sps  ETA 0.2h
              R²_rand=0.9895  R²_naive=0.9900  U_t=0.1301  U_b=0.1249  AUC=1.0000  Top1=1.0000
  timing: data=16.0ms  fwd=95.6ms  bwd=82.4ms  total=194.7ms
  -> Saved /home/jupyter/contrastive-forecasting/checkpoints/enc_fcst_precenv_ffn_bf16_v11c_5k_15k_best_gap.pth
  -> Saved /home/jupyter/contrastive-forecasting/checkpoints/enc_fcst_precenv_ffn_bf16_v11c_5k_15k_best_loss.pth
[  13600] loss=2.1995  ema_loss=2.1986  gap=1.0303  ema_gap=1.0337  mixup=41/100  2.7 sps  ETA 0.1h
              R²_rand=0.9894  R²_naive=0.9899  U_t=0.1301  U_b=0.1246  AUC=1.0000  Top1=1.0000
  timing: data=16.9ms  fwd=96.9ms  bwd=83.5ms  total=197.9ms
  -> Saved /home/jupyter/contrastive-forecasting/checkpoints/enc_fcst_precenv_ffn_bf16_v11c_5k_15k_best_gap.pth
  -> Saved /home/jupyter/contrastive-forecasting/checkpoints/enc_fcst_precenv_ffn_bf16_v11c_5k_15k_best_loss.pth
[  13700] loss=2.1976  ema_loss=2.1964  gap=1.0266  ema_gap=1.0344  mixup=29/100  2.7 sps  ETA 0.1h
              R²_rand=0.9896  R²_naive=0.9900  U_t=0.1312  U_b=0.1248  AUC=1.0000  Top1=1.0000
  timing: data=5.7ms  fwd=99.8ms  bwd=84.0ms  total=190.1ms
  -> Saved /home/jupyter/contrastive-forecasting/checkpoints/enc_fcst_precenv_ffn_bf16_v11c_5k_15k_best_gap.pth
  -> Saved /home/jupyter/contrastive-forecasting/checkpoints/enc_fcst_precenv_ffn_bf16_v11c_5k_15k_best_loss.pth
[  13800] loss=2.1951  ema_loss=2.1955  gap=1.0407  ema_gap=1.0338  mixup=34/100  2.7 sps  ETA 0.1h
              R²_rand=0.9895  R²_naive=0.9901  U_t=0.1296  U_b=0.1248  AUC=1.0000  Top1=1.0000
  timing: data=23.7ms  fwd=98.3ms  bwd=83.8ms  total=206.4ms
  -> Saved /home/jupyter/contrastive-forecasting/checkpoints/enc_fcst_precenv_ffn_bf16_v11c_5k_15k_best_loss.pth
[  13900] loss=2.1947  ema_loss=2.1953  gap=1.0407  ema_gap=1.0341  mixup=38/100  2.7 sps  ETA 0.1h
              R²_rand=0.9897  R²_naive=0.9902  U_t=0.1306  U_b=0.1250  AUC=1.0000  Top1=1.0000
  timing: data=17.0ms  fwd=98.3ms  bwd=84.2ms  total=200.1ms
  -> Saved /home/jupyter/contrastive-forecasting/checkpoints/enc_fcst_precenv_ffn_bf16_v11c_5k_15k_best_loss.pth
[  14000] loss=2.1918  ema_loss=2.1941  gap=1.0354  ema_gap=1.0340  mixup=17/100  2.7 sps  ETA 0.1h
              R²_rand=0.9896  R²_naive=0.9901  U_t=0.1303  U_b=0.1250  AUC=1.0000  Top1=1.0000
  timing: data=3.7ms  fwd=101.3ms  bwd=83.7ms  total=189.3ms
  -> Saved /home/jupyter/contrastive-forecasting/checkpoints/enc_fcst_precenv_ffn_bf16_v11c_5k_15k_best_loss.pth
[  14100] loss=2.1939  ema_loss=2.1945  gap=1.0363  ema_gap=1.0346  mixup=31/100  2.7 sps  ETA 0.1h
              R²_rand=0.9895  R²_naive=0.9901  U_t=0.1297  U_b=0.1251  AUC=1.0000  Top1=1.0000
  timing: data=15.7ms  fwd=98.9ms  bwd=83.5ms  total=198.6ms
  -> Saved /home/jupyter/contrastive-forecasting/checkpoints/enc_fcst_precenv_ffn_bf16_v11c_5k_15k_best_gap.pth
[  14200] loss=2.1762  ema_loss=2.1887  gap=1.0292  ema_gap=1.0342  mixup=28/100  2.7 sps  ETA 0.1h
              R²_rand=0.9893  R²_naive=0.9898  U_t=0.1320  U_b=0.1274  AUC=1.0000  Top1=1.0000
  timing: data=4.5ms  fwd=101.9ms  bwd=84.2ms  total=191.1ms
  -> Saved /home/jupyter/contrastive-forecasting/checkpoints/enc_fcst_precenv_ffn_bf16_v11c_5k_15k_best_loss.pth
[  14300] loss=2.1777  ema_loss=2.1809  gap=1.0341  ema_gap=1.0339  mixup=30/100  2.7 sps  ETA 0.1h
              R²_rand=0.9893  R²_naive=0.9899  U_t=0.1326  U_b=0.1274  AUC=1.0000  Top1=1.0000
  timing: data=13.7ms  fwd=98.6ms  bwd=82.2ms  total=195.0ms
  -> Saved /home/jupyter/contrastive-forecasting/checkpoints/enc_fcst_precenv_ffn_bf16_v11c_5k_15k_best_loss.pth
[  14400] loss=2.1797  ema_loss=2.1776  gap=1.0326  ema_gap=1.0335  mixup=28/100  2.7 sps  ETA 0.1h
              R²_rand=0.9896  R²_naive=0.9900  U_t=0.1334  U_b=0.1273  AUC=1.0000  Top1=1.0000
  timing: data=15.8ms  fwd=98.6ms  bwd=84.2ms  total=199.2ms
  -> Saved /home/jupyter/contrastive-forecasting/checkpoints/enc_fcst_precenv_ffn_bf16_v11c_5k_15k_best_loss.pth
[  14500] loss=2.1730  ema_loss=2.1758  gap=1.0341  ema_gap=1.0346  mixup=31/100  2.7 sps  ETA 0.1h
              R²_rand=0.9896  R²_naive=0.9901  U_t=0.1323  U_b=0.1274  AUC=1.0000  Top1=1.0000
  timing: data=5.9ms  fwd=99.6ms  bwd=84.3ms  total=190.4ms
  -> Saved /home/jupyter/contrastive-forecasting/checkpoints/enc_fcst_precenv_ffn_bf16_v11c_5k_15k_best_gap.pth
  -> Saved /home/jupyter/contrastive-forecasting/checkpoints/enc_fcst_precenv_ffn_bf16_v11c_5k_15k_best_loss.pth
[  14600] loss=2.1742  ema_loss=2.1752  gap=1.0364  ema_gap=1.0361  mixup=33/100  2.7 sps  ETA 0.0h
              R²_rand=0.9897  R²_naive=0.9902  U_t=0.1328  U_b=0.1275  AUC=1.0000  Top1=1.0000
  timing: data=15.0ms  fwd=95.2ms  bwd=82.5ms  total=193.2ms
  -> Saved /home/jupyter/contrastive-forecasting/checkpoints/enc_fcst_precenv_ffn_bf16_v11c_5k_15k_best_gap.pth
  -> Saved /home/jupyter/contrastive-forecasting/checkpoints/enc_fcst_precenv_ffn_bf16_v11c_5k_15k_best_loss.pth
[  14700] loss=2.1748  ema_loss=2.1747  gap=1.0317  ema_gap=1.0364  mixup=25/100  2.7 sps  ETA 0.0h
              R²_rand=0.9899  R²_naive=0.9903  U_t=0.1329  U_b=0.1270  AUC=1.0000  Top1=1.0000
  timing: data=15.6ms  fwd=98.2ms  bwd=83.4ms  total=197.8ms
  -> Saved /home/jupyter/contrastive-forecasting/checkpoints/enc_fcst_precenv_ffn_bf16_v11c_5k_15k_best_gap.pth
  -> Saved /home/jupyter/contrastive-forecasting/checkpoints/enc_fcst_precenv_ffn_bf16_v11c_5k_15k_best_loss.pth
[  14800] loss=2.1750  ema_loss=2.1748  gap=1.0379  ema_gap=1.0390  mixup=33/100  2.7 sps  ETA 0.0h
              R²_rand=0.9897  R²_naive=0.9902  U_t=0.1316  U_b=0.1272  AUC=1.0000  Top1=1.0000
  timing: data=5.1ms  fwd=100.8ms  bwd=84.0ms  total=190.4ms
  -> Saved /home/jupyter/contrastive-forecasting/checkpoints/enc_fcst_precenv_ffn_bf16_v11c_5k_15k_best_gap.pth
[  14900] loss=2.1829  ema_loss=2.1745  gap=1.0468  ema_gap=1.0396  mixup=38/100  2.7 sps  ETA 0.0h
              R²_rand=0.9895  R²_naive=0.9902  U_t=0.1319  U_b=0.1270  AUC=1.0000  Top1=1.0000
  timing: data=16.1ms  fwd=98.5ms  bwd=84.2ms  total=199.4ms
  -> Saved /home/jupyter/contrastive-forecasting/checkpoints/enc_fcst_precenv_ffn_bf16_v11c_5k_15k_best_gap.pth
  -> Saved /home/jupyter/contrastive-forecasting/checkpoints/enc_fcst_precenv_ffn_bf16_v11c_5k_15k_best_loss.pth
[  15000] loss=2.1692  ema_loss=2.1756  gap=1.0468  ema_gap=1.0445  mixup=29/100  2.7 sps  ETA 0.0h
              R²_rand=0.9897  R²_naive=0.9904  U_t=0.1321  U_b=0.1274  AUC=1.0000  Top1=1.0000
  timing: data=14.8ms  fwd=97.8ms  bwd=83.1ms  total=196.2ms
  -> Saved /home/jupyter/contrastive-forecasting/checkpoints/enc_fcst_precenv_ffn_bf16_v11c_5k_15k_best_gap.pth
  -> Saved /home/jupyter/contrastive-forecasting/checkpoints/enc_fcst_precenv_ffn_bf16_v11c_5k_15k_15k.pth
  -> Saved /home/jupyter/contrastive-forecasting/checkpoints/enc_fcst_precenv_ffn_bf16_v11c_5k_15k_final.pth

Done in 1.0h. Best gap=1.0445 at step 15000, Best loss=2.1745 at step 14900
