  [checkpoint] Restored optimizer from /home/jupyter/contrastive-forecasting/checkpoints/enc_fcst_v11c_jepa_newconv_fp32_50k_5k_optimizer.pth (step=5000, best_ff=0.9629)
Resumed from /home/jupyter/contrastive-forecasting/checkpoints/enc_fcst_v11c_jepa_newconv_fp32_50k_5k.pth at step 5000
Device: cuda | Params: 13,200,060
Training for 15000 steps, bs=256, lr=0.001, T=4096, C=1, mix_ratio=0.0, freq_emb_dim=3, seasonality_emb_dim=3, mixup_p=0.3, rev_norm_kind=ewma(span=128), patch_stats=none, encoder_type=gru
Checkpoints: /home/jupyter/contrastive-forecasting/checkpoints/enc_fcst_precenv_pemb_fp16_v11c_5k_15k_*.pth
Loss CSV: /home/jupyter/contrastive-forecasting/checkpoints/enc_fcst_precenv_pemb_fp16_v11c_5k_15k_losses.csv
Data: MIX 100% HF + 0% synth (periodic), hf_bs=256, synth_bs=0
  [dataloader] 4274 shards, 42740000 total rows, target skip 1280000
  [dataloader] Fast-skip: starting at shard 128/4274, then skipping 0 rows within it
[   5100] loss=2.3013  ema_loss=2.3062  gap=0.9785  ema_gap=0.9637  mixup=31/100  2.6 sps  ETA 1.1h
              R²_rand=0.9878  R²_naive=0.9876  U_t=0.1189  U_b=0.1146  AUC=1.0000  Top1=1.0000
  timing: data=74.8ms  fwd=87.7ms  bwd=51.7ms  total=214.8ms
  -> Saved /home/jupyter/contrastive-forecasting/checkpoints/enc_fcst_precenv_pemb_fp16_v11c_5k_15k_best_gap.pth
[   5200] loss=2.3106  ema_loss=2.3064  gap=0.9633  ema_gap=0.9643  mixup=29/100  2.9 sps  ETA 1.0h
              R²_rand=0.9878  R²_naive=0.9877  U_t=0.1199  U_b=0.1145  AUC=1.0000  Top1=1.0000
  timing: data=16.8ms  fwd=77.0ms  bwd=46.7ms  total=141.0ms
  -> Saved /home/jupyter/contrastive-forecasting/checkpoints/enc_fcst_precenv_pemb_fp16_v11c_5k_15k_best_gap.pth
[   5300] loss=2.3035  ema_loss=2.3056  gap=0.9773  ema_gap=0.9645  mixup=29/100  3.0 sps  ETA 0.9h
              R²_rand=0.9878  R²_naive=0.9878  U_t=0.1203  U_b=0.1147  AUC=1.0000  Top1=1.0000
  timing: data=4.0ms  fwd=77.6ms  bwd=47.9ms  total=130.0ms
  -> Saved /home/jupyter/contrastive-forecasting/checkpoints/enc_fcst_precenv_pemb_fp16_v11c_5k_15k_best_gap.pth
  -> Saved /home/jupyter/contrastive-forecasting/checkpoints/enc_fcst_precenv_pemb_fp16_v11c_5k_15k_best_loss.pth
[   5400] loss=2.3035  ema_loss=2.3040  gap=0.9678  ema_gap=0.9654  mixup=29/100  3.0 sps  ETA 0.9h
              R²_rand=0.9881  R²_naive=0.9879  U_t=0.1189  U_b=0.1142  AUC=1.0000  Top1=1.0000
  timing: data=16.4ms  fwd=78.9ms  bwd=47.0ms  total=142.8ms
  -> Saved /home/jupyter/contrastive-forecasting/checkpoints/enc_fcst_precenv_pemb_fp16_v11c_5k_15k_best_gap.pth
  -> Saved /home/jupyter/contrastive-forecasting/checkpoints/enc_fcst_precenv_pemb_fp16_v11c_5k_15k_best_loss.pth
[   5500] loss=2.3061  ema_loss=2.3035  gap=0.9744  ema_gap=0.9661  mixup=31/100  3.1 sps  ETA 0.9h
              R²_rand=0.9879  R²_naive=0.9878  U_t=0.1182  U_b=0.1142  AUC=1.0000  Top1=1.0000
  timing: data=16.8ms  fwd=75.4ms  bwd=45.9ms  total=138.5ms
  -> Saved /home/jupyter/contrastive-forecasting/checkpoints/enc_fcst_precenv_pemb_fp16_v11c_5k_15k_best_gap.pth
  -> Saved /home/jupyter/contrastive-forecasting/checkpoints/enc_fcst_precenv_pemb_fp16_v11c_5k_15k_best_loss.pth
[   5600] loss=2.3024  ema_loss=2.3025  gap=0.9620  ema_gap=0.9667  mixup=29/100  3.1 sps  ETA 0.8h
              R²_rand=0.9882  R²_naive=0.9879  U_t=0.1197  U_b=0.1141  AUC=1.0000  Top1=1.0000
  timing: data=4.0ms  fwd=79.9ms  bwd=47.7ms  total=132.1ms
  -> Saved /home/jupyter/contrastive-forecasting/checkpoints/enc_fcst_precenv_pemb_fp16_v11c_5k_15k_best_gap.pth
  -> Saved /home/jupyter/contrastive-forecasting/checkpoints/enc_fcst_precenv_pemb_fp16_v11c_5k_15k_best_loss.pth
[   5700] loss=2.2975  ema_loss=2.3013  gap=0.9638  ema_gap=0.9687  mixup=25/100  3.1 sps  ETA 0.8h
              R²_rand=0.9880  R²_naive=0.9878  U_t=0.1208  U_b=0.1146  AUC=1.0000  Top1=1.0000
  timing: data=15.3ms  fwd=78.1ms  bwd=46.6ms  total=140.6ms
  -> Saved /home/jupyter/contrastive-forecasting/checkpoints/enc_fcst_precenv_pemb_fp16_v11c_5k_15k_best_gap.pth
  -> Saved /home/jupyter/contrastive-forecasting/checkpoints/enc_fcst_precenv_pemb_fp16_v11c_5k_15k_best_loss.pth
[   5800] loss=2.2797  ema_loss=2.2951  gap=0.9703  ema_gap=0.9699  mixup=36/100  3.1 sps  ETA 0.8h
              R²_rand=0.9878  R²_naive=0.9876  U_t=0.1228  U_b=0.1167  AUC=1.0000  Top1=1.0000
  timing: data=18.5ms  fwd=78.4ms  bwd=47.1ms  total=144.6ms
  -> Saved /home/jupyter/contrastive-forecasting/checkpoints/enc_fcst_precenv_pemb_fp16_v11c_5k_15k_best_gap.pth
  -> Saved /home/jupyter/contrastive-forecasting/checkpoints/enc_fcst_precenv_pemb_fp16_v11c_5k_15k_best_loss.pth
[   5900] loss=2.2727  ema_loss=2.2859  gap=0.9694  ema_gap=0.9692  mixup=27/100  3.1 sps  ETA 0.8h
              R²_rand=0.9880  R²_naive=0.9880  U_t=0.1233  U_b=0.1170  AUC=1.0000  Top1=1.0000
  timing: data=4.2ms  fwd=79.9ms  bwd=47.0ms  total=131.6ms
  -> Saved /home/jupyter/contrastive-forecasting/checkpoints/enc_fcst_precenv_pemb_fp16_v11c_5k_15k_best_loss.pth
[   6000] loss=2.2763  ema_loss=2.2815  gap=0.9653  ema_gap=0.9695  mixup=30/100  3.1 sps  ETA 0.8h
              R²_rand=0.9882  R²_naive=0.9880  U_t=0.1232  U_b=0.1171  AUC=1.0000  Top1=1.0000
  timing: data=16.5ms  fwd=76.7ms  bwd=46.5ms  total=140.2ms
  -> Saved /home/jupyter/contrastive-forecasting/checkpoints/enc_fcst_precenv_pemb_fp16_v11c_5k_15k_best_loss.pth
[   6100] loss=2.2725  ema_loss=2.2797  gap=0.9673  ema_gap=0.9692  mixup=29/100  3.1 sps  ETA 0.8h
              R²_rand=0.9883  R²_naive=0.9881  U_t=0.1224  U_b=0.1171  AUC=1.0000  Top1=1.0000
  timing: data=16.5ms  fwd=77.1ms  bwd=47.4ms  total=141.5ms
  -> Saved /home/jupyter/contrastive-forecasting/checkpoints/enc_fcst_precenv_pemb_fp16_v11c_5k_15k_best_loss.pth
[   6200] loss=2.2767  ema_loss=2.2785  gap=0.9640  ema_gap=0.9697  mixup=26/100  3.1 sps  ETA 0.8h
              R²_rand=0.9881  R²_naive=0.9879  U_t=0.1223  U_b=0.1169  AUC=1.0000  Top1=1.0000
  timing: data=3.8ms  fwd=80.3ms  bwd=47.6ms  total=132.2ms
  -> Saved /home/jupyter/contrastive-forecasting/checkpoints/enc_fcst_precenv_pemb_fp16_v11c_5k_15k_best_loss.pth
[   6300] loss=2.2750  ema_loss=2.2777  gap=0.9736  ema_gap=0.9714  mixup=26/100  3.2 sps  ETA 0.8h
              R²_rand=0.9883  R²_naive=0.9883  U_t=0.1229  U_b=0.1172  AUC=1.0000  Top1=1.0000
  timing: data=16.5ms  fwd=77.6ms  bwd=47.0ms  total=141.6ms
  -> Saved /home/jupyter/contrastive-forecasting/checkpoints/enc_fcst_precenv_pemb_fp16_v11c_5k_15k_best_gap.pth
  -> Saved /home/jupyter/contrastive-forecasting/checkpoints/enc_fcst_precenv_pemb_fp16_v11c_5k_15k_best_loss.pth
[   6400] loss=2.2745  ema_loss=2.2769  gap=0.9720  ema_gap=0.9721  mixup=29/100  3.2 sps  ETA 0.8h
              R²_rand=0.9883  R²_naive=0.9883  U_t=0.1219  U_b=0.1169  AUC=1.0000  Top1=1.0000
  timing: data=16.6ms  fwd=78.1ms  bwd=47.2ms  total=142.5ms
  -> Saved /home/jupyter/contrastive-forecasting/checkpoints/enc_fcst_precenv_pemb_fp16_v11c_5k_15k_best_gap.pth
  -> Saved /home/jupyter/contrastive-forecasting/checkpoints/enc_fcst_precenv_pemb_fp16_v11c_5k_15k_best_loss.pth
[   6500] loss=2.2806  ema_loss=2.2763  gap=0.9641  ema_gap=0.9727  mixup=31/100  3.2 sps  ETA 0.7h
              R²_rand=0.9883  R²_naive=0.9881  U_t=0.1229  U_b=0.1165  AUC=1.0000  Top1=1.0000
  timing: data=3.9ms  fwd=74.5ms  bwd=53.3ms  total=132.3ms
  -> Saved /home/jupyter/contrastive-forecasting/checkpoints/enc_fcst_precenv_pemb_fp16_v11c_5k_15k_best_gap.pth
  -> Saved /home/jupyter/contrastive-forecasting/checkpoints/enc_fcst_precenv_pemb_fp16_v11c_5k_15k_best_loss.pth
[   6600] loss=2.2758  ema_loss=2.2751  gap=0.9777  ema_gap=0.9730  mixup=26/100  3.2 sps  ETA 0.7h
              R²_rand=0.9885  R²_naive=0.9884  U_t=0.1232  U_b=0.1169  AUC=1.0000  Top1=1.0000
  timing: data=17.1ms  fwd=74.4ms  bwd=47.9ms  total=140.0ms
  -> Saved /home/jupyter/contrastive-forecasting/checkpoints/enc_fcst_precenv_pemb_fp16_v11c_5k_15k_best_gap.pth
  -> Saved /home/jupyter/contrastive-forecasting/checkpoints/enc_fcst_precenv_pemb_fp16_v11c_5k_15k_best_loss.pth
[   6700] loss=2.2812  ema_loss=2.2754  gap=0.9797  ema_gap=0.9742  mixup=33/100  3.2 sps  ETA 0.7h
              R²_rand=0.9885  R²_naive=0.9884  U_t=0.1225  U_b=0.1163  AUC=1.0000  Top1=1.0000
  timing: data=4.8ms  fwd=79.5ms  bwd=46.6ms  total=131.4ms
  -> Saved /home/jupyter/contrastive-forecasting/checkpoints/enc_fcst_precenv_pemb_fp16_v11c_5k_15k_best_gap.pth
[   6800] loss=2.2697  ema_loss=2.2744  gap=0.9814  ema_gap=0.9750  mixup=34/100  3.2 sps  ETA 0.7h
              R²_rand=0.9883  R²_naive=0.9882  U_t=0.1221  U_b=0.1171  AUC=1.0000  Top1=1.0000
  timing: data=33.1ms  fwd=78.7ms  bwd=47.1ms  total=159.5ms
  -> Saved /home/jupyter/contrastive-forecasting/checkpoints/enc_fcst_precenv_pemb_fp16_v11c_5k_15k_best_gap.pth
  -> Saved /home/jupyter/contrastive-forecasting/checkpoints/enc_fcst_precenv_pemb_fp16_v11c_5k_15k_best_loss.pth
[   6900] loss=2.2749  ema_loss=2.2743  gap=0.9761  ema_gap=0.9762  mixup=23/100  3.2 sps  ETA 0.7h
              R²_rand=0.9886  R²_naive=0.9884  U_t=0.1219  U_b=0.1167  AUC=1.0000  Top1=1.0000
  timing: data=18.3ms  fwd=76.8ms  bwd=45.7ms  total=141.3ms
  -> Saved /home/jupyter/contrastive-forecasting/checkpoints/enc_fcst_precenv_pemb_fp16_v11c_5k_15k_best_gap.pth
  -> Saved /home/jupyter/contrastive-forecasting/checkpoints/enc_fcst_precenv_pemb_fp16_v11c_5k_15k_best_loss.pth
[   7000] loss=2.2766  ema_loss=2.2735  gap=0.9734  ema_gap=0.9774  mixup=34/100  3.2 sps  ETA 0.7h
              R²_rand=0.9887  R²_naive=0.9886  U_t=0.1218  U_b=0.1169  AUC=1.0000  Top1=1.0000
  timing: data=4.5ms  fwd=79.1ms  bwd=47.0ms  total=131.2ms
  -> Saved /home/jupyter/contrastive-forecasting/checkpoints/enc_fcst_precenv_pemb_fp16_v11c_5k_15k_best_gap.pth
  -> Saved /home/jupyter/contrastive-forecasting/checkpoints/enc_fcst_precenv_pemb_fp16_v11c_5k_15k_best_loss.pth
[   7100] loss=2.2678  ema_loss=2.2725  gap=0.9764  ema_gap=0.9780  mixup=31/100  3.2 sps  ETA 0.7h
              R²_rand=0.9887  R²_naive=0.9886  U_t=0.1231  U_b=0.1170  AUC=1.0000  Top1=1.0000
  timing: data=16.8ms  fwd=78.4ms  bwd=47.5ms  total=143.3ms
  -> Saved /home/jupyter/contrastive-forecasting/checkpoints/enc_fcst_precenv_pemb_fp16_v11c_5k_15k_best_gap.pth
  -> Saved /home/jupyter/contrastive-forecasting/checkpoints/enc_fcst_precenv_pemb_fp16_v11c_5k_15k_best_loss.pth
[   7200] loss=2.2730  ema_loss=2.2725  gap=0.9752  ema_gap=0.9784  mixup=31/100  3.2 sps  ETA 0.7h
              R²_rand=0.9889  R²_naive=0.9888  U_t=0.1221  U_b=0.1165  AUC=1.0000  Top1=1.0000
  timing: data=16.4ms  fwd=77.3ms  bwd=46.9ms  total=141.2ms
  -> Saved /home/jupyter/contrastive-forecasting/checkpoints/enc_fcst_precenv_pemb_fp16_v11c_5k_15k_best_gap.pth
  -> Saved /home/jupyter/contrastive-forecasting/checkpoints/enc_fcst_precenv_pemb_fp16_v11c_5k_15k_best_loss.pth
[   7300] loss=2.2695  ema_loss=2.2717  gap=0.9773  ema_gap=0.9793  mixup=25/100  3.2 sps  ETA 0.7h
              R²_rand=0.9886  R²_naive=0.9886  U_t=0.1232  U_b=0.1169  AUC=1.0000  Top1=1.0000
  timing: data=4.0ms  fwd=76.0ms  bwd=48.3ms  total=128.8ms
  -> Saved /home/jupyter/contrastive-forecasting/checkpoints/enc_fcst_precenv_pemb_fp16_v11c_5k_15k_best_gap.pth
  -> Saved /home/jupyter/contrastive-forecasting/checkpoints/enc_fcst_precenv_pemb_fp16_v11c_5k_15k_best_loss.pth
[   7400] loss=2.2679  ema_loss=2.2711  gap=0.9834  ema_gap=0.9791  mixup=21/100  3.2 sps  ETA 0.7h
              R²_rand=0.9886  R²_naive=0.9886  U_t=0.1212  U_b=0.1169  AUC=1.0000  Top1=1.0000
  timing: data=16.6ms  fwd=76.7ms  bwd=48.5ms  total=142.4ms
  -> Saved /home/jupyter/contrastive-forecasting/checkpoints/enc_fcst_precenv_pemb_fp16_v11c_5k_15k_best_loss.pth
[   7500] loss=2.2678  ema_loss=2.2708  gap=0.9781  ema_gap=0.9804  mixup=27/100  3.2 sps  ETA 0.7h
              R²_rand=0.9886  R²_naive=0.9886  U_t=0.1228  U_b=0.1174  AUC=1.0000  Top1=1.0000
  timing: data=16.7ms  fwd=76.3ms  bwd=46.4ms  total=139.9ms
  -> Saved /home/jupyter/contrastive-forecasting/checkpoints/enc_fcst_precenv_pemb_fp16_v11c_5k_15k_best_gap.pth
  -> Saved /home/jupyter/contrastive-forecasting/checkpoints/enc_fcst_precenv_pemb_fp16_v11c_5k_15k_best_loss.pth
  -> Saved /home/jupyter/contrastive-forecasting/checkpoints/enc_fcst_precenv_pemb_fp16_v11c_5k_15k_7k.pth
[   7600] loss=2.2695  ema_loss=2.2713  gap=0.9865  ema_gap=0.9814  mixup=29/100  3.2 sps  ETA 0.6h
              R²_rand=0.9887  R²_naive=0.9888  U_t=0.1227  U_b=0.1169  AUC=1.0000  Top1=1.0000
  timing: data=4.9ms  fwd=80.3ms  bwd=47.0ms  total=132.8ms
  -> Saved /home/jupyter/contrastive-forecasting/checkpoints/enc_fcst_precenv_pemb_fp16_v11c_5k_15k_best_gap.pth
[   7700] loss=2.2779  ema_loss=2.2706  gap=0.9807  ema_gap=0.9825  mixup=23/100  3.2 sps  ETA 0.6h
              R²_rand=0.9886  R²_naive=0.9885  U_t=0.1224  U_b=0.1166  AUC=1.0000  Top1=1.0000
  timing: data=59.6ms  fwd=75.6ms  bwd=49.1ms  total=184.8ms
  -> Saved /home/jupyter/contrastive-forecasting/checkpoints/enc_fcst_precenv_pemb_fp16_v11c_5k_15k_best_gap.pth
  -> Saved /home/jupyter/contrastive-forecasting/checkpoints/enc_fcst_precenv_pemb_fp16_v11c_5k_15k_best_loss.pth
[   7800] loss=2.2767  ema_loss=2.2699  gap=0.9843  ema_gap=0.9834  mixup=32/100  3.2 sps  ETA 0.6h
              R²_rand=0.9887  R²_naive=0.9887  U_t=0.1226  U_b=0.1167  AUC=1.0000  Top1=1.0000
  timing: data=5.0ms  fwd=77.8ms  bwd=47.1ms  total=130.4ms
  -> Saved /home/jupyter/contrastive-forecasting/checkpoints/enc_fcst_precenv_pemb_fp16_v11c_5k_15k_best_gap.pth
  -> Saved /home/jupyter/contrastive-forecasting/checkpoints/enc_fcst_precenv_pemb_fp16_v11c_5k_15k_best_loss.pth
[   7900] loss=2.2653  ema_loss=2.2695  gap=0.9875  ema_gap=0.9834  mixup=29/100  3.2 sps  ETA 0.6h
              R²_rand=0.9887  R²_naive=0.9888  U_t=0.1231  U_b=0.1172  AUC=1.0000  Top1=1.0000
  timing: data=12.5ms  fwd=78.8ms  bwd=46.2ms  total=138.0ms
  -> Saved /home/jupyter/contrastive-forecasting/checkpoints/enc_fcst_precenv_pemb_fp16_v11c_5k_15k_best_gap.pth
  -> Saved /home/jupyter/contrastive-forecasting/checkpoints/enc_fcst_precenv_pemb_fp16_v11c_5k_15k_best_loss.pth
[   8000] loss=2.2663  ema_loss=2.2693  gap=0.9833  ema_gap=0.9815  mixup=35/100  3.1 sps  ETA 0.6h
              R²_rand=0.9888  R²_naive=0.9888  U_t=0.1237  U_b=0.1172  AUC=1.0000  Top1=1.0000
  timing: data=83.9ms  fwd=77.4ms  bwd=46.8ms  total=208.6ms
  -> Saved /home/jupyter/contrastive-forecasting/checkpoints/enc_fcst_precenv_pemb_fp16_v11c_5k_15k_best_loss.pth
[   8100] loss=2.2684  ema_loss=2.2685  gap=0.9826  ema_gap=0.9817  mixup=29/100  3.1 sps  ETA 0.6h
              R²_rand=0.9888  R²_naive=0.9889  U_t=0.1218  U_b=0.1170  AUC=1.0000  Top1=1.0000
  timing: data=3.9ms  fwd=80.6ms  bwd=46.9ms  total=132.0ms
  -> Saved /home/jupyter/contrastive-forecasting/checkpoints/enc_fcst_precenv_pemb_fp16_v11c_5k_15k_best_loss.pth
[   8200] loss=2.2544  ema_loss=2.2676  gap=0.9785  ema_gap=0.9819  mixup=19/100  3.1 sps  ETA 0.6h
              R²_rand=0.9890  R²_naive=0.9889  U_t=0.1242  U_b=0.1179  AUC=1.0000  Top1=1.0000
  timing: data=18.4ms  fwd=77.4ms  bwd=46.0ms  total=142.3ms
  -> Saved /home/jupyter/contrastive-forecasting/checkpoints/enc_fcst_precenv_pemb_fp16_v11c_5k_15k_best_loss.pth
[   8300] loss=2.2595  ema_loss=2.2671  gap=0.9872  ema_gap=0.9831  mixup=33/100  3.1 sps  ETA 0.6h
              R²_rand=0.9889  R²_naive=0.9889  U_t=0.1235  U_b=0.1174  AUC=1.0000  Top1=1.0000
  timing: data=18.4ms  fwd=76.8ms  bwd=48.8ms  total=144.5ms
  -> Saved /home/jupyter/contrastive-forecasting/checkpoints/enc_fcst_precenv_pemb_fp16_v11c_5k_15k_best_loss.pth
[   8400] loss=2.2762  ema_loss=2.2668  gap=0.9761  ema_gap=0.9842  mixup=33/100  3.1 sps  ETA 0.6h
              R²_rand=0.9891  R²_naive=0.9890  U_t=0.1233  U_b=0.1163  AUC=1.0000  Top1=1.0000
  timing: data=4.6ms  fwd=81.1ms  bwd=47.7ms  total=134.0ms
  -> Saved /home/jupyter/contrastive-forecasting/checkpoints/enc_fcst_precenv_pemb_fp16_v11c_5k_15k_best_gap.pth
  -> Saved /home/jupyter/contrastive-forecasting/checkpoints/enc_fcst_precenv_pemb_fp16_v11c_5k_15k_best_loss.pth
[   8500] loss=2.2672  ema_loss=2.2667  gap=0.9792  ema_gap=0.9839  mixup=30/100  3.1 sps  ETA 0.6h
              R²_rand=0.9890  R²_naive=0.9889  U_t=0.1237  U_b=0.1166  AUC=1.0000  Top1=1.0000
  timing: data=17.4ms  fwd=78.8ms  bwd=46.8ms  total=143.5ms
  -> Saved /home/jupyter/contrastive-forecasting/checkpoints/enc_fcst_precenv_pemb_fp16_v11c_5k_15k_best_loss.pth
[   8600] loss=2.2673  ema_loss=2.2670  gap=0.9876  ema_gap=0.9854  mixup=43/100  3.1 sps  ETA 0.6h
              R²_rand=0.9890  R²_naive=0.9891  U_t=0.1238  U_b=0.1172  AUC=1.0000  Top1=1.0000
  timing: data=31.5ms  fwd=73.5ms  bwd=44.6ms  total=150.2ms
  -> Saved /home/jupyter/contrastive-forecasting/checkpoints/enc_fcst_precenv_pemb_fp16_v11c_5k_15k_best_gap.pth
[   8700] loss=2.2604  ema_loss=2.2661  gap=0.9878  ema_gap=0.9859  mixup=25/100  3.2 sps  ETA 0.6h
              R²_rand=0.9889  R²_naive=0.9890  U_t=0.1233  U_b=0.1174  AUC=1.0000  Top1=1.0000
  timing: data=5.0ms  fwd=79.0ms  bwd=47.3ms  total=131.8ms
  -> Saved /home/jupyter/contrastive-forecasting/checkpoints/enc_fcst_precenv_pemb_fp16_v11c_5k_15k_best_gap.pth
  -> Saved /home/jupyter/contrastive-forecasting/checkpoints/enc_fcst_precenv_pemb_fp16_v11c_5k_15k_best_loss.pth
[   8800] loss=2.2665  ema_loss=2.2656  gap=0.9931  ema_gap=0.9862  mixup=27/100  3.2 sps  ETA 0.5h
              R²_rand=0.9890  R²_naive=0.9891  U_t=0.1234  U_b=0.1174  AUC=1.0000  Top1=1.0000
  timing: data=17.4ms  fwd=76.4ms  bwd=47.1ms  total=141.4ms
  -> Saved /home/jupyter/contrastive-forecasting/checkpoints/enc_fcst_precenv_pemb_fp16_v11c_5k_15k_best_gap.pth
  -> Saved /home/jupyter/contrastive-forecasting/checkpoints/enc_fcst_precenv_pemb_fp16_v11c_5k_15k_best_loss.pth
[   8900] loss=2.2694  ema_loss=2.2656  gap=0.9885  ema_gap=0.9874  mixup=34/100  3.2 sps  ETA 0.5h
              R²_rand=0.9891  R²_naive=0.9892  U_t=0.1227  U_b=0.1169  AUC=1.0000  Top1=1.0000
  timing: data=19.0ms  fwd=75.7ms  bwd=45.5ms  total=140.7ms
  -> Saved /home/jupyter/contrastive-forecasting/checkpoints/enc_fcst_precenv_pemb_fp16_v11c_5k_15k_best_gap.pth
  -> Saved /home/jupyter/contrastive-forecasting/checkpoints/enc_fcst_precenv_pemb_fp16_v11c_5k_15k_best_loss.pth
[   9000] loss=2.2642  ema_loss=2.2655  gap=0.9919  ema_gap=0.9882  mixup=34/100  3.2 sps  ETA 0.5h
              R²_rand=0.9890  R²_naive=0.9891  U_t=0.1238  U_b=0.1172  AUC=1.0000  Top1=1.0000
  timing: data=4.4ms  fwd=79.9ms  bwd=46.2ms  total=131.0ms
  -> Saved /home/jupyter/contrastive-forecasting/checkpoints/enc_fcst_precenv_pemb_fp16_v11c_5k_15k_best_gap.pth
  -> Saved /home/jupyter/contrastive-forecasting/checkpoints/enc_fcst_precenv_pemb_fp16_v11c_5k_15k_best_loss.pth
[   9100] loss=2.2689  ema_loss=2.2652  gap=0.9888  ema_gap=0.9878  mixup=34/100  3.2 sps  ETA 0.5h
              R²_rand=0.9891  R²_naive=0.9891  U_t=0.1229  U_b=0.1170  AUC=1.0000  Top1=1.0000
  timing: data=18.1ms  fwd=76.2ms  bwd=45.7ms  total=140.5ms
  -> Saved /home/jupyter/contrastive-forecasting/checkpoints/enc_fcst_precenv_pemb_fp16_v11c_5k_15k_best_loss.pth
[   9200] loss=2.2655  ema_loss=2.2655  gap=0.9853  ema_gap=0.9877  mixup=28/100  3.2 sps  ETA 0.5h
              R²_rand=0.9890  R²_naive=0.9891  U_t=0.1233  U_b=0.1173  AUC=1.0000  Top1=1.0000
  timing: data=4.1ms  fwd=82.1ms  bwd=46.5ms  total=133.3ms
[   9300] loss=2.2704  ema_loss=2.2655  gap=0.9869  ema_gap=0.9888  mixup=37/100  3.2 sps  ETA 0.5h
              R²_rand=0.9890  R²_naive=0.9891  U_t=0.1234  U_b=0.1171  AUC=1.0000  Top1=1.0000
  timing: data=17.2ms  fwd=80.8ms  bwd=47.2ms  total=145.7ms
  -> Saved /home/jupyter/contrastive-forecasting/checkpoints/enc_fcst_precenv_pemb_fp16_v11c_5k_15k_best_gap.pth
[   9400] loss=2.2705  ema_loss=2.2649  gap=0.9848  ema_gap=0.9883  mixup=39/100  3.2 sps  ETA 0.5h
              R²_rand=0.9894  R²_naive=0.9894  U_t=0.1236  U_b=0.1168  AUC=1.0000  Top1=1.0000
  timing: data=17.5ms  fwd=78.1ms  bwd=45.6ms  total=141.8ms
  -> Saved /home/jupyter/contrastive-forecasting/checkpoints/enc_fcst_precenv_pemb_fp16_v11c_5k_15k_best_loss.pth
[   9500] loss=2.2622  ema_loss=2.2643  gap=0.9860  ema_gap=0.9889  mixup=30/100  3.2 sps  ETA 0.5h
              R²_rand=0.9893  R²_naive=0.9893  U_t=0.1244  U_b=0.1172  AUC=1.0000  Top1=1.0000
  timing: data=4.1ms  fwd=81.8ms  bwd=47.0ms  total=133.4ms
  -> Saved /home/jupyter/contrastive-forecasting/checkpoints/enc_fcst_precenv_pemb_fp16_v11c_5k_15k_best_gap.pth
  -> Saved /home/jupyter/contrastive-forecasting/checkpoints/enc_fcst_precenv_pemb_fp16_v11c_5k_15k_best_loss.pth
[   9600] loss=2.2671  ema_loss=2.2641  gap=0.9894  ema_gap=0.9890  mixup=29/100  3.2 sps  ETA 0.5h
              R²_rand=0.9890  R²_naive=0.9892  U_t=0.1232  U_b=0.1170  AUC=1.0000  Top1=1.0000
  timing: data=17.3ms  fwd=76.7ms  bwd=47.7ms  total=142.2ms
  -> Saved /home/jupyter/contrastive-forecasting/checkpoints/enc_fcst_precenv_pemb_fp16_v11c_5k_15k_best_gap.pth
  -> Saved /home/jupyter/contrastive-forecasting/checkpoints/enc_fcst_precenv_pemb_fp16_v11c_5k_15k_best_loss.pth
[   9700] loss=2.2640  ema_loss=2.2637  gap=0.9910  ema_gap=0.9899  mixup=31/100  3.2 sps  ETA 0.5h
              R²_rand=0.9892  R²_naive=0.9892  U_t=0.1227  U_b=0.1172  AUC=1.0000  Top1=1.0000
  timing: data=18.5ms  fwd=77.5ms  bwd=47.2ms  total=143.7ms
  -> Saved /home/jupyter/contrastive-forecasting/checkpoints/enc_fcst_precenv_pemb_fp16_v11c_5k_15k_best_gap.pth
  -> Saved /home/jupyter/contrastive-forecasting/checkpoints/enc_fcst_precenv_pemb_fp16_v11c_5k_15k_best_loss.pth
[   9800] loss=2.2691  ema_loss=2.2638  gap=0.9922  ema_gap=0.9906  mixup=26/100  3.2 sps  ETA 0.5h
              R²_rand=0.9892  R²_naive=0.9893  U_t=0.1236  U_b=0.1168  AUC=1.0000  Top1=1.0000
  timing: data=4.6ms  fwd=79.0ms  bwd=47.5ms  total=131.7ms
  -> Saved /home/jupyter/contrastive-forecasting/checkpoints/enc_fcst_precenv_pemb_fp16_v11c_5k_15k_best_gap.pth
[   9900] loss=2.2638  ema_loss=2.2638  gap=0.9914  ema_gap=0.9914  mixup=29/100  3.2 sps  ETA 0.4h
              R²_rand=0.9893  R²_naive=0.9893  U_t=0.1232  U_b=0.1168  AUC=1.0000  Top1=1.0000
  timing: data=16.4ms  fwd=76.5ms  bwd=46.9ms  total=140.3ms
  -> Saved /home/jupyter/contrastive-forecasting/checkpoints/enc_fcst_precenv_pemb_fp16_v11c_5k_15k_best_gap.pth
[  10000] loss=2.2602  ema_loss=2.2641  gap=0.9945  ema_gap=0.9929  mixup=20/100  3.2 sps  ETA 0.4h
              R²_rand=0.9892  R²_naive=0.9894  U_t=0.1228  U_b=0.1171  AUC=1.0000  Top1=1.0000
  timing: data=16.6ms  fwd=79.2ms  bwd=47.7ms  total=144.0ms
  -> Saved /home/jupyter/contrastive-forecasting/checkpoints/enc_fcst_precenv_pemb_fp16_v11c_5k_15k_best_gap.pth
  -> Saved /home/jupyter/contrastive-forecasting/checkpoints/enc_fcst_precenv_pemb_fp16_v11c_5k_15k_10k.pth
[  10100] loss=2.2637  ema_loss=2.2643  gap=0.9903  ema_gap=0.9931  mixup=35/100  3.2 sps  ETA 0.4h
              R²_rand=0.9892  R²_naive=0.9893  U_t=0.1236  U_b=0.1171  AUC=1.0000  Top1=1.0000
  timing: data=4.7ms  fwd=79.5ms  bwd=46.4ms  total=131.2ms
  -> Saved /home/jupyter/contrastive-forecasting/checkpoints/enc_fcst_precenv_pemb_fp16_v11c_5k_15k_best_gap.pth
[  10200] loss=2.2574  ema_loss=2.2635  gap=0.9959  ema_gap=0.9941  mixup=35/100  3.2 sps  ETA 0.4h
              R²_rand=0.9892  R²_naive=0.9895  U_t=0.1234  U_b=0.1174  AUC=1.0000  Top1=1.0000
  timing: data=17.1ms  fwd=76.6ms  bwd=45.4ms  total=139.6ms
  -> Saved /home/jupyter/contrastive-forecasting/checkpoints/enc_fcst_precenv_pemb_fp16_v11c_5k_15k_best_gap.pth
  -> Saved /home/jupyter/contrastive-forecasting/checkpoints/enc_fcst_precenv_pemb_fp16_v11c_5k_15k_best_loss.pth
[  10300] loss=2.2646  ema_loss=2.2635  gap=0.9859  ema_gap=0.9941  mixup=36/100  3.2 sps  ETA 0.4h
              R²_rand=0.9893  R²_naive=0.9893  U_t=0.1227  U_b=0.1170  AUC=1.0000  Top1=1.0000
  timing: data=4.7ms  fwd=79.2ms  bwd=46.8ms  total=131.2ms
  -> Saved /home/jupyter/contrastive-forecasting/checkpoints/enc_fcst_precenv_pemb_fp16_v11c_5k_15k_best_gap.pth
  -> Saved /home/jupyter/contrastive-forecasting/checkpoints/enc_fcst_precenv_pemb_fp16_v11c_5k_15k_best_loss.pth
[  10400] loss=2.2570  ema_loss=2.2629  gap=0.9939  ema_gap=0.9935  mixup=26/100  3.2 sps  ETA 0.4h
              R²_rand=0.9895  R²_naive=0.9895  U_t=0.1234  U_b=0.1170  AUC=1.0000  Top1=1.0000
  timing: data=11.8ms  fwd=82.0ms  bwd=47.3ms  total=141.5ms
  -> Saved /home/jupyter/contrastive-forecasting/checkpoints/enc_fcst_precenv_pemb_fp16_v11c_5k_15k_best_loss.pth
[  10500] loss=2.2617  ema_loss=2.2629  gap=0.9901  ema_gap=0.9946  mixup=33/100  3.2 sps  ETA 0.4h
              R²_rand=0.9894  R²_naive=0.9894  U_t=0.1240  U_b=0.1172  AUC=1.0000  Top1=1.0000
  timing: data=17.4ms  fwd=78.2ms  bwd=45.9ms  total=141.9ms
  -> Saved /home/jupyter/contrastive-forecasting/checkpoints/enc_fcst_precenv_pemb_fp16_v11c_5k_15k_best_gap.pth
  -> Saved /home/jupyter/contrastive-forecasting/checkpoints/enc_fcst_precenv_pemb_fp16_v11c_5k_15k_best_loss.pth
[  10600] loss=2.2611  ema_loss=2.2628  gap=0.9880  ema_gap=0.9951  mixup=31/100  3.2 sps  ETA 0.4h
              R²_rand=0.9893  R²_naive=0.9894  U_t=0.1232  U_b=0.1174  AUC=1.0000  Top1=1.0000
  timing: data=5.3ms  fwd=78.6ms  bwd=47.0ms  total=131.4ms
  -> Saved /home/jupyter/contrastive-forecasting/checkpoints/enc_fcst_precenv_pemb_fp16_v11c_5k_15k_best_gap.pth
  -> Saved /home/jupyter/contrastive-forecasting/checkpoints/enc_fcst_precenv_pemb_fp16_v11c_5k_15k_best_loss.pth
[  10700] loss=2.2737  ema_loss=2.2630  gap=0.9977  ema_gap=0.9956  mixup=39/100  3.1 sps  ETA 0.4h
              R²_rand=0.9893  R²_naive=0.9895  U_t=0.1231  U_b=0.1168  AUC=1.0000  Top1=1.0000
  timing: data=193.5ms  fwd=77.6ms  bwd=46.2ms  total=317.7ms
  -> Saved /home/jupyter/contrastive-forecasting/checkpoints/enc_fcst_precenv_pemb_fp16_v11c_5k_15k_best_gap.pth
[  10800] loss=2.2636  ema_loss=2.2635  gap=0.9908  ema_gap=0.9963  mixup=32/100  3.1 sps  ETA 0.4h
              R²_rand=0.9895  R²_naive=0.9896  U_t=0.1231  U_b=0.1163  AUC=1.0000  Top1=1.0000
  timing: data=17.2ms  fwd=79.0ms  bwd=46.9ms  total=143.7ms
  -> Saved /home/jupyter/contrastive-forecasting/checkpoints/enc_fcst_precenv_pemb_fp16_v11c_5k_15k_best_gap.pth
[  10900] loss=2.2561  ema_loss=2.2631  gap=0.9942  ema_gap=0.9978  mixup=36/100  3.1 sps  ETA 0.4h
              R²_rand=0.9894  R²_naive=0.9895  U_t=0.1237  U_b=0.1174  AUC=1.0000  Top1=1.0000
  timing: data=4.8ms  fwd=78.4ms  bwd=46.6ms  total=130.3ms
  -> Saved /home/jupyter/contrastive-forecasting/checkpoints/enc_fcst_precenv_pemb_fp16_v11c_5k_15k_best_gap.pth
[  11000] loss=2.2635  ema_loss=2.2638  gap=0.9936  ema_gap=0.9986  mixup=31/100  3.1 sps  ETA 0.4h
              R²_rand=0.9891  R²_naive=0.9892  U_t=0.1241  U_b=0.1174  AUC=1.0000  Top1=1.0000
  timing: data=16.8ms  fwd=77.5ms  bwd=46.8ms  total=141.7ms
  -> Saved /home/jupyter/contrastive-forecasting/checkpoints/enc_fcst_precenv_pemb_fp16_v11c_5k_15k_best_gap.pth
[  11100] loss=2.2661  ema_loss=2.2622  gap=0.9936  ema_gap=0.9981  mixup=32/100  3.1 sps  ETA 0.3h
              R²_rand=0.9893  R²_naive=0.9895  U_t=0.1226  U_b=0.1172  AUC=1.0000  Top1=1.0000
  timing: data=17.0ms  fwd=76.8ms  bwd=46.4ms  total=140.7ms
  -> Saved /home/jupyter/contrastive-forecasting/checkpoints/enc_fcst_precenv_pemb_fp16_v11c_5k_15k_best_loss.pth
[  11200] loss=2.2605  ema_loss=2.2619  gap=0.9920  ema_gap=0.9981  mixup=31/100  3.1 sps  ETA 0.3h
              R²_rand=0.9895  R²_naive=0.9896  U_t=0.1235  U_b=0.1171  AUC=1.0000  Top1=1.0000
  timing: data=4.2ms  fwd=80.1ms  bwd=45.9ms  total=130.7ms
  -> Saved /home/jupyter/contrastive-forecasting/checkpoints/enc_fcst_precenv_pemb_fp16_v11c_5k_15k_best_loss.pth
[  11300] loss=2.2611  ema_loss=2.2620  gap=0.9961  ema_gap=0.9982  mixup=22/100  3.1 sps  ETA 0.3h
              R²_rand=0.9893  R²_naive=0.9895  U_t=0.1241  U_b=0.1172  AUC=1.0000  Top1=1.0000
  timing: data=16.5ms  fwd=80.4ms  bwd=47.3ms  total=144.7ms
[  11400] loss=2.2625  ema_loss=2.2611  gap=0.9968  ema_gap=0.9985  mixup=32/100  3.1 sps  ETA 0.3h
              R²_rand=0.9895  R²_naive=0.9896  U_t=0.1226  U_b=0.1168  AUC=1.0000  Top1=1.0000
  timing: data=16.6ms  fwd=79.0ms  bwd=47.0ms  total=143.1ms
  -> Saved /home/jupyter/contrastive-forecasting/checkpoints/enc_fcst_precenv_pemb_fp16_v11c_5k_15k_best_loss.pth
[  11500] loss=2.2564  ema_loss=2.2611  gap=1.0023  ema_gap=0.9984  mixup=33/100  3.2 sps  ETA 0.3h
              R²_rand=0.9893  R²_naive=0.9895  U_t=0.1245  U_b=0.1174  AUC=1.0000  Top1=1.0000
  timing: data=5.4ms  fwd=80.0ms  bwd=47.0ms  total=132.9ms
  -> Saved /home/jupyter/contrastive-forecasting/checkpoints/enc_fcst_precenv_pemb_fp16_v11c_5k_15k_best_loss.pth
[  11600] loss=2.2617  ema_loss=2.2607  gap=0.9917  ema_gap=0.9976  mixup=33/100  3.1 sps  ETA 0.3h
              R²_rand=0.9895  R²_naive=0.9896  U_t=0.1227  U_b=0.1167  AUC=1.0000  Top1=1.0000
  timing: data=64.4ms  fwd=76.9ms  bwd=45.7ms  total=187.6ms
  -> Saved /home/jupyter/contrastive-forecasting/checkpoints/enc_fcst_precenv_pemb_fp16_v11c_5k_15k_best_loss.pth
[  11700] loss=2.2628  ema_loss=2.2598  gap=0.9986  ema_gap=0.9984  mixup=32/100  3.1 sps  ETA 0.3h
              R²_rand=0.9894  R²_naive=0.9895  U_t=0.1225  U_b=0.1168  AUC=1.0000  Top1=1.0000
  timing: data=5.3ms  fwd=80.8ms  bwd=47.4ms  total=134.1ms
  -> Saved /home/jupyter/contrastive-forecasting/checkpoints/enc_fcst_precenv_pemb_fp16_v11c_5k_15k_best_loss.pth
[  11800] loss=2.2684  ema_loss=2.2606  gap=1.0022  ema_gap=0.9988  mixup=30/100  3.1 sps  ETA 0.3h
              R²_rand=0.9892  R²_naive=0.9895  U_t=0.1216  U_b=0.1173  AUC=1.0000  Top1=1.0000
  timing: data=37.1ms  fwd=75.7ms  bwd=46.4ms  total=159.8ms
  -> Saved /home/jupyter/contrastive-forecasting/checkpoints/enc_fcst_precenv_pemb_fp16_v11c_5k_15k_best_gap.pth
[  11900] loss=2.2521  ema_loss=2.2609  gap=0.9976  ema_gap=1.0007  mixup=26/100  3.1 sps  ETA 0.3h
              R²_rand=0.9896  R²_naive=0.9897  U_t=0.1241  U_b=0.1177  AUC=1.0000  Top1=1.0000
  timing: data=17.0ms  fwd=77.3ms  bwd=47.1ms  total=141.9ms
  -> Saved /home/jupyter/contrastive-forecasting/checkpoints/enc_fcst_precenv_pemb_fp16_v11c_5k_15k_best_gap.pth
[  12000] loss=2.2669  ema_loss=2.2610  gap=1.0022  ema_gap=1.0011  mixup=31/100  3.1 sps  ETA 0.3h
              R²_rand=0.9893  R²_naive=0.9896  U_t=0.1233  U_b=0.1171  AUC=1.0000  Top1=1.0000
  timing: data=3.8ms  fwd=78.5ms  bwd=45.5ms  total=128.3ms
  -> Saved /home/jupyter/contrastive-forecasting/checkpoints/enc_fcst_precenv_pemb_fp16_v11c_5k_15k_best_gap.pth
[  12100] loss=2.2587  ema_loss=2.2640  gap=1.0061  ema_gap=1.0035  mixup=31/100  3.2 sps  ETA 0.3h
              R²_rand=0.9894  R²_naive=0.9896  U_t=0.1226  U_b=0.1172  AUC=1.0000  Top1=1.0000
  timing: data=16.8ms  fwd=76.9ms  bwd=46.8ms  total=141.0ms
  -> Saved /home/jupyter/contrastive-forecasting/checkpoints/enc_fcst_precenv_pemb_fp16_v11c_5k_15k_best_gap.pth
[  12200] loss=2.2577  ema_loss=2.2631  gap=1.0068  ema_gap=1.0051  mixup=27/100  3.1 sps  ETA 0.2h
              R²_rand=0.9893  R²_naive=0.9895  U_t=0.1231  U_b=0.1175  AUC=1.0000  Top1=1.0000
  timing: data=19.9ms  fwd=78.9ms  bwd=47.6ms  total=146.9ms
  -> Saved /home/jupyter/contrastive-forecasting/checkpoints/enc_fcst_precenv_pemb_fp16_v11c_5k_15k_best_gap.pth
[  12300] loss=2.2580  ema_loss=2.2608  gap=0.9984  ema_gap=1.0040  mixup=29/100  3.2 sps  ETA 0.2h
              R²_rand=0.9895  R²_naive=0.9896  U_t=0.1246  U_b=0.1175  AUC=1.0000  Top1=1.0000
  timing: data=4.0ms  fwd=80.0ms  bwd=45.9ms  total=130.4ms
[  12400] loss=2.2607  ema_loss=2.2601  gap=1.0067  ema_gap=1.0037  mixup=26/100  3.2 sps  ETA 0.2h
              R²_rand=0.9894  R²_naive=0.9896  U_t=0.1232  U_b=0.1172  AUC=1.0000  Top1=1.0000
  timing: data=17.3ms  fwd=76.0ms  bwd=47.6ms  total=141.5ms
[  12500] loss=2.2578  ema_loss=2.2593  gap=1.0030  ema_gap=1.0037  mixup=27/100  3.2 sps  ETA 0.2h
              R²_rand=0.9896  R²_naive=0.9897  U_t=0.1231  U_b=0.1174  AUC=1.0000  Top1=1.0000
  timing: data=17.8ms  fwd=76.5ms  bwd=47.4ms  total=142.2ms
  -> Saved /home/jupyter/contrastive-forecasting/checkpoints/enc_fcst_precenv_pemb_fp16_v11c_5k_15k_best_loss.pth
  -> Saved /home/jupyter/contrastive-forecasting/checkpoints/enc_fcst_precenv_pemb_fp16_v11c_5k_15k_12k.pth
[  12600] loss=2.2552  ema_loss=2.2594  gap=0.9957  ema_gap=1.0032  mixup=33/100  3.2 sps  ETA 0.2h
              R²_rand=0.9895  R²_naive=0.9896  U_t=0.1229  U_b=0.1177  AUC=1.0000  Top1=1.0000
  timing: data=5.3ms  fwd=77.8ms  bwd=46.3ms  total=129.9ms
'HTTPSConnectionPool(host='cas-bridge.xethub.hf.co', port=443): Read timed out.' thrown while requesting GET https://huggingface.co/datasets/jeremycochoy/gift-pretrain-full-4096/resolve/main/small_v1/shard_00177.parquet
Retrying in 1s [Retry 1/5].
[  12700] loss=2.2583  ema_loss=2.2590  gap=1.0035  ema_gap=1.0026  mixup=31/100  3.1 sps  ETA 0.2h
              R²_rand=0.9895  R²_naive=0.9898  U_t=0.1232  U_b=0.1173  AUC=1.0000  Top1=1.0000
  timing: data=194.0ms  fwd=77.0ms  bwd=46.9ms  total=318.4ms
  -> Saved /home/jupyter/contrastive-forecasting/checkpoints/enc_fcst_precenv_pemb_fp16_v11c_5k_15k_best_loss.pth
'(MaxRetryError('HTTPSConnectionPool(host=\'huggingface.co\', port=443): Max retries exceeded with url: /datasets/jeremycochoy/gift-pretrain-full-4096/resolve/main/small_v1/shard_00178.parquet (Caused by NameResolutionError("<urllib3.connection.HTTPSConnection object at 0x7d2041210a90>: Failed to resolve \'huggingface.co\' ([Errno -3] Temporary failure in name resolution)"))'), '(Request ID: e4b87adc-da1e-4fbe-b55f-309c7f3467b5)')' thrown while requesting GET https://huggingface.co/datasets/jeremycochoy/gift-pretrain-full-4096/resolve/main/small_v1/shard_00178.parquet
Retrying in 1s [Retry 1/5].
[  12800] loss=2.2569  ema_loss=2.2587  gap=1.0046  ema_gap=1.0047  mixup=25/100  3.1 sps  ETA 0.2h
              R²_rand=0.9897  R²_naive=0.9898  U_t=0.1233  U_b=0.1172  AUC=1.0000  Top1=1.0000
  timing: data=235.7ms  fwd=77.6ms  bwd=47.0ms  total=360.7ms
  -> Saved /home/jupyter/contrastive-forecasting/checkpoints/enc_fcst_precenv_pemb_fp16_v11c_5k_15k_best_loss.pth
[  12900] loss=2.2583  ema_loss=2.2587  gap=1.0057  ema_gap=1.0052  mixup=25/100  3.1 sps  ETA 0.2h
              R²_rand=0.9897  R²_naive=0.9899  U_t=0.1237  U_b=0.1173  AUC=1.0000  Top1=1.0000
  timing: data=3.8ms  fwd=77.9ms  bwd=46.0ms  total=128.3ms
  -> Saved /home/jupyter/contrastive-forecasting/checkpoints/enc_fcst_precenv_pemb_fp16_v11c_5k_15k_best_gap.pth
[  13000] loss=2.2648  ema_loss=2.2588  gap=0.9991  ema_gap=1.0042  mixup=21/100  3.1 sps  ETA 0.2h
              R²_rand=0.9897  R²_naive=0.9898  U_t=0.1225  U_b=0.1173  AUC=1.0000  Top1=1.0000
  timing: data=17.3ms  fwd=77.4ms  bwd=47.2ms  total=142.4ms
[  13100] loss=2.2606  ema_loss=2.2584  gap=1.0055  ema_gap=1.0053  mixup=29/100  3.1 sps  ETA 0.2h
              R²_rand=0.9897  R²_naive=0.9899  U_t=0.1220  U_b=0.1171  AUC=1.0000  Top1=1.0000
  timing: data=3.6ms  fwd=78.8ms  bwd=46.8ms  total=129.6ms
  -> Saved /home/jupyter/contrastive-forecasting/checkpoints/enc_fcst_precenv_pemb_fp16_v11c_5k_15k_best_gap.pth
  -> Saved /home/jupyter/contrastive-forecasting/checkpoints/enc_fcst_precenv_pemb_fp16_v11c_5k_15k_best_loss.pth
[  13200] loss=2.2534  ema_loss=2.2592  gap=1.0127  ema_gap=1.0073  mixup=29/100  3.1 sps  ETA 0.2h
              R²_rand=0.9896  R²_naive=0.9899  U_t=0.1233  U_b=0.1174  AUC=1.0000  Top1=1.0000
  timing: data=18.1ms  fwd=77.7ms  bwd=46.9ms  total=143.2ms
  -> Saved /home/jupyter/contrastive-forecasting/checkpoints/enc_fcst_precenv_pemb_fp16_v11c_5k_15k_best_gap.pth
[  13300] loss=2.2599  ema_loss=2.2587  gap=1.0130  ema_gap=1.0068  mixup=31/100  3.1 sps  ETA 0.2h
              R²_rand=0.9896  R²_naive=0.9898  U_t=0.1235  U_b=0.1174  AUC=1.0000  Top1=1.0000
  timing: data=16.7ms  fwd=76.7ms  bwd=47.2ms  total=141.0ms
[  13400] loss=2.2597  ema_loss=2.2587  gap=1.0113  ema_gap=1.0064  mixup=25/100  3.1 sps  ETA 0.1h
              R²_rand=0.9896  R²_naive=0.9900  U_t=0.1220  U_b=0.1173  AUC=1.0000  Top1=1.0000
  timing: data=3.7ms  fwd=77.6ms  bwd=46.6ms  total=128.4ms
[  13500] loss=2.2564  ema_loss=2.2584  gap=1.0023  ema_gap=1.0067  mixup=31/100  3.1 sps  ETA 0.1h
              R²_rand=0.9896  R²_naive=0.9898  U_t=0.1236  U_b=0.1173  AUC=1.0000  Top1=1.0000
  timing: data=17.1ms  fwd=76.1ms  bwd=47.3ms  total=141.0ms
  -> Saved /home/jupyter/contrastive-forecasting/checkpoints/enc_fcst_precenv_pemb_fp16_v11c_5k_15k_best_loss.pth
[  13600] loss=2.2579  ema_loss=2.2574  gap=1.0084  ema_gap=1.0067  mixup=41/100  3.1 sps  ETA 0.1h
              R²_rand=0.9897  R²_naive=0.9899  U_t=0.1232  U_b=0.1171  AUC=1.0000  Top1=1.0000
  timing: data=19.8ms  fwd=76.1ms  bwd=46.6ms  total=143.1ms
  -> Saved /home/jupyter/contrastive-forecasting/checkpoints/enc_fcst_precenv_pemb_fp16_v11c_5k_15k_best_loss.pth
[  13700] loss=2.2552  ema_loss=2.2573  gap=1.0093  ema_gap=1.0072  mixup=29/100  3.1 sps  ETA 0.1h
              R²_rand=0.9897  R²_naive=0.9899  U_t=0.1232  U_b=0.1173  AUC=1.0000  Top1=1.0000
  timing: data=5.1ms  fwd=77.4ms  bwd=45.4ms  total=128.4ms
  -> Saved /home/jupyter/contrastive-forecasting/checkpoints/enc_fcst_precenv_pemb_fp16_v11c_5k_15k_best_loss.pth
[  13800] loss=2.2590  ema_loss=2.2571  gap=1.0028  ema_gap=1.0068  mixup=34/100  3.1 sps  ETA 0.1h
              R²_rand=0.9895  R²_naive=0.9898  U_t=0.1233  U_b=0.1175  AUC=1.0000  Top1=1.0000
  timing: data=18.4ms  fwd=77.9ms  bwd=46.9ms  total=143.8ms
  -> Saved /home/jupyter/contrastive-forecasting/checkpoints/enc_fcst_precenv_pemb_fp16_v11c_5k_15k_best_loss.pth
[  13900] loss=2.2543  ema_loss=2.2570  gap=1.0045  ema_gap=1.0072  mixup=38/100  3.1 sps  ETA 0.1h
              R²_rand=0.9897  R²_naive=0.9899  U_t=0.1223  U_b=0.1176  AUC=1.0000  Top1=1.0000
  timing: data=17.0ms  fwd=76.6ms  bwd=46.8ms  total=140.9ms
  -> Saved /home/jupyter/contrastive-forecasting/checkpoints/enc_fcst_precenv_pemb_fp16_v11c_5k_15k_best_loss.pth
[  14000] loss=2.2622  ema_loss=2.2572  gap=1.0125  ema_gap=1.0085  mixup=17/100  3.1 sps  ETA 0.1h
              R²_rand=0.9897  R²_naive=0.9899  U_t=0.1230  U_b=0.1172  AUC=1.0000  Top1=1.0000
  timing: data=3.4ms  fwd=80.2ms  bwd=46.3ms  total=130.4ms
  -> Saved /home/jupyter/contrastive-forecasting/checkpoints/enc_fcst_precenv_pemb_fp16_v11c_5k_15k_best_gap.pth
[  14100] loss=2.2523  ema_loss=2.2570  gap=1.0093  ema_gap=1.0085  mixup=31/100  3.1 sps  ETA 0.1h
              R²_rand=0.9896  R²_naive=0.9899  U_t=0.1226  U_b=0.1175  AUC=1.0000  Top1=1.0000
  timing: data=16.3ms  fwd=77.3ms  bwd=47.0ms  total=141.2ms
  -> Saved /home/jupyter/contrastive-forecasting/checkpoints/enc_fcst_precenv_pemb_fp16_v11c_5k_15k_best_gap.pth
  -> Saved /home/jupyter/contrastive-forecasting/checkpoints/enc_fcst_precenv_pemb_fp16_v11c_5k_15k_best_loss.pth
[  14200] loss=2.2570  ema_loss=2.2564  gap=1.0044  ema_gap=1.0090  mixup=28/100  3.1 sps  ETA 0.1h
              R²_rand=0.9899  R²_naive=0.9900  U_t=0.1224  U_b=0.1169  AUC=1.0000  Top1=1.0000
  timing: data=4.0ms  fwd=80.9ms  bwd=47.0ms  total=132.4ms
  -> Saved /home/jupyter/contrastive-forecasting/checkpoints/enc_fcst_precenv_pemb_fp16_v11c_5k_15k_best_gap.pth
  -> Saved /home/jupyter/contrastive-forecasting/checkpoints/enc_fcst_precenv_pemb_fp16_v11c_5k_15k_best_loss.pth
[  14300] loss=2.2552  ema_loss=2.2565  gap=1.0118  ema_gap=1.0094  mixup=30/100  3.1 sps  ETA 0.1h
              R²_rand=0.9897  R²_naive=0.9900  U_t=0.1224  U_b=0.1173  AUC=1.0000  Top1=1.0000
  timing: data=16.4ms  fwd=77.7ms  bwd=46.9ms  total=141.6ms
  -> Saved /home/jupyter/contrastive-forecasting/checkpoints/enc_fcst_precenv_pemb_fp16_v11c_5k_15k_best_gap.pth
[  14400] loss=2.2547  ema_loss=2.2564  gap=1.0076  ema_gap=1.0091  mixup=28/100  3.1 sps  ETA 0.1h
              R²_rand=0.9898  R²_naive=0.9900  U_t=0.1231  U_b=0.1173  AUC=1.0000  Top1=1.0000
  timing: data=17.0ms  fwd=77.1ms  bwd=46.6ms  total=141.3ms
  -> Saved /home/jupyter/contrastive-forecasting/checkpoints/enc_fcst_precenv_pemb_fp16_v11c_5k_15k_best_loss.pth
[  14500] loss=2.2611  ema_loss=2.2559  gap=1.0037  ema_gap=1.0087  mixup=31/100  3.1 sps  ETA 0.0h
              R²_rand=0.9899  R²_naive=0.9901  U_t=0.1221  U_b=0.1173  AUC=1.0000  Top1=1.0000
  timing: data=5.4ms  fwd=76.9ms  bwd=46.6ms  total=129.4ms
  -> Saved /home/jupyter/contrastive-forecasting/checkpoints/enc_fcst_precenv_pemb_fp16_v11c_5k_15k_best_loss.pth
[  14600] loss=2.2546  ema_loss=2.2562  gap=1.0044  ema_gap=1.0096  mixup=33/100  3.1 sps  ETA 0.0h
              R²_rand=0.9897  R²_naive=0.9899  U_t=0.1229  U_b=0.1171  AUC=1.0000  Top1=1.0000
  timing: data=67.9ms  fwd=77.8ms  bwd=47.0ms  total=193.1ms
  -> Saved /home/jupyter/contrastive-forecasting/checkpoints/enc_fcst_precenv_pemb_fp16_v11c_5k_15k_best_gap.pth
[  14700] loss=2.2569  ema_loss=2.2558  gap=1.0114  ema_gap=1.0102  mixup=25/100  3.1 sps  ETA 0.0h
              R²_rand=0.9899  R²_naive=0.9901  U_t=0.1233  U_b=0.1172  AUC=1.0000  Top1=1.0000
  timing: data=19.7ms  fwd=78.1ms  bwd=47.1ms  total=145.3ms
  -> Saved /home/jupyter/contrastive-forecasting/checkpoints/enc_fcst_precenv_pemb_fp16_v11c_5k_15k_best_gap.pth
  -> Saved /home/jupyter/contrastive-forecasting/checkpoints/enc_fcst_precenv_pemb_fp16_v11c_5k_15k_best_loss.pth
[  14800] loss=2.2593  ema_loss=2.2555  gap=1.0107  ema_gap=1.0109  mixup=33/100  3.1 sps  ETA 0.0h
              R²_rand=0.9898  R²_naive=0.9901  U_t=0.1226  U_b=0.1173  AUC=1.0000  Top1=1.0000
  timing: data=4.3ms  fwd=77.6ms  bwd=46.8ms  total=129.2ms
  -> Saved /home/jupyter/contrastive-forecasting/checkpoints/enc_fcst_precenv_pemb_fp16_v11c_5k_15k_best_gap.pth
  -> Saved /home/jupyter/contrastive-forecasting/checkpoints/enc_fcst_precenv_pemb_fp16_v11c_5k_15k_best_loss.pth
[  14900] loss=2.2523  ema_loss=2.2557  gap=1.0113  ema_gap=1.0120  mixup=38/100  3.1 sps  ETA 0.0h
              R²_rand=0.9899  R²_naive=0.9901  U_t=0.1227  U_b=0.1171  AUC=1.0000  Top1=1.0000
  timing: data=16.7ms  fwd=75.3ms  bwd=46.3ms  total=138.8ms
  -> Saved /home/jupyter/contrastive-forecasting/checkpoints/enc_fcst_precenv_pemb_fp16_v11c_5k_15k_best_gap.pth
[  15000] loss=2.2513  ema_loss=2.2562  gap=1.0045  ema_gap=1.0123  mixup=29/100  3.1 sps  ETA 0.0h
              R²_rand=0.9899  R²_naive=0.9901  U_t=0.1217  U_b=0.1173  AUC=1.0000  Top1=1.0000
  timing: data=15.6ms  fwd=75.9ms  bwd=46.8ms  total=138.9ms
  -> Saved /home/jupyter/contrastive-forecasting/checkpoints/enc_fcst_precenv_pemb_fp16_v11c_5k_15k_best_gap.pth
  -> Saved /home/jupyter/contrastive-forecasting/checkpoints/enc_fcst_precenv_pemb_fp16_v11c_5k_15k_15k.pth
  -> Saved /home/jupyter/contrastive-forecasting/checkpoints/enc_fcst_precenv_pemb_fp16_v11c_5k_15k_final.pth

Done in 0.9h. Best gap=1.0123 at step 15000, Best loss=2.2555 at step 14800
