  [checkpoint] Restored optimizer from /home/jupyter/contrastive-forecasting/checkpoints/enc_fcst_v27_dk08_ffnfp16_50k_20k_optimizer.pth (step=20000, best_ff=1.0198)
Resumed from /home/jupyter/contrastive-forecasting/checkpoints/enc_fcst_v27_dk08_ffnfp16_50k_20k.pth at step 20000
Device: cuda | Params: 13,200,060
Training for 50000 steps, bs=256, lr=0.001, T=4096, C=1, mix_ratio=0.0, freq_emb_dim=3, seasonality_emb_dim=3, mixup_p=0.3, rev_norm_kind=ewma(span=128), patch_stats=none, encoder_type=gru
Checkpoints: /home/jupyter/contrastive-forecasting/checkpoints/enc_fcst_v27b_dk08_ffnfp16_resume20k_50k_*.pth
Loss CSV: /home/jupyter/contrastive-forecasting/checkpoints/enc_fcst_v27b_dk08_ffnfp16_resume20k_50k_losses.csv
Attn-amplitude CSV: /home/jupyter/contrastive-forecasting/checkpoints/enc_fcst_v27b_dk08_ffnfp16_resume20k_50k_attn_amplitude.csv (every 1000 steps)
Data: MIX 100% HF + 0% synth (periodic), hf_bs=256, synth_bs=0
  [dataloader] 4274 shards, 42740000 total rows, target skip 5120000
  [dataloader] Fast-skip: starting at shard 512/4274, then skipping 0 rows within it
[  20100] loss=2.0958  ema_loss=2.0920  gap=1.0173  ema_gap=1.0200  mixup=31/100  2.8 sps  ETA 3.0h
              R²_rand=0.9897  R²_naive=0.9901  U_t=0.1340  U_b=0.1406  AUC=1.0000  Top1=1.0000
  timing: data=64.7ms  fwd=94.0ms  bwd=69.7ms  total=229.0ms
  -> Saved /home/jupyter/contrastive-forecasting/checkpoints/enc_fcst_v27b_dk08_ffnfp16_resume20k_50k_best_gap.pth
  -> Saved /home/jupyter/contrastive-forecasting/checkpoints/enc_fcst_v27b_dk08_ffnfp16_resume20k_50k_best_loss.pth
[  20200] loss=2.0980  ema_loss=2.0919  gap=1.0168  ema_gap=1.0205  mixup=31/100  3.0 sps  ETA 2.8h
              R²_rand=0.9898  R²_naive=0.9901  U_t=0.1327  U_b=0.1402  AUC=1.0000  Top1=1.0000
  timing: data=16.8ms  fwd=84.3ms  bwd=69.1ms  total=170.9ms
  -> Saved /home/jupyter/contrastive-forecasting/checkpoints/enc_fcst_v27b_dk08_ffnfp16_resume20k_50k_best_gap.pth
  -> Saved /home/jupyter/contrastive-forecasting/checkpoints/enc_fcst_v27b_dk08_ffnfp16_resume20k_50k_best_loss.pth
[  20300] loss=2.0903  ema_loss=2.0919  gap=1.0246  ema_gap=1.0214  mixup=32/100  3.1 sps  ETA 2.6h
              R²_rand=0.9898  R²_naive=0.9902  U_t=0.1359  U_b=0.1406  AUC=1.0000  Top1=1.0000
  timing: data=3.9ms  fwd=85.7ms  bwd=69.2ms  total=159.4ms
  -> Saved /home/jupyter/contrastive-forecasting/checkpoints/enc_fcst_v27b_dk08_ffnfp16_resume20k_50k_best_gap.pth
  -> Saved /home/jupyter/contrastive-forecasting/checkpoints/enc_fcst_v27b_dk08_ffnfp16_resume20k_50k_best_loss.pth
[  20400] loss=2.0959  ema_loss=2.0916  gap=1.0238  ema_gap=1.0220  mixup=29/100  3.1 sps  ETA 2.6h
              R²_rand=0.9898  R²_naive=0.9902  U_t=0.1346  U_b=0.1408  AUC=1.0000  Top1=1.0000
  timing: data=19.3ms  fwd=93.5ms  bwd=73.9ms  total=187.5ms
  -> Saved /home/jupyter/contrastive-forecasting/checkpoints/enc_fcst_v27b_dk08_ffnfp16_resume20k_50k_best_gap.pth
  -> Saved /home/jupyter/contrastive-forecasting/checkpoints/enc_fcst_v27b_dk08_ffnfp16_resume20k_50k_best_loss.pth
[  20500] loss=2.0905  ema_loss=2.0913  gap=1.0182  ema_gap=1.0227  mixup=45/100  3.1 sps  ETA 2.6h
              R²_rand=0.9900  R²_naive=0.9903  U_t=0.1346  U_b=0.1406  AUC=1.0000  Top1=1.0000
  timing: data=17.3ms  fwd=83.2ms  bwd=69.0ms  total=170.1ms
  -> Saved /home/jupyter/contrastive-forecasting/checkpoints/enc_fcst_v27b_dk08_ffnfp16_resume20k_50k_best_gap.pth
  -> Saved /home/jupyter/contrastive-forecasting/checkpoints/enc_fcst_v27b_dk08_ffnfp16_resume20k_50k_best_loss.pth
[  20600] loss=2.0934  ema_loss=2.0914  gap=1.0253  ema_gap=1.0230  mixup=28/100  3.2 sps  ETA 2.6h
              R²_rand=0.9899  R²_naive=0.9903  U_t=0.1340  U_b=0.1405  AUC=1.0000  Top1=1.0000
  timing: data=3.8ms  fwd=85.6ms  bwd=69.2ms  total=159.2ms
  -> Saved /home/jupyter/contrastive-forecasting/checkpoints/enc_fcst_v27b_dk08_ffnfp16_resume20k_50k_best_gap.pth
[  20700] loss=2.0907  ema_loss=2.0909  gap=1.0232  ema_gap=1.0235  mixup=35/100  3.2 sps  ETA 2.6h
              R²_rand=0.9899  R²_naive=0.9903  U_t=0.1354  U_b=0.1407  AUC=1.0000  Top1=1.0000
  timing: data=16.9ms  fwd=85.8ms  bwd=69.3ms  total=172.7ms
  -> Saved /home/jupyter/contrastive-forecasting/checkpoints/enc_fcst_v27b_dk08_ffnfp16_resume20k_50k_best_gap.pth
  -> Saved /home/jupyter/contrastive-forecasting/checkpoints/enc_fcst_v27b_dk08_ffnfp16_resume20k_50k_best_loss.pth
[  20800] loss=2.0875  ema_loss=2.0913  gap=1.0276  ema_gap=1.0258  mixup=34/100  3.2 sps  ETA 2.6h
              R²_rand=0.9899  R²_naive=0.9904  U_t=0.1354  U_b=0.1406  AUC=1.0000  Top1=1.0000
  timing: data=17.1ms  fwd=86.0ms  bwd=69.3ms  total=173.0ms
  -> Saved /home/jupyter/contrastive-forecasting/checkpoints/enc_fcst_v27b_dk08_ffnfp16_resume20k_50k_best_gap.pth
[  20900] loss=2.0980  ema_loss=2.0912  gap=1.0303  ema_gap=1.0258  mixup=29/100  3.2 sps  ETA 2.5h
              R²_rand=0.9899  R²_naive=0.9903  U_t=0.1353  U_b=0.1398  AUC=1.0000  Top1=1.0000
  timing: data=3.9ms  fwd=87.8ms  bwd=69.4ms  total=161.7ms
  -> Saved /home/jupyter/contrastive-forecasting/checkpoints/enc_fcst_v27b_dk08_ffnfp16_resume20k_50k_best_gap.pth
[  21000] loss=2.0899  ema_loss=2.0913  gap=1.0270  ema_gap=1.0272  mixup=26/100  3.2 sps  ETA 2.5h
              R²_rand=0.9899  R²_naive=0.9903  U_t=0.1364  U_b=0.1404  AUC=1.0000  Top1=1.0000
  timing: data=18.3ms  fwd=86.8ms  bwd=69.2ms  total=174.9ms
  -> Saved /home/jupyter/contrastive-forecasting/checkpoints/enc_fcst_v27b_dk08_ffnfp16_resume20k_50k_best_gap.pth
[  21100] loss=2.0921  ema_loss=2.0908  gap=1.0326  ema_gap=1.0280  mixup=31/100  3.2 sps  ETA 2.5h
              R²_rand=0.9900  R²_naive=0.9905  U_t=0.1350  U_b=0.1405  AUC=1.0000  Top1=1.0000
  timing: data=22.8ms  fwd=84.9ms  bwd=69.4ms  total=177.7ms
  -> Saved /home/jupyter/contrastive-forecasting/checkpoints/enc_fcst_v27b_dk08_ffnfp16_resume20k_50k_best_gap.pth
  -> Saved /home/jupyter/contrastive-forecasting/checkpoints/enc_fcst_v27b_dk08_ffnfp16_resume20k_50k_best_loss.pth
[  21200] loss=2.0927  ema_loss=2.0905  gap=1.0239  ema_gap=1.0289  mixup=33/100  3.2 sps  ETA 2.5h
              R²_rand=0.9900  R²_naive=0.9904  U_t=0.1357  U_b=0.1402  AUC=1.0000  Top1=1.0000
  timing: data=4.0ms  fwd=85.0ms  bwd=69.6ms  total=159.2ms
  -> Saved /home/jupyter/contrastive-forecasting/checkpoints/enc_fcst_v27b_dk08_ffnfp16_resume20k_50k_best_gap.pth
  -> Saved /home/jupyter/contrastive-forecasting/checkpoints/enc_fcst_v27b_dk08_ffnfp16_resume20k_50k_best_loss.pth
[  21300] loss=2.0937  ema_loss=2.0905  gap=1.0316  ema_gap=1.0287  mixup=19/100  3.2 sps  ETA 2.5h
              R²_rand=0.9899  R²_naive=0.9904  U_t=0.1363  U_b=0.1406  AUC=1.0000  Top1=1.0000
  timing: data=18.1ms  fwd=94.5ms  bwd=70.1ms  total=183.4ms
  -> Saved /home/jupyter/contrastive-forecasting/checkpoints/enc_fcst_v27b_dk08_ffnfp16_resume20k_50k_best_loss.pth
[  21400] loss=2.0880  ema_loss=2.0901  gap=1.0254  ema_gap=1.0292  mixup=34/100  3.2 sps  ETA 2.5h
              R²_rand=0.9900  R²_naive=0.9904  U_t=0.1367  U_b=0.1409  AUC=1.0000  Top1=1.0000
  timing: data=4.9ms  fwd=98.5ms  bwd=74.4ms  total=178.6ms
  -> Saved /home/jupyter/contrastive-forecasting/checkpoints/enc_fcst_v27b_dk08_ffnfp16_resume20k_50k_best_gap.pth
  -> Saved /home/jupyter/contrastive-forecasting/checkpoints/enc_fcst_v27b_dk08_ffnfp16_resume20k_50k_best_loss.pth
[  21500] loss=2.0907  ema_loss=2.0904  gap=1.0368  ema_gap=1.0296  mixup=39/100  3.2 sps  ETA 2.5h
              R²_rand=0.9898  R²_naive=0.9904  U_t=0.1368  U_b=0.1405  AUC=1.0000  Top1=1.0000
  timing: data=17.6ms  fwd=85.5ms  bwd=69.4ms  total=173.0ms
  -> Saved /home/jupyter/contrastive-forecasting/checkpoints/enc_fcst_v27b_dk08_ffnfp16_resume20k_50k_best_gap.pth
[  21600] loss=2.0880  ema_loss=2.0900  gap=1.0284  ema_gap=1.0292  mixup=25/100  3.2 sps  ETA 2.5h
              R²_rand=0.9901  R²_naive=0.9905  U_t=0.1366  U_b=0.1406  AUC=1.0000  Top1=1.0000
  timing: data=16.7ms  fwd=87.0ms  bwd=69.5ms  total=173.8ms
  -> Saved /home/jupyter/contrastive-forecasting/checkpoints/enc_fcst_v27b_dk08_ffnfp16_resume20k_50k_best_loss.pth
[  21700] loss=2.0881  ema_loss=2.0897  gap=1.0331  ema_gap=1.0297  mixup=28/100  3.2 sps  ETA 2.4h
              R²_rand=0.9900  R²_naive=0.9904  U_t=0.1371  U_b=0.1406  AUC=1.0000  Top1=1.0000
  timing: data=4.1ms  fwd=88.2ms  bwd=69.5ms  total=162.4ms
  -> Saved /home/jupyter/contrastive-forecasting/checkpoints/enc_fcst_v27b_dk08_ffnfp16_resume20k_50k_best_gap.pth
  -> Saved /home/jupyter/contrastive-forecasting/checkpoints/enc_fcst_v27b_dk08_ffnfp16_resume20k_50k_best_loss.pth
[  21800] loss=2.0850  ema_loss=2.0892  gap=1.0285  ema_gap=1.0309  mixup=30/100  3.2 sps  ETA 2.4h
              R²_rand=0.9900  R²_naive=0.9904  U_t=0.1372  U_b=0.1408  AUC=1.0000  Top1=1.0000
  timing: data=17.6ms  fwd=84.3ms  bwd=69.2ms  total=171.7ms
  -> Saved /home/jupyter/contrastive-forecasting/checkpoints/enc_fcst_v27b_dk08_ffnfp16_resume20k_50k_best_gap.pth
  -> Saved /home/jupyter/contrastive-forecasting/checkpoints/enc_fcst_v27b_dk08_ffnfp16_resume20k_50k_best_loss.pth
[  21900] loss=2.0916  ema_loss=2.0893  gap=1.0334  ema_gap=1.0315  mixup=30/100  3.2 sps  ETA 2.4h
              R²_rand=0.9899  R²_naive=0.9904  U_t=0.1374  U_b=0.1408  AUC=1.0000  Top1=1.0000
  timing: data=18.8ms  fwd=84.2ms  bwd=69.1ms  total=172.7ms
  -> Saved /home/jupyter/contrastive-forecasting/checkpoints/enc_fcst_v27b_dk08_ffnfp16_resume20k_50k_best_gap.pth
[  22000] loss=2.0913  ema_loss=2.0890  gap=1.0332  ema_gap=1.0319  mixup=30/100  3.2 sps  ETA 2.4h
              R²_rand=0.9900  R²_naive=0.9904  U_t=0.1359  U_b=0.1404  AUC=1.0000  Top1=1.0000
  timing: data=3.5ms  fwd=86.1ms  bwd=69.2ms  total=159.3ms
  -> Saved /home/jupyter/contrastive-forecasting/checkpoints/enc_fcst_v27b_dk08_ffnfp16_resume20k_50k_best_gap.pth
  -> Saved /home/jupyter/contrastive-forecasting/checkpoints/enc_fcst_v27b_dk08_ffnfp16_resume20k_50k_best_loss.pth
[  22100] loss=2.0923  ema_loss=2.0889  gap=1.0351  ema_gap=1.0318  mixup=32/100  3.2 sps  ETA 2.4h
              R²_rand=0.9899  R²_naive=0.9904  U_t=0.1356  U_b=0.1406  AUC=1.0000  Top1=1.0000
  timing: data=33.3ms  fwd=83.9ms  bwd=69.3ms  total=187.2ms
  -> Saved /home/jupyter/contrastive-forecasting/checkpoints/enc_fcst_v27b_dk08_ffnfp16_resume20k_50k_best_loss.pth
[  22200] loss=2.0889  ema_loss=2.0889  gap=1.0300  ema_gap=1.0321  mixup=42/100  3.2 sps  ETA 2.4h
              R²_rand=0.9900  R²_naive=0.9904  U_t=0.1359  U_b=0.1404  AUC=1.0000  Top1=1.0000
  timing: data=24.9ms  fwd=95.3ms  bwd=72.3ms  total=193.2ms
  -> Saved /home/jupyter/contrastive-forecasting/checkpoints/enc_fcst_v27b_dk08_ffnfp16_resume20k_50k_best_gap.pth
  -> Saved /home/jupyter/contrastive-forecasting/checkpoints/enc_fcst_v27b_dk08_ffnfp16_resume20k_50k_best_loss.pth
[  22300] loss=2.0875  ema_loss=2.0897  gap=1.0293  ema_gap=1.0325  mixup=31/100  3.2 sps  ETA 2.4h
              R²_rand=0.9899  R²_naive=0.9905  U_t=0.1371  U_b=0.1409  AUC=1.0000  Top1=1.0000
  timing: data=5.0ms  fwd=98.0ms  bwd=69.7ms  total=173.4ms
  -> Saved /home/jupyter/contrastive-forecasting/checkpoints/enc_fcst_v27b_dk08_ffnfp16_resume20k_50k_best_gap.pth
[  22400] loss=2.0866  ema_loss=2.0892  gap=1.0314  ema_gap=1.0318  mixup=31/100  3.2 sps  ETA 2.4h
              R²_rand=0.9901  R²_naive=0.9905  U_t=0.1364  U_b=0.1405  AUC=1.0000  Top1=1.0000
  timing: data=20.2ms  fwd=89.4ms  bwd=69.3ms  total=179.5ms
[  22500] loss=2.0851  ema_loss=2.0887  gap=1.0332  ema_gap=1.0325  mixup=22/100  3.2 sps  ETA 2.4h
              R²_rand=0.9900  R²_naive=0.9905  U_t=0.1368  U_b=0.1402  AUC=1.0000  Top1=1.0000
  timing: data=18.8ms  fwd=85.8ms  bwd=69.2ms  total=174.4ms
  -> Saved /home/jupyter/contrastive-forecasting/checkpoints/enc_fcst_v27b_dk08_ffnfp16_resume20k_50k_best_loss.pth
[  22600] loss=2.0854  ema_loss=2.0884  gap=1.0348  ema_gap=1.0329  mixup=29/100  3.2 sps  ETA 2.4h
              R²_rand=0.9900  R²_naive=0.9905  U_t=0.1374  U_b=0.1413  AUC=1.0000  Top1=1.0000
  timing: data=3.5ms  fwd=85.4ms  bwd=77.8ms  total=167.3ms
  -> Saved /home/jupyter/contrastive-forecasting/checkpoints/enc_fcst_v27b_dk08_ffnfp16_resume20k_50k_best_gap.pth
  -> Saved /home/jupyter/contrastive-forecasting/checkpoints/enc_fcst_v27b_dk08_ffnfp16_resume20k_50k_best_loss.pth
[  22700] loss=2.0869  ema_loss=2.0885  gap=1.0346  ema_gap=1.0339  mixup=27/100  3.2 sps  ETA 2.4h
              R²_rand=0.9901  R²_naive=0.9906  U_t=0.1369  U_b=0.1406  AUC=1.0000  Top1=1.0000
  timing: data=42.5ms  fwd=93.6ms  bwd=69.4ms  total=206.1ms
  -> Saved /home/jupyter/contrastive-forecasting/checkpoints/enc_fcst_v27b_dk08_ffnfp16_resume20k_50k_best_gap.pth
[  22800] loss=2.0839  ema_loss=2.0884  gap=1.0294  ema_gap=1.0348  mixup=31/100  3.2 sps  ETA 2.4h
              R²_rand=0.9901  R²_naive=0.9905  U_t=0.1385  U_b=0.1408  AUC=1.0000  Top1=1.0000
  timing: data=4.3ms  fwd=95.1ms  bwd=73.4ms  total=173.5ms
  -> Saved /home/jupyter/contrastive-forecasting/checkpoints/enc_fcst_v27b_dk08_ffnfp16_resume20k_50k_best_gap.pth
[  22900] loss=2.0904  ema_loss=2.0887  gap=1.0345  ema_gap=1.0354  mixup=28/100  3.2 sps  ETA 2.4h
              R²_rand=0.9901  R²_naive=0.9906  U_t=0.1383  U_b=0.1402  AUC=1.0000  Top1=1.0000
  timing: data=17.1ms  fwd=86.0ms  bwd=69.1ms  total=172.8ms
  -> Saved /home/jupyter/contrastive-forecasting/checkpoints/enc_fcst_v27b_dk08_ffnfp16_resume20k_50k_best_gap.pth
[  23000] loss=2.0850  ema_loss=2.0884  gap=1.0331  ema_gap=1.0358  mixup=28/100  3.2 sps  ETA 2.3h
              R²_rand=0.9902  R²_naive=0.9906  U_t=0.1381  U_b=0.1406  AUC=1.0000  Top1=1.0000
  timing: data=17.7ms  fwd=85.5ms  bwd=68.9ms  total=172.7ms
  -> Saved /home/jupyter/contrastive-forecasting/checkpoints/enc_fcst_v27b_dk08_ffnfp16_resume20k_50k_best_gap.pth
[  23100] loss=2.0908  ema_loss=2.0889  gap=1.0372  ema_gap=1.0356  mixup=26/100  3.2 sps  ETA 2.3h
              R²_rand=0.9899  R²_naive=0.9904  U_t=0.1365  U_b=0.1410  AUC=1.0000  Top1=1.0000
  timing: data=3.4ms  fwd=86.4ms  bwd=69.0ms  total=159.4ms
[  23200] loss=2.0848  ema_loss=2.0882  gap=1.0389  ema_gap=1.0358  mixup=29/100  3.2 sps  ETA 2.3h
              R²_rand=0.9900  R²_naive=0.9905  U_t=0.1384  U_b=0.1408  AUC=1.0000  Top1=1.0000
  timing: data=16.9ms  fwd=83.8ms  bwd=68.9ms  total=170.2ms
  -> Saved /home/jupyter/contrastive-forecasting/checkpoints/enc_fcst_v27b_dk08_ffnfp16_resume20k_50k_best_gap.pth
  -> Saved /home/jupyter/contrastive-forecasting/checkpoints/enc_fcst_v27b_dk08_ffnfp16_resume20k_50k_best_loss.pth
[  23300] loss=2.0775  ema_loss=2.0821  gap=1.0373  ema_gap=1.0351  mixup=32/100  3.2 sps  ETA 2.3h
              R²_rand=0.9899  R²_naive=0.9904  U_t=0.1410  U_b=0.1432  AUC=1.0000  Top1=1.0000
  timing: data=17.5ms  fwd=86.3ms  bwd=69.3ms  total=173.8ms
  -> Saved /home/jupyter/contrastive-forecasting/checkpoints/enc_fcst_v27b_dk08_ffnfp16_resume20k_50k_best_loss.pth
[  23400] loss=2.0762  ema_loss=2.0770  gap=1.0340  ema_gap=1.0354  mixup=34/100  3.2 sps  ETA 2.3h
              R²_rand=0.9900  R²_naive=0.9905  U_t=0.1422  U_b=0.1429  AUC=1.0000  Top1=1.0000
  timing: data=4.6ms  fwd=87.6ms  bwd=69.2ms  total=162.0ms
  -> Saved /home/jupyter/contrastive-forecasting/checkpoints/enc_fcst_v27b_dk08_ffnfp16_resume20k_50k_best_loss.pth
[  23500] loss=2.0759  ema_loss=2.0750  gap=1.0364  ema_gap=1.0354  mixup=27/100  3.2 sps  ETA 2.3h
              R²_rand=0.9900  R²_naive=0.9904  U_t=0.1399  U_b=0.1428  AUC=1.0000  Top1=1.0000
  timing: data=17.7ms  fwd=85.1ms  bwd=69.3ms  total=172.7ms
  -> Saved /home/jupyter/contrastive-forecasting/checkpoints/enc_fcst_v27b_dk08_ffnfp16_resume20k_50k_best_loss.pth
[  23600] loss=2.0736  ema_loss=2.0746  gap=1.0419  ema_gap=1.0358  mixup=33/100  3.2 sps  ETA 2.3h
              R²_rand=0.9898  R²_naive=0.9903  U_t=0.1421  U_b=0.1430  AUC=1.0000  Top1=1.0000
  timing: data=18.8ms  fwd=84.5ms  bwd=69.4ms  total=173.3ms
  -> Saved /home/jupyter/contrastive-forecasting/checkpoints/enc_fcst_v27b_dk08_ffnfp16_resume20k_50k_best_gap.pth
  -> Saved /home/jupyter/contrastive-forecasting/checkpoints/enc_fcst_v27b_dk08_ffnfp16_resume20k_50k_best_loss.pth
[  23700] loss=2.0779  ema_loss=2.0751  gap=1.0386  ema_gap=1.0363  mixup=25/100  3.2 sps  ETA 2.3h
              R²_rand=0.9897  R²_naive=0.9902  U_t=0.1406  U_b=0.1432  AUC=1.0000  Top1=1.0000
  timing: data=3.6ms  fwd=90.2ms  bwd=69.5ms  total=163.9ms
  -> Saved /home/jupyter/contrastive-forecasting/checkpoints/enc_fcst_v27b_dk08_ffnfp16_resume20k_50k_best_gap.pth
[  23800] loss=2.0727  ema_loss=2.0740  gap=1.0442  ema_gap=1.0372  mixup=37/100  3.2 sps  ETA 2.3h
              R²_rand=0.9898  R²_naive=0.9905  U_t=0.1401  U_b=0.1434  AUC=1.0000  Top1=1.0000
  timing: data=17.3ms  fwd=90.2ms  bwd=73.5ms  total=181.7ms
  -> Saved /home/jupyter/contrastive-forecasting/checkpoints/enc_fcst_v27b_dk08_ffnfp16_resume20k_50k_best_gap.pth
  -> Saved /home/jupyter/contrastive-forecasting/checkpoints/enc_fcst_v27b_dk08_ffnfp16_resume20k_50k_best_loss.pth
[  23900] loss=2.0741  ema_loss=2.0735  gap=1.0384  ema_gap=1.0374  mixup=28/100  3.2 sps  ETA 2.3h
              R²_rand=0.9901  R²_naive=0.9906  U_t=0.1409  U_b=0.1429  AUC=1.0000  Top1=1.0000
  timing: data=16.6ms  fwd=82.2ms  bwd=69.0ms  total=168.2ms
  -> Saved /home/jupyter/contrastive-forecasting/checkpoints/enc_fcst_v27b_dk08_ffnfp16_resume20k_50k_best_gap.pth
  -> Saved /home/jupyter/contrastive-forecasting/checkpoints/enc_fcst_v27b_dk08_ffnfp16_resume20k_50k_best_loss.pth
[  24000] loss=2.0709  ema_loss=2.0727  gap=1.0348  ema_gap=1.0379  mixup=25/100  3.2 sps  ETA 2.2h
              R²_rand=0.9900  R²_naive=0.9904  U_t=0.1416  U_b=0.1431  AUC=1.0000  Top1=1.0000
  timing: data=4.3ms  fwd=84.2ms  bwd=69.1ms  total=158.0ms
  -> Saved /home/jupyter/contrastive-forecasting/checkpoints/enc_fcst_v27b_dk08_ffnfp16_resume20k_50k_best_gap.pth
  -> Saved /home/jupyter/contrastive-forecasting/checkpoints/enc_fcst_v27b_dk08_ffnfp16_resume20k_50k_best_loss.pth
[  24100] loss=2.0777  ema_loss=2.0732  gap=1.0411  ema_gap=1.0381  mixup=31/100  3.2 sps  ETA 2.2h
              R²_rand=0.9900  R²_naive=0.9905  U_t=0.1396  U_b=0.1432  AUC=1.0000  Top1=1.0000
  timing: data=18.3ms  fwd=95.2ms  bwd=69.5ms  total=183.6ms
  -> Saved /home/jupyter/contrastive-forecasting/checkpoints/enc_fcst_v27b_dk08_ffnfp16_resume20k_50k_best_gap.pth
[  24200] loss=2.0782  ema_loss=2.0733  gap=1.0402  ema_gap=1.0388  mixup=28/100  3.2 sps  ETA 2.2h
              R²_rand=0.9900  R²_naive=0.9905  U_t=0.1408  U_b=0.1432  AUC=1.0000  Top1=1.0000
  timing: data=4.1ms  fwd=87.3ms  bwd=68.9ms  total=160.8ms
  -> Saved /home/jupyter/contrastive-forecasting/checkpoints/enc_fcst_v27b_dk08_ffnfp16_resume20k_50k_best_gap.pth
[  24300] loss=2.0711  ema_loss=2.0738  gap=1.0458  ema_gap=1.0387  mixup=34/100  3.2 sps  ETA 2.2h
              R²_rand=0.9900  R²_naive=0.9906  U_t=0.1415  U_b=0.1433  AUC=1.0000  Top1=1.0000
  timing: data=21.9ms  fwd=86.1ms  bwd=68.9ms  total=177.4ms
[  24400] loss=2.0733  ema_loss=2.0733  gap=1.0352  ema_gap=1.0394  mixup=38/100  3.2 sps  ETA 2.2h
              R²_rand=0.9900  R²_naive=0.9905  U_t=0.1422  U_b=0.1432  AUC=1.0000  Top1=1.0000
  timing: data=21.1ms  fwd=84.6ms  bwd=69.1ms  total=175.3ms
  -> Saved /home/jupyter/contrastive-forecasting/checkpoints/enc_fcst_v27b_dk08_ffnfp16_resume20k_50k_best_gap.pth
[  24500] loss=2.0693  ema_loss=2.0729  gap=1.0421  ema_gap=1.0406  mixup=30/100  3.2 sps  ETA 2.2h
              R²_rand=0.9900  R²_naive=0.9905  U_t=0.1417  U_b=0.1435  AUC=1.0000  Top1=1.0000
  timing: data=4.4ms  fwd=103.9ms  bwd=69.6ms  total=178.5ms
  -> Saved /home/jupyter/contrastive-forecasting/checkpoints/enc_fcst_v27b_dk08_ffnfp16_resume20k_50k_best_gap.pth
[  24600] loss=2.0756  ema_loss=2.0730  gap=1.0371  ema_gap=1.0412  mixup=35/100  3.2 sps  ETA 2.2h
              R²_rand=0.9901  R²_naive=0.9906  U_t=0.1417  U_b=0.1428  AUC=1.0000  Top1=1.0000
  timing: data=16.7ms  fwd=89.1ms  bwd=69.1ms  total=175.5ms
  -> Saved /home/jupyter/contrastive-forecasting/checkpoints/enc_fcst_v27b_dk08_ffnfp16_resume20k_50k_best_gap.pth
[  24700] loss=2.0670  ema_loss=2.0726  gap=1.0462  ema_gap=1.0405  mixup=24/100  3.2 sps  ETA 2.2h
              R²_rand=0.9900  R²_naive=0.9906  U_t=0.1412  U_b=0.1434  AUC=1.0000  Top1=1.0000
  timing: data=18.3ms  fwd=107.3ms  bwd=70.0ms  total=196.3ms
  -> Saved /home/jupyter/contrastive-forecasting/checkpoints/enc_fcst_v27b_dk08_ffnfp16_resume20k_50k_best_loss.pth
[  24800] loss=2.0719  ema_loss=2.0725  gap=1.0397  ema_gap=1.0405  mixup=40/100  3.2 sps  ETA 2.2h
              R²_rand=0.9901  R²_naive=0.9906  U_t=0.1410  U_b=0.1429  AUC=1.0000  Top1=1.0000
  timing: data=4.4ms  fwd=91.3ms  bwd=69.4ms  total=165.8ms
  -> Saved /home/jupyter/contrastive-forecasting/checkpoints/enc_fcst_v27b_dk08_ffnfp16_resume20k_50k_best_loss.pth
[  24900] loss=2.0732  ema_loss=2.0725  gap=1.0444  ema_gap=1.0416  mixup=24/100  3.2 sps  ETA 2.2h
              R²_rand=0.9901  R²_naive=0.9907  U_t=0.1418  U_b=0.1431  AUC=1.0000  Top1=1.0000
  timing: data=20.2ms  fwd=87.6ms  bwd=69.3ms  total=177.7ms
  -> Saved /home/jupyter/contrastive-forecasting/checkpoints/enc_fcst_v27b_dk08_ffnfp16_resume20k_50k_best_gap.pth
[  25000] loss=2.0711  ema_loss=2.0722  gap=1.0396  ema_gap=1.0423  mixup=30/100  3.2 sps  ETA 2.2h
              R²_rand=0.9900  R²_naive=0.9905  U_t=0.1421  U_b=0.1433  AUC=1.0000  Top1=1.0000
  timing: data=17.9ms  fwd=87.8ms  bwd=69.3ms  total=175.7ms
  -> Saved /home/jupyter/contrastive-forecasting/checkpoints/enc_fcst_v27b_dk08_ffnfp16_resume20k_50k_best_gap.pth
  -> Saved /home/jupyter/contrastive-forecasting/checkpoints/enc_fcst_v27b_dk08_ffnfp16_resume20k_50k_best_loss.pth
  -> Saved /home/jupyter/contrastive-forecasting/checkpoints/enc_fcst_v27b_dk08_ffnfp16_resume20k_50k_25k.pth
[  25100] loss=2.0753  ema_loss=2.0718  gap=1.0425  ema_gap=1.0425  mixup=21/100  3.2 sps  ETA 2.1h
              R²_rand=0.9901  R²_naive=0.9906  U_t=0.1423  U_b=0.1428  AUC=1.0000  Top1=1.0000
  timing: data=4.0ms  fwd=104.5ms  bwd=69.7ms  total=178.9ms
  -> Saved /home/jupyter/contrastive-forecasting/checkpoints/enc_fcst_v27b_dk08_ffnfp16_resume20k_50k_best_gap.pth
  -> Saved /home/jupyter/contrastive-forecasting/checkpoints/enc_fcst_v27b_dk08_ffnfp16_resume20k_50k_best_loss.pth
[  25200] loss=2.0725  ema_loss=2.0722  gap=1.0417  ema_gap=1.0419  mixup=31/100  3.2 sps  ETA 2.1h
              R²_rand=0.9899  R²_naive=0.9905  U_t=0.1415  U_b=0.1433  AUC=1.0000  Top1=1.0000
  timing: data=17.9ms  fwd=91.1ms  bwd=69.4ms  total=179.1ms
[  25300] loss=2.0687  ema_loss=2.0725  gap=1.0388  ema_gap=1.0414  mixup=40/100  3.2 sps  ETA 2.1h
              R²_rand=0.9901  R²_naive=0.9905  U_t=0.1435  U_b=0.1438  AUC=1.0000  Top1=1.0000
  timing: data=4.5ms  fwd=84.9ms  bwd=69.2ms  total=159.2ms
[  25400] loss=2.0746  ema_loss=2.0724  gap=1.0416  ema_gap=1.0427  mixup=37/100  3.2 sps  ETA 2.1h
              R²_rand=0.9901  R²_naive=0.9906  U_t=0.1420  U_b=0.1432  AUC=1.0000  Top1=1.0000
  timing: data=17.5ms  fwd=88.2ms  bwd=69.0ms  total=175.4ms
  -> Saved /home/jupyter/contrastive-forecasting/checkpoints/enc_fcst_v27b_dk08_ffnfp16_resume20k_50k_best_gap.pth
[  25500] loss=2.0711  ema_loss=2.0720  gap=1.0465  ema_gap=1.0438  mixup=32/100  3.2 sps  ETA 2.1h
              R²_rand=0.9902  R²_naive=0.9908  U_t=0.1424  U_b=0.1431  AUC=1.0000  Top1=1.0000
  timing: data=17.6ms  fwd=85.8ms  bwd=69.1ms  total=173.0ms
  -> Saved /home/jupyter/contrastive-forecasting/checkpoints/enc_fcst_v27b_dk08_ffnfp16_resume20k_50k_best_gap.pth
[  25600] loss=2.0727  ema_loss=2.0717  gap=1.0463  ema_gap=1.0436  mixup=35/100  3.2 sps  ETA 2.1h
              R²_rand=0.9901  R²_naive=0.9907  U_t=0.1418  U_b=0.1429  AUC=1.0000  Top1=1.0000
  timing: data=4.2ms  fwd=87.2ms  bwd=69.1ms  total=161.1ms
  -> Saved /home/jupyter/contrastive-forecasting/checkpoints/enc_fcst_v27b_dk08_ffnfp16_resume20k_50k_best_loss.pth
[  25700] loss=2.0734  ema_loss=2.0722  gap=1.0479  ema_gap=1.0441  mixup=35/100  3.2 sps  ETA 2.1h
              R²_rand=0.9899  R²_naive=0.9905  U_t=0.1427  U_b=0.1430  AUC=1.0000  Top1=1.0000
  timing: data=18.8ms  fwd=87.3ms  bwd=69.2ms  total=175.8ms
  -> Saved /home/jupyter/contrastive-forecasting/checkpoints/enc_fcst_v27b_dk08_ffnfp16_resume20k_50k_best_gap.pth
[  25800] loss=2.0745  ema_loss=2.0719  gap=1.0465  ema_gap=1.0454  mixup=29/100  3.2 sps  ETA 2.1h
              R²_rand=0.9901  R²_naive=0.9907  U_t=0.1414  U_b=0.1434  AUC=1.0000  Top1=1.0000
  timing: data=20.0ms  fwd=86.1ms  bwd=69.3ms  total=176.0ms
  -> Saved /home/jupyter/contrastive-forecasting/checkpoints/enc_fcst_v27b_dk08_ffnfp16_resume20k_50k_best_gap.pth
[  25900] loss=2.0700  ema_loss=2.0717  gap=1.0425  ema_gap=1.0450  mixup=33/100  3.2 sps  ETA 2.1h
              R²_rand=0.9902  R²_naive=0.9907  U_t=0.1425  U_b=0.1436  AUC=1.0000  Top1=1.0000
  timing: data=4.7ms  fwd=109.8ms  bwd=79.7ms  total=195.0ms
  -> Saved /home/jupyter/contrastive-forecasting/checkpoints/enc_fcst_v27b_dk08_ffnfp16_resume20k_50k_best_loss.pth
[  26000] loss=2.0670  ema_loss=2.0715  gap=1.0454  ema_gap=1.0450  mixup=31/100  3.2 sps  ETA 2.1h
              R²_rand=0.9901  R²_naive=0.9906  U_t=0.1425  U_b=0.1435  AUC=1.0000  Top1=1.0000
  timing: data=17.2ms  fwd=87.2ms  bwd=69.2ms  total=174.1ms
  -> Saved /home/jupyter/contrastive-forecasting/checkpoints/enc_fcst_v27b_dk08_ffnfp16_resume20k_50k_best_loss.pth
[  26100] loss=2.0744  ema_loss=2.0716  gap=1.0463  ema_gap=1.0464  mixup=28/100  3.2 sps  ETA 2.1h
              R²_rand=0.9899  R²_naive=0.9905  U_t=0.1422  U_b=0.1432  AUC=1.0000  Top1=1.0000
  timing: data=16.6ms  fwd=87.2ms  bwd=69.0ms  total=173.4ms
  -> Saved /home/jupyter/contrastive-forecasting/checkpoints/enc_fcst_v27b_dk08_ffnfp16_resume20k_50k_best_gap.pth
[  26200] loss=2.0737  ema_loss=2.0719  gap=1.0463  ema_gap=1.0475  mixup=30/100  3.2 sps  ETA 2.0h
              R²_rand=0.9901  R²_naive=0.9906  U_t=0.1425  U_b=0.1434  AUC=1.0000  Top1=1.0000
  timing: data=3.7ms  fwd=87.2ms  bwd=69.0ms  total=160.5ms
  -> Saved /home/jupyter/contrastive-forecasting/checkpoints/enc_fcst_v27b_dk08_ffnfp16_resume20k_50k_best_gap.pth
[  26300] loss=2.0726  ema_loss=2.0720  gap=1.0476  ema_gap=1.0480  mixup=26/100  3.2 sps  ETA 2.0h
              R²_rand=0.9902  R²_naive=0.9908  U_t=0.1425  U_b=0.1431  AUC=1.0000  Top1=1.0000
  timing: data=16.3ms  fwd=86.3ms  bwd=69.1ms  total=172.3ms
  -> Saved /home/jupyter/contrastive-forecasting/checkpoints/enc_fcst_v27b_dk08_ffnfp16_resume20k_50k_best_gap.pth
[  26400] loss=2.0692  ema_loss=2.0718  gap=1.0468  ema_gap=1.0478  mixup=31/100  3.2 sps  ETA 2.0h
              R²_rand=0.9898  R²_naive=0.9906  U_t=0.1434  U_b=0.1437  AUC=1.0000  Top1=1.0000
  timing: data=16.6ms  fwd=86.4ms  bwd=69.3ms  total=172.8ms
[  26500] loss=2.0702  ema_loss=2.0715  gap=1.0408  ema_gap=1.0478  mixup=29/100  3.2 sps  ETA 2.0h
              R²_rand=0.9902  R²_naive=0.9907  U_t=0.1438  U_b=0.1434  AUC=1.0000  Top1=1.0000
  timing: data=3.5ms  fwd=87.7ms  bwd=69.0ms  total=160.8ms
  -> Saved /home/jupyter/contrastive-forecasting/checkpoints/enc_fcst_v27b_dk08_ffnfp16_resume20k_50k_best_loss.pth
[  26600] loss=2.0741  ema_loss=2.0711  gap=1.0493  ema_gap=1.0483  mixup=30/100  3.2 sps  ETA 2.0h
              R²_rand=0.9901  R²_naive=0.9907  U_t=0.1431  U_b=0.1430  AUC=1.0000  Top1=1.0000
  timing: data=17.9ms  fwd=93.0ms  bwd=76.9ms  total=188.5ms
  -> Saved /home/jupyter/contrastive-forecasting/checkpoints/enc_fcst_v27b_dk08_ffnfp16_resume20k_50k_best_gap.pth
  -> Saved /home/jupyter/contrastive-forecasting/checkpoints/enc_fcst_v27b_dk08_ffnfp16_resume20k_50k_best_loss.pth
[  26700] loss=2.0701  ema_loss=2.0709  gap=1.0460  ema_gap=1.0480  mixup=27/100  3.2 sps  ETA 2.0h
              R²_rand=0.9903  R²_naive=0.9908  U_t=0.1425  U_b=0.1438  AUC=1.0000  Top1=1.0000
  timing: data=3.8ms  fwd=90.9ms  bwd=69.2ms  total=164.6ms
  -> Saved /home/jupyter/contrastive-forecasting/checkpoints/enc_fcst_v27b_dk08_ffnfp16_resume20k_50k_best_loss.pth
[  26800] loss=2.0702  ema_loss=2.0707  gap=1.0520  ema_gap=1.0487  mixup=34/100  3.2 sps  ETA 2.0h
              R²_rand=0.9901  R²_naive=0.9907  U_t=0.1426  U_b=0.1431  AUC=1.0000  Top1=1.0000
  timing: data=17.7ms  fwd=85.2ms  bwd=69.0ms  total=172.5ms
  -> Saved /home/jupyter/contrastive-forecasting/checkpoints/enc_fcst_v27b_dk08_ffnfp16_resume20k_50k_best_gap.pth
  -> Saved /home/jupyter/contrastive-forecasting/checkpoints/enc_fcst_v27b_dk08_ffnfp16_resume20k_50k_best_loss.pth
[  26900] loss=2.0722  ema_loss=2.0709  gap=1.0555  ema_gap=1.0494  mixup=32/100  3.2 sps  ETA 2.0h
              R²_rand=0.9901  R²_naive=0.9908  U_t=0.1427  U_b=0.1430  AUC=1.0000  Top1=1.0000
  timing: data=25.1ms  fwd=97.9ms  bwd=69.5ms  total=193.2ms
  -> Saved /home/jupyter/contrastive-forecasting/checkpoints/enc_fcst_v27b_dk08_ffnfp16_resume20k_50k_best_gap.pth
[  27000] loss=2.0709  ema_loss=2.0710  gap=1.0483  ema_gap=1.0492  mixup=32/100  3.2 sps  ETA 2.0h
              R²_rand=0.9901  R²_naive=0.9907  U_t=0.1433  U_b=0.1434  AUC=1.0000  Top1=1.0000
  timing: data=4.9ms  fwd=86.9ms  bwd=69.0ms  total=161.4ms
[  27100] loss=2.0704  ema_loss=2.0712  gap=1.0548  ema_gap=1.0498  mixup=27/100  3.2 sps  ETA 2.0h
              R²_rand=0.9900  R²_naive=0.9907  U_t=0.1435  U_b=0.1435  AUC=1.0000  Top1=1.0000
  timing: data=17.3ms  fwd=82.5ms  bwd=75.9ms  total=176.3ms
  -> Saved /home/jupyter/contrastive-forecasting/checkpoints/enc_fcst_v27b_dk08_ffnfp16_resume20k_50k_best_gap.pth
[  27200] loss=2.0713  ema_loss=2.0713  gap=1.0542  ema_gap=1.0509  mixup=30/100  3.2 sps  ETA 2.0h
              R²_rand=0.9901  R²_naive=0.9908  U_t=0.1430  U_b=0.1433  AUC=1.0000  Top1=1.0000
  timing: data=18.4ms  fwd=101.7ms  bwd=69.9ms  total=190.7ms
  -> Saved /home/jupyter/contrastive-forecasting/checkpoints/enc_fcst_v27b_dk08_ffnfp16_resume20k_50k_best_gap.pth
[  27300] loss=2.0654  ema_loss=2.0712  gap=1.0527  ema_gap=1.0514  mixup=27/100  3.2 sps  ETA 2.0h
              R²_rand=0.9901  R²_naive=0.9907  U_t=0.1412  U_b=0.1434  AUC=1.0000  Top1=1.0000
  timing: data=4.1ms  fwd=108.9ms  bwd=75.6ms  total=189.4ms
  -> Saved /home/jupyter/contrastive-forecasting/checkpoints/enc_fcst_v27b_dk08_ffnfp16_resume20k_50k_best_gap.pth
[  27400] loss=2.0648  ema_loss=2.0704  gap=1.0511  ema_gap=1.0515  mixup=22/100  3.2 sps  ETA 1.9h
              R²_rand=0.9900  R²_naive=0.9907  U_t=0.1427  U_b=0.1432  AUC=1.0000  Top1=1.0000
  timing: data=39.9ms  fwd=89.8ms  bwd=69.4ms  total=199.7ms
  -> Saved /home/jupyter/contrastive-forecasting/checkpoints/enc_fcst_v27b_dk08_ffnfp16_resume20k_50k_best_gap.pth
  -> Saved /home/jupyter/contrastive-forecasting/checkpoints/enc_fcst_v27b_dk08_ffnfp16_resume20k_50k_best_loss.pth
[  27500] loss=2.0757  ema_loss=2.0719  gap=1.0461  ema_gap=1.0513  mixup=37/100  3.2 sps  ETA 1.9h
              R²_rand=0.9900  R²_naive=0.9906  U_t=0.1427  U_b=0.1432  AUC=1.0000  Top1=1.0000
  timing: data=18.5ms  fwd=89.7ms  bwd=69.3ms  total=178.1ms
[  27600] loss=2.0743  ema_loss=2.0716  gap=1.0545  ema_gap=1.0520  mixup=31/100  3.2 sps  ETA 1.9h
              R²_rand=0.9902  R²_naive=0.9908  U_t=0.1424  U_b=0.1429  AUC=1.0000  Top1=1.0000
  timing: data=4.2ms  fwd=89.8ms  bwd=69.1ms  total=163.7ms
  -> Saved /home/jupyter/contrastive-forecasting/checkpoints/enc_fcst_v27b_dk08_ffnfp16_resume20k_50k_best_gap.pth
[  27700] loss=2.0680  ema_loss=2.0710  gap=1.0488  ema_gap=1.0520  mixup=26/100  3.2 sps  ETA 1.9h
              R²_rand=0.9901  R²_naive=0.9907  U_t=0.1426  U_b=0.1435  AUC=1.0000  Top1=1.0000
  timing: data=18.0ms  fwd=99.5ms  bwd=69.6ms  total=187.8ms
[  27800] loss=2.0744  ema_loss=2.0708  gap=1.0458  ema_gap=1.0521  mixup=34/100  3.2 sps  ETA 1.9h
              R²_rand=0.9901  R²_naive=0.9906  U_t=0.1430  U_b=0.1433  AUC=1.0000  Top1=1.0000
  timing: data=20.3ms  fwd=86.4ms  bwd=72.6ms  total=180.0ms
  -> Saved /home/jupyter/contrastive-forecasting/checkpoints/enc_fcst_v27b_dk08_ffnfp16_resume20k_50k_best_gap.pth
[  27900] loss=2.0715  ema_loss=2.0707  gap=1.0516  ema_gap=1.0526  mixup=30/100  3.2 sps  ETA 1.9h
              R²_rand=0.9902  R²_naive=0.9908  U_t=0.1432  U_b=0.1430  AUC=1.0000  Top1=1.0000
  timing: data=5.3ms  fwd=107.0ms  bwd=69.8ms  total=182.7ms
  -> Saved /home/jupyter/contrastive-forecasting/checkpoints/enc_fcst_v27b_dk08_ffnfp16_resume20k_50k_best_gap.pth
[  28000] loss=2.0704  ema_loss=2.0707  gap=1.0508  ema_gap=1.0531  mixup=39/100  3.2 sps  ETA 1.9h
              R²_rand=0.9903  R²_naive=0.9909  U_t=0.1433  U_b=0.1433  AUC=1.0000  Top1=1.0000
  timing: data=17.5ms  fwd=85.7ms  bwd=69.2ms  total=173.0ms
  -> Saved /home/jupyter/contrastive-forecasting/checkpoints/enc_fcst_v27b_dk08_ffnfp16_resume20k_50k_best_gap.pth
[  28100] loss=2.0700  ema_loss=2.0708  gap=1.0487  ema_gap=1.0534  mixup=38/100  3.2 sps  ETA 1.9h
              R²_rand=0.9901  R²_naive=0.9907  U_t=0.1442  U_b=0.1434  AUC=1.0000  Top1=1.0000
  timing: data=5.9ms  fwd=110.9ms  bwd=72.1ms  total=189.6ms
  -> Saved /home/jupyter/contrastive-forecasting/checkpoints/enc_fcst_v27b_dk08_ffnfp16_resume20k_50k_best_gap.pth
[  28200] loss=2.0688  ema_loss=2.0703  gap=1.0483  ema_gap=1.0535  mixup=25/100  3.2 sps  ETA 1.9h
              R²_rand=0.9901  R²_naive=0.9907  U_t=0.1429  U_b=0.1434  AUC=1.0000  Top1=1.0000
  timing: data=20.8ms  fwd=99.6ms  bwd=70.0ms  total=191.1ms
  -> Saved /home/jupyter/contrastive-forecasting/checkpoints/enc_fcst_v27b_dk08_ffnfp16_resume20k_50k_best_gap.pth
  -> Saved /home/jupyter/contrastive-forecasting/checkpoints/enc_fcst_v27b_dk08_ffnfp16_resume20k_50k_best_loss.pth
