  [checkpoint] Branching to 'bb_small_arm4_combab_xshh_allt_moco_enc3l3_b64_200k_sigreg_ema_qk_aon_cpc_tau090_cf373k3_r2'.
  [checkpoint] Restored optimizer from /root/cf373_runs/bb_small_arm4_combab_xshh_allt_moco_enc3l3_b64_200k_sigreg_ema_qk_aon_cpc_tau090_cf373k3/bb_small_arm4_combab_xshh_allt_moco_enc3l3_b64_200k_sigreg_ema_qk_aon_cpc_tau090_cf373k3_40k_optimizer.pth (step=40000, best_ff=-0.2714)
Resumed from /root/cf373_runs/bb_small_arm4_combab_xshh_allt_moco_enc3l3_b64_200k_sigreg_ema_qk_aon_cpc_tau090_cf373k3/bb_small_arm4_combab_xshh_allt_moco_enc3l3_b64_200k_sigreg_ema_qk_aon_cpc_tau090_cf373k3_40k.pth at step 40000
Device: cuda | Params: 720,668
Training for 100000 steps, bs=64, lr=0.001, T=4096, C=1, mix_ratio=0.0078125, freq_emb_dim=3, seasonality_emb_dim=3, mixup_p=0.3, rev_norm_kind=ewma(span=128), patch_stats=none, encoder_type=gru
Checkpoints: /root/cf373_runs/bb_small_arm4_combab_xshh_allt_moco_enc3l3_b64_200k_sigreg_ema_qk_aon_cpc_tau090_cf373k3/bb_small_arm4_combab_xshh_allt_moco_enc3l3_b64_200k_sigreg_ema_qk_aon_cpc_tau090_cf373k3_r2_*.pth
Loss CSV: /root/cf373_runs/bb_small_arm4_combab_xshh_allt_moco_enc3l3_b64_200k_sigreg_ema_qk_aon_cpc_tau090_cf373k3/bb_small_arm4_combab_xshh_allt_moco_enc3l3_b64_200k_sigreg_ema_qk_aon_cpc_tau090_cf373k3_r2_losses.csv
Latent-drift CSV: /root/cf373_runs/bb_small_arm4_combab_xshh_allt_moco_enc3l3_b64_200k_sigreg_ema_qk_aon_cpc_tau090_cf373k3/bb_small_arm4_combab_xshh_allt_moco_enc3l3_b64_200k_sigreg_ema_qk_aon_cpc_tau090_cf373k3_r2_latent_drift.csv (every 20000 steps, probe_bs=64, probe_seed=20260722)
Attn-amplitude CSV: /root/cf373_runs/bb_small_arm4_combab_xshh_allt_moco_enc3l3_b64_200k_sigreg_ema_qk_aon_cpc_tau090_cf373k3/bb_small_arm4_combab_xshh_allt_moco_enc3l3_b64_200k_sigreg_ema_qk_aon_cpc_tau090_cf373k3_r2_attn_amplitude.csv (every 200 steps)
Data: MIX 99% HF + 1% synth (forked-arma) + 0% crossfade + 1 triplet(s)=3 rows, hf_bs=64, synth_bs=0, cross_bs=0, total_bs=67
  [dataloader] 4274 shards, 42740000 total rows, target skip 2560000
  [dataloader] Fast-skip: starting at shard 256/4274, then skipping 0 rows within it
[  40200] loss=20.3822  ema_loss=20.2609  gap=-0.3148  ema_gap=-0.3153  mixup=59/200  1.1 sps  ETA 14.6h
              R²_rand=0.2648  R²_naive=0.1394  U_t=0.4303  U_b=0.9166  AUC=0.8982  Top1=0.2915
  timing: data=70.1ms  fwd=413.7ms  bwd=382.9ms  total=868.0ms
[  40400] loss=20.1146  ema_loss=20.2692  gap=-0.3147  ema_gap=-0.3160  mixup=58/200  1.2 sps  ETA 13.8h
              R²_rand=0.2652  R²_naive=0.1407  U_t=0.4029  U_b=0.8099  AUC=0.8836  Top1=0.2019
  timing: data=9.7ms  fwd=398.3ms  bwd=376.0ms  total=785.2ms
[  40600] loss=20.4224  ema_loss=20.1850  gap=-0.3171  ema_gap=-0.3130  mixup=58/200  1.2 sps  ETA 13.6h
              R²_rand=0.2643  R²_naive=0.1410  U_t=0.4284  U_b=0.8774  AUC=0.8973  Top1=0.2453
  timing: data=8.5ms  fwd=397.5ms  bwd=379.8ms  total=787.1ms
[  40800] loss=19.8446  ema_loss=19.9631  gap=-0.3036  ema_gap=-0.3085  mixup=56/200  1.2 sps  ETA 13.5h
              R²_rand=0.2549  R²_naive=0.1444  U_t=0.4490  U_b=0.8955  AUC=0.9001  Top1=0.2578
  timing: data=35.6ms  fwd=391.8ms  bwd=372.5ms  total=801.2ms
[  41000] loss=20.4514  ema_loss=19.9252  gap=-0.3128  ema_gap=-0.3065  mixup=55/200  1.2 sps  ETA 13.3h
              R²_rand=0.2777  R²_naive=0.1495  U_t=0.3967  U_b=0.8657  AUC=0.9081  Top1=0.2290
  timing: data=8.9ms  fwd=386.9ms  bwd=365.6ms  total=762.7ms
[  41200] loss=20.2243  ema_loss=19.9587  gap=-0.3077  ema_gap=-0.3048  mixup=61/200  1.2 sps  ETA 13.2h
              R²_rand=0.2428  R²_naive=0.1381  U_t=0.4227  U_b=0.8997  AUC=0.8999  Top1=0.2822
  timing: data=9.4ms  fwd=411.7ms  bwd=386.2ms  total=808.6ms
[  41400] loss=19.9470  ema_loss=20.1061  gap=-0.2987  ema_gap=-0.3045  mixup=59/200  1.2 sps  ETA 13.3h
              R²_rand=0.2896  R²_naive=0.1515  U_t=0.3972  U_b=0.8788  AUC=0.9143  Top1=0.2418
  timing: data=35.8ms  fwd=407.5ms  bwd=388.3ms  total=833.0ms
[  41600] loss=20.3101  ema_loss=20.1030  gap=-0.3122  ema_gap=-0.3040  mixup=56/200  1.2 sps  ETA 13.2h
              R²_rand=0.2185  R²_naive=0.1413  U_t=0.4424  U_b=0.8978  AUC=0.8970  Top1=0.2426
  timing: data=9.9ms  fwd=408.1ms  bwd=388.5ms  total=808.0ms
[  41800] loss=20.8830  ema_loss=20.1544  gap=-0.3042  ema_gap=-0.3064  mixup=52/200  1.2 sps  ETA 13.2h
              R²_rand=0.2726  R²_naive=0.1439  U_t=0.4547  U_b=0.9073  AUC=0.9063  Top1=0.2746
  timing: data=9.9ms  fwd=419.5ms  bwd=395.4ms  total=826.2ms
[  42000] loss=19.8974  ema_loss=20.1190  gap=-0.2937  ema_gap=-0.3057  mixup=56/200  1.2 sps  ETA 13.2h
              R²_rand=0.2872  R²_naive=0.1487  U_t=0.4026  U_b=0.9093  AUC=0.9041  Top1=0.2939
  timing: data=41.4ms  fwd=422.9ms  bwd=372.7ms  total=838.3ms
[  42200] loss=19.8918  ema_loss=20.1215  gap=-0.3166  ema_gap=-0.3083  mixup=50/200  1.2 sps  ETA 13.2h
              R²_rand=0.2441  R²_naive=0.1415  U_t=0.4561  U_b=0.9012  AUC=0.8852  Top1=0.2575
  timing: data=9.9ms  fwd=421.9ms  bwd=375.0ms  total=808.1ms
[  42400] loss=20.5178  ema_loss=20.2615  gap=-0.3043  ema_gap=-0.3115  mixup=73/200  1.2 sps  ETA 13.1h
              R²_rand=0.2537  R²_naive=0.1476  U_t=0.4349  U_b=0.8929  AUC=0.8955  Top1=0.2839
  timing: data=10.1ms  fwd=413.0ms  bwd=374.5ms  total=798.8ms
[  42600] loss=20.3450  ema_loss=20.0378  gap=-0.3299  ema_gap=-0.3105  mixup=57/200  1.2 sps  ETA 13.1h
              R²_rand=0.2550  R²_naive=0.1428  U_t=0.4462  U_b=0.9055  AUC=0.8923  Top1=0.2619
  timing: data=37.0ms  fwd=421.0ms  bwd=378.3ms  total=837.5ms
[  42800] loss=20.2304  ema_loss=20.0783  gap=-0.3060  ema_gap=-0.3119  mixup=69/200  1.2 sps  ETA 13.0h
              R²_rand=0.2774  R²_naive=0.1461  U_t=0.4353  U_b=0.9064  AUC=0.9051  Top1=0.2923
  timing: data=10.3ms  fwd=425.4ms  bwd=378.8ms  total=815.7ms
[  43000] loss=20.2638  ema_loss=20.0474  gap=-0.3118  ema_gap=-0.3115  mixup=62/200  1.2 sps  ETA 13.0h
              R²_rand=0.2667  R²_naive=0.1459  U_t=0.4466  U_b=0.9097  AUC=0.8962  Top1=0.2453
  timing: data=10.3ms  fwd=424.4ms  bwd=368.3ms  total=804.3ms
[  43200] loss=21.4674  ema_loss=20.2243  gap=-0.3176  ema_gap=-0.3126  mixup=65/200  1.2 sps  ETA 12.9h
              R²_rand=0.2356  R²_naive=0.1397  U_t=0.4673  U_b=0.8981  AUC=0.8954  Top1=0.2722
  timing: data=34.2ms  fwd=418.4ms  bwd=371.8ms  total=825.7ms
[  43400] loss=20.7214  ema_loss=20.3717  gap=-0.3130  ema_gap=-0.3138  mixup=56/200  1.2 sps  ETA 12.9h
              R²_rand=0.2583  R²_naive=0.1449  U_t=0.4364  U_b=0.8878  AUC=0.9084  Top1=0.2545
  timing: data=9.6ms  fwd=419.4ms  bwd=375.6ms  total=805.9ms
[  43600] loss=20.4110  ema_loss=20.4567  gap=-0.3049  ema_gap=-0.3118  mixup=62/200  1.2 sps  ETA 12.8h
              R²_rand=0.2585  R²_naive=0.1390  U_t=0.4476  U_b=0.8805  AUC=0.9026  Top1=0.2757
  timing: data=9.6ms  fwd=410.9ms  bwd=357.0ms  total=778.6ms
[  43800] loss=19.5981  ema_loss=20.3041  gap=-0.3148  ema_gap=-0.3108  mixup=58/200  1.2 sps  ETA 12.8h
              R²_rand=0.2830  R²_naive=0.1454  U_t=0.4175  U_b=0.9099  AUC=0.9005  Top1=0.2898
  timing: data=31.6ms  fwd=434.8ms  bwd=389.1ms  total=856.8ms
[  44000] loss=19.7478  ema_loss=20.1690  gap=-0.3038  ema_gap=-0.3101  mixup=67/200  1.2 sps  ETA 12.8h
              R²_rand=0.2695  R²_naive=0.1506  U_t=0.4048  U_b=0.9222  AUC=0.9208  Top1=0.3170
  timing: data=10.2ms  fwd=420.8ms  bwd=380.4ms  total=812.7ms
[  44200] loss=20.1544  ema_loss=20.1645  gap=-0.3057  ema_gap=-0.3112  mixup=62/200  1.2 sps  ETA 12.7h
              R²_rand=0.2747  R²_naive=0.1503  U_t=0.4180  U_b=0.9180  AUC=0.9104  Top1=0.3026
  timing: data=10.1ms  fwd=413.6ms  bwd=378.5ms  total=803.5ms
[  44400] loss=19.4451  ema_loss=20.0423  gap=-0.3111  ema_gap=-0.3117  mixup=57/200  1.2 sps  ETA 12.7h
              R²_rand=0.2766  R²_naive=0.1438  U_t=0.4326  U_b=0.9179  AUC=0.9136  Top1=0.3110
  timing: data=36.5ms  fwd=421.4ms  bwd=386.9ms  total=846.1ms
[  44600] loss=19.9577  ema_loss=20.1020  gap=-0.3141  ema_gap=-0.3125  mixup=62/200  1.2 sps  ETA 12.7h
              R²_rand=0.2797  R²_naive=0.1442  U_t=0.4207  U_b=0.8987  AUC=0.8930  Top1=0.2915
  timing: data=9.9ms  fwd=423.9ms  bwd=389.2ms  total=824.3ms
[  44800] loss=21.1139  ema_loss=20.1674  gap=-0.3145  ema_gap=-0.3116  mixup=67/200  1.2 sps  ETA 12.6h
              R²_rand=0.2504  R²_naive=0.1442  U_t=0.4318  U_b=0.8843  AUC=0.9008  Top1=0.2526
  timing: data=10.4ms  fwd=441.8ms  bwd=400.0ms  total=853.5ms
[  45000] loss=20.5384  ema_loss=20.2281  gap=-0.3004  ema_gap=-0.3093  mixup=65/200  1.2 sps  ETA 12.6h
              R²_rand=0.2660  R²_naive=0.1461  U_t=0.4154  U_b=0.8575  AUC=0.8959  Top1=0.2076
  timing: data=31.1ms  fwd=428.6ms  bwd=381.8ms  total=842.9ms
[  45200] loss=20.1073  ema_loss=20.1314  gap=-0.3040  ema_gap=-0.3053  mixup=58/200  1.2 sps  ETA 12.5h
              R²_rand=0.2593  R²_naive=0.1448  U_t=0.4379  U_b=0.9104  AUC=0.9026  Top1=0.2716
  timing: data=9.1ms  fwd=409.8ms  bwd=373.6ms  total=793.8ms
[  45400] loss=19.5464  ema_loss=19.8328  gap=-0.3055  ema_gap=-0.3047  mixup=56/200  1.2 sps  ETA 12.5h
              R²_rand=0.2642  R²_naive=0.1464  U_t=0.4360  U_b=0.9235  AUC=0.9030  Top1=0.2890
  timing: data=10.0ms  fwd=418.1ms  bwd=380.6ms  total=810.1ms
[  45600] loss=20.2918  ema_loss=19.6890  gap=-0.2975  ema_gap=-0.3024  mixup=66/200  1.2 sps  ETA 12.4h
              R²_rand=0.2479  R²_naive=0.1377  U_t=0.4523  U_b=0.9057  AUC=0.8881  Top1=0.2757
  timing: data=9.8ms  fwd=407.1ms  bwd=363.4ms  total=781.4ms
[  45800] loss=19.7749  ema_loss=19.8099  gap=-0.2916  ema_gap=-0.3027  mixup=57/200  1.2 sps  ETA 12.4h
              R²_rand=0.2621  R²_naive=0.1492  U_t=0.4246  U_b=0.8993  AUC=0.9011  Top1=0.2790
  timing: data=36.0ms  fwd=423.1ms  bwd=381.8ms  total=842.3ms
[  46000] loss=19.3489  ema_loss=19.8329  gap=-0.2957  ema_gap=-0.3011  mixup=64/200  1.2 sps  ETA 12.3h
              R²_rand=0.2706  R²_naive=0.1537  U_t=0.4100  U_b=0.9212  AUC=0.9029  Top1=0.3123
  timing: data=10.1ms  fwd=399.2ms  bwd=360.1ms  total=770.5ms
[  46200] loss=20.0316  ema_loss=19.8038  gap=-0.3051  ema_gap=-0.3001  mixup=59/200  1.2 sps  ETA 12.3h
              R²_rand=0.2594  R²_naive=0.1500  U_t=0.4166  U_b=0.8886  AUC=0.8936  Top1=0.2581
  timing: data=10.1ms  fwd=398.6ms  bwd=358.2ms  total=768.1ms
[  46400] loss=19.8978  ema_loss=20.0512  gap=-0.3127  ema_gap=-0.3045  mixup=62/200  1.2 sps  ETA 12.2h
              R²_rand=0.2670  R²_naive=0.1464  U_t=0.4170  U_b=0.9204  AUC=0.9114  Top1=0.2882
  timing: data=50.1ms  fwd=406.4ms  bwd=360.9ms  total=818.6ms
[  46600] loss=19.5541  ema_loss=20.1962  gap=-0.3084  ema_gap=-0.3076  mixup=74/200  1.2 sps  ETA 12.2h
              R²_rand=0.2643  R²_naive=0.1456  U_t=0.4300  U_b=0.9127  AUC=0.9008  Top1=0.2570
  timing: data=9.4ms  fwd=414.5ms  bwd=374.2ms  total=799.3ms
[  46800] loss=20.9603  ema_loss=20.1695  gap=-0.3186  ema_gap=-0.3109  mixup=64/200  1.2 sps  ETA 12.1h
              R²_rand=0.2405  R²_naive=0.1374  U_t=0.4616  U_b=0.8952  AUC=0.8931  Top1=0.2396
  timing: data=11.0ms  fwd=447.8ms  bwd=402.6ms  total=862.8ms
[  47000] loss=20.2560  ema_loss=20.1982  gap=-0.3160  ema_gap=-0.3109  mixup=64/200  1.2 sps  ETA 12.1h
              R²_rand=0.2596  R²_naive=0.1413  U_t=0.4693  U_b=0.9011  AUC=0.8946  Top1=0.2703
  timing: data=40.8ms  fwd=436.5ms  bwd=384.1ms  total=862.7ms
[  47200] loss=19.0788  ema_loss=19.9089  gap=-0.2964  ema_gap=-0.3060  mixup=59/200  1.2 sps  ETA 12.1h
              R²_rand=0.2794  R²_naive=0.1602  U_t=0.4247  U_b=0.8935  AUC=0.9162  Top1=0.2727
  timing: data=10.6ms  fwd=440.6ms  bwd=390.7ms  total=843.4ms
[  47400] loss=19.5384  ema_loss=19.8922  gap=-0.3045  ema_gap=-0.3043  mixup=58/200  1.2 sps  ETA 12.0h
              R²_rand=0.2813  R²_naive=0.1522  U_t=0.4005  U_b=0.8960  AUC=0.9063  Top1=0.2830
  timing: data=10.4ms  fwd=428.6ms  bwd=385.7ms  total=826.0ms
[  47600] loss=20.3782  ema_loss=19.9801  gap=-0.2967  ema_gap=-0.3073  mixup=64/200  1.2 sps  ETA 12.0h
              R²_rand=0.2530  R²_naive=0.1491  U_t=0.4599  U_b=0.8798  AUC=0.8943  Top1=0.2166
  timing: data=40.2ms  fwd=421.4ms  bwd=374.4ms  total=837.3ms
[  47800] loss=20.3200  ema_loss=19.9590  gap=-0.3046  ema_gap=-0.3078  mixup=40/200  1.2 sps  ETA 12.0h
              R²_rand=0.2376  R²_naive=0.1466  U_t=0.4163  U_b=0.9217  AUC=0.9022  Top1=0.3126
  timing: data=9.3ms  fwd=440.4ms  bwd=394.5ms  total=845.8ms
[  48000] loss=19.3481  ema_loss=20.0058  gap=-0.2977  ema_gap=-0.3067  mixup=67/200  1.2 sps  ETA 12.0h
              R²_rand=0.2515  R²_naive=0.1473  U_t=0.4279  U_b=0.9083  AUC=0.9145  Top1=0.3085
  timing: data=11.8ms  fwd=479.7ms  bwd=429.3ms  total=922.3ms
[  48200] loss=20.0861  ema_loss=19.9957  gap=-0.3057  ema_gap=-0.3046  mixup=55/200  1.2 sps  ETA 12.0h
              R²_rand=0.2702  R²_naive=0.1401  U_t=0.4636  U_b=0.9171  AUC=0.8968  Top1=0.2640
  timing: data=37.4ms  fwd=462.1ms  bwd=427.4ms  total=928.5ms
[  48400] loss=19.6447  ema_loss=20.0529  gap=-0.2883  ema_gap=-0.3032  mixup=66/200  1.2 sps  ETA 11.9h
              R²_rand=0.2887  R²_naive=0.1538  U_t=0.4316  U_b=0.8946  AUC=0.9104  Top1=0.2630
  timing: data=10.2ms  fwd=432.2ms  bwd=396.1ms  total=840.0ms
[  48600] loss=20.6497  ema_loss=20.1516  gap=-0.3163  ema_gap=-0.3066  mixup=60/200  1.2 sps  ETA 11.9h
              R²_rand=0.2454  R²_naive=0.1381  U_t=0.4533  U_b=0.9152  AUC=0.8930  Top1=0.2936
  timing: data=9.9ms  fwd=415.2ms  bwd=377.4ms  total=803.8ms
[  48800] loss=20.4435  ema_loss=20.0871  gap=-0.3058  ema_gap=-0.3102  mixup=61/200  1.2 sps  ETA 11.8h
              R²_rand=0.2929  R²_naive=0.1517  U_t=0.4285  U_b=0.8874  AUC=0.9150  Top1=0.2700
  timing: data=30.4ms  fwd=425.2ms  bwd=382.9ms  total=839.7ms
[  49000] loss=19.5708  ema_loss=20.0061  gap=-0.3212  ema_gap=-0.3127  mixup=62/200  1.2 sps  ETA 11.8h
              R²_rand=0.2631  R²_naive=0.1441  U_t=0.4166  U_b=0.9135  AUC=0.8993  Top1=0.2833
  timing: data=10.6ms  fwd=451.9ms  bwd=415.3ms  total=879.3ms
[  49200] loss=20.6060  ema_loss=19.9986  gap=-0.3162  ema_gap=-0.3123  mixup=63/200  1.2 sps  ETA 11.7h
              R²_rand=0.2516  R²_naive=0.1361  U_t=0.4375  U_b=0.9158  AUC=0.8916  Top1=0.2915
  timing: data=9.2ms  fwd=403.8ms  bwd=380.4ms  total=794.8ms
[  49400] loss=19.5478  ema_loss=19.8705  gap=-0.3088  ema_gap=-0.3092  mixup=57/200  1.2 sps  ETA 11.7h
              R²_rand=0.2498  R²_naive=0.1401  U_t=0.4177  U_b=0.9050  AUC=0.8972  Top1=0.2928
  timing: data=82.9ms  fwd=439.6ms  bwd=393.8ms  total=917.7ms
[  49600] loss=19.3400  ema_loss=19.8643  gap=-0.3077  ema_gap=-0.3081  mixup=67/200  1.2 sps  ETA 11.7h
              R²_rand=0.2661  R²_naive=0.1550  U_t=0.4127  U_b=0.9189  AUC=0.9095  Top1=0.2849
  timing: data=9.9ms  fwd=412.8ms  bwd=391.0ms  total=814.9ms
[  49800] loss=19.7937  ema_loss=19.7475  gap=-0.2915  ema_gap=-0.3045  mixup=57/200  1.2 sps  ETA 11.6h
              R²_rand=0.2553  R²_naive=0.1329  U_t=0.4161  U_b=0.8658  AUC=0.8994  Top1=0.2385
  timing: data=9.8ms  fwd=393.9ms  bwd=377.5ms  total=782.3ms
[  50000] loss=19.5632  ema_loss=19.8021  gap=-0.3032  ema_gap=-0.3032  mixup=59/200  1.2 sps  ETA 11.6h
              R²_rand=0.2609  R²_naive=0.1425  U_t=0.4417  U_b=0.9179  AUC=0.8999  Top1=0.2879
  timing: data=8.8ms  fwd=396.7ms  bwd=390.2ms  total=796.9ms
[  50200] loss=19.5896  ema_loss=19.7606  gap=-0.3050  ema_gap=-0.3024  mixup=55/200  1.2 sps  ETA 11.5h
              R²_rand=0.2552  R²_naive=0.1477  U_t=0.4335  U_b=0.9102  AUC=0.9045  Top1=0.2554
  timing: data=28.0ms  fwd=402.8ms  bwd=381.7ms  total=813.6ms
[  50400] loss=19.6888  ema_loss=19.6172  gap=-0.2981  ema_gap=-0.3017  mixup=61/200  1.2 sps  ETA 11.5h
              R²_rand=0.2451  R²_naive=0.1482  U_t=0.4340  U_b=0.9045  AUC=0.9036  Top1=0.2803
  timing: data=9.1ms  fwd=400.4ms  bwd=379.8ms  total=790.5ms
[  50600] loss=19.3126  ema_loss=19.6487  gap=-0.3032  ema_gap=-0.3018  mixup=50/200  1.2 sps  ETA 11.4h
              R²_rand=0.2754  R²_naive=0.1559  U_t=0.3996  U_b=0.9132  AUC=0.9092  Top1=0.3072
  timing: data=9.1ms  fwd=399.7ms  bwd=380.9ms  total=790.9ms
[  50800] loss=19.7913  ema_loss=19.6959  gap=-0.3015  ema_gap=-0.3033  mixup=63/200  1.2 sps  ETA 11.3h
              R²_rand=0.2733  R²_naive=0.1493  U_t=0.4080  U_b=0.9058  AUC=0.9135  Top1=0.3072
  timing: data=34.1ms  fwd=393.2ms  bwd=377.7ms  total=806.1ms
[  51000] loss=20.6224  ema_loss=19.9347  gap=-0.3119  ema_gap=-0.3064  mixup=70/200  1.2 sps  ETA 11.3h
              R²_rand=0.2519  R²_naive=0.1449  U_t=0.4608  U_b=0.8849  AUC=0.8891  Top1=0.2355
  timing: data=9.0ms  fwd=392.4ms  bwd=386.6ms  total=789.3ms
[  51200] loss=20.0632  ema_loss=20.0266  gap=-0.2988  ema_gap=-0.3060  mixup=61/200  1.2 sps  ETA 11.2h
              R²_rand=0.2755  R²_naive=0.1466  U_t=0.4340  U_b=0.8754  AUC=0.9055  Top1=0.2773
  timing: data=9.4ms  fwd=403.7ms  bwd=375.7ms  total=789.9ms
[  51400] loss=19.5740  ema_loss=20.0264  gap=-0.2957  ema_gap=-0.3031  mixup=66/200  1.2 sps  ETA 11.2h
              R²_rand=0.2575  R²_naive=0.1464  U_t=0.4344  U_b=0.9258  AUC=0.8981  Top1=0.3099
  timing: data=32.3ms  fwd=399.9ms  bwd=382.4ms  total=815.9ms
[  51600] loss=19.9618  ema_loss=20.0389  gap=-0.3016  ema_gap=-0.3039  mixup=55/200  1.2 sps  ETA 11.1h
              R²_rand=0.2781  R²_naive=0.1423  U_t=0.4414  U_b=0.9176  AUC=0.8923  Top1=0.3018
  timing: data=9.5ms  fwd=395.6ms  bwd=389.5ms  total=795.8ms
[  51800] loss=20.2930  ema_loss=20.0896  gap=-0.3054  ema_gap=-0.3023  mixup=54/200  1.2 sps  ETA 11.1h
              R²_rand=0.2552  R²_naive=0.1413  U_t=0.4557  U_b=0.9240  AUC=0.8942  Top1=0.2613
  timing: data=9.1ms  fwd=397.7ms  bwd=410.1ms  total=818.2ms
[  52000] loss=19.7688  ema_loss=19.9198  gap=-0.3016  ema_gap=-0.2990  mixup=58/200  1.2 sps  ETA 11.1h
              R²_rand=0.2643  R²_naive=0.1418  U_t=0.4408  U_b=0.9125  AUC=0.8917  Top1=0.2689
  timing: data=36.3ms  fwd=399.1ms  bwd=399.4ms  total=836.1ms
[  52200] loss=20.0877  ema_loss=19.6713  gap=-0.3010  ema_gap=-0.2975  mixup=53/200  1.2 sps  ETA 11.0h
              R²_rand=0.2675  R²_naive=0.1534  U_t=0.4070  U_b=0.8566  AUC=0.9049  Top1=0.2293
  timing: data=9.2ms  fwd=390.9ms  bwd=372.0ms  total=773.3ms
[  52400] loss=19.2327  ema_loss=19.5091  gap=-0.3034  ema_gap=-0.2968  mixup=61/200  1.2 sps  ETA 10.9h
              R²_rand=0.2643  R²_naive=0.1489  U_t=0.4200  U_b=0.9221  AUC=0.9062  Top1=0.2830
  timing: data=9.2ms  fwd=390.4ms  bwd=378.6ms  total=779.4ms
[  52600] loss=20.4631  ema_loss=19.6828  gap=-0.3069  ema_gap=-0.2997  mixup=58/200  1.2 sps  ETA 10.9h
              R²_rand=0.2414  R²_naive=0.1427  U_t=0.4622  U_b=0.9170  AUC=0.8893  Top1=0.2605
  timing: data=29.2ms  fwd=395.2ms  bwd=379.3ms  total=804.9ms
[  52800] loss=19.7764  ema_loss=19.7125  gap=-0.3053  ema_gap=-0.2980  mixup=59/200  1.2 sps  ETA 10.8h
              R²_rand=0.2566  R²_naive=0.1449  U_t=0.4608  U_b=0.9076  AUC=0.8887  Top1=0.2497
  timing: data=8.9ms  fwd=388.2ms  bwd=379.3ms  total=777.5ms
[  53000] loss=19.9587  ema_loss=19.7782  gap=-0.3050  ema_gap=-0.2994  mixup=63/200  1.2 sps  ETA 10.8h
              R²_rand=0.2302  R²_naive=0.1429  U_t=0.4535  U_b=0.9216  AUC=0.8909  Top1=0.2801
  timing: data=9.1ms  fwd=379.3ms  bwd=364.1ms  total=753.7ms
[  53200] loss=20.1582  ema_loss=20.0445  gap=-0.3124  ema_gap=-0.3061  mixup=51/200  1.2 sps  ETA 10.7h
              R²_rand=0.2647  R²_naive=0.1425  U_t=0.4530  U_b=0.9033  AUC=0.8934  Top1=0.2532
  timing: data=34.6ms  fwd=396.4ms  bwd=371.7ms  total=803.8ms
[  53400] loss=20.3680  ema_loss=20.1444  gap=-0.3140  ema_gap=-0.3072  mixup=50/200  1.2 sps  ETA 10.7h
              R²_rand=0.2338  R²_naive=0.1400  U_t=0.4582  U_b=0.9226  AUC=0.8878  Top1=0.2773
  timing: data=10.2ms  fwd=398.8ms  bwd=377.2ms  total=787.4ms
[  53600] loss=19.7772  ema_loss=20.3452  gap=-0.2953  ema_gap=-0.3110  mixup=74/200  1.2 sps  ETA 10.6h
              R²_rand=0.2817  R²_naive=0.1528  U_t=0.4229  U_b=0.8986  AUC=0.8979  Top1=0.2684
  timing: data=9.8ms  fwd=391.2ms  bwd=373.9ms  total=776.1ms
[  53800] loss=20.3317  ema_loss=20.2640  gap=-0.2962  ema_gap=-0.3090  mixup=50/200  1.2 sps  ETA 10.6h
              R²_rand=0.2696  R²_naive=0.1451  U_t=0.4390  U_b=0.8912  AUC=0.9111  Top1=0.2524
  timing: data=35.9ms  fwd=388.2ms  bwd=375.6ms  total=800.8ms
[  54000] loss=20.7473  ema_loss=20.2294  gap=-0.3220  ema_gap=-0.3102  mixup=64/200  1.2 sps  ETA 10.5h
              R²_rand=0.2317  R²_naive=0.1409  U_t=0.4477  U_b=0.8996  AUC=0.8768  Top1=0.2494
  timing: data=9.8ms  fwd=391.4ms  bwd=366.0ms  total=768.2ms
[  54200] loss=20.3541  ema_loss=20.0534  gap=-0.2948  ema_gap=-0.3075  mixup=73/200  1.2 sps  ETA 10.5h
              R²_rand=0.2655  R²_naive=0.1387  U_t=0.4378  U_b=0.8872  AUC=0.9034  Top1=0.2931
  timing: data=9.5ms  fwd=391.3ms  bwd=372.8ms  total=774.8ms
[  54400] loss=19.7408  ema_loss=19.7696  gap=-0.2930  ema_gap=-0.3037  mixup=58/200  1.2 sps  ETA 10.4h
              R²_rand=0.2667  R²_naive=0.1414  U_t=0.4532  U_b=0.9218  AUC=0.8944  Top1=0.2716
  timing: data=37.9ms  fwd=395.4ms  bwd=371.9ms  total=806.4ms
[  54600] loss=19.9552  ema_loss=19.6200  gap=-0.3020  ema_gap=-0.3028  mixup=57/200  1.2 sps  ETA 10.4h
              R²_rand=0.2826  R²_naive=0.1513  U_t=0.4223  U_b=0.8966  AUC=0.9122  Top1=0.2855
  timing: data=10.1ms  fwd=394.6ms  bwd=369.9ms  total=775.7ms
[  54800] loss=19.5889  ema_loss=19.5181  gap=-0.3142  ema_gap=-0.3038  mixup=62/200  1.2 sps  ETA 10.3h
              R²_rand=0.2506  R²_naive=0.1414  U_t=0.4594  U_b=0.9061  AUC=0.8933  Top1=0.2714
  timing: data=9.4ms  fwd=380.3ms  bwd=368.9ms  total=759.6ms
[  55000] loss=19.4351  ema_loss=19.4794  gap=-0.3104  ema_gap=-0.3057  mixup=51/200  1.2 sps  ETA 10.3h
              R²_rand=0.2581  R²_naive=0.1475  U_t=0.4397  U_b=0.9077  AUC=0.9009  Top1=0.2676
  timing: data=9.1ms  fwd=376.5ms  bwd=367.6ms  total=754.4ms
[  55200] loss=20.1530  ema_loss=19.6878  gap=-0.2980  ema_gap=-0.3060  mixup=65/200  1.2 sps  ETA 10.2h
              R²_rand=0.2637  R²_naive=0.1417  U_t=0.4560  U_b=0.9057  AUC=0.8990  Top1=0.2806
  timing: data=41.0ms  fwd=386.0ms  bwd=365.8ms  total=794.0ms
[  55400] loss=19.5373  ema_loss=19.7594  gap=-0.3014  ema_gap=-0.3053  mixup=60/200  1.2 sps  ETA 10.2h
              R²_rand=0.2476  R²_naive=0.1542  U_t=0.4200  U_b=0.9134  AUC=0.9053  Top1=0.2974
  timing: data=9.4ms  fwd=394.9ms  bwd=379.2ms  total=784.7ms
[  55600] loss=20.2108  ema_loss=19.7939  gap=-0.3113  ema_gap=-0.3058  mixup=60/200  1.2 sps  ETA 10.1h
              R²_rand=0.2451  R²_naive=0.1382  U_t=0.4470  U_b=0.9234  AUC=0.8898  Top1=0.2757
  timing: data=8.6ms  fwd=391.4ms  bwd=376.0ms  total=777.3ms
[  55800] loss=19.8753  ema_loss=19.6633  gap=-0.3015  ema_gap=-0.3028  mixup=56/200  1.2 sps  ETA 10.1h
              R²_rand=0.2675  R²_naive=0.1434  U_t=0.4584  U_b=0.9166  AUC=0.9002  Top1=0.2830
  timing: data=46.4ms  fwd=391.1ms  bwd=378.0ms  total=816.6ms
[  56000] loss=19.5201  ema_loss=19.6158  gap=-0.3057  ema_gap=-0.3022  mixup=59/200  1.2 sps  ETA 10.0h
              R²_rand=0.2666  R²_naive=0.1414  U_t=0.4380  U_b=0.9071  AUC=0.8892  Top1=0.2616
  timing: data=8.8ms  fwd=388.5ms  bwd=381.2ms  total=779.7ms
[  56200] loss=19.2096  ema_loss=19.8514  gap=-0.2998  ema_gap=-0.3031  mixup=61/200  1.2 sps  ETA 10.0h
              R²_rand=0.2544  R²_naive=0.1479  U_t=0.4433  U_b=0.9302  AUC=0.9069  Top1=0.2963
  timing: data=9.0ms  fwd=394.2ms  bwd=376.7ms  total=781.1ms
[  56400] loss=19.4994  ema_loss=19.7429  gap=-0.2997  ema_gap=-0.2993  mixup=67/200  1.2 sps  ETA 9.9h
              R²_rand=0.2508  R²_naive=0.1407  U_t=0.4454  U_b=0.9127  AUC=0.8889  Top1=0.2643
  timing: data=32.4ms  fwd=392.5ms  bwd=388.2ms  total=814.2ms
[  56600] loss=20.5230  ema_loss=19.6277  gap=-0.3088  ema_gap=-0.2979  mixup=65/200  1.2 sps  ETA 9.9h
              R²_rand=0.2224  R²_naive=0.1285  U_t=0.4567  U_b=0.9122  AUC=0.8732  Top1=0.2404
  timing: data=9.0ms  fwd=392.6ms  bwd=380.0ms  total=782.8ms
[  56800] loss=18.9612  ema_loss=19.5783  gap=-0.3080  ema_gap=-0.3003  mixup=57/200  1.2 sps  ETA 9.8h
              R²_rand=0.2594  R²_naive=0.1520  U_t=0.4342  U_b=0.9225  AUC=0.9120  Top1=0.2828
  timing: data=8.8ms  fwd=397.9ms  bwd=380.0ms  total=788.0ms
[  57000] loss=19.9695  ema_loss=19.6763  gap=-0.3058  ema_gap=-0.3047  mixup=51/200  1.2 sps  ETA 9.8h
              R²_rand=0.2567  R²_naive=0.1414  U_t=0.4796  U_b=0.9111  AUC=0.9049  Top1=0.3007
  timing: data=40.3ms  fwd=399.5ms  bwd=388.5ms  total=829.6ms
[  57200] loss=19.7005  ema_loss=19.8182  gap=-0.3048  ema_gap=-0.3085  mixup=66/200  1.2 sps  ETA 9.7h
              R²_rand=0.2716  R²_naive=0.1412  U_t=0.4508  U_b=0.9171  AUC=0.9044  Top1=0.2765
  timing: data=9.2ms  fwd=411.4ms  bwd=383.2ms  total=805.1ms
[  57400] loss=19.9093  ema_loss=19.8679  gap=-0.3113  ema_gap=-0.3084  mixup=60/200  1.2 sps  ETA 9.7h
              R²_rand=0.2578  R²_naive=0.1450  U_t=0.4538  U_b=0.9036  AUC=0.8958  Top1=0.2575
  timing: data=9.4ms  fwd=412.3ms  bwd=381.8ms  total=804.7ms
[  57600] loss=19.4861  ema_loss=19.8084  gap=-0.2965  ema_gap=-0.3055  mixup=57/200  1.2 sps  ETA 9.6h
              R²_rand=0.2669  R²_naive=0.1518  U_t=0.4541  U_b=0.9188  AUC=0.9113  Top1=0.2841
  timing: data=29.9ms  fwd=397.0ms  bwd=374.9ms  total=803.0ms
[  57800] loss=20.0725  ema_loss=19.8461  gap=-0.3045  ema_gap=-0.3059  mixup=62/200  1.2 sps  ETA 9.6h
              R²_rand=0.2863  R²_naive=0.1538  U_t=0.4065  U_b=0.8983  AUC=0.9089  Top1=0.2898
  timing: data=8.3ms  fwd=388.7ms  bwd=374.1ms  total=772.3ms
[  58000] loss=20.2670  ema_loss=19.7932  gap=-0.3148  ema_gap=-0.3062  mixup=57/200  1.2 sps  ETA 9.5h
              R²_rand=0.2436  R²_naive=0.1468  U_t=0.4481  U_b=0.8872  AUC=0.8876  Top1=0.2570
  timing: data=8.7ms  fwd=386.0ms  bwd=365.5ms  total=761.3ms
[  58200] loss=19.7349  ema_loss=19.9784  gap=-0.3018  ema_gap=-0.3060  mixup=58/200  1.2 sps  ETA 9.5h
              R²_rand=0.2526  R²_naive=0.1521  U_t=0.4384  U_b=0.9221  AUC=0.8953  Top1=0.2828
  timing: data=29.2ms  fwd=378.8ms  bwd=376.4ms  total=785.5ms
[  58400] loss=19.6427  ema_loss=20.1002  gap=-0.3125  ema_gap=-0.3064  mixup=61/200  1.2 sps  ETA 9.4h
              R²_rand=0.2602  R²_naive=0.1417  U_t=0.4619  U_b=0.9262  AUC=0.8871  Top1=0.2782
  timing: data=9.9ms  fwd=388.9ms  bwd=365.7ms  total=765.6ms
[  58600] loss=20.3929  ema_loss=20.0682  gap=-0.2994  ema_gap=-0.3046  mixup=61/200  1.2 sps  ETA 9.4h
              R²_rand=0.2761  R²_naive=0.1544  U_t=0.4244  U_b=0.8991  AUC=0.9121  Top1=0.2811
  timing: data=9.4ms  fwd=399.0ms  bwd=375.3ms  total=784.8ms
[  58800] loss=19.8081  ema_loss=19.8076  gap=-0.2949  ema_gap=-0.2993  mixup=67/200  1.2 sps  ETA 9.3h
              R²_rand=0.2384  R²_naive=0.1411  U_t=0.4401  U_b=0.9092  AUC=0.8971  Top1=0.2621
  timing: data=33.8ms  fwd=391.9ms  bwd=365.1ms  total=791.9ms
[  59000] loss=19.6758  ema_loss=19.5552  gap=-0.2943  ema_gap=-0.2989  mixup=52/200  1.2 sps  ETA 9.3h
              R²_rand=0.2580  R²_naive=0.1428  U_t=0.4419  U_b=0.9237  AUC=0.9032  Top1=0.2993
  timing: data=9.5ms  fwd=385.9ms  bwd=365.0ms  total=761.4ms
[  59200] loss=19.0145  ema_loss=19.5418  gap=-0.2991  ema_gap=-0.3007  mixup=59/200  1.2 sps  ETA 9.2h
              R²_rand=0.2527  R²_naive=0.1488  U_t=0.4356  U_b=0.9232  AUC=0.8919  Top1=0.2708
  timing: data=9.3ms  fwd=387.9ms  bwd=367.0ms  total=765.2ms
[  59400] loss=19.6884  ema_loss=19.5726  gap=-0.3023  ema_gap=-0.3009  mixup=74/200  1.2 sps  ETA 9.2h
              R²_rand=0.2603  R²_naive=0.1489  U_t=0.4465  U_b=0.9091  AUC=0.8939  Top1=0.2982
  timing: data=36.2ms  fwd=394.9ms  bwd=370.0ms  total=802.1ms
[  59600] loss=19.9843  ema_loss=19.5277  gap=-0.3069  ema_gap=-0.2981  mixup=64/200  1.2 sps  ETA 9.1h
              R²_rand=0.2262  R²_naive=0.1502  U_t=0.4287  U_b=0.8931  AUC=0.8915  Top1=0.2350
  timing: data=9.5ms  fwd=395.4ms  bwd=382.7ms  total=788.8ms
[  59800] loss=19.8648  ema_loss=19.4602  gap=-0.2997  ema_gap=-0.2962  mixup=63/200  1.2 sps  ETA 9.1h
              R²_rand=0.2450  R²_naive=0.1392  U_t=0.4656  U_b=0.9183  AUC=0.8832  Top1=0.2573
  timing: data=9.4ms  fwd=402.7ms  bwd=386.0ms  total=799.4ms
[  60000] loss=20.7849  ema_loss=19.3701  gap=-0.3008  ema_gap=-0.2951  mixup=56/200  1.2 sps  ETA 9.1h
              R²_rand=0.2576  R²_naive=0.1435  U_t=0.4443  U_b=0.8818  AUC=0.8914  Top1=0.2285
  timing: data=10.4ms  fwd=401.0ms  bwd=377.9ms  total=790.5ms
  -> Saved /root/cf373_runs/bb_small_arm4_combab_xshh_allt_moco_enc3l3_b64_200k_sigreg_ema_qk_aon_cpc_tau090_cf373k3/bb_small_arm4_combab_xshh_allt_moco_enc3l3_b64_200k_sigreg_ema_qk_aon_cpc_tau090_cf373k3_r2_best_loss.pth
  -> Saved /root/cf373_runs/bb_small_arm4_combab_xshh_allt_moco_enc3l3_b64_200k_sigreg_ema_qk_aon_cpc_tau090_cf373k3/bb_small_arm4_combab_xshh_allt_moco_enc3l3_b64_200k_sigreg_ema_qk_aon_cpc_tau090_cf373k3_r2_60k.pth
[  60200] loss=20.4847  ema_loss=19.4311  gap=-0.2987  ema_gap=-0.2939  mixup=62/200  1.2 sps  ETA 9.0h
              R²_rand=0.2563  R²_naive=0.1442  U_t=0.4479  U_b=0.9046  AUC=0.8873  Top1=0.2545
  timing: data=28.2ms  fwd=393.2ms  bwd=383.4ms  total=806.0ms
[  60400] loss=19.7744  ema_loss=19.3043  gap=-0.2927  ema_gap=-0.2932  mixup=61/200  1.2 sps  ETA 9.0h
              R²_rand=0.2598  R²_naive=0.1396  U_t=0.4497  U_b=0.9151  AUC=0.8901  Top1=0.2632
  timing: data=9.6ms  fwd=392.1ms  bwd=360.3ms  total=763.1ms
  -> Saved /root/cf373_runs/bb_small_arm4_combab_xshh_allt_moco_enc3l3_b64_200k_sigreg_ema_qk_aon_cpc_tau090_cf373k3/bb_small_arm4_combab_xshh_allt_moco_enc3l3_b64_200k_sigreg_ema_qk_aon_cpc_tau090_cf373k3_r2_best_loss.pth
[  60600] loss=19.9399  ema_loss=19.4150  gap=-0.2942  ema_gap=-0.2930  mixup=54/200  1.2 sps  ETA 8.9h
              R²_rand=0.2537  R²_naive=0.1425  U_t=0.4326  U_b=0.9149  AUC=0.8912  Top1=0.2836
  timing: data=9.6ms  fwd=386.1ms  bwd=366.3ms  total=763.2ms
[  60800] loss=19.4188  ema_loss=19.3547  gap=-0.2950  ema_gap=-0.2926  mixup=66/200  1.2 sps  ETA 8.9h
              R²_rand=0.2344  R²_naive=0.1369  U_t=0.4393  U_b=0.9071  AUC=0.8884  Top1=0.2635
  timing: data=32.6ms  fwd=390.2ms  bwd=358.8ms  total=782.6ms
[  61000] loss=19.9919  ema_loss=19.5070  gap=-0.3005  ema_gap=-0.2964  mixup=64/200  1.2 sps  ETA 8.8h
              R²_rand=0.2432  R²_naive=0.1413  U_t=0.4738  U_b=0.8834  AUC=0.8752  Top1=0.2106
  timing: data=9.0ms  fwd=381.2ms  bwd=345.6ms  total=736.8ms
[  61200] loss=19.0204  ema_loss=19.5849  gap=-0.2937  ema_gap=-0.2964  mixup=55/200  1.2 sps  ETA 8.8h
              R²_rand=0.2410  R²_naive=0.1404  U_t=0.4475  U_b=0.9154  AUC=0.8811  Top1=0.2480
  timing: data=9.4ms  fwd=382.9ms  bwd=355.0ms  total=748.3ms
[  61400] loss=19.9029  ema_loss=19.4908  gap=-0.2886  ema_gap=-0.2955  mixup=57/200  1.2 sps  ETA 8.7h
              R²_rand=0.2206  R²_naive=0.1340  U_t=0.4380  U_b=0.9144  AUC=0.8822  Top1=0.2754
  timing: data=39.2ms  fwd=394.2ms  bwd=363.4ms  total=797.8ms
[  61600] loss=18.3699  ema_loss=19.1748  gap=-0.2946  ema_gap=-0.2920  mixup=67/200  1.2 sps  ETA 8.7h
              R²_rand=0.2144  R²_naive=0.1482  U_t=0.4419  U_b=0.9130  AUC=0.8942  Top1=0.2532
  timing: data=9.8ms  fwd=394.1ms  bwd=361.3ms  total=766.3ms
  -> Saved /root/cf373_runs/bb_small_arm4_combab_xshh_allt_moco_enc3l3_b64_200k_sigreg_ema_qk_aon_cpc_tau090_cf373k3/bb_small_arm4_combab_xshh_allt_moco_enc3l3_b64_200k_sigreg_ema_qk_aon_cpc_tau090_cf373k3_r2_best_loss.pth
[  61800] loss=19.5154  ema_loss=19.0973  gap=-0.3083  ema_gap=-0.2946  mixup=65/200  1.2 sps  ETA 8.6h
              R²_rand=0.2478  R²_naive=0.1433  U_t=0.4504  U_b=0.9172  AUC=0.8811  Top1=0.2288
  timing: data=9.8ms  fwd=390.5ms  bwd=359.3ms  total=760.6ms
  -> Saved /root/cf373_runs/bb_small_arm4_combab_xshh_allt_moco_enc3l3_b64_200k_sigreg_ema_qk_aon_cpc_tau090_cf373k3/bb_small_arm4_combab_xshh_allt_moco_enc3l3_b64_200k_sigreg_ema_qk_aon_cpc_tau090_cf373k3_r2_best_loss.pth
[  62000] loss=19.0246  ema_loss=19.1768  gap=-0.3022  ema_gap=-0.2964  mixup=57/200  1.2 sps  ETA 8.6h
              R²_rand=0.2674  R²_naive=0.1451  U_t=0.4499  U_b=0.9105  AUC=0.8894  Top1=0.2521
  timing: data=37.1ms  fwd=397.0ms  bwd=366.5ms  total=801.8ms
[  62200] loss=20.0061  ema_loss=19.3635  gap=-0.3033  ema_gap=-0.2986  mixup=66/200  1.2 sps  ETA 8.5h
              R²_rand=0.2140  R²_naive=0.1406  U_t=0.4598  U_b=0.9017  AUC=0.8843  Top1=0.2442
  timing: data=9.3ms  fwd=387.8ms  bwd=365.4ms  total=763.6ms
[  62400] loss=19.3110  ema_loss=19.4992  gap=-0.3106  ema_gap=-0.3022  mixup=47/200  1.2 sps  ETA 8.5h
              R²_rand=0.2692  R²_naive=0.1505  U_t=0.4238  U_b=0.9064  AUC=0.9042  Top1=0.3129
  timing: data=9.8ms  fwd=398.8ms  bwd=368.6ms  total=778.3ms
[  62600] loss=20.4699  ema_loss=19.5703  gap=-0.3121  ema_gap=-0.3055  mixup=73/200  1.2 sps  ETA 8.4h
              R²_rand=0.2394  R²_naive=0.1340  U_t=0.4838  U_b=0.9019  AUC=0.8851  Top1=0.2415
  timing: data=35.0ms  fwd=391.9ms  bwd=359.2ms  total=787.3ms
[  62800] loss=20.3297  ema_loss=19.7998  gap=-0.3134  ema_gap=-0.3079  mixup=59/200  1.2 sps  ETA 8.4h
              R²_rand=0.2418  R²_naive=0.1392  U_t=0.4665  U_b=0.8893  AUC=0.8855  Top1=0.2374
  timing: data=9.9ms  fwd=393.6ms  bwd=362.4ms  total=767.0ms
[  63000] loss=19.9346  ema_loss=19.6053  gap=-0.3093  ema_gap=-0.3070  mixup=62/200  1.2 sps  ETA 8.3h
              R²_rand=0.2594  R²_naive=0.1409  U_t=0.4483  U_b=0.9084  AUC=0.9002  Top1=0.2950
  timing: data=9.2ms  fwd=383.0ms  bwd=356.2ms  total=749.5ms
[  63200] loss=20.0569  ema_loss=19.5740  gap=-0.2980  ema_gap=-0.3061  mixup=62/200  1.2 sps  ETA 8.3h
              R²_rand=0.2624  R²_naive=0.1406  U_t=0.4504  U_b=0.8905  AUC=0.8906  Top1=0.2461
  timing: data=45.9ms  fwd=386.6ms  bwd=359.9ms  total=793.5ms
[  63400] loss=19.7263  ema_loss=19.4553  gap=-0.2911  ema_gap=-0.3020  mixup=58/200  1.2 sps  ETA 8.2h
              R²_rand=0.2688  R²_naive=0.1442  U_t=0.4257  U_b=0.9232  AUC=0.9006  Top1=0.3058
  timing: data=9.7ms  fwd=385.2ms  bwd=361.4ms  total=757.3ms
[  63600] loss=19.2247  ema_loss=19.5039  gap=-0.2999  ema_gap=-0.3002  mixup=73/200  1.2 sps  ETA 8.2h
              R²_rand=0.2811  R²_naive=0.1537  U_t=0.4150  U_b=0.9019  AUC=0.9064  Top1=0.2787
  timing: data=10.4ms  fwd=389.7ms  bwd=361.5ms  total=762.7ms
[  63800] loss=20.4297  ema_loss=19.6292  gap=-0.3032  ema_gap=-0.3026  mixup=58/200  1.2 sps  ETA 8.1h
              R²_rand=0.2376  R²_naive=0.1394  U_t=0.4367  U_b=0.8858  AUC=0.8820  Top1=0.2301
  timing: data=40.2ms  fwd=391.8ms  bwd=360.6ms  total=793.7ms
[  64000] loss=20.5438  ema_loss=19.6398  gap=-0.3214  ema_gap=-0.3047  mixup=50/200  1.2 sps  ETA 8.1h
              R²_rand=0.2646  R²_naive=0.1374  U_t=0.4354  U_b=0.9024  AUC=0.8890  Top1=0.2459
  timing: data=10.4ms  fwd=396.6ms  bwd=362.1ms  total=770.1ms
[  64200] loss=20.0648  ema_loss=19.7201  gap=-0.3055  ema_gap=-0.3038  mixup=58/200  1.2 sps  ETA 8.0h
              R²_rand=0.2670  R²_naive=0.1441  U_t=0.4508  U_b=0.9188  AUC=0.8906  Top1=0.2909
  timing: data=8.6ms  fwd=384.4ms  bwd=357.4ms  total=751.4ms
[  64400] loss=19.4190  ema_loss=19.6922  gap=-0.3022  ema_gap=-0.3016  mixup=54/200  1.2 sps  ETA 8.0h
              R²_rand=0.2622  R²_naive=0.1460  U_t=0.4455  U_b=0.9272  AUC=0.8875  Top1=0.2730
  timing: data=34.8ms  fwd=386.3ms  bwd=355.6ms  total=777.6ms
[  64600] loss=21.0111  ema_loss=19.8213  gap=-0.3014  ema_gap=-0.3042  mixup=62/200  1.2 sps  ETA 7.9h
              R²_rand=0.2716  R²_naive=0.1449  U_t=0.4369  U_b=0.9115  AUC=0.8976  Top1=0.2716
  timing: data=9.5ms  fwd=386.7ms  bwd=354.3ms  total=751.5ms
[  64800] loss=19.4163  ema_loss=19.7808  gap=-0.2992  ema_gap=-0.3064  mixup=61/200  1.2 sps  ETA 7.9h
              R²_rand=0.2371  R²_naive=0.1461  U_t=0.4589  U_b=0.9150  AUC=0.8841  Top1=0.2643
  timing: data=10.2ms  fwd=391.4ms  bwd=358.7ms  total=761.3ms
[  65000] loss=19.8965  ema_loss=19.7061  gap=-0.3219  ema_gap=-0.3082  mixup=60/200  1.2 sps  ETA 7.8h
              R²_rand=0.2588  R²_naive=0.1451  U_t=0.4337  U_b=0.8944  AUC=0.8771  Top1=0.2299
  timing: data=9.6ms  fwd=392.4ms  bwd=361.7ms  total=764.8ms
[  65200] loss=19.9352  ema_loss=19.9501  gap=-0.3180  ema_gap=-0.3123  mixup=62/200  1.2 sps  ETA 7.8h
              R²_rand=0.2889  R²_naive=0.1480  U_t=0.3897  U_b=0.8676  AUC=0.8995  Top1=0.2380
  timing: data=38.2ms  fwd=390.7ms  bwd=359.7ms  total=789.7ms
[  65400] loss=20.6762  ema_loss=20.3998  gap=-0.3180  ema_gap=-0.3163  mixup=64/200  1.2 sps  ETA 7.8h
              R²_rand=0.2482  R²_naive=0.1416  U_t=0.4422  U_b=0.9114  AUC=0.8947  Top1=0.2708
  timing: data=9.6ms  fwd=378.5ms  bwd=355.1ms  total=744.2ms
[  65600] loss=19.8290  ema_loss=20.1029  gap=-0.3085  ema_gap=-0.3143  mixup=58/200  1.2 sps  ETA 7.7h
              R²_rand=0.2755  R²_naive=0.1498  U_t=0.4364  U_b=0.9174  AUC=0.9037  Top1=0.2822
  timing: data=9.7ms  fwd=382.0ms  bwd=357.1ms  total=749.9ms
[  65800] loss=19.9207  ema_loss=19.9173  gap=-0.3171  ema_gap=-0.3142  mixup=53/200  1.2 sps  ETA 7.7h
              R²_rand=0.2576  R²_naive=0.1440  U_t=0.4432  U_b=0.9059  AUC=0.8963  Top1=0.2735
  timing: data=18.0ms  fwd=389.5ms  bwd=361.9ms  total=770.5ms
[  66000] loss=19.8256  ema_loss=20.0127  gap=-0.3117  ema_gap=-0.3121  mixup=60/200  1.2 sps  ETA 7.6h
              R²_rand=0.2805  R²_naive=0.1550  U_t=0.4161  U_b=0.9099  AUC=0.9056  Top1=0.2868
  timing: data=9.6ms  fwd=385.1ms  bwd=361.9ms  total=757.6ms
[  66200] loss=19.7836  ema_loss=19.9877  gap=-0.3129  ema_gap=-0.3094  mixup=66/200  1.2 sps  ETA 7.6h
              R²_rand=0.2763  R²_naive=0.1463  U_t=0.4338  U_b=0.9108  AUC=0.8972  Top1=0.2923
  timing: data=10.5ms  fwd=392.6ms  bwd=364.0ms  total=768.2ms
[  66400] loss=19.6249  ema_loss=19.9622  gap=-0.3067  ema_gap=-0.3080  mixup=61/200  1.2 sps  ETA 7.5h
              R²_rand=0.2806  R²_naive=0.1477  U_t=0.4118  U_b=0.8961  AUC=0.9051  Top1=0.2920
  timing: data=14.5ms  fwd=387.2ms  bwd=371.0ms  total=773.8ms
[  66600] loss=20.1247  ema_loss=20.0397  gap=-0.2982  ema_gap=-0.3079  mixup=60/200  1.2 sps  ETA 7.5h
              R²_rand=0.2662  R²_naive=0.1477  U_t=0.4244  U_b=0.9062  AUC=0.9077  Top1=0.3045
  timing: data=10.0ms  fwd=385.5ms  bwd=362.1ms  total=758.6ms
[  66800] loss=19.3719  ema_loss=19.8614  gap=-0.3034  ema_gap=-0.3055  mixup=63/200  1.2 sps  ETA 7.4h
              R²_rand=0.2627  R²_naive=0.1522  U_t=0.4040  U_b=0.9045  AUC=0.9057  Top1=0.2613
  timing: data=9.6ms  fwd=388.8ms  bwd=361.8ms  total=761.2ms
[  67000] loss=19.3099  ema_loss=19.7378  gap=-0.2960  ema_gap=-0.3022  mixup=60/200  1.2 sps  ETA 7.4h
              R²_rand=0.2646  R²_naive=0.1543  U_t=0.4243  U_b=0.9160  AUC=0.9052  Top1=0.3085
  timing: data=17.9ms  fwd=382.4ms  bwd=354.8ms  total=756.1ms
[  67200] loss=19.4509  ema_loss=19.6925  gap=-0.3063  ema_gap=-0.2992  mixup=54/200  1.2 sps  ETA 7.3h
              R²_rand=0.2697  R²_naive=0.1473  U_t=0.4204  U_b=0.9186  AUC=0.8976  Top1=0.3091
  timing: data=9.0ms  fwd=381.1ms  bwd=354.6ms  total=745.7ms
[  67400] loss=20.8725  ema_loss=19.8786  gap=-0.3137  ema_gap=-0.3042  mixup=71/200  1.2 sps  ETA 7.3h
              R²_rand=0.2608  R²_naive=0.1388  U_t=0.4170  U_b=0.9157  AUC=0.8975  Top1=0.2863
  timing: data=9.3ms  fwd=379.4ms  bwd=365.4ms  total=755.2ms
[  67600] loss=20.1295  ema_loss=19.7283  gap=-0.3104  ema_gap=-0.3054  mixup=60/200  1.2 sps  ETA 7.2h
              R²_rand=0.2545  R²_naive=0.1356  U_t=0.4385  U_b=0.9094  AUC=0.8815  Top1=0.2608
  timing: data=16.2ms  fwd=391.9ms  bwd=367.0ms  total=776.2ms
[  67800] loss=20.1821  ema_loss=19.5775  gap=-0.2956  ema_gap=-0.3024  mixup=65/200  1.2 sps  ETA 7.2h
              R²_rand=0.2592  R²_naive=0.1452  U_t=0.4282  U_b=0.8957  AUC=0.8947  Top1=0.2513
  timing: data=9.8ms  fwd=392.5ms  bwd=373.7ms  total=777.1ms
[  68000] loss=20.2124  ema_loss=19.5251  gap=-0.3083  ema_gap=-0.3028  mixup=71/200  1.2 sps  ETA 7.1h
              R²_rand=0.2447  R²_naive=0.1420  U_t=0.4645  U_b=0.8951  AUC=0.8805  Top1=0.2412
  timing: data=9.4ms  fwd=390.3ms  bwd=371.5ms  total=772.4ms
[  68200] loss=18.5824  ema_loss=19.5894  gap=-0.3034  ema_gap=-0.3050  mixup=51/200  1.2 sps  ETA 7.1h
              R²_rand=0.2542  R²_naive=0.1473  U_t=0.3992  U_b=0.9150  AUC=0.8965  Top1=0.3028
  timing: data=22.4ms  fwd=389.3ms  bwd=374.7ms  total=787.5ms
[  68400] loss=19.7289  ema_loss=19.7316  gap=-0.3140  ema_gap=-0.3076  mixup=58/200  1.2 sps  ETA 7.1h
              R²_rand=0.2307  R²_naive=0.1368  U_t=0.4348  U_b=0.9210  AUC=0.8813  Top1=0.2659
  timing: data=8.5ms  fwd=382.3ms  bwd=383.8ms  total=775.6ms
[  68600] loss=19.7878  ema_loss=19.8052  gap=-0.3064  ema_gap=-0.3086  mixup=56/200  1.2 sps  ETA 7.0h
              R²_rand=0.2507  R²_naive=0.1389  U_t=0.4451  U_b=0.9213  AUC=0.8983  Top1=0.3018
  timing: data=8.4ms  fwd=381.0ms  bwd=385.7ms  total=776.3ms
[  68800] loss=19.9915  ema_loss=19.8388  gap=-0.3062  ema_gap=-0.3073  mixup=60/200  1.2 sps  ETA 7.0h
              R²_rand=0.2696  R²_naive=0.1389  U_t=0.4112  U_b=0.9055  AUC=0.8856  Top1=0.2654
  timing: data=30.3ms  fwd=387.4ms  bwd=381.0ms  total=799.8ms
[  69000] loss=19.3442  ema_loss=19.8881  gap=-0.3069  ema_gap=-0.3085  mixup=59/200  1.2 sps  ETA 6.9h
              R²_rand=0.2502  R²_naive=0.1419  U_t=0.4280  U_b=0.9044  AUC=0.8894  Top1=0.2963
  timing: data=8.1ms  fwd=382.5ms  bwd=386.8ms  total=778.6ms
[  69200] loss=20.1688  ema_loss=20.0779  gap=-0.3063  ema_gap=-0.3104  mixup=65/200  1.2 sps  ETA 6.9h
              R²_rand=0.2520  R²_naive=0.1469  U_t=0.4002  U_b=0.8756  AUC=0.9030  Top1=0.2296
  timing: data=8.9ms  fwd=391.8ms  bwd=384.7ms  total=786.8ms
[  69400] loss=19.9352  ema_loss=19.8412  gap=-0.3068  ema_gap=-0.3093  mixup=66/200  1.2 sps  ETA 6.8h
              R²_rand=0.2340  R²_naive=0.1410  U_t=0.4553  U_b=0.9077  AUC=0.8780  Top1=0.2624
  timing: data=15.5ms  fwd=387.2ms  bwd=372.3ms  total=776.0ms
[  69600] loss=20.4679  ema_loss=19.4902  gap=-0.3088  ema_gap=-0.3065  mixup=65/200  1.2 sps  ETA 6.8h
              R²_rand=0.2639  R²_naive=0.1411  U_t=0.4535  U_b=0.8864  AUC=0.8864  Top1=0.2396
  timing: data=8.1ms  fwd=382.7ms  bwd=383.0ms  total=774.9ms
[  69800] loss=20.1456  ema_loss=19.6761  gap=-0.3121  ema_gap=-0.3066  mixup=59/200  1.2 sps  ETA 6.7h
              R²_rand=0.2630  R²_naive=0.1454  U_t=0.4388  U_b=0.9153  AUC=0.8921  Top1=0.2798
  timing: data=9.0ms  fwd=379.6ms  bwd=378.0ms  total=767.7ms
[  70000] loss=19.7566  ema_loss=19.9305  gap=-0.3095  ema_gap=-0.3124  mixup=56/200  1.2 sps  ETA 6.7h
              R²_rand=0.2474  R²_naive=0.1463  U_t=0.4434  U_b=0.9007  AUC=0.8995  Top1=0.2725
  timing: data=8.8ms  fwd=381.9ms  bwd=383.5ms  total=775.4ms
[  70200] loss=20.3771  ema_loss=19.9550  gap=-0.3211  ema_gap=-0.3122  mixup=61/200  1.2 sps  ETA 6.6h
              R²_rand=0.2680  R²_naive=0.1448  U_t=0.4282  U_b=0.9112  AUC=0.8849  Top1=0.2578
  timing: data=18.3ms  fwd=393.1ms  bwd=384.9ms  total=797.5ms
[  70400] loss=19.4495  ema_loss=19.8631  gap=-0.3044  ema_gap=-0.3098  mixup=76/200  1.2 sps  ETA 6.6h
              R²_rand=0.2607  R²_naive=0.1507  U_t=0.4185  U_b=0.8967  AUC=0.9034  Top1=0.3018
  timing: data=9.0ms  fwd=384.7ms  bwd=375.0ms  total=769.8ms
[  70600] loss=19.0447  ema_loss=19.8860  gap=-0.3060  ema_gap=-0.3121  mixup=55/200  1.2 sps  ETA 6.6h
              R²_rand=0.2898  R²_naive=0.1600  U_t=0.3589  U_b=0.8938  AUC=0.9020  Top1=0.3085
  timing: data=9.4ms  fwd=389.7ms  bwd=379.6ms  total=779.9ms
[  70800] loss=20.8833  ema_loss=19.9913  gap=-0.3164  ema_gap=-0.3136  mixup=55/200  1.2 sps  ETA 6.5h
              R²_rand=0.2665  R²_naive=0.1434  U_t=0.4284  U_b=0.9086  AUC=0.9032  Top1=0.2999
  timing: data=25.2ms  fwd=384.8ms  bwd=384.9ms  total=796.0ms
[  71000] loss=19.8415  ema_loss=19.9215  gap=-0.3137  ema_gap=-0.3113  mixup=61/200  1.2 sps  ETA 6.5h
              R²_rand=0.2537  R²_naive=0.1404  U_t=0.4072  U_b=0.9196  AUC=0.8967  Top1=0.3199
  timing: data=8.8ms  fwd=387.0ms  bwd=379.4ms  total=776.4ms
[  71200] loss=19.1778  ema_loss=19.9239  gap=-0.3146  ema_gap=-0.3116  mixup=63/200  1.2 sps  ETA 6.4h
              R²_rand=0.2633  R²_naive=0.1415  U_t=0.4131  U_b=0.9255  AUC=0.8981  Top1=0.2961
  timing: data=9.0ms  fwd=392.8ms  bwd=379.3ms  total=782.2ms
[  71400] loss=20.7182  ema_loss=20.0801  gap=-0.3274  ema_gap=-0.3157  mixup=52/200  1.2 sps  ETA 6.4h
              R²_rand=0.2316  R²_naive=0.1237  U_t=0.4435  U_b=0.8857  AUC=0.8714  Top1=0.2304
  timing: data=18.9ms  fwd=377.3ms  bwd=370.6ms  total=768.0ms
[  71600] loss=19.9853  ema_loss=20.2472  gap=-0.3233  ema_gap=-0.3168  mixup=58/200  1.2 sps  ETA 6.3h
              R²_rand=0.2689  R²_naive=0.1452  U_t=0.4178  U_b=0.9102  AUC=0.8967  Top1=0.2858
  timing: data=8.2ms  fwd=377.3ms  bwd=378.6ms  total=765.3ms
[  71800] loss=20.4093  ema_loss=20.0315  gap=-0.3190  ema_gap=-0.3165  mixup=49/200  1.2 sps  ETA 6.3h
              R²_rand=0.2385  R²_naive=0.1382  U_t=0.4335  U_b=0.8881  AUC=0.8906  Top1=0.2223
  timing: data=8.1ms  fwd=375.1ms  bwd=376.1ms  total=760.5ms
[  72000] loss=19.8844  ema_loss=19.9478  gap=-0.3188  ema_gap=-0.3171  mixup=59/200  1.2 sps  ETA 6.2h
              R²_rand=0.2569  R²_naive=0.1375  U_t=0.4405  U_b=0.9142  AUC=0.8858  Top1=0.2860
  timing: data=24.5ms  fwd=382.6ms  bwd=375.1ms  total=783.3ms
[  72200] loss=19.3023  ema_loss=19.9112  gap=-0.3059  ema_gap=-0.3147  mixup=62/200  1.2 sps  ETA 6.2h
              R²_rand=0.2651  R²_naive=0.1439  U_t=0.4381  U_b=0.9198  AUC=0.9046  Top1=0.3042
  timing: data=8.8ms  fwd=378.9ms  bwd=374.7ms  total=763.5ms
[  72400] loss=20.7040  ema_loss=20.0446  gap=-0.3184  ema_gap=-0.3130  mixup=64/200  1.2 sps  ETA 6.1h
              R²_rand=0.2443  R²_naive=0.1344  U_t=0.4469  U_b=0.9123  AUC=0.8864  Top1=0.2687
  timing: data=9.5ms  fwd=381.9ms  bwd=376.6ms  total=769.0ms
[  72600] loss=20.3526  ema_loss=20.0178  gap=-0.3135  ema_gap=-0.3127  mixup=56/200  1.2 sps  ETA 6.1h
              R²_rand=0.2591  R²_naive=0.1418  U_t=0.4508  U_b=0.9064  AUC=0.8999  Top1=0.2795
  timing: data=19.2ms  fwd=383.1ms  bwd=383.0ms  total=786.4ms
[  72800] loss=19.5330  ema_loss=19.9878  gap=-0.3169  ema_gap=-0.3129  mixup=58/200  1.2 sps  ETA 6.1h
              R²_rand=0.2397  R²_naive=0.1399  U_t=0.4507  U_b=0.9031  AUC=0.8745  Top1=0.2404
  timing: data=9.2ms  fwd=386.5ms  bwd=385.8ms  total=782.8ms
[  73000] loss=20.4326  ema_loss=19.9721  gap=-0.3110  ema_gap=-0.3129  mixup=64/200  1.2 sps  ETA 6.0h
              R²_rand=0.2451  R²_naive=0.1364  U_t=0.4396  U_b=0.9006  AUC=0.8810  Top1=0.2445
  timing: data=8.6ms  fwd=380.7ms  bwd=371.9ms  total=762.3ms
[  73200] loss=18.8551  ema_loss=19.9279  gap=-0.3015  ema_gap=-0.3106  mixup=64/200  1.2 sps  ETA 6.0h
              R²_rand=0.2698  R²_naive=0.1487  U_t=0.4258  U_b=0.9094  AUC=0.8949  Top1=0.2858
  timing: data=16.1ms  fwd=381.2ms  bwd=377.8ms  total=776.2ms
[  73400] loss=20.6440  ema_loss=20.0584  gap=-0.3129  ema_gap=-0.3124  mixup=69/200  1.2 sps  ETA 5.9h
              R²_rand=0.2284  R²_naive=0.1354  U_t=0.4715  U_b=0.9180  AUC=0.8817  Top1=0.2594
  timing: data=10.2ms  fwd=412.7ms  bwd=382.0ms  total=806.2ms
[  73600] loss=19.8713  ema_loss=19.9851  gap=-0.3077  ema_gap=-0.3094  mixup=74/200  1.2 sps  ETA 5.9h
              R²_rand=0.2448  R²_naive=0.1344  U_t=0.4465  U_b=0.9090  AUC=0.8846  Top1=0.2825
  timing: data=9.0ms  fwd=385.5ms  bwd=384.4ms  total=780.0ms
[  73800] loss=20.2132  ema_loss=19.6428  gap=-0.2975  ema_gap=-0.3028  mixup=67/200  1.2 sps  ETA 5.8h
              R²_rand=0.2580  R²_naive=0.1454  U_t=0.3976  U_b=0.9102  AUC=0.9058  Top1=0.2931
  timing: data=26.9ms  fwd=383.2ms  bwd=380.3ms  total=791.5ms
[  74000] loss=19.2590  ema_loss=19.3849  gap=-0.2968  ema_gap=-0.2948  mixup=52/200  1.2 sps  ETA 5.8h
              R²_rand=0.2694  R²_naive=0.1396  U_t=0.4060  U_b=0.9160  AUC=0.9086  Top1=0.3186
  timing: data=9.0ms  fwd=390.3ms  bwd=373.6ms  total=774.1ms
[  74200] loss=19.1434  ema_loss=19.2843  gap=-0.2869  ema_gap=-0.2884  mixup=58/200  1.2 sps  ETA 5.7h
              R²_rand=0.2422  R²_naive=0.1392  U_t=0.4569  U_b=0.9153  AUC=0.8908  Top1=0.2418
  timing: data=8.6ms  fwd=377.4ms  bwd=378.5ms  total=765.7ms
[  74400] loss=18.5372  ema_loss=18.9699  gap=-0.2826  ema_gap=-0.2859  mixup=39/200  1.2 sps  ETA 5.7h
              R²_rand=0.2453  R²_naive=0.1450  U_t=0.4367  U_b=0.9137  AUC=0.8969  Top1=0.2299
  timing: data=17.8ms  fwd=401.5ms  bwd=379.7ms  total=800.1ms
  -> Saved /root/cf373_runs/bb_small_arm4_combab_xshh_allt_moco_enc3l3_b64_200k_sigreg_ema_qk_aon_cpc_tau090_cf373k3/bb_small_arm4_combab_xshh_allt_moco_enc3l3_b64_200k_sigreg_ema_qk_aon_cpc_tau090_cf373k3_r2_best_loss.pth
[  74600] loss=19.2274  ema_loss=19.1804  gap=-0.2891  ema_gap=-0.2880  mixup=64/200  1.2 sps  ETA 5.6h
              R²_rand=0.2700  R²_naive=0.1502  U_t=0.4149  U_b=0.9106  AUC=0.9034  Top1=0.2860
  timing: data=9.5ms  fwd=395.9ms  bwd=383.5ms  total=790.1ms
[  74800] loss=19.6619  ema_loss=19.3519  gap=-0.2919  ema_gap=-0.2916  mixup=55/200  1.2 sps  ETA 5.6h
              R²_rand=0.2473  R²_naive=0.1439  U_t=0.4149  U_b=0.8942  AUC=0.8926  Top1=0.2711
  timing: data=9.2ms  fwd=387.5ms  bwd=375.8ms  total=773.7ms
[  75000] loss=19.3439  ema_loss=19.4131  gap=-0.3054  ema_gap=-0.2931  mixup=51/200  1.2 sps  ETA 5.6h
              R²_rand=0.2521  R²_naive=0.1359  U_t=0.4442  U_b=0.9067  AUC=0.8815  Top1=0.2491
  timing: data=8.5ms  fwd=378.2ms  bwd=375.8ms  total=763.6ms
[  75200] loss=19.5941  ema_loss=19.3648  gap=-0.2997  ema_gap=-0.2934  mixup=59/200  1.2 sps  ETA 5.5h
              R²_rand=0.2199  R²_naive=0.1274  U_t=0.4591  U_b=0.8835  AUC=0.8645  Top1=0.1772
  timing: data=26.2ms  fwd=378.7ms  bwd=378.9ms  total=785.0ms
[  75400] loss=19.4732  ema_loss=19.4034  gap=-0.2988  ema_gap=-0.2942  mixup=64/200  1.3 sps  ETA 5.5h
              R²_rand=0.2120  R²_naive=0.1385  U_t=0.4472  U_b=0.9203  AUC=0.8730  Top1=0.2372
  timing: data=9.5ms  fwd=385.5ms  bwd=376.2ms  total=772.3ms
[  75600] loss=18.9480  ema_loss=19.4121  gap=-0.2997  ema_gap=-0.2963  mixup=59/200  1.3 sps  ETA 5.4h
              R²_rand=0.2381  R²_naive=0.1432  U_t=0.4475  U_b=0.9241  AUC=0.8903  Top1=0.2630
  timing: data=10.2ms  fwd=399.6ms  bwd=376.3ms  total=787.4ms
[  75800] loss=19.1713  ema_loss=19.3750  gap=-0.2969  ema_gap=-0.2988  mixup=56/200  1.3 sps  ETA 5.4h
              R²_rand=0.2346  R²_naive=0.1377  U_t=0.4535  U_b=0.9075  AUC=0.8834  Top1=0.2472
  timing: data=16.2ms  fwd=377.5ms  bwd=373.0ms  total=767.8ms
[  76000] loss=20.0480  ema_loss=19.3593  gap=-0.3088  ema_gap=-0.2995  mixup=69/200  1.3 sps  ETA 5.3h
              R²_rand=0.2340  R²_naive=0.1377  U_t=0.4612  U_b=0.9131  AUC=0.8693  Top1=0.2361
  timing: data=10.3ms  fwd=384.8ms  bwd=358.4ms  total=754.6ms
[  76200] loss=19.4963  ema_loss=19.5853  gap=-0.3009  ema_gap=-0.3014  mixup=51/200  1.3 sps  ETA 5.3h
              R²_rand=0.2357  R²_naive=0.1436  U_t=0.4370  U_b=0.8831  AUC=0.8745  Top1=0.2090
  timing: data=10.2ms  fwd=392.4ms  bwd=358.2ms  total=761.8ms
[  76400] loss=19.7156  ema_loss=19.5461  gap=-0.3075  ema_gap=-0.3026  mixup=70/200  1.3 sps  ETA 5.2h
              R²_rand=0.2166  R²_naive=0.1367  U_t=0.4568  U_b=0.8906  AUC=0.8691  Top1=0.2144
  timing: data=15.8ms  fwd=381.0ms  bwd=356.6ms  total=754.4ms
[  76600] loss=19.1814  ema_loss=19.6107  gap=-0.2991  ema_gap=-0.3011  mixup=63/200  1.3 sps  ETA 5.2h
              R²_rand=0.2516  R²_naive=0.1492  U_t=0.4275  U_b=0.9120  AUC=0.8997  Top1=0.2513
  timing: data=10.2ms  fwd=381.0ms  bwd=360.5ms  total=752.8ms
[  76800] loss=19.7754  ema_loss=19.7841  gap=-0.3164  ema_gap=-0.3057  mixup=58/200  1.3 sps  ETA 5.2h
              R²_rand=0.2109  R²_naive=0.1414  U_t=0.4617  U_b=0.9116  AUC=0.8687  Top1=0.2402
  timing: data=11.3ms  fwd=437.0ms  bwd=375.3ms  total=825.1ms
[  77000] loss=20.4799  ema_loss=19.9559  gap=-0.3106  ema_gap=-0.3097  mixup=55/200  1.3 sps  ETA 5.1h
              R²_rand=0.2386  R²_naive=0.1421  U_t=0.4590  U_b=0.9113  AUC=0.8735  Top1=0.2380
  timing: data=13.8ms  fwd=439.3ms  bwd=390.4ms  total=844.9ms
[  77200] loss=20.2182  ema_loss=20.0459  gap=-0.3079  ema_gap=-0.3123  mixup=68/200  1.3 sps  ETA 5.1h
              R²_rand=0.2489  R²_naive=0.1429  U_t=0.4589  U_b=0.9098  AUC=0.8719  Top1=0.2507
  timing: data=11.5ms  fwd=438.1ms  bwd=380.5ms  total=831.4ms
[  77400] loss=19.0937  ema_loss=20.1569  gap=-0.3082  ema_gap=-0.3142  mixup=63/200  1.3 sps  ETA 5.0h
              R²_rand=0.2589  R²_naive=0.1502  U_t=0.3915  U_b=0.9012  AUC=0.8980  Top1=0.2716
  timing: data=11.6ms  fwd=442.3ms  bwd=397.0ms  total=852.3ms
[  77600] loss=20.1967  ema_loss=20.0634  gap=-0.3226  ema_gap=-0.3161  mixup=56/200  1.2 sps  ETA 5.0h
              R²_rand=0.2400  R²_naive=0.1426  U_t=0.4543  U_b=0.9112  AUC=0.8824  Top1=0.2573
  timing: data=28.3ms  fwd=434.6ms  bwd=386.1ms  total=850.4ms
[  77800] loss=19.7395  ema_loss=19.9196  gap=-0.3111  ema_gap=-0.3155  mixup=58/200  1.2 sps  ETA 4.9h
              R²_rand=0.2314  R²_naive=0.1405  U_t=0.4491  U_b=0.9145  AUC=0.8797  Top1=0.2738
  timing: data=11.1ms  fwd=440.7ms  bwd=392.4ms  total=845.6ms
[  78000] loss=19.9095  ema_loss=19.8552  gap=-0.3109  ema_gap=-0.3133  mixup=55/200  1.2 sps  ETA 4.9h
              R²_rand=0.2582  R²_naive=0.1450  U_t=0.4544  U_b=0.9047  AUC=0.8891  Top1=0.2697
  timing: data=11.3ms  fwd=439.1ms  bwd=372.3ms  total=824.0ms
[  78200] loss=20.0793  ema_loss=20.0121  gap=-0.3109  ema_gap=-0.3150  mixup=56/200  1.2 sps  ETA 4.9h
              R²_rand=0.2582  R²_naive=0.1403  U_t=0.4514  U_b=0.8882  AUC=0.8825  Top1=0.2361
  timing: data=22.3ms  fwd=434.1ms  bwd=388.5ms  total=846.2ms
[  78400] loss=20.7026  ema_loss=20.0428  gap=-0.3246  ema_gap=-0.3162  mixup=58/200  1.2 sps  ETA 4.8h
              R²_rand=0.2281  R²_naive=0.1371  U_t=0.4897  U_b=0.9052  AUC=0.8745  Top1=0.2296
  timing: data=10.3ms  fwd=418.1ms  bwd=364.3ms  total=793.9ms
[  78600] loss=20.8873  ema_loss=20.0620  gap=-0.3199  ema_gap=-0.3166  mixup=57/200  1.2 sps  ETA 4.8h
              R²_rand=0.2600  R²_naive=0.1438  U_t=0.4521  U_b=0.8791  AUC=0.8983  Top1=0.2529
  timing: data=10.2ms  fwd=420.5ms  bwd=380.7ms  total=812.8ms
[  78800] loss=19.7252  ema_loss=20.0130  gap=-0.3186  ema_gap=-0.3174  mixup=67/200  1.2 sps  ETA 4.7h
              R²_rand=0.2540  R²_naive=0.1408  U_t=0.4686  U_b=0.8962  AUC=0.8815  Top1=0.2296
  timing: data=19.9ms  fwd=417.8ms  bwd=383.5ms  total=822.4ms
[  79000] loss=20.1550  ema_loss=20.1639  gap=-0.3171  ema_gap=-0.3185  mixup=59/200  1.2 sps  ETA 4.7h
              R²_rand=0.2190  R²_naive=0.1399  U_t=0.4752  U_b=0.9111  AUC=0.8815  Top1=0.2513
  timing: data=10.3ms  fwd=426.5ms  bwd=386.6ms  total=824.6ms
[  79200] loss=20.4728  ema_loss=20.1462  gap=-0.3168  ema_gap=-0.3199  mixup=58/200  1.2 sps  ETA 4.6h
              R²_rand=0.2769  R²_naive=0.1445  U_t=0.4333  U_b=0.8698  AUC=0.8916  Top1=0.2505
  timing: data=9.5ms  fwd=416.3ms  bwd=375.3ms  total=802.4ms
[  79400] loss=20.3927  ema_loss=20.2688  gap=-0.3195  ema_gap=-0.3154  mixup=60/200  1.2 sps  ETA 4.6h
              R²_rand=0.2039  R²_naive=0.1373  U_t=0.4674  U_b=0.8915  AUC=0.8673  Top1=0.2296
  timing: data=23.0ms  fwd=447.2ms  bwd=396.1ms  total=867.9ms
[  79600] loss=19.7319  ema_loss=20.1968  gap=-0.3136  ema_gap=-0.3134  mixup=64/200  1.2 sps  ETA 4.5h
              R²_rand=0.2601  R²_naive=0.1465  U_t=0.4304  U_b=0.9111  AUC=0.8802  Top1=0.2491
  timing: data=10.3ms  fwd=426.7ms  bwd=385.9ms  total=824.2ms
[  79800] loss=20.3515  ema_loss=20.1799  gap=-0.3054  ema_gap=-0.3137  mixup=66/200  1.2 sps  ETA 4.5h
              R²_rand=0.2353  R²_naive=0.1343  U_t=0.4647  U_b=0.8870  AUC=0.8810  Top1=0.2261
  timing: data=10.4ms  fwd=438.4ms  bwd=390.2ms  total=840.4ms
[  80000] loss=20.2017  ema_loss=20.0759  gap=-0.3237  ema_gap=-0.3157  mixup=56/200  1.2 sps  ETA 4.5h
              R²_rand=0.2566  R²_naive=0.1397  U_t=0.4460  U_b=0.8917  AUC=0.8776  Top1=0.2567
  timing: data=9.9ms  fwd=430.3ms  bwd=379.5ms  total=821.1ms
  -> Saved /root/cf373_runs/bb_small_arm4_combab_xshh_allt_moco_enc3l3_b64_200k_sigreg_ema_qk_aon_cpc_tau090_cf373k3/bb_small_arm4_combab_xshh_allt_moco_enc3l3_b64_200k_sigreg_ema_qk_aon_cpc_tau090_cf373k3_r2_80k.pth
[  80200] loss=20.3609  ema_loss=20.0366  gap=-0.3212  ema_gap=-0.3146  mixup=58/200  1.2 sps  ETA 4.4h
              R²_rand=0.2362  R²_naive=0.1361  U_t=0.4515  U_b=0.9131  AUC=0.8762  Top1=0.2545
  timing: data=12.4ms  fwd=432.4ms  bwd=382.6ms  total=828.8ms
[  80400] loss=20.5869  ema_loss=20.2412  gap=-0.3178  ema_gap=-0.3199  mixup=60/200  1.2 sps  ETA 4.4h
              R²_rand=0.2311  R²_naive=0.1393  U_t=0.4580  U_b=0.8708  AUC=0.8815  Top1=0.2027
  timing: data=10.5ms  fwd=432.1ms  bwd=381.2ms  total=825.1ms
[  80600] loss=20.5875  ema_loss=20.1447  gap=-0.3043  ema_gap=-0.3176  mixup=51/200  1.2 sps  ETA 4.3h
              R²_rand=0.2626  R²_naive=0.1416  U_t=0.4556  U_b=0.9124  AUC=0.8818  Top1=0.2426
  timing: data=9.1ms  fwd=422.2ms  bwd=376.7ms  total=809.3ms
[  80800] loss=19.8468  ema_loss=20.2712  gap=-0.3242  ema_gap=-0.3175  mixup=57/200  1.2 sps  ETA 4.3h
              R²_rand=0.2109  R²_naive=0.1410  U_t=0.4433  U_b=0.8921  AUC=0.8923  Top1=0.2426
  timing: data=37.9ms  fwd=403.2ms  bwd=358.5ms  total=800.7ms
[  81000] loss=21.0967  ema_loss=20.2310  gap=-0.3228  ema_gap=-0.3156  mixup=59/200  1.2 sps  ETA 4.2h
              R²_rand=0.2176  R²_naive=0.1350  U_t=0.4614  U_b=0.9146  AUC=0.8716  Top1=0.2559
  timing: data=10.0ms  fwd=425.9ms  bwd=376.0ms  total=813.2ms
[  81200] loss=21.3599  ema_loss=20.4790  gap=-0.3174  ema_gap=-0.3160  mixup=50/200  1.2 sps  ETA 4.2h
              R²_rand=0.2440  R²_naive=0.1338  U_t=0.4501  U_b=0.9170  AUC=0.8713  Top1=0.2613
  timing: data=10.2ms  fwd=429.9ms  bwd=380.1ms  total=821.5ms
[  81400] loss=21.7083  ema_loss=20.5206  gap=-0.3252  ema_gap=-0.3181  mixup=69/200  1.2 sps  ETA 4.1h
              R²_rand=0.2306  R²_naive=0.1354  U_t=0.4889  U_b=0.9151  AUC=0.8744  Top1=0.2160
  timing: data=31.6ms  fwd=427.4ms  bwd=376.8ms  total=837.1ms
[  81600] loss=20.1768  ema_loss=20.4787  gap=-0.3176  ema_gap=-0.3184  mixup=62/200  1.2 sps  ETA 4.1h
              R²_rand=0.2368  R²_naive=0.1357  U_t=0.4455  U_b=0.9187  AUC=0.8785  Top1=0.2559
  timing: data=9.3ms  fwd=404.5ms  bwd=372.8ms  total=787.9ms
[  81800] loss=20.7045  ema_loss=20.4672  gap=-0.3174  ema_gap=-0.3203  mixup=61/200  1.2 sps  ETA 4.1h
              R²_rand=0.2307  R²_naive=0.1373  U_t=0.4599  U_b=0.8863  AUC=0.8766  Top1=0.2062
  timing: data=9.8ms  fwd=400.2ms  bwd=374.7ms  total=785.9ms
[  82000] loss=20.4743  ema_loss=20.5427  gap=-0.3233  ema_gap=-0.3217  mixup=63/200  1.2 sps  ETA 4.0h
              R²_rand=0.2262  R²_naive=0.1258  U_t=0.4318  U_b=0.8906  AUC=0.8615  Top1=0.2301
  timing: data=32.7ms  fwd=405.4ms  bwd=367.4ms  total=806.8ms
[  82200] loss=19.3903  ema_loss=20.3813  gap=-0.3170  ema_gap=-0.3230  mixup=57/200  1.2 sps  ETA 4.0h
              R²_rand=0.2405  R²_naive=0.1363  U_t=0.4564  U_b=0.9165  AUC=0.8892  Top1=0.2464
  timing: data=9.3ms  fwd=385.3ms  bwd=353.3ms  total=748.9ms
[  82400] loss=20.0211  ema_loss=20.3835  gap=-0.3222  ema_gap=-0.3209  mixup=69/200  1.2 sps  ETA 3.9h
              R²_rand=0.2385  R²_naive=0.1416  U_t=0.4436  U_b=0.9150  AUC=0.8900  Top1=0.2730
  timing: data=10.2ms  fwd=421.5ms  bwd=381.6ms  total=814.6ms
[  82600] loss=20.4234  ema_loss=20.4424  gap=-0.3270  ema_gap=-0.3220  mixup=53/200  1.2 sps  ETA 3.9h
              R²_rand=0.2529  R²_naive=0.1439  U_t=0.4342  U_b=0.9261  AUC=0.8826  Top1=0.2752
  timing: data=27.0ms  fwd=419.9ms  bwd=397.7ms  total=845.9ms
[  82800] loss=20.6717  ema_loss=20.3492  gap=-0.3251  ema_gap=-0.3202  mixup=55/200  1.2 sps  ETA 3.8h
              R²_rand=0.2172  R²_naive=0.1350  U_t=0.4678  U_b=0.9180  AUC=0.8749  Top1=0.2478
  timing: data=10.0ms  fwd=434.2ms  bwd=407.1ms  total=852.9ms
[  83000] loss=20.6150  ema_loss=20.4231  gap=-0.3326  ema_gap=-0.3184  mixup=61/200  1.2 sps  ETA 3.8h
              R²_rand=0.2224  R²_naive=0.1230  U_t=0.4716  U_b=0.9142  AUC=0.8591  Top1=0.2185
  timing: data=10.7ms  fwd=439.4ms  bwd=402.6ms  total=854.3ms
[  83200] loss=20.9521  ema_loss=20.4612  gap=-0.3153  ema_gap=-0.3188  mixup=64/200  1.2 sps  ETA 3.8h
              R²_rand=0.2431  R²_naive=0.1384  U_t=0.4800  U_b=0.8972  AUC=0.8651  Top1=0.2255
  timing: data=23.3ms  fwd=443.0ms  bwd=405.7ms  total=873.7ms
[  83400] loss=20.5035  ema_loss=20.4140  gap=-0.3228  ema_gap=-0.3212  mixup=74/200  1.2 sps  ETA 3.7h
              R²_rand=0.2559  R²_naive=0.1368  U_t=0.4344  U_b=0.9100  AUC=0.8824  Top1=0.2662
  timing: data=10.1ms  fwd=430.0ms  bwd=400.7ms  total=842.3ms
[  83600] loss=19.7161  ema_loss=20.4668  gap=-0.3226  ema_gap=-0.3208  mixup=62/200  1.2 sps  ETA 3.7h
              R²_rand=0.2452  R²_naive=0.1391  U_t=0.4308  U_b=0.9173  AUC=0.8775  Top1=0.2624
  timing: data=9.6ms  fwd=422.9ms  bwd=378.6ms  total=812.5ms
[  83800] loss=21.1684  ema_loss=20.4211  gap=-0.3273  ema_gap=-0.3207  mixup=67/200  1.2 sps  ETA 3.6h
              R²_rand=0.2280  R²_naive=0.1369  U_t=0.4623  U_b=0.9056  AUC=0.8794  Top1=0.2431
  timing: data=37.5ms  fwd=437.6ms  bwd=386.6ms  total=863.0ms
[  84000] loss=20.2848  ema_loss=20.3686  gap=-0.3285  ema_gap=-0.3194  mixup=78/200  1.2 sps  ETA 3.6h
              R²_rand=0.2236  R²_naive=0.1391  U_t=0.4522  U_b=0.9125  AUC=0.8728  Top1=0.2266
  timing: data=9.9ms  fwd=428.2ms  bwd=388.1ms  total=827.5ms
[  84200] loss=20.8744  ema_loss=20.2011  gap=-0.3111  ema_gap=-0.3169  mixup=56/200  1.2 sps  ETA 3.5h
              R²_rand=0.2407  R²_naive=0.1324  U_t=0.4719  U_b=0.9044  AUC=0.8719  Top1=0.2347
  timing: data=10.3ms  fwd=430.9ms  bwd=386.4ms  total=829.0ms
[  84400] loss=19.5776  ema_loss=19.9765  gap=-0.3171  ema_gap=-0.3140  mixup=58/200  1.2 sps  ETA 3.5h
              R²_rand=0.2104  R²_naive=0.1321  U_t=0.4452  U_b=0.9124  AUC=0.8680  Top1=0.2700
  timing: data=78.6ms  fwd=446.1ms  bwd=389.5ms  total=915.5ms
[  84600] loss=20.0043  ema_loss=20.0383  gap=-0.3224  ema_gap=-0.3135  mixup=64/200  1.2 sps  ETA 3.4h
              R²_rand=0.2345  R²_naive=0.1413  U_t=0.4407  U_b=0.8828  AUC=0.8700  Top1=0.1976
  timing: data=10.7ms  fwd=419.7ms  bwd=376.2ms  total=807.9ms
[  84800] loss=19.9161  ema_loss=20.0898  gap=-0.3081  ema_gap=-0.3134  mixup=61/200  1.2 sps  ETA 3.4h
              R²_rand=0.2388  R²_naive=0.1413  U_t=0.4267  U_b=0.9125  AUC=0.8836  Top1=0.2760
  timing: data=9.7ms  fwd=409.5ms  bwd=375.4ms  total=795.9ms
[  85000] loss=20.1547  ema_loss=20.0420  gap=-0.3096  ema_gap=-0.3127  mixup=55/200  1.2 sps  ETA 3.4h
              R²_rand=0.2445  R²_naive=0.1436  U_t=0.4356  U_b=0.9213  AUC=0.8786  Top1=0.2543
  timing: data=9.8ms  fwd=433.5ms  bwd=387.6ms  total=832.3ms
[  85200] loss=21.3087  ema_loss=20.2801  gap=-0.3246  ema_gap=-0.3138  mixup=59/200  1.2 sps  ETA 3.3h
              R²_rand=0.2241  R²_naive=0.1256  U_t=0.4990  U_b=0.9107  AUC=0.8503  Top1=0.2076
  timing: data=35.0ms  fwd=405.7ms  bwd=367.8ms  total=809.7ms
[  85400] loss=21.1411  ema_loss=20.3200  gap=-0.3246  ema_gap=-0.3168  mixup=59/200  1.2 sps  ETA 3.3h
              R²_rand=0.2071  R²_naive=0.1254  U_t=0.4678  U_b=0.9094  AUC=0.8548  Top1=0.2258
  timing: data=9.8ms  fwd=433.5ms  bwd=398.3ms  total=843.0ms
[  85600] loss=20.1787  ema_loss=20.2364  gap=-0.3090  ema_gap=-0.3154  mixup=52/200  1.2 sps  ETA 3.2h
              R²_rand=0.2340  R²_naive=0.1328  U_t=0.4603  U_b=0.8829  AUC=0.8536  Top1=0.1970
  timing: data=10.4ms  fwd=438.1ms  bwd=391.7ms  total=841.5ms
[  85800] loss=19.4774  ema_loss=20.1466  gap=-0.3073  ema_gap=-0.3134  mixup=59/200  1.2 sps  ETA 3.2h
              R²_rand=0.2355  R²_naive=0.1379  U_t=0.4524  U_b=0.9070  AUC=0.8690  Top1=0.2301
  timing: data=51.2ms  fwd=432.3ms  bwd=393.2ms  total=878.0ms
[  86000] loss=20.0115  ema_loss=20.0823  gap=-0.3114  ema_gap=-0.3131  mixup=58/200  1.2 sps  ETA 3.1h
              R²_rand=0.2301  R²_naive=0.1330  U_t=0.4700  U_b=0.9129  AUC=0.8663  Top1=0.2521
  timing: data=10.2ms  fwd=429.4ms  bwd=391.0ms  total=831.9ms
[  86200] loss=19.9305  ema_loss=20.1758  gap=-0.3103  ema_gap=-0.3151  mixup=71/200  1.2 sps  ETA 3.1h
              R²_rand=0.2586  R²_naive=0.1518  U_t=0.4182  U_b=0.8759  AUC=0.8911  Top1=0.2054
  timing: data=9.7ms  fwd=412.4ms  bwd=375.2ms  total=798.6ms
[  86400] loss=20.2418  ema_loss=20.2548  gap=-0.3137  ema_gap=-0.3188  mixup=57/200  1.2 sps  ETA 3.0h
              R²_rand=0.2491  R²_naive=0.1375  U_t=0.4488  U_b=0.8996  AUC=0.8764  Top1=0.2263
  timing: data=55.4ms  fwd=415.6ms  bwd=385.7ms  total=858.0ms
[  86600] loss=20.3357  ema_loss=20.1453  gap=-0.3304  ema_gap=-0.3183  mixup=57/200  1.2 sps  ETA 3.0h
              R²_rand=0.2060  R²_naive=0.1250  U_t=0.4674  U_b=0.9227  AUC=0.8604  Top1=0.2263
  timing: data=11.2ms  fwd=427.8ms  bwd=386.1ms  total=826.4ms
[  86800] loss=20.6578  ema_loss=20.1530  gap=-0.3211  ema_gap=-0.3202  mixup=64/200  1.2 sps  ETA 3.0h
              R²_rand=0.2451  R²_naive=0.1326  U_t=0.4760  U_b=0.9123  AUC=0.8792  Top1=0.2263
  timing: data=10.9ms  fwd=424.5ms  bwd=382.7ms  total=819.4ms
[  87000] loss=21.1656  ema_loss=20.5173  gap=-0.3302  ema_gap=-0.3231  mixup=67/200  1.2 sps  ETA 2.9h
              R²_rand=0.2277  R²_naive=0.1360  U_t=0.4727  U_b=0.9261  AUC=0.8737  Top1=0.2299
  timing: data=84.1ms  fwd=417.5ms  bwd=379.9ms  total=882.7ms
[  87200] loss=20.9172  ema_loss=20.4368  gap=-0.3288  ema_gap=-0.3223  mixup=68/200  1.2 sps  ETA 2.9h
              R²_rand=0.1965  R²_naive=0.1301  U_t=0.4731  U_b=0.8809  AUC=0.8733  Top1=0.1853
  timing: data=11.0ms  fwd=411.9ms  bwd=375.1ms  total=799.3ms
[  87400] loss=20.1632  ema_loss=20.3978  gap=-0.3138  ema_gap=-0.3214  mixup=62/200  1.2 sps  ETA 2.8h
              R²_rand=0.2505  R²_naive=0.1398  U_t=0.4597  U_b=0.9149  AUC=0.8896  Top1=0.2513
  timing: data=9.9ms  fwd=395.1ms  bwd=367.8ms  total=773.9ms
[  87600] loss=19.4552  ema_loss=20.3040  gap=-0.3059  ema_gap=-0.3177  mixup=64/200  1.2 sps  ETA 2.8h
              R²_rand=0.2559  R²_naive=0.1435  U_t=0.4193  U_b=0.9011  AUC=0.8963  Top1=0.2483
  timing: data=23.9ms  fwd=418.6ms  bwd=375.4ms  total=819.2ms
[  87800] loss=19.7960  ema_loss=20.2026  gap=-0.3134  ema_gap=-0.3167  mixup=63/200  1.2 sps  ETA 2.7h
              R²_rand=0.2620  R²_naive=0.1489  U_t=0.4160  U_b=0.9188  AUC=0.9005  Top1=0.2513
  timing: data=10.2ms  fwd=427.0ms  bwd=385.2ms  total=823.7ms
[  88000] loss=20.1645  ema_loss=20.3953  gap=-0.3127  ema_gap=-0.3170  mixup=48/200  1.2 sps  ETA 2.7h
              R²_rand=0.2551  R²_naive=0.1407  U_t=0.4348  U_b=0.8986  AUC=0.8925  Top1=0.2814
  timing: data=10.6ms  fwd=429.0ms  bwd=392.2ms  total=833.1ms
[  88200] loss=21.8806  ema_loss=20.4451  gap=-0.3209  ema_gap=-0.3195  mixup=52/200  1.2 sps  ETA 2.6h
              R²_rand=0.2525  R²_naive=0.1348  U_t=0.4663  U_b=0.9029  AUC=0.8853  Top1=0.2605
  timing: data=19.7ms  fwd=426.0ms  bwd=385.1ms  total=832.2ms
[  88400] loss=20.3738  ema_loss=20.2756  gap=-0.3183  ema_gap=-0.3163  mixup=57/200  1.2 sps  ETA 2.6h
              R²_rand=0.2390  R²_naive=0.1331  U_t=0.4350  U_b=0.9183  AUC=0.8849  Top1=0.2605
  timing: data=11.1ms  fwd=435.5ms  bwd=402.4ms  total=850.5ms
[  88600] loss=20.3615  ema_loss=20.3981  gap=-0.3256  ema_gap=-0.3147  mixup=73/200  1.2 sps  ETA 2.6h
              R²_rand=0.2406  R²_naive=0.1406  U_t=0.4220  U_b=0.8791  AUC=0.8840  Top1=0.2052
  timing: data=10.8ms  fwd=438.3ms  bwd=397.8ms  total=848.5ms
[  88800] loss=19.5583  ema_loss=20.1156  gap=-0.3064  ema_gap=-0.3120  mixup=58/200  1.2 sps  ETA 2.5h
              R²_rand=0.2421  R²_naive=0.1449  U_t=0.4088  U_b=0.8798  AUC=0.8985  Top1=0.2212
  timing: data=43.5ms  fwd=444.9ms  bwd=417.7ms  total=907.7ms
[  89000] loss=19.3162  ema_loss=20.1513  gap=-0.3204  ema_gap=-0.3112  mixup=61/200  1.2 sps  ETA 2.5h
              R²_rand=0.2193  R²_naive=0.1391  U_t=0.4231  U_b=0.9199  AUC=0.8835  Top1=0.2681
  timing: data=10.8ms  fwd=439.2ms  bwd=417.0ms  total=868.4ms
[  89200] loss=19.7916  ema_loss=20.2747  gap=-0.3148  ema_gap=-0.3161  mixup=61/200  1.2 sps  ETA 2.4h
              R²_rand=0.2596  R²_naive=0.1396  U_t=0.4216  U_b=0.8996  AUC=0.9034  Top1=0.2586
  timing: data=9.8ms  fwd=418.7ms  bwd=393.0ms  total=823.0ms
[  89400] loss=20.1636  ema_loss=20.0749  gap=-0.3210  ema_gap=-0.3151  mixup=56/200  1.2 sps  ETA 2.4h
              R²_rand=0.2496  R²_naive=0.1387  U_t=0.4514  U_b=0.9169  AUC=0.8899  Top1=0.2578
  timing: data=35.5ms  fwd=425.0ms  bwd=402.8ms  total=864.8ms
[  89600] loss=19.3050  ema_loss=20.0730  gap=-0.3044  ema_gap=-0.3144  mixup=55/200  1.2 sps  ETA 2.3h
              R²_rand=0.2503  R²_naive=0.1454  U_t=0.4308  U_b=0.9091  AUC=0.8995  Top1=0.2684
  timing: data=10.7ms  fwd=435.0ms  bwd=394.4ms  total=841.5ms
[  89800] loss=20.0645  ema_loss=20.2091  gap=-0.3155  ema_gap=-0.3145  mixup=70/200  1.2 sps  ETA 2.3h
              R²_rand=0.2325  R²_naive=0.1429  U_t=0.4211  U_b=0.8796  AUC=0.8953  Top1=0.2488
  timing: data=10.2ms  fwd=427.6ms  bwd=404.5ms  total=843.8ms
[  90000] loss=19.8672  ema_loss=20.1349  gap=-0.3135  ema_gap=-0.3155  mixup=67/200  1.2 sps  ETA 2.2h
              R²_rand=0.2401  R²_naive=0.1426  U_t=0.4509  U_b=0.8855  AUC=0.8891  Top1=0.2258
  timing: data=32.4ms  fwd=425.8ms  bwd=391.8ms  total=851.4ms
[  90200] loss=20.3636  ema_loss=20.0148  gap=-0.3125  ema_gap=-0.3144  mixup=64/200  1.2 sps  ETA 2.2h
              R²_rand=0.2610  R²_naive=0.1446  U_t=0.4246  U_b=0.9098  AUC=0.9078  Top1=0.2616
  timing: data=9.6ms  fwd=425.7ms  bwd=403.2ms  total=840.0ms
[  90400] loss=20.0406  ema_loss=19.9989  gap=-0.3152  ema_gap=-0.3170  mixup=57/200  1.2 sps  ETA 2.2h
              R²_rand=0.2402  R²_naive=0.1366  U_t=0.4246  U_b=0.8968  AUC=0.8865  Top1=0.2404
  timing: data=9.7ms  fwd=428.7ms  bwd=401.2ms  total=841.0ms
[  90600] loss=19.6739  ema_loss=20.0042  gap=-0.3177  ema_gap=-0.3165  mixup=64/200  1.2 sps  ETA 2.1h
              R²_rand=0.2216  R²_naive=0.1411  U_t=0.4542  U_b=0.9082  AUC=0.8870  Top1=0.2665
  timing: data=10.3ms  fwd=436.6ms  bwd=419.4ms  total=867.8ms
[  90800] loss=19.9097  ema_loss=19.9442  gap=-0.3185  ema_gap=-0.3158  mixup=63/200  1.2 sps  ETA 2.1h
              R²_rand=0.2362  R²_naive=0.1299  U_t=0.4592  U_b=0.9158  AUC=0.8822  Top1=0.2526
  timing: data=15.3ms  fwd=452.6ms  bwd=427.8ms  total=897.3ms
[  91000] loss=19.7147  ema_loss=19.9868  gap=-0.3077  ema_gap=-0.3179  mixup=56/200  1.2 sps  ETA 2.0h
              R²_rand=0.2628  R²_naive=0.1475  U_t=0.4132  U_b=0.9103  AUC=0.8996  Top1=0.2630
  timing: data=10.0ms  fwd=446.0ms  bwd=408.9ms  total=866.4ms
[  91200] loss=19.8864  ema_loss=19.9686  gap=-0.3152  ema_gap=-0.3177  mixup=53/200  1.2 sps  ETA 2.0h
              R²_rand=0.2289  R²_naive=0.1410  U_t=0.4628  U_b=0.9111  AUC=0.8796  Top1=0.2461
  timing: data=10.6ms  fwd=463.0ms  bwd=414.0ms  total=889.2ms
[  91400] loss=20.2113  ema_loss=20.0902  gap=-0.3179  ema_gap=-0.3176  mixup=59/200  1.2 sps  ETA 1.9h
              R²_rand=0.2653  R²_naive=0.1445  U_t=0.4284  U_b=0.9114  AUC=0.8940  Top1=0.2760
  timing: data=18.8ms  fwd=445.4ms  bwd=410.1ms  total=875.9ms
[  91600] loss=20.7122  ema_loss=20.4533  gap=-0.3213  ema_gap=-0.3223  mixup=58/200  1.2 sps  ETA 1.9h
              R²_rand=0.2486  R²_naive=0.1360  U_t=0.4460  U_b=0.9140  AUC=0.8919  Top1=0.2689
  timing: data=11.1ms  fwd=446.1ms  bwd=405.9ms  total=864.7ms
[  91800] loss=20.3192  ema_loss=20.3817  gap=-0.3148  ema_gap=-0.3201  mixup=52/200  1.2 sps  ETA 1.8h
              R²_rand=0.2309  R²_naive=0.1359  U_t=0.4697  U_b=0.9074  AUC=0.8777  Top1=0.2364
  timing: data=10.1ms  fwd=428.2ms  bwd=398.2ms  total=838.0ms
[  92000] loss=21.1934  ema_loss=20.4307  gap=-0.3207  ema_gap=-0.3202  mixup=62/200  1.2 sps  ETA 1.8h
              R²_rand=0.2469  R²_naive=0.1330  U_t=0.4624  U_b=0.9152  AUC=0.8835  Top1=0.2475
  timing: data=20.9ms  fwd=435.9ms  bwd=394.2ms  total=852.3ms
[  92200] loss=19.8306  ema_loss=20.4705  gap=-0.3117  ema_gap=-0.3210  mixup=57/200  1.2 sps  ETA 1.8h
              R²_rand=0.2446  R²_naive=0.1523  U_t=0.4074  U_b=0.8773  AUC=0.8962  Top1=0.2282
  timing: data=10.5ms  fwd=426.8ms  bwd=379.1ms  total=817.7ms
[  92400] loss=20.5802  ema_loss=20.3776  gap=-0.3266  ema_gap=-0.3223  mixup=57/200  1.2 sps  ETA 1.7h
              R²_rand=0.2459  R²_naive=0.1392  U_t=0.4695  U_b=0.8845  AUC=0.8850  Top1=0.2122
  timing: data=10.5ms  fwd=433.5ms  bwd=387.6ms  total=832.9ms
[  92600] loss=21.4052  ema_loss=20.4722  gap=-0.3285  ema_gap=-0.3248  mixup=71/200  1.2 sps  ETA 1.7h
              R²_rand=0.2423  R²_naive=0.1300  U_t=0.4594  U_b=0.9109  AUC=0.8836  Top1=0.2377
  timing: data=22.0ms  fwd=434.6ms  bwd=381.5ms  total=839.5ms
[  92800] loss=21.7294  ema_loss=20.6666  gap=-0.3432  ema_gap=-0.3279  mixup=60/200  1.2 sps  ETA 1.6h
              R²_rand=0.2131  R²_naive=0.1195  U_t=0.4859  U_b=0.8837  AUC=0.8365  Top1=0.1946
  timing: data=10.8ms  fwd=444.6ms  bwd=374.1ms  total=831.0ms
[  93000] loss=20.8383  ema_loss=20.5785  gap=-0.3303  ema_gap=-0.3258  mixup=60/200  1.2 sps  ETA 1.6h
              R²_rand=0.2325  R²_naive=0.1291  U_t=0.4789  U_b=0.9160  AUC=0.8666  Top1=0.2407
  timing: data=11.4ms  fwd=445.7ms  bwd=379.8ms  total=838.3ms
[  93200] loss=20.6095  ema_loss=20.6011  gap=-0.3322  ema_gap=-0.3271  mixup=60/200  1.2 sps  ETA 1.5h
              R²_rand=0.2081  R²_naive=0.1300  U_t=0.4859  U_b=0.8562  AUC=0.8610  Top1=0.2022
  timing: data=13.8ms  fwd=452.3ms  bwd=391.3ms  total=859.0ms
[  93400] loss=20.7367  ema_loss=20.6077  gap=-0.3300  ema_gap=-0.3273  mixup=56/200  1.2 sps  ETA 1.5h
              R²_rand=0.2248  R²_naive=0.1317  U_t=0.4709  U_b=0.9008  AUC=0.8659  Top1=0.2315
  timing: data=10.0ms  fwd=437.1ms  bwd=386.7ms  total=835.2ms
[  93600] loss=19.9310  ema_loss=20.3545  gap=-0.3215  ema_gap=-0.3270  mixup=59/200  1.2 sps  ETA 1.4h
              R²_rand=0.2255  R²_naive=0.1362  U_t=0.4355  U_b=0.9172  AUC=0.8720  Top1=0.2478
  timing: data=11.1ms  fwd=449.5ms  bwd=401.2ms  total=863.2ms
[  93800] loss=20.2308  ema_loss=20.2418  gap=-0.3183  ema_gap=-0.3235  mixup=58/200  1.2 sps  ETA 1.4h
              R²_rand=0.2415  R²_naive=0.1331  U_t=0.4665  U_b=0.9026  AUC=0.8712  Top1=0.2372
  timing: data=24.3ms  fwd=461.7ms  bwd=409.3ms  total=896.8ms
[  94000] loss=21.0695  ema_loss=20.1616  gap=-0.3249  ema_gap=-0.3250  mixup=64/200  1.2 sps  ETA 1.4h
              R²_rand=0.2308  R²_naive=0.1264  U_t=0.4704  U_b=0.8729  AUC=0.8555  Top1=0.1796
  timing: data=11.4ms  fwd=454.4ms  bwd=398.4ms  total=865.5ms
[  94200] loss=19.4028  ema_loss=20.2146  gap=-0.3271  ema_gap=-0.3224  mixup=59/200  1.2 sps  ETA 1.3h
              R²_rand=0.2378  R²_naive=0.1338  U_t=0.4442  U_b=0.9147  AUC=0.8830  Top1=0.2513
  timing: data=11.0ms  fwd=448.5ms  bwd=401.8ms  total=862.7ms
[  94400] loss=20.7014  ema_loss=20.1437  gap=-0.3143  ema_gap=-0.3220  mixup=57/200  1.2 sps  ETA 1.3h
              R²_rand=0.2201  R²_naive=0.1313  U_t=0.4600  U_b=0.8893  AUC=0.8764  Top1=0.2421
  timing: data=18.5ms  fwd=441.4ms  bwd=401.5ms  total=862.8ms
[  94600] loss=20.2926  ema_loss=20.1569  gap=-0.3218  ema_gap=-0.3215  mixup=57/200  1.2 sps  ETA 1.2h
              R²_rand=0.2018  R²_naive=0.1291  U_t=0.4656  U_b=0.9187  AUC=0.8719  Top1=0.2282
  timing: data=10.9ms  fwd=463.0ms  bwd=404.4ms  total=879.9ms
[  94800] loss=20.4433  ema_loss=20.2467  gap=-0.3205  ema_gap=-0.3208  mixup=59/200  1.2 sps  ETA 1.2h
              R²_rand=0.2440  R²_naive=0.1294  U_t=0.4321  U_b=0.9127  AUC=0.8763  Top1=0.2545
  timing: data=10.8ms  fwd=460.6ms  bwd=404.8ms  total=877.7ms
[  95000] loss=19.2230  ema_loss=20.1060  gap=-0.3128  ema_gap=-0.3205  mixup=74/200  1.2 sps  ETA 1.1h
              R²_rand=0.2523  R²_naive=0.1374  U_t=0.4166  U_b=0.9217  AUC=0.8821  Top1=0.2757
  timing: data=23.1ms  fwd=456.6ms  bwd=397.9ms  total=879.1ms
[  95200] loss=19.4618  ema_loss=20.1134  gap=-0.3058  ema_gap=-0.3177  mixup=59/200  1.2 sps  ETA 1.1h
              R²_rand=0.1910  R²_naive=0.1256  U_t=0.4724  U_b=0.9101  AUC=0.8725  Top1=0.2429
  timing: data=9.5ms  fwd=413.9ms  bwd=373.2ms  total=797.8ms
[  95400] loss=19.5408  ema_loss=20.1166  gap=-0.3121  ema_gap=-0.3155  mixup=57/200  1.2 sps  ETA 1.0h
              R²_rand=0.1989  R²_naive=0.1295  U_t=0.4654  U_b=0.9117  AUC=0.8744  Top1=0.2475
  timing: data=11.2ms  fwd=425.4ms  bwd=386.5ms  total=824.3ms
[  95600] loss=20.1003  ema_loss=19.9337  gap=-0.3262  ema_gap=-0.3153  mixup=76/200  1.2 sps  ETA 1.0h
              R²_rand=0.2380  R²_naive=0.1289  U_t=0.4413  U_b=0.9144  AUC=0.8695  Top1=0.2480
  timing: data=11.1ms  fwd=438.6ms  bwd=399.7ms  total=850.8ms
[  95800] loss=20.7729  ema_loss=20.1528  gap=-0.3334  ema_gap=-0.3206  mixup=74/200  1.2 sps  ETA 1.0h
              R²_rand=0.2134  R²_naive=0.1198  U_t=0.4634  U_b=0.9128  AUC=0.8542  Top1=0.2231
  timing: data=12.6ms  fwd=435.5ms  bwd=398.1ms  total=847.6ms
[  96000] loss=20.2056  ema_loss=20.0627  gap=-0.3185  ema_gap=-0.3224  mixup=57/200  1.2 sps  ETA 0.9h
              R²_rand=0.2268  R²_naive=0.1249  U_t=0.4655  U_b=0.9142  AUC=0.8663  Top1=0.2545
  timing: data=10.5ms  fwd=438.4ms  bwd=399.2ms  total=849.6ms
[  96200] loss=20.0724  ema_loss=19.8828  gap=-0.3256  ema_gap=-0.3209  mixup=48/200  1.2 sps  ETA 0.9h
              R²_rand=0.2163  R²_naive=0.1246  U_t=0.4772  U_b=0.8654  AUC=0.8634  Top1=0.1715
  timing: data=10.3ms  fwd=433.6ms  bwd=395.3ms  total=840.5ms
[  96400] loss=20.7991  ema_loss=20.1656  gap=-0.3355  ema_gap=-0.3269  mixup=62/200  1.2 sps  ETA 0.8h
              R²_rand=0.1929  R²_naive=0.1283  U_t=0.4744  U_b=0.9015  AUC=0.8598  Top1=0.2380
  timing: data=20.8ms  fwd=433.3ms  bwd=395.1ms  total=850.6ms
[  96600] loss=20.0023  ema_loss=20.1848  gap=-0.3213  ema_gap=-0.3283  mixup=63/200  1.2 sps  ETA 0.8h
              R²_rand=0.2525  R²_naive=0.1351  U_t=0.4568  U_b=0.9095  AUC=0.8820  Top1=0.2545
  timing: data=10.7ms  fwd=445.9ms  bwd=399.9ms  total=857.9ms
[  96800] loss=20.2476  ema_loss=20.2026  gap=-0.3278  ema_gap=-0.3269  mixup=62/200  1.2 sps  ETA 0.7h
              R²_rand=0.2324  R²_naive=0.1254  U_t=0.4838  U_b=0.9086  AUC=0.8675  Top1=0.2293
  timing: data=10.6ms  fwd=446.0ms  bwd=404.7ms  total=862.8ms
[  97000] loss=19.7684  ema_loss=20.2436  gap=-0.3304  ema_gap=-0.3300  mixup=71/200  1.2 sps  ETA 0.7h
              R²_rand=0.2350  R²_naive=0.1384  U_t=0.4698  U_b=0.9214  AUC=0.8849  Top1=0.2299
  timing: data=17.9ms  fwd=443.3ms  bwd=405.9ms  total=868.5ms
[  97200] loss=19.8809  ema_loss=20.0533  gap=-0.3270  ema_gap=-0.3312  mixup=60/200  1.2 sps  ETA 0.6h
              R²_rand=0.2372  R²_naive=0.1302  U_t=0.4689  U_b=0.9133  AUC=0.8866  Top1=0.2364
  timing: data=10.5ms  fwd=431.3ms  bwd=396.8ms  total=840.0ms
[  97400] loss=20.5293  ema_loss=19.8165  gap=-0.3307  ema_gap=-0.3305  mixup=55/200  1.2 sps  ETA 0.6h
              R²_rand=0.2278  R²_naive=0.1310  U_t=0.4736  U_b=0.9083  AUC=0.8742  Top1=0.2334
  timing: data=10.9ms  fwd=427.5ms  bwd=389.7ms  total=829.5ms
[  97600] loss=20.3090  ema_loss=19.8667  gap=-0.3278  ema_gap=-0.3299  mixup=62/200  1.2 sps  ETA 0.5h
              R²_rand=0.2542  R²_naive=0.1363  U_t=0.4360  U_b=0.9022  AUC=0.8893  Top1=0.2391
  timing: data=16.2ms  fwd=406.1ms  bwd=376.1ms  total=799.7ms
[  97800] loss=20.0844  ema_loss=20.0216  gap=-0.3302  ema_gap=-0.3308  mixup=72/200  1.2 sps  ETA 0.5h
              R²_rand=0.2162  R²_naive=0.1337  U_t=0.4696  U_b=0.9246  AUC=0.8714  Top1=0.2307
  timing: data=10.7ms  fwd=425.5ms  bwd=374.4ms  total=811.9ms
[  98000] loss=19.7580  ema_loss=20.1694  gap=-0.3257  ema_gap=-0.3318  mixup=68/200  1.2 sps  ETA 0.5h
              R²_rand=0.2438  R²_naive=0.1363  U_t=0.4391  U_b=0.8998  AUC=0.8877  Top1=0.2361
  timing: data=11.5ms  fwd=477.0ms  bwd=431.2ms  total=921.3ms
[  98200] loss=20.3434  ema_loss=20.2554  gap=-0.3353  ema_gap=-0.3304  mixup=56/200  1.2 sps  ETA 0.4h
              R²_rand=0.2252  R²_naive=0.1305  U_t=0.4653  U_b=0.9132  AUC=0.8765  Top1=0.2472
  timing: data=15.2ms  fwd=458.6ms  bwd=422.4ms  total=897.7ms
[  98400] loss=20.2146  ema_loss=20.4098  gap=-0.3222  ema_gap=-0.3332  mixup=58/200  1.2 sps  ETA 0.4h
              R²_rand=0.2608  R²_naive=0.1424  U_t=0.4072  U_b=0.8945  AUC=0.8921  Top1=0.2548
  timing: data=11.2ms  fwd=452.6ms  bwd=407.1ms  total=872.3ms
[  98600] loss=21.4246  ema_loss=20.1910  gap=-0.3414  ema_gap=-0.3310  mixup=64/200  1.2 sps  ETA 0.3h
              R²_rand=0.1969  R²_naive=0.1219  U_t=0.4565  U_b=0.9156  AUC=0.8672  Top1=0.2263
  timing: data=10.7ms  fwd=442.4ms  bwd=407.5ms  total=862.0ms
[  98800] loss=20.7629  ema_loss=20.1984  gap=-0.3335  ema_gap=-0.3314  mixup=63/200  1.2 sps  ETA 0.3h
              R²_rand=0.2316  R²_naive=0.1264  U_t=0.4324  U_b=0.9135  AUC=0.8729  Top1=0.2505
  timing: data=11.1ms  fwd=438.9ms  bwd=393.5ms  total=844.9ms
[  99000] loss=20.1195  ema_loss=20.0224  gap=-0.3283  ema_gap=-0.3292  mixup=49/200  1.2 sps  ETA 0.2h
              R²_rand=0.2192  R²_naive=0.1230  U_t=0.4612  U_b=0.9004  AUC=0.8664  Top1=0.2103
  timing: data=10.5ms  fwd=435.9ms  bwd=396.0ms  total=843.7ms
[  99200] loss=20.4393  ema_loss=20.0299  gap=-0.3375  ema_gap=-0.3298  mixup=60/200  1.2 sps  ETA 0.2h
              R²_rand=0.2055  R²_naive=0.1233  U_t=0.4524  U_b=0.9128  AUC=0.8752  Top1=0.2521
  timing: data=10.6ms  fwd=443.8ms  bwd=405.2ms  total=861.4ms
[  99400] loss=20.6678  ema_loss=19.9619  gap=-0.3364  ema_gap=-0.3282  mixup=61/200  1.2 sps  ETA 0.1h
              R²_rand=0.2121  R²_naive=0.1226  U_t=0.4614  U_b=0.8872  AUC=0.8639  Top1=0.1978
  timing: data=26.2ms  fwd=450.5ms  bwd=414.0ms  total=892.1ms
[  99600] loss=19.6080  ema_loss=19.8672  gap=-0.3237  ema_gap=-0.3273  mixup=65/200  1.2 sps  ETA 0.1h
              R²_rand=0.2422  R²_naive=0.1251  U_t=0.4503  U_b=0.9130  AUC=0.8700  Top1=0.2364
  timing: data=10.7ms  fwd=432.4ms  bwd=394.7ms  total=839.1ms
[  99800] loss=20.6994  ema_loss=20.0268  gap=-0.3266  ema_gap=-0.3274  mixup=60/200  1.2 sps  ETA 0.0h
              R²_rand=0.2397  R²_naive=0.1318  U_t=0.4371  U_b=0.9095  AUC=0.8781  Top1=0.2467
  timing: data=10.6ms  fwd=435.4ms  bwd=389.1ms  total=836.4ms
[ 100000] loss=20.6093  ema_loss=19.9923  gap=-0.3389  ema_gap=-0.3272  mixup=45/200  1.2 sps  ETA 0.0h
              R²_rand=0.1962  R²_naive=0.1249  U_t=0.4578  U_b=0.9158  AUC=0.8694  Top1=0.2307
  timing: data=63.3ms  fwd=411.3ms  bwd=378.9ms  total=854.7ms
  -> Saved /root/cf373_runs/bb_small_arm4_combab_xshh_allt_moco_enc3l3_b64_200k_sigreg_ema_qk_aon_cpc_tau090_cf373k3/bb_small_arm4_combab_xshh_allt_moco_enc3l3_b64_200k_sigreg_ema_qk_aon_cpc_tau090_cf373k3_r2_100k.pth
  -> Saved /root/cf373_runs/bb_small_arm4_combab_xshh_allt_moco_enc3l3_b64_200k_sigreg_ema_qk_aon_cpc_tau090_cf373k3/bb_small_arm4_combab_xshh_allt_moco_enc3l3_b64_200k_sigreg_ema_qk_aon_cpc_tau090_cf373k3_r2_final.pth

Done in 13.6h. Best gap=-0.2714 at step 3000, Best loss=18.9699 at step 74400
