[10-06 20:43:35] [k3_r100_09_lr56_fix09_dec10k_cos665k_bb665k_h30k_student] head-train SKIP (final exists)
[10-06 20:43:35] [k3_r100_09_lr56_fix09_dec10k_cos665k_bb665k_h30k_student] eval start (97 configs, B4, forecast-len 16, elisa CPUs)
[10-06 20:43:55] [k3_r100_09_lr56_fix09_dec10k_lr30x_bb665k_h30k_student] head-train start enc=student steps=30000 seed=20260722 gpu=0 bb=cf393_arm6_v2_combab_alignT_cf373k3_cf412_k3_r100_09_lr56_fix09_dec10k_lr30x_665k.pth
[10-06 20:44:15] [k3_r100_09_lr56_fix09_dec10k_lr100x_bb1080k_h30k_student] head-train start enc=student steps=30000 seed=20260722 gpu=0 bb=cf393_arm6_v2_combab_alignT_cf373k3_cf412_k3_r100_09_lr56_fix09_dec10k_lr100x_1080k.pth
[10-06 21:47:57] [k3_r100_09_lr56_fix09_dec10k_cos665k_bb665k_h30k_student] eval rc=0
[10-06 21:47:57] [k3_r100_09_lr56_fix09_dec10k_cos665k_bb665k_h30k_student] DONE — GM-Relative MASE 1.2706
[10-06 21:47:57] [k3_r100_09_lr56_fix09_dec10k_cos200k_bb1140k_h30k_student] head-train start enc=student steps=30000 seed=20260722 gpu=0 bb=cf393_arm6_v2_combab_alignT_cf373k3_cf412_k3_r100_09_lr56_fix09_dec10k_cos200k_1140k.pth
[10-06 22:27:30] [k3_r100_09_lr56_fix09_dec10k_lr100x_bb1080k_h30k_student] head-train rc=0
[10-06 22:27:30] [k3_r100_09_lr56_fix09_dec10k_lr100x_bb1080k_h30k_student] eval start (97 configs, B4, forecast-len 16, elisa CPUs)
[10-06 22:27:32] [k3_r100_09_lr56_fix09_dec10k_lr30x_bb665k_h30k_student] head-train rc=0
[10-06 22:27:32] [k3_r100_09_lr56_fix09_dec10k_lr30x_bb665k_h30k_student] eval start (97 configs, B4, forecast-len 16, elisa CPUs)
[10-06 22:44:54] [k3_r100_09_lr56_fix09_dec10k_cos200k_bb1140k_h30k_student] head-train rc=0
[10-06 22:44:54] [k3_r100_09_lr56_fix09_dec10k_cos200k_bb1140k_h30k_student] eval start (97 configs, B4, forecast-len 16, elisa CPUs)
[10-06 23:49:01] [k3_r100_09_lr56_fix09_dec10k_lr100x_bb1080k_h30k_student] eval rc=0
[10-06 23:49:01] [k3_r100_09_lr56_fix09_dec10k_lr100x_bb1080k_h30k_student] DONE — GM-Relative MASE 1.1471
[10-06 23:49:16] [k3_r100_09_lr56_fix09_dec10k_lr30x_bb665k_h30k_student] eval rc=0
[10-06 23:49:16] [k3_r100_09_lr56_fix09_dec10k_lr30x_bb665k_h30k_student] DONE — GM-Relative MASE 1.1913
[10-06 23:49:16] [k3_r100_09_lr56_fix09_dec10k_lr10xb_bb420k_h30k_student] head-train start enc=student steps=30000 seed=20260722 gpu=0 bb=cf393_arm6_v2_combab_alignT_cf373k3_cf412_k3_r100_09_lr56_fix09_dec10k_lr10xb_420k.pth
[10-07 00:01:05] [k3_r100_09_lr56_fix09_dec10k_cos200k_bb1140k_h30k_student] eval rc=0
[10-07 00:01:05] [k3_r100_09_lr56_fix09_dec10k_cos200k_bb1140k_h30k_student] DONE — GM-Relative MASE 1.1452
[10-07 00:29:26] [k3_r100_09_lr56_fix09_dec10k_lr10xb_bb420k_h30k_student] head-train rc=0
[10-07 00:29:26] [k3_r100_09_lr56_fix09_dec10k_lr10xb_bb420k_h30k_student] eval start (97 configs, B4, forecast-len 16, elisa CPUs)
[10-07 01:08:16] [k3_r100_09_lr56_fix09_dec10k_lr10xb_bb420k_h30k_student] eval rc=0
[10-07 01:08:16] [k3_r100_09_lr56_fix09_dec10k_lr10xb_bb420k_h30k_student] DONE — GM-Relative MASE 1.2211
[10-07 05:56:08] [k3_r100_09_lr56_fix09_dec10k_cos200k_bb665k_h30k_recon] head argv -> /workspace/results/cf-425/waves/old_1007_055608_6GXN/jobs.jsonl reconstruction=encoder
[10-07 05:56:08] [k3_r100_09_lr56_fix09_dec10k_cos200k_bb1330k_h30k_recon] head argv -> /workspace/results/cf-425/waves/old_1007_055608_6GXN/jobs.jsonl reconstruction=encoder
[10-07 05:56:08] [k3_r100_09_lr56_fix09_dec10k_lr100x_bb1000k_h30k_recon] head argv -> /workspace/results/cf-425/waves/old_1007_055608_6GXN/jobs.jsonl reconstruction=encoder
[10-07 05:56:08] [k3_r100_09_lr56_fix09_dec10k_lr100x_bb1080k_h30k_recon] head argv -> /workspace/results/cf-425/waves/old_1007_055608_6GXN/jobs.jsonl reconstruction=encoder
[10-07 05:56:08] [k3_r100_09_lr56_fix09_dec10k_lr10xb_bb100k_h30k_recon] head argv -> /workspace/results/cf-425/waves/old_1007_055608_6GXN/jobs.jsonl reconstruction=encoder
[10-07 05:56:08] [k3_r100_09_lr56_fix09_dec10k_lr10xb_bb420k_h30k_recon] head argv -> /workspace/results/cf-425/waves/old_1007_055608_6GXN/jobs.jsonl reconstruction=encoder
[10-07 05:56:08] [k3_r100_09_lr56_fix09_dec10k_lr30x_bb665k_h30k_recon] head argv -> /workspace/results/cf-425/waves/old_1007_055608_6GXN/jobs.jsonl reconstruction=encoder
[10-07 05:56:08] [k3_r100_09_lr56_fix09_dec10k_cos665k_bb665k_h30k_recon] head argv -> /workspace/results/cf-425/waves/old_1007_055608_6GXN/jobs.jsonl reconstruction=encoder
[10-07 05:56:08] [k3_r100_09_lr56_fix09_dec10k_cos200k_bb1140k_h30k_recon] head argv -> /workspace/results/cf-425/waves/old_1007_055608_6GXN/jobs.jsonl reconstruction=encoder
[10-07 05:58:08] [cf419_cos200k_bb100k_h30k_recon] head argv -> /workspace/results/cf-425/waves/gift_pretrain_1007_055808_g7Vn/jobs.jsonl reconstruction=encoder
[10-07 05:58:08] [cf419_cos200k_bb400k_h30k_recon] head argv -> /workspace/results/cf-425/waves/gift_pretrain_1007_055808_g7Vn/jobs.jsonl reconstruction=encoder
[10-07 05:58:08] [cf412om_bb10k_h30k_recon] head argv -> /workspace/results/cf-425/waves/gift_pretrain_1007_055808_g7Vn/jobs.jsonl reconstruction=encoder
[10-07 05:58:08] [cf412om_bb166k_h30k_recon] head argv -> /workspace/results/cf-425/waves/gift_pretrain_1007_055808_g7Vn/jobs.jsonl reconstruction=encoder
[10-07 05:58:08] [cf412oc_bb40k_h30k_recon] head argv -> /workspace/results/cf-425/waves/gift_pretrain_1007_055808_g7Vn/jobs.jsonl reconstruction=encoder
[10-07 05:58:08] [cf412oc2_bb40k_h30k_recon] head argv -> /workspace/results/cf-425/waves/gift_pretrain_1007_055808_g7Vn/jobs.jsonl reconstruction=encoder
[10-07 05:58:08] [cf412oc2_bb400k_h30k_recon] head argv -> /workspace/results/cf-425/waves/gift_pretrain_1007_055808_g7Vn/jobs.jsonl reconstruction=encoder
[10-07 05:58:08] [cf412oe2_bb40k_h30k_recon] head argv -> /workspace/results/cf-425/waves/gift_pretrain_1007_055808_g7Vn/jobs.jsonl reconstruction=encoder
[10-07 05:58:08] [cf412oe2_bb200k_h30k_recon] head argv -> /workspace/results/cf-425/waves/gift_pretrain_1007_055808_g7Vn/jobs.jsonl reconstruction=encoder
[10-07 05:58:08] [cf412om2_bb10k_h30k_recon] head argv -> /workspace/results/cf-425/waves/gift_pretrain_1007_055808_g7Vn/jobs.jsonl reconstruction=encoder
[10-07 05:58:08] [cf412om2_bb125k_h30k_recon] head argv -> /workspace/results/cf-425/waves/gift_pretrain_1007_055808_g7Vn/jobs.jsonl reconstruction=encoder
[10-07 05:58:08] [cf412oa2_bb40k_h30k_recon] head argv -> /workspace/results/cf-425/waves/gift_pretrain_1007_055808_g7Vn/jobs.jsonl reconstruction=encoder
