Warning: Permanently added '[ssh5.vast.ai]:31200' (ED25519) to the list of known hosts.
Welcome to vast.ai. If authentication fails, try again after a few seconds, and double check your ssh key.
Have fun!
Warning: Permanently added '[ssh5.vast.ai]:31200' (ED25519) to the list of known hosts.
Welcome to vast.ai. If authentication fails, try again after a few seconds, and double check your ssh key.
Have fun!
[10-07 06:56:05] [#425 sync] 62 of 62 file(s) from /workspace/results/cf-425
Warning: Permanently added '[ssh5.vast.ai]:31200' (ED25519) to the list of known hosts.
Welcome to vast.ai. If authentication fails, try again after a few seconds, and double check your ssh key.
Have fun!
Warning: Permanently added '[ssh5.vast.ai]:31200' (ED25519) to the list of known hosts.
Welcome to vast.ai. If authentication fails, try again after a few seconds, and double check your ssh key.
Have fun!
[10-07 05:56:13] [#425 prune] deleted forecast/eval/k3_r100_09_lr56_fix09_dec10k_lr100x_bb1080k_h30k_student/qhead_k3_r100_09_lr56_fix09_dec10k_lr100x_bb1080k_h30k_student_s20260722_10k_optimizer.pth (28878061 bytes)
[10-07 05:56:13] [#425 prune] deleted forecast/eval/k3_r100_09_lr56_fix09_dec10k_lr100x_bb1080k_h30k_student/qhead_k3_r100_09_lr56_fix09_dec10k_lr100x_bb1080k_h30k_student_s20260722_20k.pth (14435897 bytes)
[10-07 05:56:13] [#425 prune] deleted forecast/eval/k3_r100_09_lr56_fix09_dec10k_lr100x_bb1080k_h30k_student/qhead_k3_r100_09_lr56_fix09_dec10k_lr100x_bb1080k_h30k_student_s20260722_15k_optimizer.pth (28878061 bytes)
[10-07 05:56:13] [#425 prune] deleted forecast/eval/k3_r100_09_lr56_fix09_dec10k_lr100x_bb1080k_h30k_student/qhead_k3_r100_09_lr56_fix09_dec10k_lr100x_bb1080k_h30k_student_s20260722_best_optimizer.pth (28878151 bytes)
[10-07 05:56:13] [#425 prune] deleted forecast/eval/k3_r100_09_lr56_fix09_dec10k_lr100x_bb1080k_h30k_student/qhead_k3_r100_09_lr56_fix09_dec10k_lr100x_bb1080k_h30k_student_s20260722_30k_optimizer.pth (28878061 bytes)
[10-07 05:56:13] [#425 prune] deleted forecast/eval/k3_r100_09_lr56_fix09_dec10k_lr100x_bb1080k_h30k_student/qhead_k3_r100_09_lr56_fix09_dec10k_lr100x_bb1080k_h30k_student_s20260722_15k.pth (14435897 bytes)
[10-07 05:56:13] [#425 prune] deleted forecast/eval/k3_r100_09_lr56_fix09_dec10k_lr100x_bb1080k_h30k_student/qhead_k3_r100_09_lr56_fix09_dec10k_lr100x_bb1080k_h30k_student_s20260722_25k.pth (14435897 bytes)
[10-07 05:56:13] [#425 prune] deleted forecast/eval/k3_r100_09_lr56_fix09_dec10k_lr100x_bb1080k_h30k_student/qhead_k3_r100_09_lr56_fix09_dec10k_lr100x_bb1080k_h30k_student_s20260722_25k_optimizer.pth (28878061 bytes)
[10-07 05:56:13] [#425 prune] deleted forecast/eval/k3_r100_09_lr56_fix09_dec10k_lr100x_bb1080k_h30k_student/qhead_k3_r100_09_lr56_fix09_dec10k_lr100x_bb1080k_h30k_student_s20260722_10k.pth (14435897 bytes)
[10-07 05:56:13] [#425 prune] deleted forecast/eval/k3_r100_09_lr56_fix09_dec10k_lr100x_bb1080k_h30k_student/qhead_k3_r100_09_lr56_fix09_dec10k_lr100x_bb1080k_h30k_student_s20260722_20k_optimizer.pth (28878061 bytes)
[10-07 05:56:13] [#425 prune] deleted forecast/eval/k3_r100_09_lr56_fix09_dec10k_lr100x_bb1080k_h30k_student/qhead_k3_r100_09_lr56_fix09_dec10k_lr100x_bb1080k_h30k_student_s20260722_best.pth (14435931 bytes)
[10-07 05:56:13] [#425 prune] deleted forecast/eval/k3_r100_09_lr56_fix09_dec10k_lr100x_bb1080k_h30k_student/qhead_k3_r100_09_lr56_fix09_dec10k_lr100x_bb1080k_h30k_student_s20260722_5k.pth (14435863 bytes)
[10-07 05:56:13] [#425 prune] deleted forecast/eval/k3_r100_09_lr56_fix09_dec10k_lr100x_bb1080k_h30k_student/qhead_k3_r100_09_lr56_fix09_dec10k_lr100x_bb1080k_h30k_student_s20260722_final_optimizer.pth (28878241 bytes)
[10-07 05:56:13] [#425 prune] deleted forecast/eval/k3_r100_09_lr56_fix09_dec10k_lr100x_bb1080k_h30k_student/qhead_k3_r100_09_lr56_fix09_dec10k_lr100x_bb1080k_h30k_student_s20260722_30k.pth (14435897 bytes)
[10-07 05:56:13] [#425 prune] deleted forecast/eval/k3_r100_09_lr56_fix09_dec10k_lr100x_bb1080k_h30k_student/qhead_k3_r100_09_lr56_fix09_dec10k_lr100x_bb1080k_h30k_student_s20260722_5k_optimizer.pth (28877907 bytes)
[10-07 05:56:13] [#425 prune] deleted forecast/eval/k3_r100_09_lr56_fix09_dec10k_lr100x_bb1080k_h30k_student/qhead_k3_r100_09_lr56_fix09_dec10k_lr100x_bb1080k_h30k_student_s20260722_final.pth (14435965 bytes)
[10-07 05:56:13] [#425 prune] deleted forecast/eval/k3_r100_09_lr56_fix09_dec10k_lr30x_bb665k_h30k_student/qhead_k3_r100_09_lr56_fix09_dec10k_lr30x_bb665k_h30k_student_s20260722_15k_optimizer.pth (28877817 bytes)
[10-07 05:56:13] [#425 prune] deleted forecast/eval/k3_r100_09_lr56_fix09_dec10k_lr30x_bb665k_h30k_student/qhead_k3_r100_09_lr56_fix09_dec10k_lr30x_bb665k_h30k_student_s20260722_20k_optimizer.pth (28877817 bytes)
[10-07 05:56:13] [#425 prune] deleted forecast/eval/k3_r100_09_lr56_fix09_dec10k_lr30x_bb665k_h30k_student/qhead_k3_r100_09_lr56_fix09_dec10k_lr30x_bb665k_h30k_student_s20260722_10k.pth (14435829 bytes)
[10-07 05:56:13] [#425 prune] deleted forecast/eval/k3_r100_09_lr56_fix09_dec10k_lr30x_bb665k_h30k_student/qhead_k3_r100_09_lr56_fix09_dec10k_lr30x_bb665k_h30k_student_s20260722_final.pth (14435897 bytes)
[10-07 05:56:13] [#425 prune] deleted forecast/eval/k3_r100_09_lr56_fix09_dec10k_lr30x_bb665k_h30k_student/qhead_k3_r100_09_lr56_fix09_dec10k_lr30x_bb665k_h30k_student_s20260722_5k.pth (14435795 bytes)
[10-07 05:56:13] [#425 prune] deleted forecast/eval/k3_r100_09_lr56_fix09_dec10k_lr30x_bb665k_h30k_student/qhead_k3_r100_09_lr56_fix09_dec10k_lr30x_bb665k_h30k_student_s20260722_15k.pth (14435829 bytes)
[10-07 05:56:13] [#425 prune] deleted forecast/eval/k3_r100_09_lr56_fix09_dec10k_lr30x_bb665k_h30k_student/qhead_k3_r100_09_lr56_fix09_dec10k_lr30x_bb665k_h30k_student_s20260722_10k_optimizer.pth (28877817 bytes)
[10-07 05:56:13] [#425 prune] deleted forecast/eval/k3_r100_09_lr56_fix09_dec10k_lr30x_bb665k_h30k_student/qhead_k3_r100_09_lr56_fix09_dec10k_lr30x_bb665k_h30k_student_s20260722_25k.pth (14435829 bytes)
[10-07 05:56:13] [#425 prune] deleted forecast/eval/k3_r100_09_lr56_fix09_dec10k_lr30x_bb665k_h30k_student/qhead_k3_r100_09_lr56_fix09_dec10k_lr30x_bb665k_h30k_student_s20260722_5k_optimizer.pth (28877727 bytes)
[10-07 05:56:13] [#425 prune] deleted forecast/eval/k3_r100_09_lr56_fix09_dec10k_lr30x_bb665k_h30k_student/qhead_k3_r100_09_lr56_fix09_dec10k_lr30x_bb665k_h30k_student_s20260722_30k.pth (14435829 bytes)
[10-07 05:56:13] [#425 prune] deleted forecast/eval/k3_r100_09_lr56_fix09_dec10k_lr30x_bb665k_h30k_student/qhead_k3_r100_09_lr56_fix09_dec10k_lr30x_bb665k_h30k_student_s20260722_final_optimizer.pth (28878061 bytes)
[10-07 05:56:13] [#425 prune] deleted forecast/eval/k3_r100_09_lr56_fix09_dec10k_lr30x_bb665k_h30k_student/qhead_k3_r100_09_lr56_fix09_dec10k_lr30x_bb665k_h30k_student_s20260722_20k.pth (14435829 bytes)
[10-07 05:56:13] [#425 prune] deleted forecast/eval/k3_r100_09_lr56_fix09_dec10k_lr30x_bb665k_h30k_student/qhead_k3_r100_09_lr56_fix09_dec10k_lr30x_bb665k_h30k_student_s20260722_best_optimizer.pth (28877907 bytes)
[10-07 05:56:13] [#425 prune] deleted forecast/eval/k3_r100_09_lr56_fix09_dec10k_lr30x_bb665k_h30k_student/qhead_k3_r100_09_lr56_fix09_dec10k_lr30x_bb665k_h30k_student_s20260722_30k_optimizer.pth (28877817 bytes)
[10-07 05:56:13] [#425 prune] deleted forecast/eval/k3_r100_09_lr56_fix09_dec10k_lr30x_bb665k_h30k_student/qhead_k3_r100_09_lr56_fix09_dec10k_lr30x_bb665k_h30k_student_s20260722_25k_optimizer.pth (28877817 bytes)
[10-07 05:56:13] [#425 prune] deleted forecast/eval/k3_r100_09_lr56_fix09_dec10k_lr30x_bb665k_h30k_student/qhead_k3_r100_09_lr56_fix09_dec10k_lr30x_bb665k_h30k_student_s20260722_best.pth (14435863 bytes)
[10-07 05:56:13] [#425 prune] deleted forecast/eval/k3_r100_09_lr56_fix09_dec10k_cos200k_bb1140k_h30k_student/qhead_k3_r100_09_lr56_fix09_dec10k_cos200k_bb1140k_h30k_student_s20260722_5k.pth (14435897 bytes)
[10-07 05:56:13] [#425 prune] deleted forecast/eval/k3_r100_09_lr56_fix09_dec10k_cos200k_bb1140k_h30k_student/qhead_k3_r100_09_lr56_fix09_dec10k_cos200k_bb1140k_h30k_student_s20260722_30k_optimizer.pth (28878151 bytes)
[10-07 05:56:13] [#425 prune] deleted forecast/eval/k3_r100_09_lr56_fix09_dec10k_cos200k_bb1140k_h30k_student/qhead_k3_r100_09_lr56_fix09_dec10k_cos200k_bb1140k_h30k_student_s20260722_30k.pth (14435931 bytes)
[10-07 05:56:13] [#425 prune] deleted forecast/eval/k3_r100_09_lr56_fix09_dec10k_cos200k_bb1140k_h30k_student/qhead_k3_r100_09_lr56_fix09_dec10k_cos200k_bb1140k_h30k_student_s20260722_best_optimizer.pth (28878241 bytes)
[10-07 05:56:13] [#425 prune] deleted forecast/eval/k3_r100_09_lr56_fix09_dec10k_cos200k_bb1140k_h30k_student/qhead_k3_r100_09_lr56_fix09_dec10k_cos200k_bb1140k_h30k_student_s20260722_20k.pth (14435931 bytes)
[10-07 05:56:13] [#425 prune] deleted forecast/eval/k3_r100_09_lr56_fix09_dec10k_cos200k_bb1140k_h30k_student/qhead_k3_r100_09_lr56_fix09_dec10k_cos200k_bb1140k_h30k_student_s20260722_final.pth (14435999 bytes)
[10-07 05:56:13] [#425 prune] deleted forecast/eval/k3_r100_09_lr56_fix09_dec10k_cos200k_bb1140k_h30k_student/qhead_k3_r100_09_lr56_fix09_dec10k_cos200k_bb1140k_h30k_student_s20260722_10k_optimizer.pth (28878151 bytes)
[10-07 05:56:13] [#425 prune] deleted forecast/eval/k3_r100_09_lr56_fix09_dec10k_cos200k_bb1140k_h30k_student/qhead_k3_r100_09_lr56_fix09_dec10k_cos200k_bb1140k_h30k_student_s20260722_final_optimizer.pth (28878331 bytes)
[10-07 05:56:13] [#425 prune] deleted forecast/eval/k3_r100_09_lr56_fix09_dec10k_cos200k_bb1140k_h30k_student/qhead_k3_r100_09_lr56_fix09_dec10k_cos200k_bb1140k_h30k_student_s20260722_20k_optimizer.pth (28878151 bytes)
[10-07 05:56:13] [#425 prune] deleted forecast/eval/k3_r100_09_lr56_fix09_dec10k_cos200k_bb1140k_h30k_student/qhead_k3_r100_09_lr56_fix09_dec10k_cos200k_bb1140k_h30k_student_s20260722_25k.pth (14435931 bytes)
[10-07 05:56:13] [#425 prune] deleted forecast/eval/k3_r100_09_lr56_fix09_dec10k_cos200k_bb1140k_h30k_student/qhead_k3_r100_09_lr56_fix09_dec10k_cos200k_bb1140k_h30k_student_s20260722_15k_optimizer.pth (28878151 bytes)
[10-07 05:56:13] [#425 prune] deleted forecast/eval/k3_r100_09_lr56_fix09_dec10k_cos200k_bb1140k_h30k_student/qhead_k3_r100_09_lr56_fix09_dec10k_cos200k_bb1140k_h30k_student_s20260722_best.pth (14435965 bytes)
[10-07 05:56:13] [#425 prune] deleted forecast/eval/k3_r100_09_lr56_fix09_dec10k_cos200k_bb1140k_h30k_student/qhead_k3_r100_09_lr56_fix09_dec10k_cos200k_bb1140k_h30k_student_s20260722_15k.pth (14435931 bytes)
[10-07 05:56:13] [#425 prune] deleted forecast/eval/k3_r100_09_lr56_fix09_dec10k_cos200k_bb1140k_h30k_student/qhead_k3_r100_09_lr56_fix09_dec10k_cos200k_bb1140k_h30k_student_s20260722_10k.pth (14435931 bytes)
[10-07 05:56:13] [#425 prune] deleted forecast/eval/k3_r100_09_lr56_fix09_dec10k_cos200k_bb1140k_h30k_student/qhead_k3_r100_09_lr56_fix09_dec10k_cos200k_bb1140k_h30k_student_s20260722_25k_optimizer.pth (28878151 bytes)
[10-07 05:56:13] [#425 prune] deleted forecast/eval/k3_r100_09_lr56_fix09_dec10k_cos200k_bb1140k_h30k_student/qhead_k3_r100_09_lr56_fix09_dec10k_cos200k_bb1140k_h30k_student_s20260722_5k_optimizer.pth (28878061 bytes)
[10-07 05:56:13] [#425 prune] deleted forecast/eval/k3_r100_09_lr56_fix09_dec10k_lr10xb_bb420k_h30k_student/qhead_k3_r100_09_lr56_fix09_dec10k_lr10xb_bb420k_h30k_student_s20260722_best_optimizer.pth (28878061 bytes)
[10-07 05:56:13] [#425 prune] deleted forecast/eval/k3_r100_09_lr56_fix09_dec10k_lr10xb_bb420k_h30k_student/qhead_k3_r100_09_lr56_fix09_dec10k_lr10xb_bb420k_h30k_student_s20260722_15k_optimizer.pth (28877907 bytes)
[10-07 05:56:13] [#425 prune] deleted forecast/eval/k3_r100_09_lr56_fix09_dec10k_lr10xb_bb420k_h30k_student/qhead_k3_r100_09_lr56_fix09_dec10k_lr10xb_bb420k_h30k_student_s20260722_10k_optimizer.pth (28877907 bytes)
[10-07 05:56:13] [#425 prune] deleted forecast/eval/k3_r100_09_lr56_fix09_dec10k_lr10xb_bb420k_h30k_student/qhead_k3_r100_09_lr56_fix09_dec10k_lr10xb_bb420k_h30k_student_s20260722_25k_optimizer.pth (28877907 bytes)
[10-07 05:56:13] [#425 prune] deleted forecast/eval/k3_r100_09_lr56_fix09_dec10k_lr10xb_bb420k_h30k_student/qhead_k3_r100_09_lr56_fix09_dec10k_lr10xb_bb420k_h30k_student_s20260722_30k_optimizer.pth (28877907 bytes)
[10-07 05:56:13] [#425 prune] deleted forecast/eval/k3_r100_09_lr56_fix09_dec10k_lr10xb_bb420k_h30k_student/qhead_k3_r100_09_lr56_fix09_dec10k_lr10xb_bb420k_h30k_student_s20260722_5k_optimizer.pth (28877817 bytes)
[10-07 05:56:13] [#425 prune] deleted forecast/eval/k3_r100_09_lr56_fix09_dec10k_lr10xb_bb420k_h30k_student/qhead_k3_r100_09_lr56_fix09_dec10k_lr10xb_bb420k_h30k_student_s20260722_15k.pth (14435863 bytes)
[10-07 05:56:13] [#425 prune] deleted forecast/eval/k3_r100_09_lr56_fix09_dec10k_lr10xb_bb420k_h30k_student/qhead_k3_r100_09_lr56_fix09_dec10k_lr10xb_bb420k_h30k_student_s20260722_final_optimizer.pth (28878151 bytes)
[10-07 05:56:13] [#425 prune] deleted forecast/eval/k3_r100_09_lr56_fix09_dec10k_lr10xb_bb420k_h30k_student/qhead_k3_r100_09_lr56_fix09_dec10k_lr10xb_bb420k_h30k_student_s20260722_20k.pth (14435863 bytes)
[10-07 05:56:13] [#425 prune] deleted forecast/eval/k3_r100_09_lr56_fix09_dec10k_lr10xb_bb420k_h30k_student/qhead_k3_r100_09_lr56_fix09_dec10k_lr10xb_bb420k_h30k_student_s20260722_20k_optimizer.pth (28877907 bytes)
[10-07 05:56:13] [#425 prune] deleted forecast/eval/k3_r100_09_lr56_fix09_dec10k_lr10xb_bb420k_h30k_student/qhead_k3_r100_09_lr56_fix09_dec10k_lr10xb_bb420k_h30k_student_s20260722_5k.pth (14435829 bytes)
[10-07 05:56:13] [#425 prune] deleted forecast/eval/k3_r100_09_lr56_fix09_dec10k_lr10xb_bb420k_h30k_student/qhead_k3_r100_09_lr56_fix09_dec10k_lr10xb_bb420k_h30k_student_s20260722_final.pth (14435931 bytes)
[10-07 05:56:13] [#425 prune] deleted forecast/eval/k3_r100_09_lr56_fix09_dec10k_lr10xb_bb420k_h30k_student/qhead_k3_r100_09_lr56_fix09_dec10k_lr10xb_bb420k_h30k_student_s20260722_best.pth (14435897 bytes)
[10-07 05:56:13] [#425 prune] deleted forecast/eval/k3_r100_09_lr56_fix09_dec10k_lr10xb_bb420k_h30k_student/qhead_k3_r100_09_lr56_fix09_dec10k_lr10xb_bb420k_h30k_student_s20260722_30k.pth (14435863 bytes)
[10-07 05:56:13] [#425 prune] deleted forecast/eval/k3_r100_09_lr56_fix09_dec10k_lr10xb_bb420k_h30k_student/qhead_k3_r100_09_lr56_fix09_dec10k_lr10xb_bb420k_h30k_student_s20260722_25k.pth (14435863 bytes)
[10-07 05:56:13] [#425 prune] deleted forecast/eval/k3_r100_09_lr56_fix09_dec10k_lr10xb_bb420k_h30k_student/qhead_k3_r100_09_lr56_fix09_dec10k_lr10xb_bb420k_h30k_student_s20260722_10k.pth (14435863 bytes)
[10-07 05:56:13] [#425 prune] done: 64 file(s), 1321 MiB, 0 kept
Warning: Permanently added '[ssh5.vast.ai]:31200' (ED25519) to the list of known hosts.
Welcome to vast.ai. If authentication fails, try again after a few seconds, and double check your ssh key.
Have fun!
  box disk: overlay          60G   47G   14G  77% /
Warning: Permanently added '[ssh5.vast.ai]:31200' (ED25519) to the list of known hosts.
Welcome to vast.ai. If authentication fails, try again after a few seconds, and double check your ssh key.
Have fun!
Warning: Permanently added '[ssh5.vast.ai]:31200' (ED25519) to the list of known hosts.
Welcome to vast.ai. If authentication fails, try again after a few seconds, and double check your ssh key.
Have fun!
[10-07 07:11:24] [#425 sync] 9 of 9 file(s) from /workspace/results/cf-425
Warning: Permanently added '[ssh5.vast.ai]:31200' (ED25519) to the list of known hosts.
Welcome to vast.ai. If authentication fails, try again after a few seconds, and double check your ssh key.
Have fun!
Warning: Permanently added '[ssh5.vast.ai]:31200' (ED25519) to the list of known hosts.
Welcome to vast.ai. If authentication fails, try again after a few seconds, and double check your ssh key.
Have fun!
[10-07 06:11:31] [#425 prune] done: 0 file(s), 0 MiB, 18 kept
Warning: Permanently added '[ssh5.vast.ai]:31200' (ED25519) to the list of known hosts.
Welcome to vast.ai. If authentication fails, try again after a few seconds, and double check your ssh key.
Have fun!
  box disk: overlay          60G   49G   12G  82% /
Warning: Permanently added '[ssh5.vast.ai]:31200' (ED25519) to the list of known hosts.
Welcome to vast.ai. If authentication fails, try again after a few seconds, and double check your ssh key.
Have fun!
Warning: Permanently added '[ssh5.vast.ai]:31200' (ED25519) to the list of known hosts.
Welcome to vast.ai. If authentication fails, try again after a few seconds, and double check your ssh key.
Have fun!
[10-07 07:26:47] [#425 sync] 3 of 3 file(s) from /workspace/results/cf-425
Warning: Permanently added '[ssh5.vast.ai]:31200' (ED25519) to the list of known hosts.
Welcome to vast.ai. If authentication fails, try again after a few seconds, and double check your ssh key.
Have fun!
Warning: Permanently added '[ssh5.vast.ai]:31200' (ED25519) to the list of known hosts.
Welcome to vast.ai. If authentication fails, try again after a few seconds, and double check your ssh key.
Have fun!
[10-07 06:26:56] [#425 prune] done: 0 file(s), 0 MiB, 29 kept
Warning: Permanently added '[ssh5.vast.ai]:31200' (ED25519) to the list of known hosts.
Welcome to vast.ai. If authentication fails, try again after a few seconds, and double check your ssh key.
Have fun!
  box disk: overlay          60G   49G   12G  82% /
Warning: Permanently added '[ssh5.vast.ai]:31200' (ED25519) to the list of known hosts.
Welcome to vast.ai. If authentication fails, try again after a few seconds, and double check your ssh key.
Have fun!
Warning: Permanently added '[ssh5.vast.ai]:31200' (ED25519) to the list of known hosts.
Welcome to vast.ai. If authentication fails, try again after a few seconds, and double check your ssh key.
Have fun!
[10-07 07:42:07] [#425 sync] 3 of 3 file(s) from /workspace/results/cf-425
Warning: Permanently added '[ssh5.vast.ai]:31200' (ED25519) to the list of known hosts.
Welcome to vast.ai. If authentication fails, try again after a few seconds, and double check your ssh key.
Have fun!
Warning: Permanently added '[ssh5.vast.ai]:31200' (ED25519) to the list of known hosts.
Welcome to vast.ai. If authentication fails, try again after a few seconds, and double check your ssh key.
Have fun!
[10-07 06:42:14] [#425 prune] done: 0 file(s), 0 MiB, 42 kept
Warning: Permanently added '[ssh5.vast.ai]:31200' (ED25519) to the list of known hosts.
Welcome to vast.ai. If authentication fails, try again after a few seconds, and double check your ssh key.
Have fun!
  box disk: overlay          60G   49G   12G  82% /
Warning: Permanently added '[ssh5.vast.ai]:31200' (ED25519) to the list of known hosts.
Welcome to vast.ai. If authentication fails, try again after a few seconds, and double check your ssh key.
Have fun!
Warning: Permanently added '[ssh5.vast.ai]:31200' (ED25519) to the list of known hosts.
Welcome to vast.ai. If authentication fails, try again after a few seconds, and double check your ssh key.
Have fun!
[10-07 07:57:25] [#425 sync] 3 of 3 file(s) from /workspace/results/cf-425
Warning: Permanently added '[ssh5.vast.ai]:31200' (ED25519) to the list of known hosts.
Welcome to vast.ai. If authentication fails, try again after a few seconds, and double check your ssh key.
Have fun!
Warning: Permanently added '[ssh5.vast.ai]:31200' (ED25519) to the list of known hosts.
Welcome to vast.ai. If authentication fails, try again after a few seconds, and double check your ssh key.
Have fun!
[10-07 06:57:32] [#425 prune] done: 0 file(s), 0 MiB, 42 kept
Warning: Permanently added '[ssh5.vast.ai]:31200' (ED25519) to the list of known hosts.
Welcome to vast.ai. If authentication fails, try again after a few seconds, and double check your ssh key.
Have fun!
  box disk: overlay          60G   49G   12G  82% /
Warning: Permanently added '[ssh5.vast.ai]:31200' (ED25519) to the list of known hosts.
Welcome to vast.ai. If authentication fails, try again after a few seconds, and double check your ssh key.
Have fun!
Warning: Permanently added '[ssh5.vast.ai]:31200' (ED25519) to the list of known hosts.
Welcome to vast.ai. If authentication fails, try again after a few seconds, and double check your ssh key.
Have fun!
[10-07 08:12:42] [#425 sync] 3 of 3 file(s) from /workspace/results/cf-425
Warning: Permanently added '[ssh5.vast.ai]:31200' (ED25519) to the list of known hosts.
Welcome to vast.ai. If authentication fails, try again after a few seconds, and double check your ssh key.
Have fun!
Warning: Permanently added '[ssh5.vast.ai]:31200' (ED25519) to the list of known hosts.
Welcome to vast.ai. If authentication fails, try again after a few seconds, and double check your ssh key.
Have fun!
[10-07 07:12:49] [#425 prune] done: 0 file(s), 0 MiB, 42 kept
Warning: Permanently added '[ssh5.vast.ai]:31200' (ED25519) to the list of known hosts.
Welcome to vast.ai. If authentication fails, try again after a few seconds, and double check your ssh key.
Have fun!
  box disk: overlay          60G   49G   12G  82% /
Warning: Permanently added '[ssh5.vast.ai]:31200' (ED25519) to the list of known hosts.
Welcome to vast.ai. If authentication fails, try again after a few seconds, and double check your ssh key.
Have fun!
Warning: Permanently added '[ssh5.vast.ai]:31200' (ED25519) to the list of known hosts.
Welcome to vast.ai. If authentication fails, try again after a few seconds, and double check your ssh key.
Have fun!
[10-07 08:28:01] [#425 sync] 3 of 3 file(s) from /workspace/results/cf-425
Warning: Permanently added '[ssh5.vast.ai]:31200' (ED25519) to the list of known hosts.
Welcome to vast.ai. If authentication fails, try again after a few seconds, and double check your ssh key.
Have fun!
Warning: Permanently added '[ssh5.vast.ai]:31200' (ED25519) to the list of known hosts.
Welcome to vast.ai. If authentication fails, try again after a few seconds, and double check your ssh key.
Have fun!
[10-07 07:28:08] [#425 prune] done: 0 file(s), 0 MiB, 42 kept
Warning: Permanently added '[ssh5.vast.ai]:31200' (ED25519) to the list of known hosts.
Welcome to vast.ai. If authentication fails, try again after a few seconds, and double check your ssh key.
Have fun!
  box disk: overlay          60G   49G   12G  82% /
Warning: Permanently added '[ssh5.vast.ai]:31200' (ED25519) to the list of known hosts.
Welcome to vast.ai. If authentication fails, try again after a few seconds, and double check your ssh key.
Have fun!
Warning: Permanently added '[ssh5.vast.ai]:31200' (ED25519) to the list of known hosts.
Welcome to vast.ai. If authentication fails, try again after a few seconds, and double check your ssh key.
Have fun!
[10-07 08:43:19] [#425 sync] 3 of 3 file(s) from /workspace/results/cf-425
Warning: Permanently added '[ssh5.vast.ai]:31200' (ED25519) to the list of known hosts.
Welcome to vast.ai. If authentication fails, try again after a few seconds, and double check your ssh key.
Have fun!
Warning: Permanently added '[ssh5.vast.ai]:31200' (ED25519) to the list of known hosts.
Welcome to vast.ai. If authentication fails, try again after a few seconds, and double check your ssh key.
Have fun!
[10-07 07:43:26] [#425 prune] done: 0 file(s), 0 MiB, 42 kept
Warning: Permanently added '[ssh5.vast.ai]:31200' (ED25519) to the list of known hosts.
Welcome to vast.ai. If authentication fails, try again after a few seconds, and double check your ssh key.
Have fun!
  box disk: overlay          60G   49G   12G  82% /
Warning: Permanently added '[ssh5.vast.ai]:31200' (ED25519) to the list of known hosts.
Welcome to vast.ai. If authentication fails, try again after a few seconds, and double check your ssh key.
Have fun!
Warning: Permanently added '[ssh5.vast.ai]:31200' (ED25519) to the list of known hosts.
Welcome to vast.ai. If authentication fails, try again after a few seconds, and double check your ssh key.
Have fun!
[10-07 08:58:38] [#425 sync] 3 of 3 file(s) from /workspace/results/cf-425
Warning: Permanently added '[ssh5.vast.ai]:31200' (ED25519) to the list of known hosts.
Welcome to vast.ai. If authentication fails, try again after a few seconds, and double check your ssh key.
Have fun!
Warning: Permanently added '[ssh5.vast.ai]:31200' (ED25519) to the list of known hosts.
Welcome to vast.ai. If authentication fails, try again after a few seconds, and double check your ssh key.
Have fun!
[10-07 07:58:45] [#425 prune] done: 0 file(s), 0 MiB, 42 kept
Warning: Permanently added '[ssh5.vast.ai]:31200' (ED25519) to the list of known hosts.
Welcome to vast.ai. If authentication fails, try again after a few seconds, and double check your ssh key.
Have fun!
  box disk: overlay          60G   49G   12G  82% /
Warning: Permanently added '[ssh5.vast.ai]:31200' (ED25519) to the list of known hosts.
Welcome to vast.ai. If authentication fails, try again after a few seconds, and double check your ssh key.
Have fun!
Warning: Permanently added '[ssh5.vast.ai]:31200' (ED25519) to the list of known hosts.
Welcome to vast.ai. If authentication fails, try again after a few seconds, and double check your ssh key.
Have fun!
[10-07 09:13:56] [#425 sync] 3 of 3 file(s) from /workspace/results/cf-425
Warning: Permanently added '[ssh5.vast.ai]:31200' (ED25519) to the list of known hosts.
Welcome to vast.ai. If authentication fails, try again after a few seconds, and double check your ssh key.
Have fun!
Warning: Permanently added '[ssh5.vast.ai]:31200' (ED25519) to the list of known hosts.
Welcome to vast.ai. If authentication fails, try again after a few seconds, and double check your ssh key.
Have fun!
[10-07 08:14:04] [#425 prune] done: 0 file(s), 0 MiB, 42 kept
Warning: Permanently added '[ssh5.vast.ai]:31200' (ED25519) to the list of known hosts.
Welcome to vast.ai. If authentication fails, try again after a few seconds, and double check your ssh key.
Have fun!
  box disk: overlay          60G   49G   12G  82% /
Warning: Permanently added '[ssh5.vast.ai]:31200' (ED25519) to the list of known hosts.
Welcome to vast.ai. If authentication fails, try again after a few seconds, and double check your ssh key.
Have fun!
Warning: Permanently added '[ssh5.vast.ai]:31200' (ED25519) to the list of known hosts.
Welcome to vast.ai. If authentication fails, try again after a few seconds, and double check your ssh key.
Have fun!
[10-07 09:29:15] [#425 sync] 3 of 3 file(s) from /workspace/results/cf-425
Warning: Permanently added '[ssh5.vast.ai]:31200' (ED25519) to the list of known hosts.
Welcome to vast.ai. If authentication fails, try again after a few seconds, and double check your ssh key.
Have fun!
Warning: Permanently added '[ssh5.vast.ai]:31200' (ED25519) to the list of known hosts.
Welcome to vast.ai. If authentication fails, try again after a few seconds, and double check your ssh key.
Have fun!
[10-07 08:29:22] [#425 prune] done: 0 file(s), 0 MiB, 42 kept
Warning: Permanently added '[ssh5.vast.ai]:31200' (ED25519) to the list of known hosts.
Welcome to vast.ai. If authentication fails, try again after a few seconds, and double check your ssh key.
Have fun!
  box disk: overlay          60G   49G   12G  82% /
Warning: Permanently added '[ssh5.vast.ai]:31200' (ED25519) to the list of known hosts.
Welcome to vast.ai. If authentication fails, try again after a few seconds, and double check your ssh key.
Have fun!
Warning: Permanently added '[ssh5.vast.ai]:31200' (ED25519) to the list of known hosts.
Welcome to vast.ai. If authentication fails, try again after a few seconds, and double check your ssh key.
Have fun!
[10-07 09:44:34] [#425 sync] 3 of 3 file(s) from /workspace/results/cf-425
Warning: Permanently added '[ssh5.vast.ai]:31200' (ED25519) to the list of known hosts.
Welcome to vast.ai. If authentication fails, try again after a few seconds, and double check your ssh key.
Have fun!
Warning: Permanently added '[ssh5.vast.ai]:31200' (ED25519) to the list of known hosts.
Welcome to vast.ai. If authentication fails, try again after a few seconds, and double check your ssh key.
Have fun!
[10-07 08:44:42] [#425 prune] done: 0 file(s), 0 MiB, 42 kept
Warning: Permanently added '[ssh5.vast.ai]:31200' (ED25519) to the list of known hosts.
Welcome to vast.ai. If authentication fails, try again after a few seconds, and double check your ssh key.
Have fun!
  box disk: overlay          60G   49G   12G  82% /
Warning: Permanently added '[ssh5.vast.ai]:31200' (ED25519) to the list of known hosts.
Welcome to vast.ai. If authentication fails, try again after a few seconds, and double check your ssh key.
Have fun!
Warning: Permanently added '[ssh5.vast.ai]:31200' (ED25519) to the list of known hosts.
Welcome to vast.ai. If authentication fails, try again after a few seconds, and double check your ssh key.
Have fun!
[10-07 09:59:53] [#425 sync] 3 of 3 file(s) from /workspace/results/cf-425
Warning: Permanently added '[ssh5.vast.ai]:31200' (ED25519) to the list of known hosts.
Welcome to vast.ai. If authentication fails, try again after a few seconds, and double check your ssh key.
Have fun!
Warning: Permanently added '[ssh5.vast.ai]:31200' (ED25519) to the list of known hosts.
Welcome to vast.ai. If authentication fails, try again after a few seconds, and double check your ssh key.
Have fun!
[10-07 09:00:00] [#425 prune] done: 0 file(s), 0 MiB, 42 kept
Warning: Permanently added '[ssh5.vast.ai]:31200' (ED25519) to the list of known hosts.
Welcome to vast.ai. If authentication fails, try again after a few seconds, and double check your ssh key.
Have fun!
  box disk: overlay          60G   49G   12G  82% /
Warning: Permanently added '[ssh5.vast.ai]:31200' (ED25519) to the list of known hosts.
Welcome to vast.ai. If authentication fails, try again after a few seconds, and double check your ssh key.
Have fun!
Warning: Permanently added '[ssh5.vast.ai]:31200' (ED25519) to the list of known hosts.
Welcome to vast.ai. If authentication fails, try again after a few seconds, and double check your ssh key.
Have fun!
[10-07 10:23:59] [#425 sync] 3 of 3 file(s) from /workspace/results/cf-425
Warning: Permanently added '[ssh5.vast.ai]:31200' (ED25519) to the list of known hosts.
Welcome to vast.ai. If authentication fails, try again after a few seconds, and double check your ssh key.
Have fun!
Warning: Permanently added '[ssh5.vast.ai]:31200' (ED25519) to the list of known hosts.
Welcome to vast.ai. If authentication fails, try again after a few seconds, and double check your ssh key.
Have fun!
[10-07 09:24:11] [#425 prune] done: 0 file(s), 0 MiB, 42 kept
Warning: Permanently added '[ssh5.vast.ai]:31200' (ED25519) to the list of known hosts.
Welcome to vast.ai. If authentication fails, try again after a few seconds, and double check your ssh key.
Have fun!
  box disk: overlay          60G   49G   12G  82% /
Warning: Permanently added '[ssh5.vast.ai]:31200' (ED25519) to the list of known hosts.
Welcome to vast.ai. If authentication fails, try again after a few seconds, and double check your ssh key.
Have fun!
Warning: Permanently added '[ssh5.vast.ai]:31200' (ED25519) to the list of known hosts.
Welcome to vast.ai. If authentication fails, try again after a few seconds, and double check your ssh key.
Have fun!
[10-07 10:39:25] [#425 sync] 3 of 3 file(s) from /workspace/results/cf-425
Warning: Permanently added '[ssh5.vast.ai]:31200' (ED25519) to the list of known hosts.
Welcome to vast.ai. If authentication fails, try again after a few seconds, and double check your ssh key.
Have fun!
Warning: Permanently added '[ssh5.vast.ai]:31200' (ED25519) to the list of known hosts.
Welcome to vast.ai. If authentication fails, try again after a few seconds, and double check your ssh key.
Have fun!
[10-07 09:39:32] [#425 prune] done: 0 file(s), 0 MiB, 42 kept
Warning: Permanently added '[ssh5.vast.ai]:31200' (ED25519) to the list of known hosts.
Welcome to vast.ai. If authentication fails, try again after a few seconds, and double check your ssh key.
Have fun!
  box disk: overlay          60G   49G   12G  82% /
Warning: Permanently added '[ssh5.vast.ai]:31200' (ED25519) to the list of known hosts.
Welcome to vast.ai. If authentication fails, try again after a few seconds, and double check your ssh key.
Have fun!
Warning: Permanently added '[ssh5.vast.ai]:31200' (ED25519) to the list of known hosts.
Welcome to vast.ai. If authentication fails, try again after a few seconds, and double check your ssh key.
Have fun!
[10-07 10:54:48] [#425 sync] 3 of 3 file(s) from /workspace/results/cf-425
Warning: Permanently added '[ssh5.vast.ai]:31200' (ED25519) to the list of known hosts.
Welcome to vast.ai. If authentication fails, try again after a few seconds, and double check your ssh key.
Have fun!
Warning: Permanently added '[ssh5.vast.ai]:31200' (ED25519) to the list of known hosts.
Welcome to vast.ai. If authentication fails, try again after a few seconds, and double check your ssh key.
Have fun!
[10-07 09:54:54] [#425 prune] done: 0 file(s), 0 MiB, 42 kept
Warning: Permanently added '[ssh5.vast.ai]:31200' (ED25519) to the list of known hosts.
Welcome to vast.ai. If authentication fails, try again after a few seconds, and double check your ssh key.
Have fun!
  box disk: overlay          60G   49G   12G  82% /
Warning: Permanently added '[ssh5.vast.ai]:31200' (ED25519) to the list of known hosts.
Welcome to vast.ai. If authentication fails, try again after a few seconds, and double check your ssh key.
Have fun!
Warning: Permanently added '[ssh5.vast.ai]:31200' (ED25519) to the list of known hosts.
Welcome to vast.ai. If authentication fails, try again after a few seconds, and double check your ssh key.
Have fun!
[10-07 11:10:08] [#425 sync] 3 of 3 file(s) from /workspace/results/cf-425
Warning: Permanently added '[ssh5.vast.ai]:31200' (ED25519) to the list of known hosts.
Welcome to vast.ai. If authentication fails, try again after a few seconds, and double check your ssh key.
Have fun!
Warning: Permanently added '[ssh5.vast.ai]:31200' (ED25519) to the list of known hosts.
Welcome to vast.ai. If authentication fails, try again after a few seconds, and double check your ssh key.
Have fun!
[10-07 10:10:14] [#425 prune] done: 0 file(s), 0 MiB, 42 kept
Warning: Permanently added '[ssh5.vast.ai]:31200' (ED25519) to the list of known hosts.
Welcome to vast.ai. If authentication fails, try again after a few seconds, and double check your ssh key.
Have fun!
  box disk: overlay          60G   49G   12G  82% /
Warning: Permanently added '[ssh5.vast.ai]:31200' (ED25519) to the list of known hosts.
Welcome to vast.ai. If authentication fails, try again after a few seconds, and double check your ssh key.
Have fun!
Warning: Permanently added '[ssh5.vast.ai]:31200' (ED25519) to the list of known hosts.
Welcome to vast.ai. If authentication fails, try again after a few seconds, and double check your ssh key.
Have fun!
[10-07 11:25:25] [#425 sync] 6 of 6 file(s) from /workspace/results/cf-425
Warning: Permanently added '[ssh5.vast.ai]:31200' (ED25519) to the list of known hosts.
Welcome to vast.ai. If authentication fails, try again after a few seconds, and double check your ssh key.
Have fun!
Warning: Permanently added '[ssh5.vast.ai]:31200' (ED25519) to the list of known hosts.
Welcome to vast.ai. If authentication fails, try again after a few seconds, and double check your ssh key.
Have fun!
[10-07 11:29:14] [#425 sync] 82 of 82 file(s) from /workspace/ckpt/cf-425
Warning: Permanently added '[ssh5.vast.ai]:31200' (ED25519) to the list of known hosts.
Welcome to vast.ai. If authentication fails, try again after a few seconds, and double check your ssh key.
Have fun!
[10-07 10:29:18] [#425 prune] deleted recon/eval/k3_r100_09_lr56_fix09_dec10k_lr100x_bb1000k_h30k_recon/qhead_k3_r100_09_lr56_fix09_dec10k_lr100x_bb1000k_h30k_recon_s20260722_best_optimizer.pth (28864743 bytes)
[10-07 10:29:18] [#425 prune] deleted recon/eval/k3_r100_09_lr56_fix09_dec10k_lr100x_bb1000k_h30k_recon/qhead_k3_r100_09_lr56_fix09_dec10k_lr100x_bb1000k_h30k_recon_s20260722_best.pth (14430799 bytes)
[10-07 10:29:18] [#425 prune] deleted recon/eval/k3_r100_09_lr56_fix09_dec10k_lr100x_bb1000k_h30k_recon/qhead_k3_r100_09_lr56_fix09_dec10k_lr100x_bb1000k_h30k_recon_s20260722_final_optimizer.pth (28864743 bytes)
[10-07 10:29:18] [#425 prune] deleted recon/eval/k3_r100_09_lr56_fix09_dec10k_lr10xb_bb420k_h30k_recon/qhead_k3_r100_09_lr56_fix09_dec10k_lr10xb_bb420k_h30k_recon_s20260722_best_optimizer.pth (28864743 bytes)
[10-07 10:29:18] [#425 prune] deleted recon/eval/k3_r100_09_lr56_fix09_dec10k_lr10xb_bb420k_h30k_recon/qhead_k3_r100_09_lr56_fix09_dec10k_lr10xb_bb420k_h30k_recon_s20260722_final_optimizer.pth (28864743 bytes)
[10-07 10:29:18] [#425 prune] deleted recon/eval/k3_r100_09_lr56_fix09_dec10k_lr10xb_bb420k_h30k_recon/qhead_k3_r100_09_lr56_fix09_dec10k_lr10xb_bb420k_h30k_recon_s20260722_best.pth (14430799 bytes)
[10-07 10:29:18] [#425 prune] deleted recon/eval/k3_r100_09_lr56_fix09_dec10k_cos200k_bb1330k_h30k_recon/qhead_k3_r100_09_lr56_fix09_dec10k_cos200k_bb1330k_h30k_recon_s20260722_best.pth (14430799 bytes)
[10-07 10:29:18] [#425 prune] deleted recon/eval/k3_r100_09_lr56_fix09_dec10k_cos200k_bb1330k_h30k_recon/qhead_k3_r100_09_lr56_fix09_dec10k_cos200k_bb1330k_h30k_recon_s20260722_final_optimizer.pth (28864743 bytes)
[10-07 10:29:18] [#425 prune] deleted recon/eval/k3_r100_09_lr56_fix09_dec10k_cos200k_bb1330k_h30k_recon/qhead_k3_r100_09_lr56_fix09_dec10k_cos200k_bb1330k_h30k_recon_s20260722_best_optimizer.pth (28864743 bytes)
[10-07 10:29:18] [#425 prune] deleted recon/eval/k3_r100_09_lr56_fix09_dec10k_lr30x_bb665k_h30k_recon/qhead_k3_r100_09_lr56_fix09_dec10k_lr30x_bb665k_h30k_recon_s20260722_best.pth (14430799 bytes)
[10-07 10:29:18] [#425 prune] deleted recon/eval/k3_r100_09_lr56_fix09_dec10k_lr30x_bb665k_h30k_recon/qhead_k3_r100_09_lr56_fix09_dec10k_lr30x_bb665k_h30k_recon_s20260722_best_optimizer.pth (28864743 bytes)
[10-07 10:29:18] [#425 prune] deleted recon/eval/k3_r100_09_lr56_fix09_dec10k_lr30x_bb665k_h30k_recon/qhead_k3_r100_09_lr56_fix09_dec10k_lr30x_bb665k_h30k_recon_s20260722_final_optimizer.pth (28864743 bytes)
[10-07 10:29:18] [#425 prune] deleted recon/eval/k3_r100_09_lr56_fix09_dec10k_lr10xb_bb100k_h30k_recon/qhead_k3_r100_09_lr56_fix09_dec10k_lr10xb_bb100k_h30k_recon_s20260722_best.pth (14430799 bytes)
[10-07 10:29:18] [#425 prune] deleted recon/eval/k3_r100_09_lr56_fix09_dec10k_lr10xb_bb100k_h30k_recon/qhead_k3_r100_09_lr56_fix09_dec10k_lr10xb_bb100k_h30k_recon_s20260722_final_optimizer.pth (28864743 bytes)
[10-07 10:29:18] [#425 prune] deleted recon/eval/k3_r100_09_lr56_fix09_dec10k_lr10xb_bb100k_h30k_recon/qhead_k3_r100_09_lr56_fix09_dec10k_lr10xb_bb100k_h30k_recon_s20260722_best_optimizer.pth (28864743 bytes)
[10-07 10:29:18] [#425 prune] deleted recon/eval/k3_r100_09_lr56_fix09_dec10k_cos665k_bb665k_h30k_recon/qhead_k3_r100_09_lr56_fix09_dec10k_cos665k_bb665k_h30k_recon_s20260722_best_optimizer.pth (28864743 bytes)
[10-07 10:29:18] [#425 prune] deleted recon/eval/k3_r100_09_lr56_fix09_dec10k_cos665k_bb665k_h30k_recon/qhead_k3_r100_09_lr56_fix09_dec10k_cos665k_bb665k_h30k_recon_s20260722_final_optimizer.pth (28864743 bytes)
[10-07 10:29:18] [#425 prune] deleted recon/eval/k3_r100_09_lr56_fix09_dec10k_cos665k_bb665k_h30k_recon/qhead_k3_r100_09_lr56_fix09_dec10k_cos665k_bb665k_h30k_recon_s20260722_best.pth (14430799 bytes)
[10-07 10:29:18] [#425 prune] deleted recon/eval/k3_r100_09_lr56_fix09_dec10k_cos200k_bb665k_h30k_recon/qhead_k3_r100_09_lr56_fix09_dec10k_cos200k_bb665k_h30k_recon_s20260722_best.pth (14430799 bytes)
[10-07 10:29:18] [#425 prune] deleted recon/eval/k3_r100_09_lr56_fix09_dec10k_cos200k_bb665k_h30k_recon/qhead_k3_r100_09_lr56_fix09_dec10k_cos200k_bb665k_h30k_recon_s20260722_best_optimizer.pth (28864743 bytes)
[10-07 10:29:18] [#425 prune] deleted recon/eval/k3_r100_09_lr56_fix09_dec10k_cos200k_bb665k_h30k_recon/qhead_k3_r100_09_lr56_fix09_dec10k_cos200k_bb665k_h30k_recon_s20260722_final_optimizer.pth (28864743 bytes)
[10-07 10:29:18] [#425 prune] deleted recon/eval/k3_r100_09_lr56_fix09_dec10k_lr100x_bb1080k_h30k_recon/qhead_k3_r100_09_lr56_fix09_dec10k_lr100x_bb1080k_h30k_recon_s20260722_final_optimizer.pth (28864743 bytes)
[10-07 10:29:18] [#425 prune] deleted recon/eval/k3_r100_09_lr56_fix09_dec10k_lr100x_bb1080k_h30k_recon/qhead_k3_r100_09_lr56_fix09_dec10k_lr100x_bb1080k_h30k_recon_s20260722_best.pth (14430799 bytes)
[10-07 10:29:18] [#425 prune] deleted recon/eval/k3_r100_09_lr56_fix09_dec10k_lr100x_bb1080k_h30k_recon/qhead_k3_r100_09_lr56_fix09_dec10k_lr100x_bb1080k_h30k_recon_s20260722_best_optimizer.pth (28864743 bytes)
[10-07 10:29:18] [#425 prune] deleted recon/eval/k3_r100_09_lr56_fix09_dec10k_cos200k_bb1140k_h30k_recon/qhead_k3_r100_09_lr56_fix09_dec10k_cos200k_bb1140k_h30k_recon_s20260722_best.pth (14430799 bytes)
[10-07 10:29:18] [#425 prune] deleted recon/eval/k3_r100_09_lr56_fix09_dec10k_cos200k_bb1140k_h30k_recon/qhead_k3_r100_09_lr56_fix09_dec10k_cos200k_bb1140k_h30k_recon_s20260722_best_optimizer.pth (28864743 bytes)
[10-07 10:29:18] [#425 prune] deleted recon/eval/k3_r100_09_lr56_fix09_dec10k_cos200k_bb1140k_h30k_recon/qhead_k3_r100_09_lr56_fix09_dec10k_cos200k_bb1140k_h30k_recon_s20260722_final_optimizer.pth (28864743 bytes)
[10-07 10:29:18] [#425 prune] done: 27 file(s), 619 MiB, 33 kept
Warning: Permanently added '[ssh5.vast.ai]:31200' (ED25519) to the list of known hosts.
Welcome to vast.ai. If authentication fails, try again after a few seconds, and double check your ssh key.
Have fun!
  box disk: overlay          60G   49G   12G  81% /
Warning: Permanently added '[ssh5.vast.ai]:31200' (ED25519) to the list of known hosts.
Welcome to vast.ai. If authentication fails, try again after a few seconds, and double check your ssh key.
Have fun!
Warning: Permanently added '[ssh5.vast.ai]:31200' (ED25519) to the list of known hosts.
Welcome to vast.ai. If authentication fails, try again after a few seconds, and double check your ssh key.
Have fun!
[10-07 11:44:29] [#425 sync] 7 of 7 file(s) from /workspace/results/cf-425
Warning: Permanently added '[ssh5.vast.ai]:31200' (ED25519) to the list of known hosts.
Welcome to vast.ai. If authentication fails, try again after a few seconds, and double check your ssh key.
Have fun!
Warning: Permanently added '[ssh5.vast.ai]:31200' (ED25519) to the list of known hosts.
Welcome to vast.ai. If authentication fails, try again after a few seconds, and double check your ssh key.
Have fun!
[10-07 11:44:37] [#425 sync] 37 of 37 file(s) from /workspace/ckpt/cf-425
Warning: Permanently added '[ssh5.vast.ai]:31200' (ED25519) to the list of known hosts.
Welcome to vast.ai. If authentication fails, try again after a few seconds, and double check your ssh key.
Have fun!
[10-07 10:44:41] [#425 prune] deleted recon/eval/k3_r100_09_lr56_fix09_dec10k_cos200k_bb1330k_h30k_recon/qhead_k3_r100_09_lr56_fix09_dec10k_cos200k_bb1330k_h30k_recon_s20260722_final.pth (14430799 bytes)
[10-07 10:44:41] [#425 prune] deleted recon/eval/k3_r100_09_lr56_fix09_dec10k_lr10xb_bb100k_h30k_recon/qhead_k3_r100_09_lr56_fix09_dec10k_lr10xb_bb100k_h30k_recon_s20260722_final.pth (14430799 bytes)
[10-07 10:44:41] [#425 prune] done: 2 file(s), 27 MiB, 31 kept
Warning: Permanently added '[ssh5.vast.ai]:31200' (ED25519) to the list of known hosts.
Welcome to vast.ai. If authentication fails, try again after a few seconds, and double check your ssh key.
Have fun!
  box disk: overlay          60G   49G   12G  81% /
Warning: Permanently added '[ssh5.vast.ai]:31200' (ED25519) to the list of known hosts.
Welcome to vast.ai. If authentication fails, try again after a few seconds, and double check your ssh key.
Have fun!
Warning: Permanently added '[ssh5.vast.ai]:31200' (ED25519) to the list of known hosts.
Welcome to vast.ai. If authentication fails, try again after a few seconds, and double check your ssh key.
Have fun!
[10-07 11:59:51] [#425 sync] 7 of 7 file(s) from /workspace/results/cf-425
Warning: Permanently added '[ssh5.vast.ai]:31200' (ED25519) to the list of known hosts.
Welcome to vast.ai. If authentication fails, try again after a few seconds, and double check your ssh key.
Have fun!
Warning: Permanently added '[ssh5.vast.ai]:31200' (ED25519) to the list of known hosts.
Welcome to vast.ai. If authentication fails, try again after a few seconds, and double check your ssh key.
Have fun!
[10-07 11:59:59] [#425 sync] 37 of 37 file(s) from /workspace/ckpt/cf-425
Warning: Permanently added '[ssh5.vast.ai]:31200' (ED25519) to the list of known hosts.
Welcome to vast.ai. If authentication fails, try again after a few seconds, and double check your ssh key.
Have fun!
[10-07 11:00:03] [#425 prune] deleted recon/eval/k3_r100_09_lr56_fix09_dec10k_lr100x_bb1000k_h30k_recon/qhead_k3_r100_09_lr56_fix09_dec10k_lr100x_bb1000k_h30k_recon_s20260722_final.pth (14430799 bytes)
[10-07 11:00:03] [#425 prune] deleted recon/eval/k3_r100_09_lr56_fix09_dec10k_cos200k_bb665k_h30k_recon/qhead_k3_r100_09_lr56_fix09_dec10k_cos200k_bb665k_h30k_recon_s20260722_final.pth (14430799 bytes)
[10-07 11:00:03] [#425 prune] done: 2 file(s), 27 MiB, 29 kept
Warning: Permanently added '[ssh5.vast.ai]:31200' (ED25519) to the list of known hosts.
Welcome to vast.ai. If authentication fails, try again after a few seconds, and double check your ssh key.
Have fun!
  box disk: overlay          60G   49G   12G  81% /
Warning: Permanently added '[ssh5.vast.ai]:31200' (ED25519) to the list of known hosts.
Welcome to vast.ai. If authentication fails, try again after a few seconds, and double check your ssh key.
Have fun!
Warning: Permanently added '[ssh5.vast.ai]:31200' (ED25519) to the list of known hosts.
Welcome to vast.ai. If authentication fails, try again after a few seconds, and double check your ssh key.
Have fun!
[10-07 12:15:14] [#425 sync] 9 of 9 file(s) from /workspace/results/cf-425
Warning: Permanently added '[ssh5.vast.ai]:31200' (ED25519) to the list of known hosts.
Welcome to vast.ai. If authentication fails, try again after a few seconds, and double check your ssh key.
Have fun!
Warning: Permanently added '[ssh5.vast.ai]:31200' (ED25519) to the list of known hosts.
Welcome to vast.ai. If authentication fails, try again after a few seconds, and double check your ssh key.
Have fun!
[10-07 12:15:21] [#425 sync] 40 of 40 file(s) from /workspace/ckpt/cf-425
Warning: Permanently added '[ssh5.vast.ai]:31200' (ED25519) to the list of known hosts.
Welcome to vast.ai. If authentication fails, try again after a few seconds, and double check your ssh key.
Have fun!
[10-07 11:15:25] [#425 prune] deleted recon/eval/k3_r100_09_lr56_fix09_dec10k_lr10xb_bb420k_h30k_recon/qhead_k3_r100_09_lr56_fix09_dec10k_lr10xb_bb420k_h30k_recon_s20260722_final.pth (14430799 bytes)
[10-07 11:15:25] [#425 prune] deleted recon/eval/k3_r100_09_lr56_fix09_dec10k_lr30x_bb665k_h30k_recon/qhead_k3_r100_09_lr56_fix09_dec10k_lr30x_bb665k_h30k_recon_s20260722_final.pth (14430799 bytes)
[10-07 11:15:25] [#425 prune] deleted recon/eval/k3_r100_09_lr56_fix09_dec10k_cos665k_bb665k_h30k_recon/qhead_k3_r100_09_lr56_fix09_dec10k_cos665k_bb665k_h30k_recon_s20260722_final.pth (14430799 bytes)
[10-07 11:15:25] [#425 prune] deleted recon/eval/k3_r100_09_lr56_fix09_dec10k_lr100x_bb1080k_h30k_recon/qhead_k3_r100_09_lr56_fix09_dec10k_lr100x_bb1080k_h30k_recon_s20260722_final.pth (14430799 bytes)
[10-07 11:15:25] [#425 prune] done: 4 file(s), 55 MiB, 25 kept
Warning: Permanently added '[ssh5.vast.ai]:31200' (ED25519) to the list of known hosts.
Welcome to vast.ai. If authentication fails, try again after a few seconds, and double check your ssh key.
Have fun!
  box disk: overlay          60G   49G   12G  81% /
Warning: Permanently added '[ssh5.vast.ai]:31200' (ED25519) to the list of known hosts.
Welcome to vast.ai. If authentication fails, try again after a few seconds, and double check your ssh key.
Have fun!
Warning: Permanently added '[ssh5.vast.ai]:31200' (ED25519) to the list of known hosts.
Welcome to vast.ai. If authentication fails, try again after a few seconds, and double check your ssh key.
Have fun!
[10-07 12:30:36] [#425 sync] 6 of 6 file(s) from /workspace/results/cf-425
Warning: Permanently added '[ssh5.vast.ai]:31200' (ED25519) to the list of known hosts.
Welcome to vast.ai. If authentication fails, try again after a few seconds, and double check your ssh key.
Have fun!
Warning: Permanently added '[ssh5.vast.ai]:31200' (ED25519) to the list of known hosts.
Welcome to vast.ai. If authentication fails, try again after a few seconds, and double check your ssh key.
Have fun!
[10-07 12:30:43] [#425 sync] 10 of 10 file(s) from /workspace/ckpt/cf-425
Warning: Permanently added '[ssh5.vast.ai]:31200' (ED25519) to the list of known hosts.
Welcome to vast.ai. If authentication fails, try again after a few seconds, and double check your ssh key.
Have fun!
[10-07 11:30:46] [#425 prune] deleted recon/eval/k3_r100_09_lr56_fix09_dec10k_cos200k_bb1140k_h30k_recon/qhead_k3_r100_09_lr56_fix09_dec10k_cos200k_bb1140k_h30k_recon_s20260722_final.pth (14430799 bytes)
[10-07 11:30:46] [#425 prune] done: 1 file(s), 13 MiB, 24 kept
Warning: Permanently added '[ssh5.vast.ai]:31200' (ED25519) to the list of known hosts.
Welcome to vast.ai. If authentication fails, try again after a few seconds, and double check your ssh key.
Have fun!
  box disk: overlay          60G   49G   12G  81% /
Warning: Permanently added '[ssh5.vast.ai]:31200' (ED25519) to the list of known hosts.
Welcome to vast.ai. If authentication fails, try again after a few seconds, and double check your ssh key.
Have fun!
Warning: Permanently added '[ssh5.vast.ai]:31200' (ED25519) to the list of known hosts.
Welcome to vast.ai. If authentication fails, try again after a few seconds, and double check your ssh key.
Have fun!
[10-07 12:45:58] [#425 sync] 4 of 4 file(s) from /workspace/results/cf-425
Warning: Permanently added '[ssh5.vast.ai]:31200' (ED25519) to the list of known hosts.
Welcome to vast.ai. If authentication fails, try again after a few seconds, and double check your ssh key.
Have fun!
Warning: Permanently added '[ssh5.vast.ai]:31200' (ED25519) to the list of known hosts.
Welcome to vast.ai. If authentication fails, try again after a few seconds, and double check your ssh key.
Have fun!
[10-07 12:46:16] [#425 sync] 16 of 16 file(s) from /workspace/ckpt/cf-425
Warning: Permanently added '[ssh5.vast.ai]:31200' (ED25519) to the list of known hosts.
Welcome to vast.ai. If authentication fails, try again after a few seconds, and double check your ssh key.
Have fun!
[10-07 11:46:20] [#425 prune] done: 0 file(s), 0 MiB, 27 kept
Warning: Permanently added '[ssh5.vast.ai]:31200' (ED25519) to the list of known hosts.
Welcome to vast.ai. If authentication fails, try again after a few seconds, and double check your ssh key.
Have fun!
  box disk: overlay          60G   49G   12G  81% /
Warning: Permanently added '[ssh5.vast.ai]:31200' (ED25519) to the list of known hosts.
Welcome to vast.ai. If authentication fails, try again after a few seconds, and double check your ssh key.
Have fun!
Warning: Permanently added '[ssh5.vast.ai]:31200' (ED25519) to the list of known hosts.
Welcome to vast.ai. If authentication fails, try again after a few seconds, and double check your ssh key.
Have fun!
[10-07 13:01:31] [#425 sync] 6 of 6 file(s) from /workspace/results/cf-425
Warning: Permanently added '[ssh5.vast.ai]:31200' (ED25519) to the list of known hosts.
Welcome to vast.ai. If authentication fails, try again after a few seconds, and double check your ssh key.
Have fun!
Warning: Permanently added '[ssh5.vast.ai]:31200' (ED25519) to the list of known hosts.
Welcome to vast.ai. If authentication fails, try again after a few seconds, and double check your ssh key.
Have fun!
[10-07 13:01:39] [#425 sync] 26 of 26 file(s) from /workspace/ckpt/cf-425
Warning: Permanently added '[ssh5.vast.ai]:31200' (ED25519) to the list of known hosts.
Welcome to vast.ai. If authentication fails, try again after a few seconds, and double check your ssh key.
Have fun!
[10-07 12:01:42] [#425 prune] deleted snapshots/eval/k3_r100_09_lr56_fix09_dec10k_lr100x_bb1080k_h30k_best_recon/qhead_k3_r100_09_lr56_fix09_dec10k_lr100x_bb1080k_h30k_best_recon_s20260722_final.pth (14430799 bytes)
[10-07 12:01:42] [#425 prune] deleted snapshots/eval/k3_r100_09_lr56_fix09_dec10k_cos200k_bb665k_h30k_best_recon/qhead_k3_r100_09_lr56_fix09_dec10k_cos200k_bb665k_h30k_best_recon_s20260722_final.pth (14430799 bytes)
[10-07 12:01:42] [#425 prune] done: 2 file(s), 27 MiB, 25 kept
Warning: Permanently added '[ssh5.vast.ai]:31200' (ED25519) to the list of known hosts.
Welcome to vast.ai. If authentication fails, try again after a few seconds, and double check your ssh key.
Have fun!
  box disk: overlay          60G   49G   12G  81% /
