[08-20 07:35:22] [#404 finish] START pid=2470141 driver_pidfile=/tmp/contrastive-forecasting-404/reports/2026-08-19_ema_momentum_k32/results/round3c.pid box=48152799
[08-20 07:35:22] [#404 finish] waiting for the driver, pid 2198320
[08-20 08:05:22] [#404 finish]   driver up 1800s, [08-20 08:00:28] [#404 round3c]   s08b head 0 B
[08-20 08:35:22] [#404 finish]   driver up 3600s, [08-20 08:06:40] [#404 round3c]   s08b eval running
[08-20 09:05:22] [#404 finish]   driver up 5400s, [08-20 08:36:40] [#404 round3c]   s08b eval running
[08-20 09:22:22] [#404 finish] the driver is gone after 6420s
[08-20 09:22:22] [#404 finish] report assets
[08-20 09:22:22] [#404 finish]   [#404 assets] results/eval 412K, curves 19M
[08-20 09:22:22] [#404 finish]   curves/box_r3/cf393_arm6_v2_combab_alignT_cf373k32_mean_a08_losses.csv is a duplicate of box_a — removed
[08-20 09:22:22] [#404 finish]   curves/box_r3/cf393_arm6_v2_combab_alignT_cf373k32_mean_a095_losses.csv is a duplicate of box_a — removed
[08-20 09:22:22] [#404 finish]   curves/box_r3/cf393_arm6_v2_combab_alignT_cf373k32_mean_a09_losses.csv is a duplicate of box_a — removed
[08-20 09:22:22] [#404 finish]   curves/box_r3/cf393_arm6_v2_combab_alignT_cf373k32_mean_s08b_losses.csv is a duplicate of box_a — removed
[08-20 09:22:22] [#404 finish]   curves/box_r3/cf393_arm6_v2_combab_alignT_cf373k32_mean_s08_losses.csv is a duplicate of box_a — removed
[08-20 09:22:22] [#404 finish]   curves/box_r3/cf393_arm6_v2_combab_alignT_cf373k32_mean_s09_losses.csv is a duplicate of box_a — removed
[08-20 09:22:22] [#404 finish]   curves/box_r3 removed, it is empty
[08-20 09:22:22] [#404 finish] collect and draw
[08-20 09:22:27] [#404 finish]   scores.csv holds 6 arm(s)
[08-20 09:22:27] [#404 finish] verify
[08-20 09:22:27] [#404 finish]   missing: 0
[08-20 09:22:28] [#404 finish] the box 48152799 is already gone
[08-20 09:22:29] [#404 finish] vast: No running instances found.
[08-20 09:22:30] [#404 finish] credit: Credit:  $13.96 Total:   $13.96 
[08-20 09:22:30] [#404 finish] comment
[08-20 09:22:31] [#404 finish]   the PR already carries the six-arm comment (1)
[08-20 09:22:31] [#404 finish] commit
[08-20 09:22:31] [#404 finish]   ed367cd1 exp(#404): the s08b repeat closes round 3, and the six-arm tables
[08-20 09:22:31] [#404 finish] push
[08-20 09:22:35] [#404 finish]   pushed ed367cd1
[08-20 09:22:35] [#404 finish] FINISH DONE
