[08-20 03:41] #404 heartbeat loop up, every 3600s
[08-20 03:41] #404 driver=up(2198320) card=27%,5684MiB apps=1 | cf393_arm6_v2_combab_alignT_cf373k32_mean_s08b step=1200 | scores: a08=1.2309 a09=1.1819 s08=1.1782 s09=1.1784 | spend=$1.76
[08-20 04:41] #404 driver=up(2198320) card=29%,5684MiB apps=1 | cf393_arm6_v2_combab_alignT_cf373k32_mean_s08b step=11600 | scores: a08=1.2309 a09=1.1819 s08=1.1782 s09=1.1784 | spend=$2.13
[08-20 05:41] #404 driver=up(2198320) card=34%,6430MiB apps=1 | cf393_arm6_v2_combab_alignT_cf373k32_mean_s08b step=22000 | scores: a08=1.2309 a095=1.1907 a09=1.1819 s08=1.1782 s09=1.1784 | spend=$2.49
[08-20 06:41] #404 driver=up(2198320) card=30%,6430MiB apps=1 | cf393_arm6_v2_combab_alignT_cf373k32_mean_s08b step=32400 | scores: a08=1.2309 a095=1.1907 a09=1.1819 s08=1.1782 s09=1.1784 | spend=$2.85
[08-20 07:41] #404 driver=up(2198320) card=0%,5616MiB apps=1 | qhead_s08b_bb40k_h30k_student_s20260722_losses step=11700 | scores: a08=1.2309 a095=1.1907 a09=1.1819 s08=1.1782 s09=1.1784 | spend=$3.21
[08-20 08:41] #404 driver=up(2198320) card=0%,2MiB apps=0 | qhead_s08b_bb40k_h30k_student_s20260722_losses step=30000 | scores: a08=1.2309 a095=1.1907 a09=1.1819 s08=1.1782 s09=1.1784 | spend=$3.57
[08-20 09:41] #404 round4 driver=up(2581821) card=? | ? | scores: a08=1.2309 a095=1.1907 a09=1.1819 s08=1.1782 s08b=1.5459 s09=1.1784 | spend=gone
[08-20 09:41] #404 the round 3c driver is gone — heartbeat loop stops
[08-20 09:42] #404 heartbeat loop up for round4, every 3600s
[08-20 09:42] #404 round4 driver=up(2581821) card=? | ? | scores: a08=1.2309 a095=1.1907 a09=1.1819 s08=1.1782 s08b=1.5459 s09=1.1784 | spend=gone
[08-20 10:42] #404 round4 driver=up(2581821) card=57%,11363MiB apps=2 | mean_s08c=7200 mean_s08d=6600  | scores: a08=1.2309 a095=1.1907 a09=1.1819 s08=1.1782 s08b=1.5459 s09=1.1784 | spend=$0.44
[08-20 11:42] #404 round4 driver=up(2581821) card=89%,11363MiB apps=2 | mean_s08d=16100 mean_s08c=16600  | scores: a08=1.2309 a095=1.1907 a09=1.1819 s08=1.1782 s08b=1.5459 s09=1.1784 | spend=$0.87
[08-20 12:42] #404 round4 driver=up(2581821) card=88%,12855MiB apps=2 | mean_s08d=25600 mean_s08c=26100  | scores: a08=1.2309 a095=1.1907 a09=1.1819 s08=1.1782 s08b=1.5459 s09=1.1784 | spend=$1.30
[08-20 13:42] #404 round4 driver=up(2581821) card=86%,12855MiB apps=2 | mean_s08d=35000 mean_s08c=35500  | scores: a08=1.2309 a095=1.1907 a09=1.1819 s08=1.1782 s08b=1.5459 s09=1.1784 | spend=$1.73
[08-20 14:42] #404 round4 driver=up(2581821) card=81%,5616MiB apps=1 | head_s08c=22700 head_s08c=22700 mean_s08d=40000 mean_s08c=40000  | scores: a08=1.2309 a095=1.1907 a09=1.1819 s08=1.1782 s08b=1.5459 s09=1.1784 | spend=$2.16
[08-20 15:25] #404 heartbeat loop up for round5, every 3600s
[08-20 15:25] #404 round5 driver=up(2906374) card=26%,5684MiB apps=1 | mean_r100_09=step head_s08d=25600 head_s08d=25600 head_s08c=30000  | scores: a08=1.2309 a095=1.1907 a09=1.1819 s08=1.1782 s08b=1.5459 s09=1.1784 | spend=$2.46
[08-20 15:55] #404 heartbeat loop up for round6, every 3600s
[08-20 15:55] #404 round6 driver=up(2959282) card=88%,17042MiB apps=3 | mean_r100_08=4200 mean_r100_09=4700 mean_w3_s08=400 head_s08d=25600 head_s08d=25600 head_s08c=30000  | scores: a08=1.2309 a095=1.1907 a09=1.1819 s08=1.1782 s08b=1.5459 s09=1.1784 | spend=$2.67
[08-20 16:55] #404 round6 driver=up(2959282) card=85%,17042MiB apps=3 | mean_w3_s08=8600 mean_r100_09=12800 mean_r100_08=12300 head_s08d=25600 head_s08d=25600 head_s08c=30000  | scores: a08=1.2309 a095=1.1907 a09=1.1819 s08=1.1782 s08b=1.5459 s09=1.1784 | spend=$3.10
[08-20 17:55] #404 round6 driver=up(2959282) card=85%,18534MiB apps=3 | mean_w3_s08=16800 mean_r100_09=21000 mean_r100_08=20500 head_s08d=25600 head_s08d=25600 head_s08c=30000  | scores: a08=1.2309 a095=1.1907 a09=1.1819 s08=1.1782 s08b=1.5459 s09=1.1784 | spend=$3.53
[08-20 18:55] #404 round6 driver=up(2959282) card=86%,19280MiB apps=3 | mean_r100_08=28700 mean_w3_s08=24900 mean_r100_09=29100 head_s08d=25600 head_s08d=25600 head_s08c=30000  | scores: a08=1.2309 a095=1.1907 a09=1.1819 s08=1.1782 s08b=1.5459 s09=1.1784 | spend=$3.96
[08-20 19:55] #404 round6 driver=up(2959282) card=89%,19280MiB apps=3 | mean_w3_s08=33100 mean_r100_09=37300 mean_r100_08=36800 head_s08d=25600 head_s08d=25600 head_s08c=30000  | scores: a08=1.2309 a095=1.1907 a09=1.1819 s08=1.1782 s08b=1.5459 s09=1.1784 | spend=$4.39
[08-20 20:56] #404 round6 driver=up(2959282) card=0%,5616MiB apps=1 | head_r100_08=1000 head_r100_08=1000 head_r100_09=30000 head_r100_09=30000 mean_w3_s08=40000 mean_r100_08=40000  | scores: a08=1.2309 a095=1.1907 a09=1.1819 s08=1.1782 s08b=1.5459 s09=1.1784 | spend=$4.82
[08-20 21:56] #404 round6 driver=up(2959282) card=76%,5616MiB apps=1 | head_r100_08=700 head_r100_08=700 head_r100_09=30000 head_r100_09=30000 mean_w3_s08=40000 mean_r100_08=40000  | scores: a08=1.2309 a095=1.1907 a09=1.1819 s08=1.1782 s08b=1.5459 s09=1.1784 | spend=$5.25
[08-20 22:56] #404 round6 driver=up(2959282) card=unreachable | no csv | scores: a08=1.2309 a095=1.1907 a09=1.1819 s08=1.1782 s08b=1.5459 s09=1.1784 | spend=gone
[08-20 23:15] #404 heartbeat loop up for recover_w3_head, every 3600s
[08-20 23:15] #404 recover_w3_head driver=up(3775388) card=100%,2MiB apps=0 | no csv | scores: a08=1.2309 a095=1.1907 a09=1.1819 s08=1.1782 s08b=1.5459 s09=1.1784 | spend=$0.02
