[08-20 23:11:27] [#404 recover] START arm=w3_s08 tag=w3_s08_bb40k_h30k_student label=cf404-w3-head max_spend=$1.20
[08-20 23:11:27] [#404 recover] backbone here: cf393_arm6_v2_combab_alignT_cf373k32_mean_w3_s08_40k.pth 5196231 B
[08-20 23:11:29] [#404 recover] credit before: Credit:  $6.91 Total:   $6.91 
[08-20 23:11:29] [#404 recover] searching — 1 card, datacenter, reliability >= 0.99, <= $0.45/h
[08-20 23:11:30] [provision cf404-w3-head] attempt 1: 4 offer(s)
[08-20 23:11:36] [provision cf404-w3-head]   offer 45043239 went away
[08-20 23:13:26] [provision cf404-w3-head] READY instance 48246956 at ssh6.vast.ai:16956
[08-20 23:13:26] [#404 recover] instance 48246956 at ssh6.vast.ai:16956
[08-20 23:13:30] [#404 recover] card: 0, NVIDIA GeForce RTX 5090, 32607 MiB, Default|
[08-20 23:13:33] [#404 recover] bootstrap
[08-20 23:13:33] [#404 bootstrap ssh6.vast.ai:16956] parent bootstrap (#373)
[08-20 23:13:33] [bootstrap ssh6.vast.ai:16956] packing code
[08-20 23:13:33] [bootstrap ssh6.vast.ai:16956] uploading 512K
Warning: Permanently added '[ssh6.vast.ai]:16956' (ED25519) to the list of known hosts.
Welcome to vast.ai. If authentication fails, try again after a few seconds, and double check your ssh key.
Have fun!
[08-20 23:13:38] [bootstrap ssh6.vast.ai:16956] installing
Warning: Permanently added '[ssh6.vast.ai]:16956' (ED25519) to the list of known hosts.
Welcome to vast.ai. If authentication fails, try again after a few seconds, and double check your ssh key.
Have fun!
Warning: Permanently added '[ssh6.vast.ai]:16956' (ED25519) to the list of known hosts.
Welcome to vast.ai. If authentication fails, try again after a few seconds, and double check your ssh key.
Have fun!
started
