[08-20 03:03:04] [#404 round3c] START live=a095 next=s08b box=cf404-box-r3 card=0
[08-20 03:03:04] [#404 round3c]   deadline=16h max_spend=$9.00
[08-20 03:03:05] [#404 round3c] credit before: Credit:  $16.42 Total:   $16.42 
[08-20 03:03:09] [#404 round3c] reusing instance 48152799 at ssh2.vast.ai:32798
[08-20 03:03:13] [#404 round3c] card(s): 0, NVIDIA GeForce RTX 5090, 32607 MiB, Default  count=1
[08-20 03:03:13] [#404 round3c] sync loop: 1 for /home/jupyter/cf404_sync/box_r3, 34 file(s) here
[08-20 03:03:13] [#404 round3c] ==== a095 : alpha 0.95 fixed seed 20260520 ====
[08-20 03:03:20] [#404 round3c] a095: a head trainer already runs on the box
[08-20 03:03:27] [#404 round3c]   a095 head 0 B
[08-20 03:33:50] [#404 round3c] a095: the head is done, 450011 B
[08-20 03:33:50] [#404 round3c] a095: waiting for the head process to leave card 0
[08-20 03:33:53] [#404 round3c] a095: the card is free after 0s
[08-20 03:33:59] [#404 round3c] s08b: starting the backbone on card 0
[08-20 03:36:59] [#404 round3c] s08b: waiting for the guard line (it reads alpha and the seed back off
[08-20 03:36:59] [#404 round3c]   the trainer's own command line)
  [08-20 02:34:08] [#404] arm s08b ema='0.8 1.0 200000' reduce=mean seed=20260521 OK — all three reached the trainer
[08-20 03:37:07] [#404 round3c] s08b: waiting for the first rows of the losses CSV
  === s08b ===
  index, memory.used [MiB], memory.total [MiB], utilization.gpu [%]
  0, 5684 MiB, 32607 MiB, 32 %
  pid, used_gpu_memory [MiB]
  8149, 5674 MiB
  csv /root/cf404_runs/s08b/arm6_v2_combab_alignT/leg_40k/cf393_arm6_v2_combab_alignT_cf373k32_mean_s08b_losses.csv
  depth_cols 33
  rows 501
  step,loss,loss_tau_ref,gap,gap_ratio,ff,fp,tp,cross_batch,hf_rows_consumed,synth_rows_consumed,mixup_applied,r2_random,r2_naive,u_temporal,u_batch,auc,top1,top3
  1,14.387253761291504,20.681228637695312,-0.3724861443042755,2.471109497281665,0.37431302666664124,0.7467991709709167,0.5063657164573669,0.18325479328632355,64,0
  2,14.001620292663574,19.30051040649414,-0.4156646132469177,2.6483392976169653,0.33216363191604614,0.7478282451629639,0.4238576591014862,0.0936264619231224,128,0
[08-20 03:37:30] [#404 round3c] s08b: GPU memory in use 5684 MiB, 1 compute app(s), 33 depth columns, 501 CSV row(s)
[08-20 03:37:30] [#404 round3c] s08b: STEP RATE 2.8 sps  ETA 4.0h
[08-20 03:37:30] [#404 round3c] s08b: VERIFIED — one trainer on card 0 at 33 depth columns
[08-20 03:37:30] [#404 round3c] a095: pulling into /home/jupyter/cf404_sync/box_a/sync
[08-20 03:37:36] [#404 round3c]   cf393_arm6_v2_combab_alignT_cf373k32_mean_a095_40k.pth 5195999 B
[08-20 03:37:42] [#404 round3c]   cf393_arm6_v2_combab_alignT_cf373k32_mean_a095_40k_optimizer.pth 5794468 B
[08-20 03:37:58] [#404 round3c]   cf393_arm6_v2_combab_alignT_cf373k32_mean_a095_losses.csv 42793760 B
[08-20 03:38:03] [#404 round3c]   cf393_arm6_v2_combab_alignT_cf373k32_mean_a095_attn_amplitude.csv 177083 B
[08-20 03:38:07] [#404 round3c]   cf393_arm6_v2_combab_alignT_cf373k32_mean_a095_latent_drift.csv 510 B
[08-20 03:38:12] [#404 round3c]   qhead_a095_bb40k_h30k_student_s20260722_final.pth 450011 B
[08-20 03:38:16] [#404 round3c]   run_cf393_arm6_v2_combab_alignT_cf373k32_mean_a095.log 57294 B
[08-20 03:38:16] [#404 round3c] a095: starting the 97-config GIFT-Eval on elisa CPUs, detached
[08-20 03:38:36] [#404 round3c] a095: eval launched, 6 eval process(es) on elisa
[08-20 03:38:36] [#404 round3c] s08b: waiting for 40000 steps, while a095 scores on elisa
[08-20 03:38:43] [#404 round3c]   s08b [    600] loss=12.9552  ema_loss=12.9219  gap=0.0801  ema_gap=0.0128  mixup=51/200  2.8 sps  ETA 3.8h
