Command line: /root/cf/experiments/2026-04-27_freq-embedding/scripts/train.py --qk-norm --attn-out-norm --batch-size 64 --device cuda --total-steps 40000 --lr 1e-3 --weight-decay 0.1 --adam-beta1 0.9 --adam-beta2 0.98 --seed 20260520 --save-every 20000 --extra-save-steps 40000 --save-dir /root/cf404_runs/a08/arm6_v2_combab_alignT/leg_40k --run-name cf393_arm6_v2_combab_alignT_cf373k32_mean_a08 --log-every 200 --hf-repo jeremycochoy/gift-pretrain-full-4096 --hf-path small_v1 --t-raw 4096 --n-channels 1 --d-model 64 --n-heads 8 --num-encoder-layers 3 --num-layers 3 --encoder-dropkey 0.70 --encoder-dropkey-share-heads --encoder-dropkey-share-layers --depthwise-conv 3 --deprecated-depthwise-conv 0 --loss-shape cosine_similarity_batch_rep_only --align-loss-weight 1.0 --moco-rep-keys --tau-rep 1.0 --align-target teacher --ema-embedding --ema-encoder --ema-tau 0.8 --cpc-infonce-weight 1.0 --sigreg-embedding --sigreg-encoding --sigreg-n-chunk 2048 --sigreg-embedding-weight 1.0 --sigreg-encoding-weight 1.0 --tau 0.10 --rev-norm-kind ewma --rev-norm-span 128 --encoder-type gru --synth-kind forked-arma --mix-ratio 0.0078125 --crossfade-triplets 1 --mixup-p 0.3 --freq-emb-dim 3 --seasonality-emb-dim 3 --log-attn-amplitude --log-attn-amplitude-every 200 --residual-dtype fp32 --attn-dtype fp16 --ffn-dtype fp16 --conv-dtype fp16 --patch-emb-dtype fp32 --train-rollout-depth 32 --cpc-infonce-weight 0.0 --train-rollout-reduce mean
Device: cuda | Params: 720,668
Training for 40000 steps, bs=64, lr=0.001, T=4096, C=1, mix_ratio=0.0078125, freq_emb_dim=3, seasonality_emb_dim=3, mixup_p=0.3, rev_norm_kind=ewma(span=128), patch_stats=none, encoder_type=gru
Checkpoints: /root/cf404_runs/a08/arm6_v2_combab_alignT/leg_40k/cf393_arm6_v2_combab_alignT_cf373k32_mean_a08_*.pth
Loss CSV: /root/cf404_runs/a08/arm6_v2_combab_alignT/leg_40k/cf393_arm6_v2_combab_alignT_cf373k32_mean_a08_losses.csv
Latent-drift CSV: /root/cf404_runs/a08/arm6_v2_combab_alignT/leg_40k/cf393_arm6_v2_combab_alignT_cf373k32_mean_a08_latent_drift.csv (every 20000 steps, probe_bs=64, probe_seed=20260722)
Attn-amplitude CSV: /root/cf404_runs/a08/arm6_v2_combab_alignT/leg_40k/cf393_arm6_v2_combab_alignT_cf373k32_mean_a08_attn_amplitude.csv (every 200 steps)
Data: MIX 99% HF + 1% synth (forked-arma) + 0% crossfade + 1 triplet(s)=3 rows, hf_bs=64, synth_bs=0, cross_bs=0, total_bs=67
[    200] loss=12.3928  ema_loss=12.8594  gap=-0.0993  ema_gap=-0.1713  mixup=61/200  2.5 sps  ETA 4.4h
              R²_rand=0.6077  R²_naive=0.2724  U_t=0.0789  U_b=0.1427  AUC=0.9252  Top1=0.0885
  timing: data=55.7ms  fwd=156.4ms  bwd=173.5ms  total=386.1ms
  -> Saved /root/cf404_runs/a08/arm6_v2_combab_alignT/leg_40k/cf393_arm6_v2_combab_alignT_cf373k32_mean_a08_best_gap.pth
  -> Saved /root/cf404_runs/a08/arm6_v2_combab_alignT/leg_40k/cf393_arm6_v2_combab_alignT_cf373k32_mean_a08_best_loss.pth
[    400] loss=12.2837  ema_loss=12.3922  gap=-0.0375  ema_gap=-0.0724  mixup=58/200  2.7 sps  ETA 4.0h
              R²_rand=0.6602  R²_naive=0.3784  U_t=0.0701  U_b=0.1087  AUC=0.9313  Top1=0.1216
  timing: data=3.1ms  fwd=154.0ms  bwd=170.9ms  total=328.3ms
  -> Saved /root/cf404_runs/a08/arm6_v2_combab_alignT/leg_40k/cf393_arm6_v2_combab_alignT_cf373k32_mean_a08_best_gap.pth
  -> Saved /root/cf404_runs/a08/arm6_v2_combab_alignT/leg_40k/cf393_arm6_v2_combab_alignT_cf373k32_mean_a08_best_loss.pth
[    600] loss=12.3375  ema_loss=12.2986  gap=-0.0003  ema_gap=-0.0259  mixup=65/200  2.8 sps  ETA 3.9h
              R²_rand=0.6716  R²_naive=0.3693  U_t=0.0820  U_b=0.1138  AUC=0.9392  Top1=0.1370
  timing: data=3.1ms  fwd=155.8ms  bwd=172.7ms  total=332.0ms
  -> Saved /root/cf404_runs/a08/arm6_v2_combab_alignT/leg_40k/cf393_arm6_v2_combab_alignT_cf373k32_mean_a08_best_gap.pth
  -> Saved /root/cf404_runs/a08/arm6_v2_combab_alignT/leg_40k/cf393_arm6_v2_combab_alignT_cf373k32_mean_a08_best_loss.pth
[    800] loss=12.3694  ema_loss=12.3371  gap=0.0094  ema_gap=-0.0077  mixup=65/200  2.0 sps  ETA 5.3h
              R²_rand=0.6653  R²_naive=0.3631  U_t=0.0788  U_b=0.1306  AUC=0.9454  Top1=0.1452
  timing: data=533.8ms  fwd=165.3ms  bwd=181.7ms  total=881.4ms
  -> Saved /root/cf404_runs/a08/arm6_v2_combab_alignT/leg_40k/cf393_arm6_v2_combab_alignT_cf373k32_mean_a08_best_gap.pth
[   1000] loss=12.4197  ema_loss=12.4244  gap=0.0172  ema_gap=0.0071  mixup=61/200  2.2 sps  ETA 5.0h
              R²_rand=0.6355  R²_naive=0.3527  U_t=0.0847  U_b=0.1346  AUC=0.9446  Top1=0.1452
  timing: data=3.2ms  fwd=162.1ms  bwd=180.4ms  total=346.1ms
  -> Saved /root/cf404_runs/a08/arm6_v2_combab_alignT/leg_40k/cf393_arm6_v2_combab_alignT_cf373k32_mean_a08_best_gap.pth
[   1200] loss=12.4870  ema_loss=12.4696  gap=0.0254  ema_gap=0.0199  mixup=59/200  2.2 sps  ETA 4.8h
              R²_rand=0.6165  R²_naive=0.3794  U_t=0.0901  U_b=0.1258  AUC=0.9202  Top1=0.1018
  timing: data=3.3ms  fwd=170.6ms  bwd=188.3ms  total=362.7ms
  -> Saved /root/cf404_runs/a08/arm6_v2_combab_alignT/leg_40k/cf393_arm6_v2_combab_alignT_cf373k32_mean_a08_best_gap.pth
[   1400] loss=12.5070  ema_loss=12.4943  gap=0.0214  ema_gap=0.0221  mixup=77/200  2.2 sps  ETA 4.9h
              R²_rand=0.6268  R²_naive=0.3424  U_t=0.0853  U_b=0.1284  AUC=0.9144  Top1=0.1012
  timing: data=120.5ms  fwd=168.3ms  bwd=187.9ms  total=477.2ms
  -> Saved /root/cf404_runs/a08/arm6_v2_combab_alignT/leg_40k/cf393_arm6_v2_combab_alignT_cf373k32_mean_a08_best_gap.pth
[   1600] loss=12.5058  ema_loss=12.5162  gap=0.0260  ema_gap=0.0253  mixup=65/200  2.3 sps  ETA 4.7h
              R²_rand=0.6045  R²_naive=0.3362  U_t=0.0970  U_b=0.1342  AUC=0.9184  Top1=0.0817
  timing: data=3.4ms  fwd=167.7ms  bwd=185.5ms  total=357.2ms
  -> Saved /root/cf404_runs/a08/arm6_v2_combab_alignT/leg_40k/cf393_arm6_v2_combab_alignT_cf373k32_mean_a08_best_gap.pth
[   1800] loss=12.5407  ema_loss=12.5140  gap=0.0429  ema_gap=0.0303  mixup=64/200  2.3 sps  ETA 4.6h
              R²_rand=0.6001  R²_naive=0.3818  U_t=0.0999  U_b=0.1381  AUC=0.9234  Top1=0.0887
  timing: data=3.4ms  fwd=167.5ms  bwd=184.6ms  total=356.0ms
  -> Saved /root/cf404_runs/a08/arm6_v2_combab_alignT/leg_40k/cf393_arm6_v2_combab_alignT_cf373k32_mean_a08_best_gap.pth
[   2000] loss=12.4943  ema_loss=12.5210  gap=0.0398  ema_gap=0.0374  mixup=66/200  2.3 sps  ETA 4.6h
              R²_rand=0.6183  R²_naive=0.3711  U_t=0.1019  U_b=0.1309  AUC=0.9169  Top1=0.0841
  timing: data=86.5ms  fwd=173.6ms  bwd=191.2ms  total=452.0ms
  -> Saved /root/cf404_runs/a08/arm6_v2_combab_alignT/leg_40k/cf393_arm6_v2_combab_alignT_cf373k32_mean_a08_best_gap.pth
[   2200] loss=12.6219  ema_loss=12.5411  gap=0.0371  ema_gap=0.0457  mixup=67/200  2.3 sps  ETA 4.5h
              R²_rand=0.6250  R²_naive=0.3798  U_t=0.1037  U_b=0.1356  AUC=0.9244  Top1=0.0915
  timing: data=3.4ms  fwd=165.9ms  bwd=185.8ms  total=355.7ms
  -> Saved /root/cf404_runs/a08/arm6_v2_combab_alignT/leg_40k/cf393_arm6_v2_combab_alignT_cf373k32_mean_a08_best_gap.pth
[   2400] loss=12.6145  ema_loss=12.5575  gap=0.0621  ema_gap=0.0525  mixup=53/200  2.4 sps  ETA 4.4h
              R²_rand=0.5860  R²_naive=0.4057  U_t=0.1097  U_b=0.1421  AUC=0.9229  Top1=0.0749
  timing: data=3.4ms  fwd=166.9ms  bwd=184.7ms  total=355.5ms
  -> Saved /root/cf404_runs/a08/arm6_v2_combab_alignT/leg_40k/cf393_arm6_v2_combab_alignT_cf373k32_mean_a08_best_gap.pth
[   2600] loss=12.5451  ema_loss=12.5803  gap=0.0625  ema_gap=0.0605  mixup=55/200  2.3 sps  ETA 4.4h
              R²_rand=0.6209  R²_naive=0.3905  U_t=0.1088  U_b=0.1537  AUC=0.9215  Top1=0.0814
  timing: data=94.8ms  fwd=166.1ms  bwd=184.9ms  total=446.3ms
  -> Saved /root/cf404_runs/a08/arm6_v2_combab_alignT/leg_40k/cf393_arm6_v2_combab_alignT_cf373k32_mean_a08_best_gap.pth
[   2800] loss=12.5458  ema_loss=12.5836  gap=0.0643  ema_gap=0.0590  mixup=55/200  2.4 sps  ETA 4.4h
              R²_rand=0.6433  R²_naive=0.3747  U_t=0.1108  U_b=0.1463  AUC=0.9267  Top1=0.0915
  timing: data=3.4ms  fwd=166.8ms  bwd=185.3ms  total=356.0ms
[   3000] loss=12.5553  ema_loss=12.5978  gap=0.0616  ema_gap=0.0606  mixup=52/200  2.4 sps  ETA 4.3h
              R²_rand=0.6328  R²_naive=0.3763  U_t=0.1085  U_b=0.1461  AUC=0.9281  Top1=0.0795
  timing: data=3.4ms  fwd=166.8ms  bwd=185.5ms  total=356.2ms
  -> Saved /root/cf404_runs/a08/arm6_v2_combab_alignT/leg_40k/cf393_arm6_v2_combab_alignT_cf373k32_mean_a08_best_gap.pth
[   3200] loss=12.6135  ema_loss=12.5845  gap=0.0738  ema_gap=0.0588  mixup=68/200  2.4 sps  ETA 4.3h
              R²_rand=0.5981  R²_naive=0.4150  U_t=0.1180  U_b=0.1431  AUC=0.9240  Top1=0.0852
  timing: data=87.4ms  fwd=166.4ms  bwd=184.7ms  total=439.0ms
[   3400] loss=12.6946  ema_loss=12.6098  gap=0.0701  ema_gap=0.0615  mixup=53/200  2.4 sps  ETA 4.2h
              R²_rand=0.5824  R²_naive=0.3728  U_t=0.1142  U_b=0.1542  AUC=0.9255  Top1=0.0999
  timing: data=3.4ms  fwd=167.0ms  bwd=183.9ms  total=354.9ms
  -> Saved /root/cf404_runs/a08/arm6_v2_combab_alignT/leg_40k/cf393_arm6_v2_combab_alignT_cf373k32_mean_a08_best_gap.pth
[   3600] loss=12.6166  ema_loss=12.5887  gap=0.0568  ema_gap=0.0617  mixup=44/200  2.4 sps  ETA 4.2h
              R²_rand=0.6104  R²_naive=0.3687  U_t=0.1233  U_b=0.1464  AUC=0.9270  Top1=0.1015
  timing: data=3.4ms  fwd=166.4ms  bwd=184.5ms  total=354.9ms
  -> Saved /root/cf404_runs/a08/arm6_v2_combab_alignT/leg_40k/cf393_arm6_v2_combab_alignT_cf373k32_mean_a08_best_gap.pth
[   3800] loss=12.6296  ema_loss=12.5844  gap=0.0609  ema_gap=0.0609  mixup=55/200  2.4 sps  ETA 4.2h
              R²_rand=0.5913  R²_naive=0.3759  U_t=0.1250  U_b=0.1629  AUC=0.9296  Top1=0.0912
  timing: data=87.4ms  fwd=167.5ms  bwd=185.3ms  total=440.7ms
[   4000] loss=12.6672  ema_loss=12.6194  gap=0.0501  ema_gap=0.0613  mixup=65/200  2.4 sps  ETA 4.1h
              R²_rand=0.5490  R²_naive=0.3712  U_t=0.1331  U_b=0.1600  AUC=0.9251  Top1=0.0738
  timing: data=3.6ms  fwd=167.1ms  bwd=184.9ms  total=356.2ms
[   4200] loss=12.6351  ema_loss=12.6028  gap=0.0816  ema_gap=0.0610  mixup=57/200  2.4 sps  ETA 4.1h
              R²_rand=0.6019  R²_naive=0.4152  U_t=0.1256  U_b=0.1621  AUC=0.9319  Top1=0.1034
  timing: data=3.5ms  fwd=167.5ms  bwd=184.5ms  total=356.1ms
[   4400] loss=12.5666  ema_loss=12.5923  gap=0.0417  ema_gap=0.0641  mixup=62/200  2.4 sps  ETA 4.2h
              R²_rand=0.5908  R²_naive=0.3567  U_t=0.1205  U_b=0.1641  AUC=0.9278  Top1=0.1088
  timing: data=311.8ms  fwd=167.7ms  bwd=183.9ms  total=664.0ms
  -> Saved /root/cf404_runs/a08/arm6_v2_combab_alignT/leg_40k/cf393_arm6_v2_combab_alignT_cf373k32_mean_a08_best_gap.pth
[   4600] loss=12.5369  ema_loss=12.5987  gap=0.0611  ema_gap=0.0674  mixup=66/200  2.4 sps  ETA 4.1h
              R²_rand=0.6280  R²_naive=0.3889  U_t=0.1136  U_b=0.1582  AUC=0.9284  Top1=0.0885
  timing: data=3.5ms  fwd=166.6ms  bwd=184.4ms  total=355.1ms
  -> Saved /root/cf404_runs/a08/arm6_v2_combab_alignT/leg_40k/cf393_arm6_v2_combab_alignT_cf373k32_mean_a08_best_gap.pth
[   4800] loss=12.6109  ema_loss=12.6143  gap=0.0542  ema_gap=0.0679  mixup=63/200  2.4 sps  ETA 4.1h
              R²_rand=0.5803  R²_naive=0.3702  U_t=0.1224  U_b=0.1684  AUC=0.9327  Top1=0.0982
  timing: data=3.5ms  fwd=166.7ms  bwd=184.7ms  total=355.4ms
  -> Saved /root/cf404_runs/a08/arm6_v2_combab_alignT/leg_40k/cf393_arm6_v2_combab_alignT_cf373k32_mean_a08_best_gap.pth
[   5000] loss=12.6476  ema_loss=12.6384  gap=0.0781  ema_gap=0.0694  mixup=60/200  2.4 sps  ETA 4.1h
              R²_rand=0.5883  R²_naive=0.3862  U_t=0.1257  U_b=0.1623  AUC=0.9284  Top1=0.1142
  timing: data=125.3ms  fwd=167.6ms  bwd=184.6ms  total=478.0ms
  -> Saved /root/cf404_runs/a08/arm6_v2_combab_alignT/leg_40k/cf393_arm6_v2_combab_alignT_cf373k32_mean_a08_best_gap.pth
[   5200] loss=12.7210  ema_loss=12.6452  gap=0.0714  ema_gap=0.0726  mixup=69/200  2.4 sps  ETA 4.0h
              R²_rand=0.5822  R²_naive=0.3758  U_t=0.1443  U_b=0.1727  AUC=0.9279  Top1=0.1037
  timing: data=3.5ms  fwd=167.0ms  bwd=184.5ms  total=355.5ms
  -> Saved /root/cf404_runs/a08/arm6_v2_combab_alignT/leg_40k/cf393_arm6_v2_combab_alignT_cf373k32_mean_a08_best_gap.pth
[   5400] loss=12.6926  ema_loss=12.6488  gap=0.0807  ema_gap=0.0776  mixup=55/200  2.4 sps  ETA 4.0h
              R²_rand=0.5311  R²_naive=0.3840  U_t=0.1445  U_b=0.1740  AUC=0.9264  Top1=0.0904
  timing: data=3.7ms  fwd=168.2ms  bwd=184.7ms  total=357.1ms
  -> Saved /root/cf404_runs/a08/arm6_v2_combab_alignT/leg_40k/cf393_arm6_v2_combab_alignT_cf373k32_mean_a08_best_gap.pth
[   5600] loss=12.6202  ema_loss=12.6500  gap=0.0698  ema_gap=0.0814  mixup=50/200  2.4 sps  ETA 4.0h
              R²_rand=0.6077  R²_naive=0.3724  U_t=0.1164  U_b=0.1795  AUC=0.9393  Top1=0.1077
  timing: data=3.7ms  fwd=168.6ms  bwd=185.3ms  total=358.3ms
  -> Saved /root/cf404_runs/a08/arm6_v2_combab_alignT/leg_40k/cf393_arm6_v2_combab_alignT_cf373k32_mean_a08_best_gap.pth
[   5800] loss=12.6201  ema_loss=12.6500  gap=0.0650  ema_gap=0.0825  mixup=64/200  2.4 sps  ETA 3.9h
              R²_rand=0.6035  R²_naive=0.3853  U_t=0.1287  U_b=0.1820  AUC=0.9401  Top1=0.1028
  timing: data=92.9ms  fwd=167.9ms  bwd=184.8ms  total=446.2ms
  -> Saved /root/cf404_runs/a08/arm6_v2_combab_alignT/leg_40k/cf393_arm6_v2_combab_alignT_cf373k32_mean_a08_best_gap.pth
[   6000] loss=12.6924  ema_loss=12.6436  gap=0.0746  ema_gap=0.0831  mixup=64/200  2.4 sps  ETA 3.9h
              R²_rand=0.5458  R²_naive=0.4048  U_t=0.1328  U_b=0.1767  AUC=0.9286  Top1=0.1045
  timing: data=3.5ms  fwd=167.4ms  bwd=185.5ms  total=356.9ms
  -> Saved /root/cf404_runs/a08/arm6_v2_combab_alignT/leg_40k/cf393_arm6_v2_combab_alignT_cf373k32_mean_a08_best_gap.pth
[   6200] loss=12.6025  ema_loss=12.6257  gap=0.0568  ema_gap=0.0812  mixup=51/200  2.4 sps  ETA 3.9h
              R²_rand=0.6018  R²_naive=0.3820  U_t=0.1288  U_b=0.1815  AUC=0.9391  Top1=0.1096
  timing: data=3.5ms  fwd=169.1ms  bwd=185.0ms  total=358.1ms
[   6400] loss=12.5350  ema_loss=12.6342  gap=0.0865  ema_gap=0.0849  mixup=58/200  2.4 sps  ETA 3.9h
              R²_rand=0.6473  R²_naive=0.4118  U_t=0.1050  U_b=0.1496  AUC=0.9403  Top1=0.0999
  timing: data=82.1ms  fwd=166.8ms  bwd=183.7ms  total=433.1ms
  -> Saved /root/cf404_runs/a08/arm6_v2_combab_alignT/leg_40k/cf393_arm6_v2_combab_alignT_cf373k32_mean_a08_best_gap.pth
[   6600] loss=12.6470  ema_loss=12.6380  gap=0.0837  ema_gap=0.0904  mixup=57/200  2.4 sps  ETA 3.8h
              R²_rand=0.6142  R²_naive=0.4195  U_t=0.1385  U_b=0.1726  AUC=0.9379  Top1=0.0980
  timing: data=3.6ms  fwd=166.6ms  bwd=182.5ms  total=353.2ms
  -> Saved /root/cf404_runs/a08/arm6_v2_combab_alignT/leg_40k/cf393_arm6_v2_combab_alignT_cf373k32_mean_a08_best_gap.pth
[   6800] loss=12.5817  ema_loss=12.6465  gap=0.0589  ema_gap=0.0872  mixup=61/200  2.4 sps  ETA 3.8h
              R²_rand=0.6145  R²_naive=0.3550  U_t=0.1305  U_b=0.1782  AUC=0.9469  Top1=0.0923
  timing: data=3.5ms  fwd=167.2ms  bwd=184.9ms  total=356.1ms
[   7000] loss=12.6789  ema_loss=12.6611  gap=0.0786  ema_gap=0.0865  mixup=41/200  2.4 sps  ETA 3.8h
              R²_rand=0.5881  R²_naive=0.3880  U_t=0.1350  U_b=0.1915  AUC=0.9438  Top1=0.1216
  timing: data=100.7ms  fwd=165.6ms  bwd=183.2ms  total=450.1ms
[   7200] loss=12.7447  ema_loss=12.6768  gap=0.0838  ema_gap=0.0919  mixup=66/200  2.4 sps  ETA 3.7h
              R²_rand=0.5444  R²_naive=0.3819  U_t=0.1490  U_b=0.1868  AUC=0.9271  Top1=0.1077
  timing: data=3.7ms  fwd=165.8ms  bwd=184.0ms  total=354.0ms
  -> Saved /root/cf404_runs/a08/arm6_v2_combab_alignT/leg_40k/cf393_arm6_v2_combab_alignT_cf373k32_mean_a08_best_gap.pth
[   7400] loss=12.7251  ema_loss=12.6970  gap=0.0952  ema_gap=0.0970  mixup=65/200  2.4 sps  ETA 3.7h
              R²_rand=0.5766  R²_naive=0.4025  U_t=0.1509  U_b=0.1871  AUC=0.9392  Top1=0.1031
  timing: data=3.5ms  fwd=166.3ms  bwd=183.8ms  total=354.1ms
  -> Saved /root/cf404_runs/a08/arm6_v2_combab_alignT/leg_40k/cf393_arm6_v2_combab_alignT_cf373k32_mean_a08_best_gap.pth
[   7600] loss=12.7142  ema_loss=12.7091  gap=0.1008  ema_gap=0.0971  mixup=63/200  2.4 sps  ETA 3.7h
              R²_rand=0.5655  R²_naive=0.4022  U_t=0.1480  U_b=0.1927  AUC=0.9394  Top1=0.1227
  timing: data=117.2ms  fwd=166.3ms  bwd=184.6ms  total=468.6ms
  -> Saved /root/cf404_runs/a08/arm6_v2_combab_alignT/leg_40k/cf393_arm6_v2_combab_alignT_cf373k32_mean_a08_best_gap.pth
[   7800] loss=12.6722  ema_loss=12.7117  gap=0.0748  ema_gap=0.0983  mixup=78/200  2.4 sps  ETA 3.7h
              R²_rand=0.6028  R²_naive=0.3650  U_t=0.1454  U_b=0.1825  AUC=0.9426  Top1=0.1164
  timing: data=3.6ms  fwd=170.8ms  bwd=188.4ms  total=363.4ms
  -> Saved /root/cf404_runs/a08/arm6_v2_combab_alignT/leg_40k/cf393_arm6_v2_combab_alignT_cf373k32_mean_a08_best_gap.pth
[   8000] loss=12.7128  ema_loss=12.7075  gap=0.1448  ema_gap=0.0985  mixup=74/200  2.4 sps  ETA 3.6h
              R²_rand=0.6144  R²_naive=0.4463  U_t=0.1346  U_b=0.1888  AUC=0.9423  Top1=0.1631
  timing: data=3.6ms  fwd=173.4ms  bwd=191.2ms  total=368.8ms
  -> Saved /root/cf404_runs/a08/arm6_v2_combab_alignT/leg_40k/cf393_arm6_v2_combab_alignT_cf373k32_mean_a08_best_gap.pth
[   8200] loss=12.7098  ema_loss=12.7156  gap=0.0752  ema_gap=0.1018  mixup=55/200  2.4 sps  ETA 3.6h
              R²_rand=0.5606  R²_naive=0.3823  U_t=0.1488  U_b=0.1930  AUC=0.9306  Top1=0.1080
  timing: data=141.0ms  fwd=166.9ms  bwd=183.6ms  total=492.0ms
  -> Saved /root/cf404_runs/a08/arm6_v2_combab_alignT/leg_40k/cf393_arm6_v2_combab_alignT_cf373k32_mean_a08_best_gap.pth
[   8400] loss=12.6970  ema_loss=12.7396  gap=0.0838  ema_gap=0.0972  mixup=62/200  2.4 sps  ETA 3.6h
              R²_rand=0.5756  R²_naive=0.3877  U_t=0.1398  U_b=0.1939  AUC=0.9353  Top1=0.1142
  timing: data=3.5ms  fwd=166.4ms  bwd=184.3ms  total=354.8ms
[   8600] loss=12.7738  ema_loss=12.7486  gap=0.0885  ema_gap=0.0949  mixup=55/200  2.4 sps  ETA 3.6h
              R²_rand=0.5555  R²_naive=0.3876  U_t=0.1563  U_b=0.1975  AUC=0.9273  Top1=0.1004
  timing: data=3.6ms  fwd=167.8ms  bwd=184.9ms  total=356.7ms
[   8800] loss=12.7989  ema_loss=12.7760  gap=0.0695  ema_gap=0.0945  mixup=65/200  2.4 sps  ETA 3.6h
              R²_rand=0.5208  R²_naive=0.3595  U_t=0.1623  U_b=0.2001  AUC=0.9191  Top1=0.1039
  timing: data=105.5ms  fwd=170.2ms  bwd=189.5ms  total=465.7ms
[   9000] loss=12.7899  ema_loss=12.7553  gap=0.1218  ema_gap=0.0901  mixup=57/200  2.4 sps  ETA 3.5h
              R²_rand=0.5818  R²_naive=0.4076  U_t=0.1537  U_b=0.2018  AUC=0.9362  Top1=0.1463
  timing: data=3.6ms  fwd=168.5ms  bwd=186.5ms  total=359.1ms
[   9200] loss=12.7517  ema_loss=12.7510  gap=0.1010  ema_gap=0.0870  mixup=68/200  2.5 sps  ETA 3.5h
              R²_rand=0.6029  R²_naive=0.4148  U_t=0.1426  U_b=0.1946  AUC=0.9466  Top1=0.1506
  timing: data=3.5ms  fwd=168.0ms  bwd=184.6ms  total=356.6ms
[   9400] loss=12.6735  ema_loss=12.7227  gap=0.0847  ema_gap=0.0813  mixup=51/200  2.4 sps  ETA 3.5h
              R²_rand=0.5950  R²_naive=0.3925  U_t=0.1492  U_b=0.2192  AUC=0.9452  Top1=0.1544
  timing: data=83.2ms  fwd=168.1ms  bwd=184.4ms  total=436.2ms
[   9600] loss=12.6377  ema_loss=12.7253  gap=0.0397  ema_gap=0.0816  mixup=50/200  2.5 sps  ETA 3.4h
              R²_rand=0.6092  R²_naive=0.3295  U_t=0.1490  U_b=0.2011  AUC=0.9396  Top1=0.1140
  timing: data=3.5ms  fwd=166.2ms  bwd=185.8ms  total=356.0ms
[   9800] loss=12.6914  ema_loss=12.7277  gap=0.0553  ema_gap=0.0816  mixup=72/200  2.5 sps  ETA 3.4h
              R²_rand=0.5908  R²_naive=0.3595  U_t=0.1534  U_b=0.2071  AUC=0.9376  Top1=0.1343
  timing: data=3.6ms  fwd=167.7ms  bwd=184.5ms  total=356.3ms
[  10000] loss=12.7598  ema_loss=12.7327  gap=0.0943  ema_gap=0.0868  mixup=61/200  2.4 sps  ETA 3.4h
              R²_rand=0.5427  R²_naive=0.3962  U_t=0.1616  U_b=0.2004  AUC=0.9368  Top1=0.1463
  timing: data=125.4ms  fwd=166.5ms  bwd=184.2ms  total=476.7ms
[  10200] loss=12.7439  ema_loss=12.7338  gap=0.0815  ema_gap=0.0787  mixup=51/200  2.5 sps  ETA 3.4h
              R²_rand=0.5611  R²_naive=0.3809  U_t=0.1611  U_b=0.2216  AUC=0.9364  Top1=0.1582
  timing: data=3.7ms  fwd=167.0ms  bwd=184.0ms  total=355.3ms
[  10400] loss=12.6612  ema_loss=12.7184  gap=0.0598  ema_gap=0.0764  mixup=57/200  2.5 sps  ETA 3.3h
              R²_rand=0.5593  R²_naive=0.3423  U_t=0.1631  U_b=0.2119  AUC=0.9398  Top1=0.1229
  timing: data=3.5ms  fwd=168.5ms  bwd=188.0ms  total=360.6ms
[  10600] loss=12.6990  ema_loss=12.6999  gap=0.0877  ema_gap=0.0767  mixup=56/200  2.5 sps  ETA 3.3h
              R²_rand=0.5770  R²_naive=0.3889  U_t=0.1614  U_b=0.2159  AUC=0.9417  Top1=0.1455
  timing: data=3.7ms  fwd=166.8ms  bwd=185.7ms  total=356.7ms
[  10800] loss=12.7494  ema_loss=12.7213  gap=0.0848  ema_gap=0.0720  mixup=60/200  2.4 sps  ETA 3.3h
              R²_rand=0.5587  R²_naive=0.3852  U_t=0.1636  U_b=0.2117  AUC=0.9330  Top1=0.1365
  timing: data=170.5ms  fwd=167.2ms  bwd=185.1ms  total=523.4ms
[  11000] loss=12.6433  ema_loss=12.7074  gap=0.0794  ema_gap=0.0718  mixup=54/200  2.5 sps  ETA 3.3h
              R²_rand=0.5938  R²_naive=0.3942  U_t=0.1393  U_b=0.2287  AUC=0.9512  Top1=0.1837
  timing: data=3.5ms  fwd=175.8ms  bwd=194.7ms  total=374.5ms
[  11200] loss=12.7190  ema_loss=12.7191  gap=0.1060  ema_gap=0.0775  mixup=61/200  2.5 sps  ETA 3.3h
              R²_rand=0.6056  R²_naive=0.4135  U_t=0.1530  U_b=0.2378  AUC=0.9524  Top1=0.1693
  timing: data=3.4ms  fwd=183.7ms  bwd=205.4ms  total=393.1ms
[  11400] loss=12.6264  ema_loss=12.7074  gap=0.0538  ema_gap=0.0802  mixup=61/200  2.4 sps  ETA 3.3h
              R²_rand=0.6061  R²_naive=0.3723  U_t=0.1494  U_b=0.2186  AUC=0.9477  Top1=0.1278
  timing: data=106.7ms  fwd=179.7ms  bwd=204.4ms  total=491.4ms
[  11600] loss=12.7261  ema_loss=12.7103  gap=0.0787  ema_gap=0.0870  mixup=64/200  2.4 sps  ETA 3.2h
              R²_rand=0.5624  R²_naive=0.3921  U_t=0.1731  U_b=0.2152  AUC=0.9414  Top1=0.1202
  timing: data=3.4ms  fwd=179.7ms  bwd=200.6ms  total=384.2ms
[  11800] loss=12.6621  ema_loss=12.7222  gap=0.0460  ema_gap=0.0849  mixup=59/200  2.4 sps  ETA 3.2h
              R²_rand=0.5667  R²_naive=0.3581  U_t=0.1497  U_b=0.2084  AUC=0.9467  Top1=0.1609
  timing: data=3.4ms  fwd=185.5ms  bwd=209.0ms  total=398.4ms
[  12000] loss=12.7083  ema_loss=12.7389  gap=0.0629  ema_gap=0.0886  mixup=64/200  2.4 sps  ETA 3.2h
              R²_rand=0.6071  R²_naive=0.3656  U_t=0.1527  U_b=0.2199  AUC=0.9492  Top1=0.1484
  timing: data=113.8ms  fwd=179.7ms  bwd=202.0ms  total=496.0ms
[  12200] loss=12.7405  ema_loss=12.7227  gap=0.1136  ema_gap=0.0873  mixup=69/200  2.4 sps  ETA 3.2h
              R²_rand=0.5433  R²_naive=0.4080  U_t=0.1726  U_b=0.2139  AUC=0.9414  Top1=0.1520
  timing: data=3.5ms  fwd=168.2ms  bwd=185.2ms  total=357.5ms
[  12400] loss=12.6875  ema_loss=12.7136  gap=0.0983  ema_gap=0.0820  mixup=62/200  2.4 sps  ETA 3.1h
              R²_rand=0.5924  R²_naive=0.4175  U_t=0.1476  U_b=0.2094  AUC=0.9429  Top1=0.1495
  timing: data=3.6ms  fwd=168.6ms  bwd=186.9ms  total=359.6ms
[  12600] loss=12.6997  ema_loss=12.7126  gap=0.0647  ema_gap=0.0884  mixup=50/200  2.4 sps  ETA 3.1h
              R²_rand=0.5999  R²_naive=0.3721  U_t=0.1531  U_b=0.2233  AUC=0.9500  Top1=0.1517
  timing: data=77.7ms  fwd=167.2ms  bwd=183.1ms  total=428.4ms
[  12800] loss=12.6401  ema_loss=12.7305  gap=0.0808  ema_gap=0.0888  mixup=61/200  2.4 sps  ETA 3.1h
              R²_rand=0.6083  R²_naive=0.3900  U_t=0.1497  U_b=0.2232  AUC=0.9440  Top1=0.1232
  timing: data=3.4ms  fwd=166.6ms  bwd=183.6ms  total=354.2ms
[  13000] loss=12.7578  ema_loss=12.7178  gap=0.0766  ema_gap=0.0909  mixup=67/200  2.5 sps  ETA 3.1h
              R²_rand=0.5817  R²_naive=0.3884  U_t=0.1558  U_b=0.2103  AUC=0.9397  Top1=0.1208
  timing: data=3.5ms  fwd=168.1ms  bwd=184.7ms  total=356.9ms
[  13200] loss=12.7241  ema_loss=12.7155  gap=0.0992  ema_gap=0.0968  mixup=51/200  2.4 sps  ETA 3.1h
              R²_rand=0.5807  R²_naive=0.4065  U_t=0.1513  U_b=0.2235  AUC=0.9450  Top1=0.1563
  timing: data=397.5ms  fwd=172.8ms  bwd=191.9ms  total=762.7ms
[  13400] loss=12.7571  ema_loss=12.7406  gap=0.2628  ema_gap=0.1073  mixup=59/200  2.4 sps  ETA 3.1h
              R²_rand=0.6013  R²_naive=0.5207  U_t=0.1210  U_b=0.2045  AUC=0.9600  Top1=0.2925
  timing: data=3.6ms  fwd=177.4ms  bwd=196.0ms  total=377.5ms
  -> Saved /root/cf404_runs/a08/arm6_v2_combab_alignT/leg_40k/cf393_arm6_v2_combab_alignT_cf373k32_mean_a08_best_gap.pth
[  13600] loss=12.7168  ema_loss=12.7313  gap=0.0960  ema_gap=0.1089  mixup=67/200  2.4 sps  ETA 3.0h
              R²_rand=0.5899  R²_naive=0.4030  U_t=0.1446  U_b=0.2273  AUC=0.9480  Top1=0.1726
  timing: data=3.5ms  fwd=171.0ms  bwd=189.6ms  total=364.7ms
  -> Saved /root/cf404_runs/a08/arm6_v2_combab_alignT/leg_40k/cf393_arm6_v2_combab_alignT_cf373k32_mean_a08_best_gap.pth
[  13800] loss=12.7677  ema_loss=12.7273  gap=0.0946  ema_gap=0.1065  mixup=57/200  2.4 sps  ETA 3.0h
              R²_rand=0.6176  R²_naive=0.3983  U_t=0.1576  U_b=0.1830  AUC=0.9446  Top1=0.1436
  timing: data=189.5ms  fwd=165.4ms  bwd=183.8ms  total=539.2ms
[  14000] loss=12.7615  ema_loss=12.7395  gap=0.1073  ema_gap=0.1020  mixup=51/200  2.4 sps  ETA 3.0h
              R²_rand=0.5763  R²_naive=0.3999  U_t=0.1461  U_b=0.2203  AUC=0.9480  Top1=0.1449
  timing: data=3.3ms  fwd=166.1ms  bwd=182.9ms  total=352.7ms
[  14200] loss=12.8178  ema_loss=12.7491  gap=0.1177  ema_gap=0.1062  mixup=58/200  2.4 sps  ETA 3.0h
              R²_rand=0.5784  R²_naive=0.4203  U_t=0.1490  U_b=0.2084  AUC=0.9417  Top1=0.1590
  timing: data=3.4ms  fwd=166.7ms  bwd=184.0ms  total=354.6ms
[  14400] loss=12.8388  ema_loss=12.7621  gap=0.1044  ema_gap=0.0947  mixup=55/200  2.4 sps  ETA 3.0h
              R²_rand=0.5709  R²_naive=0.3931  U_t=0.1451  U_b=0.2280  AUC=0.9518  Top1=0.1704
  timing: data=217.7ms  fwd=175.4ms  bwd=194.3ms  total=588.0ms
[  14600] loss=12.8088  ema_loss=12.7631  gap=0.1061  ema_gap=0.0929  mixup=69/200  2.4 sps  ETA 2.9h
              R²_rand=0.4886  R²_naive=0.3961  U_t=0.1498  U_b=0.2205  AUC=0.9266  Top1=0.1493
  timing: data=3.5ms  fwd=170.9ms  bwd=188.7ms  total=363.6ms
[  14800] loss=12.7528  ema_loss=12.7448  gap=0.0793  ema_gap=0.0975  mixup=63/200  2.4 sps  ETA 2.9h
              R²_rand=0.5769  R²_naive=0.3771  U_t=0.1524  U_b=0.2158  AUC=0.9369  Top1=0.1484
  timing: data=3.6ms  fwd=175.8ms  bwd=192.6ms  total=372.6ms
[  15000] loss=12.7644  ema_loss=12.7371  gap=0.1591  ema_gap=0.0997  mixup=59/200  2.4 sps  ETA 2.9h
              R²_rand=0.5586  R²_naive=0.4448  U_t=0.1358  U_b=0.1977  AUC=0.9444  Top1=0.1992
  timing: data=42.4ms  fwd=165.8ms  bwd=184.0ms  total=392.8ms
[  15200] loss=12.7370  ema_loss=12.7378  gap=0.0781  ema_gap=0.1048  mixup=65/200  2.4 sps  ETA 2.8h
              R²_rand=0.5848  R²_naive=0.3841  U_t=0.1517  U_b=0.2113  AUC=0.9376  Top1=0.0928
  timing: data=3.5ms  fwd=165.1ms  bwd=183.5ms  total=352.6ms
[  15400] loss=12.7624  ema_loss=12.7326  gap=0.0852  ema_gap=0.1106  mixup=62/200  2.4 sps  ETA 2.8h
              R²_rand=0.5513  R²_naive=0.4006  U_t=0.1511  U_b=0.1944  AUC=0.9446  Top1=0.1381
  timing: data=3.5ms  fwd=166.4ms  bwd=185.0ms  total=355.5ms
  -> Saved /root/cf404_runs/a08/arm6_v2_combab_alignT/leg_40k/cf393_arm6_v2_combab_alignT_cf373k32_mean_a08_best_gap.pth
[  15600] loss=12.7296  ema_loss=12.7127  gap=0.0918  ema_gap=0.1151  mixup=65/200  2.4 sps  ETA 2.8h
              R²_rand=0.5779  R²_naive=0.3923  U_t=0.1490  U_b=0.2178  AUC=0.9409  Top1=0.1324
  timing: data=3.6ms  fwd=168.6ms  bwd=185.6ms  total=358.3ms
  -> Saved /root/cf404_runs/a08/arm6_v2_combab_alignT/leg_40k/cf393_arm6_v2_combab_alignT_cf373k32_mean_a08_best_gap.pth
[  15800] loss=12.7011  ema_loss=12.7021  gap=0.1360  ema_gap=0.1158  mixup=45/200  2.4 sps  ETA 2.8h
              R²_rand=0.5855  R²_naive=0.4339  U_t=0.1487  U_b=0.2139  AUC=0.9494  Top1=0.1764
  timing: data=104.5ms  fwd=166.9ms  bwd=185.1ms  total=457.0ms
  -> Saved /root/cf404_runs/a08/arm6_v2_combab_alignT/leg_40k/cf393_arm6_v2_combab_alignT_cf373k32_mean_a08_best_gap.pth
[  16000] loss=12.7837  ema_loss=12.7160  gap=0.0897  ema_gap=0.1132  mixup=54/200  2.4 sps  ETA 2.7h
              R²_rand=0.5740  R²_naive=0.3874  U_t=0.1608  U_b=0.2123  AUC=0.9430  Top1=0.1417
  timing: data=3.4ms  fwd=168.1ms  bwd=187.1ms  total=359.2ms
[  16200] loss=12.6992  ema_loss=12.7282  gap=0.1058  ema_gap=0.1169  mixup=70/200  2.4 sps  ETA 2.7h
              R²_rand=0.5728  R²_naive=0.4035  U_t=0.1510  U_b=0.2091  AUC=0.9467  Top1=0.1471
  timing: data=3.4ms  fwd=180.0ms  bwd=201.3ms  total=385.3ms
  -> Saved /root/cf404_runs/a08/arm6_v2_combab_alignT/leg_40k/cf393_arm6_v2_combab_alignT_cf373k32_mean_a08_best_gap.pth
[  16400] loss=12.7740  ema_loss=12.7447  gap=0.0994  ema_gap=0.1163  mixup=55/200  2.4 sps  ETA 2.7h
              R²_rand=0.5663  R²_naive=0.3906  U_t=0.1453  U_b=0.2228  AUC=0.9388  Top1=0.1403
  timing: data=100.3ms  fwd=174.4ms  bwd=194.2ms  total=469.4ms
[  16600] loss=12.7256  ema_loss=12.7353  gap=0.1527  ema_gap=0.1219  mixup=53/200  2.4 sps  ETA 2.7h
              R²_rand=0.6071  R²_naive=0.4383  U_t=0.1336  U_b=0.2220  AUC=0.9436  Top1=0.1989
  timing: data=3.7ms  fwd=190.3ms  bwd=214.9ms  total=409.5ms
  -> Saved /root/cf404_runs/a08/arm6_v2_combab_alignT/leg_40k/cf393_arm6_v2_combab_alignT_cf373k32_mean_a08_best_gap.pth
[  16800] loss=12.6520  ema_loss=12.7304  gap=0.0977  ema_gap=0.1187  mixup=58/200  2.4 sps  ETA 2.7h
              R²_rand=0.6050  R²_naive=0.4047  U_t=0.1307  U_b=0.2103  AUC=0.9537  Top1=0.2285
  timing: data=3.6ms  fwd=188.3ms  bwd=212.3ms  total=404.8ms
[  17000] loss=12.7596  ema_loss=12.7494  gap=0.2165  ema_gap=0.1186  mixup=61/200  2.4 sps  ETA 2.7h
              R²_rand=0.5537  R²_naive=0.4933  U_t=0.1492  U_b=0.1838  AUC=0.9403  Top1=0.2190
  timing: data=196.7ms  fwd=186.6ms  bwd=210.6ms  total=594.4ms
[  17200] loss=12.7279  ema_loss=12.7291  gap=0.1215  ema_gap=0.1138  mixup=70/200  2.4 sps  ETA 2.6h
              R²_rand=0.5750  R²_naive=0.4322  U_t=0.1430  U_b=0.2222  AUC=0.9503  Top1=0.1992
  timing: data=3.4ms  fwd=188.0ms  bwd=211.9ms  total=403.9ms
[  17400] loss=12.7649  ema_loss=12.7375  gap=0.0743  ema_gap=0.1209  mixup=61/200  2.4 sps  ETA 2.6h
              R²_rand=0.5754  R²_naive=0.3811  U_t=0.1455  U_b=0.2245  AUC=0.9457  Top1=0.1924
  timing: data=3.5ms  fwd=180.4ms  bwd=202.4ms  total=387.0ms
[  17600] loss=12.7182  ema_loss=12.7408  gap=0.1686  ema_gap=0.1274  mixup=56/200  2.4 sps  ETA 2.6h
              R²_rand=0.5975  R²_naive=0.4592  U_t=0.1334  U_b=0.2087  AUC=0.9535  Top1=0.2646
  timing: data=115.9ms  fwd=168.9ms  bwd=188.1ms  total=473.5ms
  -> Saved /root/cf404_runs/a08/arm6_v2_combab_alignT/leg_40k/cf393_arm6_v2_combab_alignT_cf373k32_mean_a08_best_gap.pth
[  17800] loss=12.7233  ema_loss=12.7447  gap=0.1223  ema_gap=0.1266  mixup=64/200  2.4 sps  ETA 2.6h
              R²_rand=0.5999  R²_naive=0.4290  U_t=0.1496  U_b=0.2169  AUC=0.9543  Top1=0.1661
  timing: data=3.6ms  fwd=170.1ms  bwd=188.4ms  total=362.7ms
[  18000] loss=12.7678  ema_loss=12.7417  gap=0.0934  ema_gap=0.1282  mixup=58/200  2.4 sps  ETA 2.5h
              R²_rand=0.5394  R²_naive=0.3829  U_t=0.1515  U_b=0.2204  AUC=0.9325  Top1=0.1487
  timing: data=3.5ms  fwd=171.2ms  bwd=189.8ms  total=365.1ms
  -> Saved /root/cf404_runs/a08/arm6_v2_combab_alignT/leg_40k/cf393_arm6_v2_combab_alignT_cf373k32_mean_a08_best_gap.pth
[  18200] loss=12.7016  ema_loss=12.7215  gap=0.0943  ema_gap=0.1309  mixup=60/200  2.4 sps  ETA 2.5h
              R²_rand=0.6336  R²_naive=0.4050  U_t=0.1439  U_b=0.2093  AUC=0.9507  Top1=0.1753
  timing: data=85.9ms  fwd=172.9ms  bwd=191.5ms  total=450.9ms
  -> Saved /root/cf404_runs/a08/arm6_v2_combab_alignT/leg_40k/cf393_arm6_v2_combab_alignT_cf373k32_mean_a08_best_gap.pth
[  18400] loss=12.7460  ema_loss=12.7419  gap=0.1184  ema_gap=0.1294  mixup=67/200  2.4 sps  ETA 2.5h
              R²_rand=0.6031  R²_naive=0.4214  U_t=0.1484  U_b=0.2256  AUC=0.9535  Top1=0.1997
  timing: data=3.5ms  fwd=172.0ms  bwd=191.8ms  total=367.8ms
[  18600] loss=12.7360  ema_loss=12.7350  gap=0.2415  ema_gap=0.1327  mixup=51/200  2.4 sps  ETA 2.5h
              R²_rand=0.6025  R²_naive=0.4896  U_t=0.1401  U_b=0.2128  AUC=0.9536  Top1=0.2516
  timing: data=3.5ms  fwd=173.5ms  bwd=195.3ms  total=372.9ms
  -> Saved /root/cf404_runs/a08/arm6_v2_combab_alignT/leg_40k/cf393_arm6_v2_combab_alignT_cf373k32_mean_a08_best_gap.pth
[  18800] loss=12.7630  ema_loss=12.7365  gap=0.2207  ema_gap=0.1271  mixup=59/200  2.4 sps  ETA 2.4h
              R²_rand=0.6090  R²_naive=0.4839  U_t=0.1536  U_b=0.1981  AUC=0.9522  Top1=0.2000
  timing: data=81.4ms  fwd=171.9ms  bwd=190.7ms  total=444.6ms
[  19000] loss=12.7057  ema_loss=12.7251  gap=0.1007  ema_gap=0.1216  mixup=50/200  2.4 sps  ETA 2.4h
              R²_rand=0.5981  R²_naive=0.4090  U_t=0.1423  U_b=0.2278  AUC=0.9489  Top1=0.1734
  timing: data=3.5ms  fwd=173.3ms  bwd=192.6ms  total=370.0ms
[  19200] loss=12.7802  ema_loss=12.7429  gap=0.1056  ema_gap=0.1187  mixup=59/200  2.4 sps  ETA 2.4h
              R²_rand=0.5780  R²_naive=0.3926  U_t=0.1549  U_b=0.2223  AUC=0.9414  Top1=0.1761
  timing: data=3.5ms  fwd=169.6ms  bwd=185.9ms  total=359.6ms
[  19400] loss=12.7776  ema_loss=12.7484  gap=0.1466  ema_gap=0.1203  mixup=66/200  2.4 sps  ETA 2.4h
              R²_rand=0.5832  R²_naive=0.4267  U_t=0.1513  U_b=0.2204  AUC=0.9510  Top1=0.1886
  timing: data=89.0ms  fwd=167.5ms  bwd=183.6ms  total=440.7ms
[  19600] loss=12.7313  ema_loss=12.7314  gap=0.0798  ema_gap=0.1109  mixup=58/200  2.4 sps  ETA 2.3h
              R²_rand=0.6046  R²_naive=0.3769  U_t=0.1430  U_b=0.2245  AUC=0.9484  Top1=0.2043
  timing: data=3.5ms  fwd=169.2ms  bwd=187.4ms  total=360.7ms
[  19800] loss=12.7674  ema_loss=12.7360  gap=0.1220  ema_gap=0.1166  mixup=65/200  2.4 sps  ETA 2.3h
              R²_rand=0.5896  R²_naive=0.4270  U_t=0.1524  U_b=0.2069  AUC=0.9489  Top1=0.1943
  timing: data=3.5ms  fwd=167.0ms  bwd=184.1ms  total=355.2ms
[  20000] loss=12.7246  ema_loss=12.7272  gap=0.1380  ema_gap=0.1232  mixup=57/200  2.4 sps  ETA 2.3h
              R²_rand=0.6136  R²_naive=0.4367  U_t=0.1532  U_b=0.2215  AUC=0.9485  Top1=0.1805
  timing: data=91.5ms  fwd=168.5ms  bwd=187.5ms  total=448.1ms
  -> Saved /root/cf404_runs/a08/arm6_v2_combab_alignT/leg_40k/cf393_arm6_v2_combab_alignT_cf373k32_mean_a08_20k.pth
[  20200] loss=12.7103  ema_loss=12.7247  gap=0.1148  ema_gap=0.1213  mixup=63/200  2.4 sps  ETA 2.3h
              R²_rand=0.5722  R²_naive=0.4028  U_t=0.1449  U_b=0.2106  AUC=0.9502  Top1=0.1764
  timing: data=3.5ms  fwd=168.3ms  bwd=187.0ms  total=359.3ms
[  20400] loss=12.7737  ema_loss=12.7283  gap=0.1110  ema_gap=0.1152  mixup=52/200  2.4 sps  ETA 2.2h
              R²_rand=0.5651  R²_naive=0.3979  U_t=0.1635  U_b=0.2176  AUC=0.9367  Top1=0.1183
  timing: data=3.5ms  fwd=168.1ms  bwd=185.9ms  total=358.0ms
[  20600] loss=12.7438  ema_loss=12.7338  gap=0.0539  ema_gap=0.1149  mixup=67/200  2.4 sps  ETA 2.2h
              R²_rand=0.6286  R²_naive=0.3598  U_t=0.1281  U_b=0.2051  AUC=0.9538  Top1=0.2166
  timing: data=3.5ms  fwd=168.7ms  bwd=187.6ms  total=360.4ms
[  20800] loss=12.7762  ema_loss=12.7401  gap=0.0874  ema_gap=0.1137  mixup=63/200  2.4 sps  ETA 2.2h
              R²_rand=0.5943  R²_naive=0.3914  U_t=0.1639  U_b=0.2150  AUC=0.9438  Top1=0.1178
  timing: data=78.4ms  fwd=169.3ms  bwd=186.3ms  total=434.6ms
[  21000] loss=12.7732  ema_loss=12.7299  gap=0.1432  ema_gap=0.1182  mixup=57/200  2.4 sps  ETA 2.2h
              R²_rand=0.5994  R²_naive=0.4241  U_t=0.1553  U_b=0.2315  AUC=0.9475  Top1=0.1832
  timing: data=3.5ms  fwd=167.8ms  bwd=185.5ms  total=357.3ms
[  21200] loss=12.6894  ema_loss=12.7362  gap=0.1525  ema_gap=0.1200  mixup=60/200  2.4 sps  ETA 2.1h
              R²_rand=0.5823  R²_naive=0.4372  U_t=0.1442  U_b=0.2269  AUC=0.9441  Top1=0.2315
  timing: data=3.7ms  fwd=169.1ms  bwd=188.1ms  total=361.5ms
[  21400] loss=12.7514  ema_loss=12.7223  gap=0.0409  ema_gap=0.1184  mixup=67/200  2.4 sps  ETA 2.1h
              R²_rand=0.5474  R²_naive=0.3674  U_t=0.1443  U_b=0.2284  AUC=0.9400  Top1=0.1612
  timing: data=96.3ms  fwd=167.5ms  bwd=185.2ms  total=449.6ms
[  21600] loss=12.7671  ema_loss=12.7235  gap=0.1290  ema_gap=0.1145  mixup=49/200  2.4 sps  ETA 2.1h
              R²_rand=0.5563  R²_naive=0.4015  U_t=0.1634  U_b=0.1942  AUC=0.9426  Top1=0.1582
  timing: data=3.5ms  fwd=172.4ms  bwd=190.2ms  total=366.6ms
[  21800] loss=12.7366  ema_loss=12.7272  gap=0.1463  ema_gap=0.1145  mixup=65/200  2.4 sps  ETA 2.1h
              R²_rand=0.5861  R²_naive=0.4283  U_t=0.1396  U_b=0.2269  AUC=0.9448  Top1=0.1674
  timing: data=3.7ms  fwd=177.8ms  bwd=197.4ms  total=379.5ms
[  22000] loss=12.7202  ema_loss=12.7027  gap=0.1647  ema_gap=0.1160  mixup=57/200  2.4 sps  ETA 2.1h
              R²_rand=0.5919  R²_naive=0.4512  U_t=0.1543  U_b=0.2212  AUC=0.9437  Top1=0.1650
  timing: data=71.2ms  fwd=178.8ms  bwd=199.5ms  total=450.1ms
[  22200] loss=12.6763  ema_loss=12.7238  gap=0.1128  ema_gap=0.1237  mixup=72/200  2.4 sps  ETA 2.0h
              R²_rand=0.6274  R²_naive=0.4123  U_t=0.1438  U_b=0.2145  AUC=0.9466  Top1=0.1227
  timing: data=3.4ms  fwd=182.4ms  bwd=206.7ms  total=393.2ms
[  22400] loss=12.6573  ema_loss=12.7271  gap=0.1058  ema_gap=0.1121  mixup=48/200  2.4 sps  ETA 2.0h
              R²_rand=0.6273  R²_naive=0.4142  U_t=0.1381  U_b=0.2330  AUC=0.9565  Top1=0.1905
  timing: data=3.3ms  fwd=179.9ms  bwd=201.5ms  total=385.3ms
[  22600] loss=12.7462  ema_loss=12.7224  gap=0.0975  ema_gap=0.1211  mixup=74/200  2.4 sps  ETA 2.0h
              R²_rand=0.5866  R²_naive=0.4020  U_t=0.1561  U_b=0.2092  AUC=0.9479  Top1=0.1471
  timing: data=80.4ms  fwd=179.0ms  bwd=201.2ms  total=461.2ms
[  22800] loss=12.6593  ema_loss=12.7175  gap=0.0587  ema_gap=0.1165  mixup=53/200  2.4 sps  ETA 2.0h
              R²_rand=0.6271  R²_naive=0.3763  U_t=0.1369  U_b=0.2223  AUC=0.9429  Top1=0.1338
  timing: data=3.3ms  fwd=179.9ms  bwd=201.8ms  total=385.6ms
[  23000] loss=12.7379  ema_loss=12.7157  gap=0.1198  ema_gap=0.1238  mixup=64/200  2.4 sps  ETA 1.9h
              R²_rand=0.5506  R²_naive=0.4098  U_t=0.1565  U_b=0.2203  AUC=0.9434  Top1=0.1121
  timing: data=3.3ms  fwd=179.5ms  bwd=199.8ms  total=383.1ms
[  23200] loss=12.6363  ema_loss=12.7277  gap=0.0368  ema_gap=0.1047  mixup=70/200  2.4 sps  ETA 1.9h
              R²_rand=0.6038  R²_naive=0.3694  U_t=0.1172  U_b=0.2099  AUC=0.9436  Top1=0.1943
  timing: data=83.5ms  fwd=187.8ms  bwd=211.5ms  total=483.5ms
[  23400] loss=12.7487  ema_loss=12.7127  gap=0.1625  ema_gap=0.1084  mixup=61/200  2.4 sps  ETA 1.9h
              R²_rand=0.5981  R²_naive=0.4221  U_t=0.1533  U_b=0.2163  AUC=0.9433  Top1=0.1536
  timing: data=3.6ms  fwd=188.1ms  bwd=214.4ms  total=406.7ms
[  23600] loss=12.6144  ema_loss=12.6967  gap=0.1009  ema_gap=0.1249  mixup=54/200  2.4 sps  ETA 1.9h
              R²_rand=0.5973  R²_naive=0.3905  U_t=0.1386  U_b=0.1954  AUC=0.9557  Top1=0.1862
  timing: data=3.3ms  fwd=177.7ms  bwd=199.6ms  total=381.2ms
[  23800] loss=12.7271  ema_loss=12.7108  gap=0.0845  ema_gap=0.1209  mixup=51/200  2.4 sps  ETA 1.9h
              R²_rand=0.5819  R²_naive=0.3863  U_t=0.1436  U_b=0.2172  AUC=0.9394  Top1=0.1604
  timing: data=82.9ms  fwd=176.6ms  bwd=197.4ms  total=457.5ms
[  24000] loss=12.7561  ema_loss=12.7038  gap=0.0725  ema_gap=0.1071  mixup=51/200  2.4 sps  ETA 1.8h
              R²_rand=0.5687  R²_naive=0.3675  U_t=0.1583  U_b=0.2073  AUC=0.9357  Top1=0.1281
  timing: data=3.3ms  fwd=177.4ms  bwd=197.8ms  total=379.0ms
[  24200] loss=12.6600  ema_loss=12.7031  gap=0.2182  ema_gap=0.1214  mixup=59/200  2.4 sps  ETA 1.8h
              R²_rand=0.6384  R²_naive=0.5035  U_t=0.1298  U_b=0.1971  AUC=0.9597  Top1=0.2016
  timing: data=3.4ms  fwd=179.6ms  bwd=201.4ms  total=384.9ms
[  24400] loss=12.7067  ema_loss=12.7010  gap=0.1205  ema_gap=0.1159  mixup=53/200  2.4 sps  ETA 1.8h
              R²_rand=0.6246  R²_naive=0.4329  U_t=0.1421  U_b=0.2229  AUC=0.9530  Top1=0.1805
  timing: data=120.8ms  fwd=186.3ms  bwd=211.3ms  total=519.1ms
[  24600] loss=12.5743  ema_loss=12.6106  gap=0.0799  ema_gap=0.0988  mixup=55/200  2.4 sps  ETA 1.8h
              R²_rand=0.6414  R²_naive=0.4053  U_t=0.1078  U_b=0.2327  AUC=0.9554  Top1=0.2315
  timing: data=3.3ms  fwd=177.0ms  bwd=197.7ms  total=378.5ms
[  24800] loss=12.5466  ema_loss=12.5838  gap=0.0808  ema_gap=0.0988  mixup=62/200  2.4 sps  ETA 1.7h
              R²_rand=0.6543  R²_naive=0.4140  U_t=0.1014  U_b=0.2337  AUC=0.9574  Top1=0.2415
  timing: data=3.3ms  fwd=178.3ms  bwd=199.5ms  total=381.7ms
[  25000] loss=12.6389  ema_loss=12.5850  gap=0.1181  ema_gap=0.1132  mixup=62/200  2.4 sps  ETA 1.7h
              R²_rand=0.5936  R²_naive=0.4379  U_t=0.1078  U_b=0.2274  AUC=0.9413  Top1=0.1807
  timing: data=70.3ms  fwd=177.8ms  bwd=198.3ms  total=447.0ms
[  25200] loss=12.7032  ema_loss=12.6292  gap=0.1468  ema_gap=0.1331  mixup=53/200  2.4 sps  ETA 1.7h
              R²_rand=0.5749  R²_naive=0.4426  U_t=0.1216  U_b=0.2051  AUC=0.9272  Top1=0.1436
  timing: data=3.4ms  fwd=179.8ms  bwd=200.4ms  total=384.2ms
  -> Saved /root/cf404_runs/a08/arm6_v2_combab_alignT/leg_40k/cf393_arm6_v2_combab_alignT_cf373k32_mean_a08_best_gap.pth
[  25400] loss=12.6878  ema_loss=12.6882  gap=0.1220  ema_gap=0.1485  mixup=58/200  2.4 sps  ETA 1.7h
              R²_rand=0.6257  R²_naive=0.4090  U_t=0.1199  U_b=0.2019  AUC=0.9417  Top1=0.1126
  timing: data=3.3ms  fwd=178.0ms  bwd=201.6ms  total=383.6ms
  -> Saved /root/cf404_runs/a08/arm6_v2_combab_alignT/leg_40k/cf393_arm6_v2_combab_alignT_cf373k32_mean_a08_best_gap.pth
[  25600] loss=12.8098  ema_loss=12.7079  gap=0.0736  ema_gap=0.1450  mixup=62/200  2.4 sps  ETA 1.7h
              R²_rand=0.5212  R²_naive=0.3848  U_t=0.1353  U_b=0.2319  AUC=0.9339  Top1=0.1577
  timing: data=3.3ms  fwd=179.4ms  bwd=201.2ms  total=384.5ms
[  25800] loss=12.7338  ema_loss=12.6960  gap=0.0890  ema_gap=0.1435  mixup=57/200  2.4 sps  ETA 1.6h
              R²_rand=0.5827  R²_naive=0.4010  U_t=0.1296  U_b=0.2221  AUC=0.9301  Top1=0.1281
  timing: data=99.1ms  fwd=180.1ms  bwd=200.7ms  total=480.6ms
[  26000] loss=12.7181  ema_loss=12.6992  gap=0.1188  ema_gap=0.1413  mixup=78/200  2.4 sps  ETA 1.6h
              R²_rand=0.6165  R²_naive=0.4220  U_t=0.1270  U_b=0.2073  AUC=0.9482  Top1=0.1343
  timing: data=3.5ms  fwd=189.3ms  bwd=214.7ms  total=408.1ms
[  26200] loss=12.7005  ema_loss=12.7545  gap=0.2023  ema_gap=0.1313  mixup=64/200  2.4 sps  ETA 1.6h
              R²_rand=0.6337  R²_naive=0.4950  U_t=0.1149  U_b=0.1818  AUC=0.9467  Top1=0.2109
  timing: data=3.5ms  fwd=181.4ms  bwd=205.5ms  total=391.0ms
[  26400] loss=12.7474  ema_loss=12.7617  gap=0.2263  ema_gap=0.1386  mixup=57/200  2.4 sps  ETA 1.6h
              R²_rand=0.6174  R²_naive=0.4759  U_t=0.1276  U_b=0.1977  AUC=0.9425  Top1=0.2182
  timing: data=96.0ms  fwd=186.7ms  bwd=209.4ms  total=492.7ms
[  26600] loss=12.6162  ema_loss=12.7929  gap=0.1303  ema_gap=0.1525  mixup=63/200  2.4 sps  ETA 1.5h
              R²_rand=0.6345  R²_naive=0.4235  U_t=0.1038  U_b=0.2095  AUC=0.9414  Top1=0.2062
  timing: data=3.5ms  fwd=186.5ms  bwd=208.4ms  total=399.1ms
  -> Saved /root/cf404_runs/a08/arm6_v2_combab_alignT/leg_40k/cf393_arm6_v2_combab_alignT_cf373k32_mean_a08_best_gap.pth
[  26800] loss=12.6586  ema_loss=12.8038  gap=0.1177  ema_gap=0.1489  mixup=69/200  2.4 sps  ETA 1.5h
              R²_rand=0.6145  R²_naive=0.4102  U_t=0.1064  U_b=0.1921  AUC=0.9316  Top1=0.2168
  timing: data=3.5ms  fwd=178.6ms  bwd=198.7ms  total=381.3ms
[  27000] loss=12.7090  ema_loss=12.7739  gap=0.1443  ema_gap=0.1323  mixup=60/200  2.4 sps  ETA 1.5h
              R²_rand=0.5910  R²_naive=0.4201  U_t=0.1208  U_b=0.2334  AUC=0.9427  Top1=0.2157
  timing: data=95.2ms  fwd=171.3ms  bwd=190.0ms  total=457.0ms
[  27200] loss=12.7636  ema_loss=12.7604  gap=0.0793  ema_gap=0.1358  mixup=62/200  2.4 sps  ETA 1.5h
              R²_rand=0.5791  R²_naive=0.3744  U_t=0.1241  U_b=0.2270  AUC=0.9270  Top1=0.1487
  timing: data=3.7ms  fwd=175.7ms  bwd=198.6ms  total=378.6ms
[  27400] loss=12.8065  ema_loss=12.7638  gap=0.1756  ema_gap=0.1361  mixup=59/200  2.4 sps  ETA 1.4h
              R²_rand=0.5569  R²_naive=0.4177  U_t=0.1384  U_b=0.2195  AUC=0.9240  Top1=0.1834
  timing: data=3.7ms  fwd=176.4ms  bwd=196.4ms  total=377.1ms
[  27600] loss=12.6739  ema_loss=12.7532  gap=0.0830  ema_gap=0.1375  mixup=59/200  2.4 sps  ETA 1.4h
              R²_rand=0.6164  R²_naive=0.3940  U_t=0.1152  U_b=0.2245  AUC=0.9425  Top1=0.1672
  timing: data=368.5ms  fwd=173.2ms  bwd=189.3ms  total=731.6ms
[  27800] loss=12.6724  ema_loss=12.7406  gap=0.0885  ema_gap=0.1370  mixup=51/200  2.4 sps  ETA 1.4h
              R²_rand=0.6079  R²_naive=0.3923  U_t=0.1197  U_b=0.2307  AUC=0.9413  Top1=0.2041
  timing: data=3.6ms  fwd=175.2ms  bwd=188.9ms  total=368.3ms
[  28000] loss=12.7658  ema_loss=12.7341  gap=0.1484  ema_gap=0.1323  mixup=60/200  2.4 sps  ETA 1.4h
              R²_rand=0.6053  R²_naive=0.4045  U_t=0.1345  U_b=0.1994  AUC=0.9388  Top1=0.1444
  timing: data=3.4ms  fwd=169.8ms  bwd=188.1ms  total=361.8ms
[  28200] loss=12.7879  ema_loss=12.7354  gap=0.1083  ema_gap=0.1198  mixup=50/200  2.4 sps  ETA 1.4h
              R²_rand=0.5539  R²_naive=0.3856  U_t=0.1354  U_b=0.2253  AUC=0.9342  Top1=0.1284
  timing: data=73.8ms  fwd=171.8ms  bwd=192.2ms  total=438.3ms
[  28400] loss=12.6158  ema_loss=12.7190  gap=0.0979  ema_gap=0.1322  mixup=58/200  2.4 sps  ETA 1.3h
              R²_rand=0.6416  R²_naive=0.3972  U_t=0.1142  U_b=0.2158  AUC=0.9393  Top1=0.1601
  timing: data=3.5ms  fwd=171.9ms  bwd=191.5ms  total=367.4ms
[  28600] loss=12.6755  ema_loss=12.7067  gap=0.2206  ema_gap=0.1302  mixup=53/200  2.4 sps  ETA 1.3h
              R²_rand=0.6345  R²_naive=0.4860  U_t=0.1119  U_b=0.2094  AUC=0.9529  Top1=0.2521
  timing: data=3.4ms  fwd=171.6ms  bwd=190.5ms  total=366.1ms
[  28800] loss=12.7110  ema_loss=12.7091  gap=0.1681  ema_gap=0.1356  mixup=49/200  2.4 sps  ETA 1.3h
              R²_rand=0.6073  R²_naive=0.4235  U_t=0.1187  U_b=0.2250  AUC=0.9487  Top1=0.2431
  timing: data=177.7ms  fwd=172.2ms  bwd=189.2ms  total=539.7ms
[  29000] loss=12.6616  ema_loss=12.7110  gap=0.1217  ema_gap=0.1436  mixup=59/200  2.4 sps  ETA 1.3h
              R²_rand=0.6101  R²_naive=0.4332  U_t=0.1144  U_b=0.2338  AUC=0.9505  Top1=0.2100
  timing: data=3.6ms  fwd=170.0ms  bwd=187.2ms  total=361.4ms
[  29200] loss=12.6887  ema_loss=12.7138  gap=0.1199  ema_gap=0.1450  mixup=57/200  2.4 sps  ETA 1.2h
              R²_rand=0.6184  R²_naive=0.4106  U_t=0.1130  U_b=0.2116  AUC=0.9378  Top1=0.1498
  timing: data=3.6ms  fwd=167.8ms  bwd=186.8ms  total=358.6ms
[  29400] loss=12.7908  ema_loss=12.7304  gap=0.0549  ema_gap=0.1319  mixup=63/200  2.4 sps  ETA 1.2h
              R²_rand=0.5538  R²_naive=0.3672  U_t=0.1354  U_b=0.2139  AUC=0.9248  Top1=0.1075
  timing: data=106.7ms  fwd=167.8ms  bwd=186.4ms  total=461.4ms
[  29600] loss=12.7513  ema_loss=12.7469  gap=0.1482  ema_gap=0.1300  mixup=61/200  2.4 sps  ETA 1.2h
              R²_rand=0.5817  R²_naive=0.4206  U_t=0.1279  U_b=0.2073  AUC=0.9316  Top1=0.1389
  timing: data=3.5ms  fwd=168.2ms  bwd=186.5ms  total=358.7ms
[  29800] loss=12.7662  ema_loss=12.7215  gap=0.1098  ema_gap=0.1236  mixup=60/200  2.4 sps  ETA 1.2h
              R²_rand=0.6265  R²_naive=0.4023  U_t=0.1198  U_b=0.2198  AUC=0.9446  Top1=0.1786
  timing: data=3.5ms  fwd=169.1ms  bwd=187.4ms  total=360.6ms
[  30000] loss=12.7391  ema_loss=12.7393  gap=0.0865  ema_gap=0.1253  mixup=65/200  2.4 sps  ETA 1.2h
              R²_rand=0.6079  R²_naive=0.4013  U_t=0.1263  U_b=0.2143  AUC=0.9377  Top1=0.1639
  timing: data=96.9ms  fwd=168.4ms  bwd=187.0ms  total=452.8ms
[  30200] loss=12.6796  ema_loss=12.7431  gap=0.0988  ema_gap=0.1391  mixup=53/200  2.4 sps  ETA 1.1h
              R²_rand=0.6000  R²_naive=0.3815  U_t=0.1227  U_b=0.2209  AUC=0.9429  Top1=0.1403
  timing: data=3.5ms  fwd=167.4ms  bwd=187.1ms  total=358.5ms
[  30400] loss=12.8171  ema_loss=12.7279  gap=0.1120  ema_gap=0.1464  mixup=57/200  2.4 sps  ETA 1.1h
              R²_rand=0.5859  R²_naive=0.3907  U_t=0.1257  U_b=0.2079  AUC=0.9268  Top1=0.1362
  timing: data=3.6ms  fwd=168.2ms  bwd=188.5ms  total=360.8ms
[  30600] loss=12.6925  ema_loss=12.7158  gap=0.1634  ema_gap=0.1419  mixup=61/200  2.4 sps  ETA 1.1h
              R²_rand=0.5857  R²_naive=0.4324  U_t=0.1199  U_b=0.2203  AUC=0.9304  Top1=0.2206
  timing: data=3.5ms  fwd=167.2ms  bwd=187.1ms  total=358.2ms
[  30800] loss=12.7254  ema_loss=12.7411  gap=0.1156  ema_gap=0.1459  mixup=56/200  2.4 sps  ETA 1.1h
              R²_rand=0.5700  R²_naive=0.3907  U_t=0.1237  U_b=0.2285  AUC=0.9291  Top1=0.1463
  timing: data=82.2ms  fwd=168.2ms  bwd=187.1ms  total=438.1ms
[  31000] loss=12.6498  ema_loss=12.7529  gap=0.1320  ema_gap=0.1505  mixup=72/200  2.4 sps  ETA 1.0h
              R²_rand=0.6464  R²_naive=0.4260  U_t=0.1094  U_b=0.1844  AUC=0.9441  Top1=0.1645
  timing: data=3.6ms  fwd=168.3ms  bwd=186.4ms  total=358.8ms
[  31200] loss=12.6873  ema_loss=12.7655  gap=0.0855  ema_gap=0.1355  mixup=67/200  2.4 sps  ETA 1.0h
              R²_rand=0.6043  R²_naive=0.3523  U_t=0.1165  U_b=0.2070  AUC=0.9285  Top1=0.1189
  timing: data=3.5ms  fwd=167.0ms  bwd=186.2ms  total=357.1ms
[  31400] loss=12.6188  ema_loss=12.7740  gap=0.1954  ema_gap=0.1319  mixup=61/200  2.4 sps  ETA 1.0h
              R²_rand=0.6694  R²_naive=0.4986  U_t=0.1008  U_b=0.1959  AUC=0.9599  Top1=0.2554
  timing: data=79.2ms  fwd=168.6ms  bwd=185.9ms  total=434.2ms
[  31600] loss=12.7792  ema_loss=12.7801  gap=0.1487  ema_gap=0.1198  mixup=57/200  2.4 sps  ETA 1.0h
              R²_rand=0.6152  R²_naive=0.4134  U_t=0.1217  U_b=0.1940  AUC=0.9394  Top1=0.2114
  timing: data=3.6ms  fwd=169.1ms  bwd=186.7ms  total=360.0ms
[  31800] loss=12.7358  ema_loss=12.7562  gap=0.1731  ema_gap=0.1283  mixup=55/200  2.4 sps  ETA 0.9h
              R²_rand=0.5646  R²_naive=0.4065  U_t=0.1237  U_b=0.2051  AUC=0.9219  Top1=0.1265
  timing: data=3.4ms  fwd=169.3ms  bwd=191.3ms  total=364.5ms
[  32000] loss=12.7055  ema_loss=12.7094  gap=0.1010  ema_gap=0.1110  mixup=61/200  2.4 sps  ETA 0.9h
              R²_rand=0.6084  R²_naive=0.3978  U_t=0.1134  U_b=0.2219  AUC=0.9447  Top1=0.2076
  timing: data=195.3ms  fwd=172.8ms  bwd=191.6ms  total=560.3ms
[  32200] loss=12.7396  ema_loss=12.7026  gap=0.1368  ema_gap=0.1114  mixup=58/200  2.4 sps  ETA 0.9h
              R²_rand=0.5666  R²_naive=0.4239  U_t=0.1233  U_b=0.2148  AUC=0.9334  Top1=0.2578
  timing: data=3.7ms  fwd=176.4ms  bwd=196.0ms  total=376.7ms
[  32400] loss=12.7712  ema_loss=12.7385  gap=0.1548  ema_gap=0.1230  mixup=56/200  2.4 sps  ETA 0.9h
              R²_rand=0.6057  R²_naive=0.4304  U_t=0.1292  U_b=0.1952  AUC=0.9325  Top1=0.2022
  timing: data=3.6ms  fwd=172.7ms  bwd=194.1ms  total=371.0ms
[  32600] loss=12.6311  ema_loss=12.6537  gap=0.0931  ema_gap=0.1074  mixup=56/200  2.4 sps  ETA 0.9h
              R²_rand=0.5890  R²_naive=0.4000  U_t=0.1153  U_b=0.1816  AUC=0.9308  Top1=0.1444
  timing: data=101.1ms  fwd=171.4ms  bwd=188.7ms  total=461.8ms
[  32800] loss=12.6531  ema_loss=12.6300  gap=0.0761  ema_gap=0.0944  mixup=62/200  2.4 sps  ETA 0.8h
              R²_rand=0.5937  R²_naive=0.4035  U_t=0.1194  U_b=0.2071  AUC=0.9408  Top1=0.1919
  timing: data=3.7ms  fwd=174.9ms  bwd=193.9ms  total=373.1ms
[  33000] loss=12.8317  ema_loss=12.7202  gap=0.1698  ema_gap=0.1234  mixup=66/200  2.4 sps  ETA 0.8h
              R²_rand=0.6039  R²_naive=0.4178  U_t=0.1245  U_b=0.1916  AUC=0.9363  Top1=0.1674
  timing: data=3.6ms  fwd=173.7ms  bwd=193.7ms  total=371.6ms
[  33200] loss=12.8206  ema_loss=12.7563  gap=0.1316  ema_gap=0.1337  mixup=61/200  2.4 sps  ETA 0.8h
              R²_rand=0.5563  R²_naive=0.4069  U_t=0.1266  U_b=0.2100  AUC=0.9223  Top1=0.2141
  timing: data=90.1ms  fwd=171.3ms  bwd=191.7ms  total=453.6ms
[  33400] loss=12.8791  ema_loss=12.7812  gap=0.0911  ema_gap=0.1346  mixup=62/200  2.4 sps  ETA 0.8h
              R²_rand=0.4922  R²_naive=0.3554  U_t=0.1449  U_b=0.2048  AUC=0.9027  Top1=0.1322
  timing: data=3.6ms  fwd=174.5ms  bwd=194.2ms  total=372.9ms
[  33600] loss=12.7685  ema_loss=12.7606  gap=0.1277  ema_gap=0.1368  mixup=53/200  2.4 sps  ETA 0.7h
              R²_rand=0.5530  R²_naive=0.3858  U_t=0.1263  U_b=0.2012  AUC=0.9174  Top1=0.1495
  timing: data=3.5ms  fwd=169.5ms  bwd=188.0ms  total=361.6ms
[  33800] loss=12.7461  ema_loss=12.7683  gap=0.1295  ema_gap=0.1258  mixup=46/200  2.4 sps  ETA 0.7h
              R²_rand=0.5994  R²_naive=0.4058  U_t=0.1227  U_b=0.2068  AUC=0.9348  Top1=0.1750
  timing: data=108.8ms  fwd=167.5ms  bwd=186.9ms  total=463.8ms
[  34000] loss=12.8333  ema_loss=12.8236  gap=0.0642  ema_gap=0.1187  mixup=62/200  2.4 sps  ETA 0.7h
              R²_rand=0.5276  R²_naive=0.3490  U_t=0.1387  U_b=0.2097  AUC=0.9184  Top1=0.1739
  timing: data=3.5ms  fwd=168.2ms  bwd=187.1ms  total=359.3ms
[  34200] loss=12.8632  ema_loss=12.8848  gap=0.0321  ema_gap=0.0803  mixup=65/200  2.4 sps  ETA 0.7h
              R²_rand=0.5126  R²_naive=0.2611  U_t=0.1078  U_b=0.1816  AUC=0.9051  Top1=0.1807
  timing: data=3.7ms  fwd=171.9ms  bwd=192.4ms  total=368.6ms
[  34400] loss=12.7522  ema_loss=12.8320  gap=0.0762  ema_gap=0.0515  mixup=63/200  2.4 sps  ETA 0.6h
              R²_rand=0.5869  R²_naive=0.3505  U_t=0.1147  U_b=0.2034  AUC=0.9284  Top1=0.1853
  timing: data=407.3ms  fwd=172.6ms  bwd=192.7ms  total=773.2ms
[  34600] loss=12.8076  ema_loss=12.8022  gap=0.0414  ema_gap=0.0799  mixup=67/200  2.4 sps  ETA 0.6h
              R²_rand=0.5387  R²_naive=0.3403  U_t=0.1340  U_b=0.2134  AUC=0.9205  Top1=0.1840
  timing: data=3.6ms  fwd=168.2ms  bwd=187.3ms  total=359.6ms
[  34800] loss=12.7361  ema_loss=12.7905  gap=0.0703  ema_gap=0.0808  mixup=65/200  2.4 sps  ETA 0.6h
              R²_rand=0.5598  R²_naive=0.3630  U_t=0.1260  U_b=0.1948  AUC=0.9316  Top1=0.1837
  timing: data=3.6ms  fwd=167.9ms  bwd=186.9ms  total=359.0ms
[  35000] loss=12.8117  ema_loss=12.7465  gap=-0.0157  ema_gap=0.0946  mixup=61/200  2.4 sps  ETA 0.6h
              R²_rand=0.5196  R²_naive=0.3150  U_t=0.1385  U_b=0.1996  AUC=0.9116  Top1=0.1237
  timing: data=65.7ms  fwd=167.7ms  bwd=186.8ms  total=420.7ms
[  35200] loss=12.7048  ema_loss=12.7549  gap=0.0470  ema_gap=0.0792  mixup=60/200  2.4 sps  ETA 0.6h
              R²_rand=0.5977  R²_naive=0.3515  U_t=0.1190  U_b=0.1974  AUC=0.9291  Top1=0.2147
  timing: data=3.6ms  fwd=168.0ms  bwd=187.5ms  total=359.7ms
[  35400] loss=12.8190  ema_loss=12.7819  gap=0.2082  ema_gap=0.1075  mixup=62/200  2.4 sps  ETA 0.5h
              R²_rand=0.6094  R²_naive=0.4326  U_t=0.1331  U_b=0.1807  AUC=0.9329  Top1=0.1883
  timing: data=3.6ms  fwd=168.5ms  bwd=187.1ms  total=359.8ms
[  35600] loss=12.7941  ema_loss=12.7359  gap=0.1012  ema_gap=0.0971  mixup=66/200  2.4 sps  ETA 0.5h
              R²_rand=0.5289  R²_naive=0.3771  U_t=0.1386  U_b=0.1830  AUC=0.9231  Top1=0.1243
  timing: data=3.6ms  fwd=168.3ms  bwd=186.4ms  total=358.8ms
'The read operation timed out' thrown while requesting GET https://huggingface.co/datasets/jeremycochoy/gift-pretrain-full-4096/resolve/main/small_v1/shard_00057.parquet
Retrying in 1s [Retry 1/5].
'The read operation timed out' thrown while requesting GET https://huggingface.co/datasets/jeremycochoy/gift-pretrain-full-4096/resolve/main/small_v1/shard_00057.parquet
Retrying in 2s [Retry 2/5].
'The read operation timed out' thrown while requesting GET https://huggingface.co/datasets/jeremycochoy/gift-pretrain-full-4096/resolve/main/small_v1/shard_00057.parquet
Retrying in 4s [Retry 3/5].
[  35800] loss=12.7897  ema_loss=12.7326  gap=0.1375  ema_gap=0.0939  mixup=65/200  2.4 sps  ETA 0.5h
              R²_rand=0.5835  R²_naive=0.4033  U_t=0.1309  U_b=0.1900  AUC=0.9266  Top1=0.1805
  timing: data=286.4ms  fwd=168.7ms  bwd=187.5ms  total=643.1ms
[  36000] loss=12.7330  ema_loss=12.7839  gap=0.1218  ema_gap=0.0789  mixup=62/200  2.4 sps  ETA 0.5h
              R²_rand=0.5675  R²_naive=0.4028  U_t=0.1270  U_b=0.2017  AUC=0.9320  Top1=0.1756
  timing: data=3.5ms  fwd=168.0ms  bwd=186.7ms  total=358.8ms
[  36200] loss=12.8201  ema_loss=12.7804  gap=0.0959  ema_gap=0.0822  mixup=56/200  2.4 sps  ETA 0.4h
              R²_rand=0.5750  R²_naive=0.3676  U_t=0.1348  U_b=0.1964  AUC=0.9188  Top1=0.1115
  timing: data=3.6ms  fwd=174.4ms  bwd=195.2ms  total=373.8ms
[  36400] loss=12.7254  ema_loss=12.7706  gap=0.0482  ema_gap=0.0871  mixup=63/200  2.4 sps  ETA 0.4h
              R²_rand=0.5845  R²_naive=0.3458  U_t=0.1301  U_b=0.2069  AUC=0.9273  Top1=0.1517
  timing: data=73.4ms  fwd=174.1ms  bwd=193.0ms  total=441.0ms
[  36600] loss=12.7089  ema_loss=12.7298  gap=0.0980  ema_gap=0.0941  mixup=58/200  2.4 sps  ETA 0.4h
              R²_rand=0.5428  R²_naive=0.3774  U_t=0.1315  U_b=0.2046  AUC=0.9174  Top1=0.1954
  timing: data=3.5ms  fwd=170.1ms  bwd=193.1ms  total=367.3ms
[  36800] loss=12.6935  ema_loss=12.7185  gap=0.0584  ema_gap=0.0951  mixup=52/200  2.4 sps  ETA 0.4h
              R²_rand=0.6089  R²_naive=0.3566  U_t=0.1273  U_b=0.2048  AUC=0.9374  Top1=0.1840
  timing: data=3.9ms  fwd=174.1ms  bwd=193.7ms  total=372.2ms
[  37000] loss=12.6560  ema_loss=12.7300  gap=0.0620  ema_gap=0.0776  mixup=58/200  2.4 sps  ETA 0.3h
              R²_rand=0.5735  R²_naive=0.3926  U_t=0.1231  U_b=0.2039  AUC=0.9349  Top1=0.1685
  timing: data=91.6ms  fwd=175.3ms  bwd=195.5ms  total=463.0ms
[  37200] loss=12.6476  ema_loss=12.7168  gap=0.1492  ema_gap=0.0724  mixup=48/200  2.4 sps  ETA 0.3h
              R²_rand=0.6659  R²_naive=0.4486  U_t=0.1109  U_b=0.1695  AUC=0.9446  Top1=0.2106
  timing: data=3.6ms  fwd=168.5ms  bwd=188.2ms  total=360.8ms
[  37400] loss=12.8164  ema_loss=12.7705  gap=0.0789  ema_gap=0.0763  mixup=58/200  2.4 sps  ETA 0.3h
              R²_rand=0.5868  R²_naive=0.3672  U_t=0.1323  U_b=0.1906  AUC=0.9348  Top1=0.1764
  timing: data=3.9ms  fwd=171.6ms  bwd=191.4ms  total=367.4ms
[  37600] loss=12.7278  ema_loss=12.7213  gap=0.0840  ema_gap=0.0828  mixup=65/200  2.4 sps  ETA 0.3h
              R²_rand=0.5626  R²_naive=0.3700  U_t=0.1341  U_b=0.2015  AUC=0.9172  Top1=0.1563
  timing: data=89.7ms  fwd=171.9ms  bwd=190.2ms  total=452.3ms
[  37800] loss=12.6521  ema_loss=12.7291  gap=0.0298  ema_gap=0.0817  mixup=71/200  2.4 sps  ETA 0.3h
              R²_rand=0.6080  R²_naive=0.3282  U_t=0.1221  U_b=0.2097  AUC=0.9359  Top1=0.1474
  timing: data=3.5ms  fwd=168.1ms  bwd=187.3ms  total=359.3ms
[  38000] loss=12.6565  ema_loss=12.7047  gap=0.0367  ema_gap=0.0822  mixup=61/200  2.4 sps  ETA 0.2h
              R²_rand=0.6079  R²_naive=0.3608  U_t=0.1184  U_b=0.1953  AUC=0.9306  Top1=0.1984
  timing: data=3.6ms  fwd=168.8ms  bwd=187.8ms  total=360.8ms
[  38200] loss=12.7314  ema_loss=12.7076  gap=0.0237  ema_gap=0.0749  mixup=70/200  2.4 sps  ETA 0.2h
              R²_rand=0.5751  R²_naive=0.3197  U_t=0.1352  U_b=0.1992  AUC=0.9291  Top1=0.1582
  timing: data=159.8ms  fwd=169.4ms  bwd=186.6ms  total=516.4ms
[  38400] loss=12.7173  ema_loss=12.6918  gap=0.0974  ema_gap=0.0785  mixup=49/200  2.4 sps  ETA 0.2h
              R²_rand=0.5743  R²_naive=0.3837  U_t=0.1369  U_b=0.2002  AUC=0.9339  Top1=0.1593
  timing: data=3.6ms  fwd=169.6ms  bwd=188.0ms  total=361.8ms
[  38600] loss=12.7291  ema_loss=12.7108  gap=0.1033  ema_gap=0.0571  mixup=53/200  2.4 sps  ETA 0.2h
              R²_rand=0.5906  R²_naive=0.3802  U_t=0.1272  U_b=0.2000  AUC=0.9292  Top1=0.2171
  timing: data=3.5ms  fwd=169.8ms  bwd=189.6ms  total=363.5ms
[  38800] loss=12.6537  ema_loss=12.7098  gap=0.0618  ema_gap=0.0604  mixup=53/200  2.4 sps  ETA 0.1h
              R²_rand=0.6068  R²_naive=0.3689  U_t=0.1272  U_b=0.2081  AUC=0.9382  Top1=0.1810
  timing: data=96.5ms  fwd=169.8ms  bwd=189.1ms  total=455.9ms
[  39000] loss=12.7668  ema_loss=12.7122  gap=0.1020  ema_gap=0.0691  mixup=56/200  2.4 sps  ETA 0.1h
              R²_rand=0.5682  R²_naive=0.3991  U_t=0.1297  U_b=0.2015  AUC=0.9314  Top1=0.2125
  timing: data=3.7ms  fwd=172.0ms  bwd=190.3ms  total=366.6ms
[  39200] loss=12.8973  ema_loss=12.7493  gap=0.0779  ema_gap=0.0849  mixup=65/200  2.4 sps  ETA 0.1h
              R²_rand=0.4941  R²_naive=0.3489  U_t=0.1534  U_b=0.1849  AUC=0.8892  Top1=0.0925
  timing: data=3.6ms  fwd=170.0ms  bwd=190.4ms  total=364.5ms
[  39400] loss=12.7952  ema_loss=12.7850  gap=0.0490  ema_gap=0.0948  mixup=51/200  2.4 sps  ETA 0.1h
              R²_rand=0.5331  R²_naive=0.3473  U_t=0.1410  U_b=0.2038  AUC=0.9068  Top1=0.1411
  timing: data=153.4ms  fwd=170.2ms  bwd=190.1ms  total=514.2ms
[  39600] loss=12.8311  ema_loss=12.8162  gap=0.0354  ema_gap=0.0905  mixup=63/200  2.4 sps  ETA 0.0h
              R²_rand=0.5367  R²_naive=0.3427  U_t=0.1320  U_b=0.1912  AUC=0.9210  Top1=0.1910
  timing: data=3.7ms  fwd=171.0ms  bwd=190.1ms  total=365.4ms
[  39800] loss=12.8905  ema_loss=12.8200  gap=0.0247  ema_gap=0.0532  mixup=57/200  2.4 sps  ETA 0.0h
              R²_rand=0.4851  R²_naive=0.3169  U_t=0.1519  U_b=0.1985  AUC=0.9014  Top1=0.0963
  timing: data=3.6ms  fwd=170.6ms  bwd=190.6ms  total=365.4ms
[  40000] loss=12.6566  ema_loss=12.8048  gap=0.0137  ema_gap=0.0475  mixup=66/200  2.4 sps  ETA 0.0h
              R²_rand=0.5785  R²_naive=0.3235  U_t=0.1130  U_b=0.1890  AUC=0.9265  Top1=0.1905
  timing: data=94.6ms  fwd=169.2ms  bwd=189.3ms  total=453.6ms
  -> Saved /root/cf404_runs/a08/arm6_v2_combab_alignT/leg_40k/cf393_arm6_v2_combab_alignT_cf373k32_mean_a08_40k.pth
  -> Saved /root/cf404_runs/a08/arm6_v2_combab_alignT/leg_40k/cf393_arm6_v2_combab_alignT_cf373k32_mean_a08_final.pth

Done in 4.6h. Best gap=0.1525 at step 26600, Best loss=12.2986 at step 600
