[08-06 11:11:19] [bb40k] pool of 2 over 24 job(s); tiers=t1; claims in /tmp/cf393_bb40k_claims
[08-06 11:11:19] [bb40k] eval slots=6 x 4 shards; gpu cycle=1 0 1
[08-06 11:11:19] [bb40k] START arm6_v2_combab_alignS_bb40k_student_s20260723 gpu=1 heads=15000
[08-06 11:11:19] [bb40k] START arm6_v2_combab_alignS_bb40k_teacher_s20260723 gpu=0 heads=15000
[08-06 11:13:17] [bb40k] pool of 4 over 24 job(s); tiers=t1; claims in /tmp/cf393_bb40k_claims
[08-06 11:13:17] [bb40k] eval slots=6 x 4 shards; gpu cycle=1 0 1
[08-06 11:13:17] [bb40k] claimed already: arm6_v2_combab_alignS_bb40k_student_s20260723
[08-06 11:13:17] [bb40k] claimed already: arm6_v2_combab_alignS_bb40k_teacher_s20260723
[08-06 11:13:17] [bb40k] START arm6_v2_combab_alignS_bb40k_student_s20260724 gpu=1 heads=15000
[08-06 11:13:17] [bb40k] START arm6_v2_combab_alignT_bb40k_student_s20260723 gpu=0 heads=15000
[08-06 11:15:47] [bb40k] START arm6_v2_combab_alignS_bb40k_teacher_s20260724 gpu=1 heads=15000
[08-06 11:18:17] [bb40k] START arm6_v2_combab_alignT_bb40k_teacher_s20260723 gpu=1 heads=15000
[08-06 11:25:28] [bb40k] pool of 3 over 24 job(s); tiers=t1; claims in /tmp/cf393_bb40k_claims
[08-06 11:25:28] [bb40k] eval slots=6 x 4 shards; gpu cycle=1 0 1
[08-06 11:25:28] [bb40k] claimed already: arm6_v2_combab_alignS_bb40k_teacher_s20260723
[08-06 11:25:28] [bb40k] claimed already: arm6_v2_combab_alignS_bb40k_student_s20260724
[08-06 11:25:28] [bb40k] claimed already: arm6_v2_combab_alignS_bb40k_student_s20260723
[08-06 11:25:28] [bb40k] claimed already: arm6_v2_combab_alignS_bb40k_teacher_s20260724
[08-06 11:25:28] [bb40k] claimed already: arm6_v2_combab_alignT_bb40k_student_s20260723
[08-06 11:25:28] [bb40k] claimed already: arm6_v2_combab_alignT_bb40k_teacher_s20260723
[08-06 11:25:28] [bb40k] vram-gate waiting on gpu 1: 2337 MiB free, need 7000
[08-06 11:25:28] [bb40k] vram-gate waiting on gpu 0: 5734 MiB free, need 7000
[08-06 11:35:28] [bb40k] vram-gate waiting on gpu 1: 2337 MiB free, need 7000
[08-06 11:35:28] [bb40k] vram-gate waiting on gpu 0: 5734 MiB free, need 7000
[08-06 11:45:28] [bb40k] vram-gate waiting on gpu 0: 5734 MiB free, need 7000
[08-06 11:45:28] [bb40k] vram-gate waiting on gpu 1: 2337 MiB free, need 7000
[08-06 11:46:28] [bb40k] START arm6_v2_combab_alignT_bb40k_teacher_s20260724 gpu=0 heads=15000
[08-06 11:51:29] [bb40k] START arm6_v2_combab_alignT_bb40k_student_s20260724 gpu=1 heads=15000
[08-06 11:53:59] [bb40k] START arm5_combab_alignS_bb40k_student_s20260723 gpu=1 heads=15000
[08-06 13:32:48] [bb40k] DONE  arm6_v2_combab_alignS_bb40k_teacher_s20260723 in 141m — 1.1499
[08-06 13:32:48] [bb40k] claimed already: arm6_v2_combab_alignS_bb40k_student_s20260724
[08-06 13:32:48] [bb40k] claimed already: arm6_v2_combab_alignS_bb40k_teacher_s20260724
[08-06 13:32:48] [bb40k] claimed already: arm6_v2_combab_alignT_bb40k_student_s20260723
[08-06 13:32:48] [bb40k] claimed already: arm6_v2_combab_alignT_bb40k_teacher_s20260723
[08-06 13:32:48] [bb40k] claimed already: arm6_v2_combab_alignT_bb40k_student_s20260724
[08-06 13:32:48] [bb40k] claimed already: arm6_v2_combab_alignT_bb40k_teacher_s20260724
[08-06 13:32:48] [bb40k] claimed already: arm5_combab_alignS_bb40k_student_s20260723
[08-06 13:32:48] [bb40k] START arm5_combab_alignS_bb40k_teacher_s20260723 gpu=1 heads=15000
[08-06 13:35:04] [bb40k] DONE  arm6_v2_combab_alignT_bb40k_student_s20260723 in 141m — 1.1914
[08-06 13:35:04] [bb40k] claimed already: arm6_v2_combab_alignT_bb40k_student_s20260724
[08-06 13:35:04] [bb40k] claimed already: arm6_v2_combab_alignT_bb40k_teacher_s20260724
[08-06 13:35:04] [bb40k] claimed already: arm5_combab_alignS_bb40k_student_s20260723
[08-06 13:35:04] [bb40k] claimed already: arm5_combab_alignS_bb40k_teacher_s20260723
[08-06 13:35:04] [bb40k] START arm5_combab_alignS_bb40k_student_s20260724 gpu=0 heads=15000
[08-06 13:38:37] [bb40k] DONE  arm6_v2_combab_alignS_bb40k_student_s20260723 in 147m — 1.1583
[08-06 13:38:37] [bb40k] claimed already: arm5_combab_alignS_bb40k_student_s20260724
[08-06 13:38:37] [bb40k] START arm5_combab_alignS_bb40k_teacher_s20260724 gpu=1 heads=15000
[08-06 13:40:37] [bb40k] DONE  arm6_v2_combab_alignS_bb40k_student_s20260724 in 147m — 1.1632
[08-06 13:40:37] [bb40k] claimed already: arm5_combab_alignS_bb40k_teacher_s20260724
[08-06 13:41:07] [bb40k] DONE  arm6_v2_combab_alignS_bb40k_teacher_s20260724 in 145m — 1.1617
[08-06 13:41:07] [bb40k] START arm5_combab_alignT_bb40k_teacher_s20260723 gpu=0 heads=15000
[08-06 13:41:07] [bb40k] START arm5_combab_alignT_bb40k_student_s20260723 gpu=1 heads=15000
[08-06 13:43:33] [bb40k] DONE  arm6_v2_combab_alignT_bb40k_teacher_s20260723 in 145m — 1.1936
[08-06 13:43:37] [bb40k] START arm5_combab_alignT_bb40k_student_s20260724 gpu=1 heads=15000
