  [checkpoint] Branching to 'bb_small_arm6_v2_nse_lalign_lrepmoco_enc3l3_b64_200k_sigreg_ema_qk_aon_cpc_tau090_cf373k3_r3'.
  [checkpoint] Restored optimizer from /root/cf373_runs/bb_small_arm6_v2_nse_lalign_lrepmoco_enc3l3_b64_200k_sigreg_ema_qk_aon_cpc_tau090_cf373k3/bb_small_arm6_v2_nse_lalign_lrepmoco_enc3l3_b64_200k_sigreg_ema_qk_aon_cpc_tau090_cf373k3_r2_100k_optimizer.pth (step=100000, best_ff=0.5545)
Resumed from /root/cf373_runs/bb_small_arm6_v2_nse_lalign_lrepmoco_enc3l3_b64_200k_sigreg_ema_qk_aon_cpc_tau090_cf373k3/bb_small_arm6_v2_nse_lalign_lrepmoco_enc3l3_b64_200k_sigreg_ema_qk_aon_cpc_tau090_cf373k3_r2_100k.pth at step 100000
Device: cuda | Params: 724,764
Training for 200000 steps, bs=64, lr=0.001, T=4096, C=1, mix_ratio=0.0078125, freq_emb_dim=3, seasonality_emb_dim=3, mixup_p=0.3, rev_norm_kind=ewma(span=128), patch_stats=none, encoder_type=gru
Checkpoints: /root/cf373_runs/bb_small_arm6_v2_nse_lalign_lrepmoco_enc3l3_b64_200k_sigreg_ema_qk_aon_cpc_tau090_cf373k3/bb_small_arm6_v2_nse_lalign_lrepmoco_enc3l3_b64_200k_sigreg_ema_qk_aon_cpc_tau090_cf373k3_r3_*.pth
Loss CSV: /root/cf373_runs/bb_small_arm6_v2_nse_lalign_lrepmoco_enc3l3_b64_200k_sigreg_ema_qk_aon_cpc_tau090_cf373k3/bb_small_arm6_v2_nse_lalign_lrepmoco_enc3l3_b64_200k_sigreg_ema_qk_aon_cpc_tau090_cf373k3_r3_losses.csv
Latent-drift CSV: /root/cf373_runs/bb_small_arm6_v2_nse_lalign_lrepmoco_enc3l3_b64_200k_sigreg_ema_qk_aon_cpc_tau090_cf373k3/bb_small_arm6_v2_nse_lalign_lrepmoco_enc3l3_b64_200k_sigreg_ema_qk_aon_cpc_tau090_cf373k3_r3_latent_drift.csv (every 20000 steps, probe_bs=64, probe_seed=20260722)
Attn-amplitude CSV: /root/cf373_runs/bb_small_arm6_v2_nse_lalign_lrepmoco_enc3l3_b64_200k_sigreg_ema_qk_aon_cpc_tau090_cf373k3/bb_small_arm6_v2_nse_lalign_lrepmoco_enc3l3_b64_200k_sigreg_ema_qk_aon_cpc_tau090_cf373k3_r3_attn_amplitude.csv (every 200 steps)
Data: MIX 99% HF + 1% synth (forked-arma) + 0% crossfade + 1 triplet(s)=3 rows, hf_bs=64, synth_bs=0, cross_bs=0, total_bs=67
  [dataloader] 4274 shards, 42740000 total rows, target skip 6400000
  [dataloader] Fast-skip: starting at shard 640/4274, then skipping 0 rows within it
[ 100200] loss=7.0545  ema_loss=6.6238  gap=0.5421  ema_gap=0.5310  mixup=59/200  2.5 sps  ETA 10.9h  cpc=0.6229
              R²_rand=0.8710  R²_naive=0.8323  U_t=0.2024  U_b=0.4164  AUC=1.0000  Top1=1.0000
  timing: data=75.5ms  fwd=165.5ms  bwd=140.9ms  total=382.7ms
[ 100400] loss=6.6122  ema_loss=6.7044  gap=0.5528  ema_gap=0.5289  mixup=63/200  2.8 sps  ETA 9.9h  cpc=0.2060
              R²_rand=0.8736  R²_naive=0.8317  U_t=0.2169  U_b=0.4681  AUC=1.0000  Top1=1.0000
  timing: data=5.8ms  fwd=162.8ms  bwd=140.1ms  total=309.5ms
  [checkpoint] Branching to 'bb_small_arm6_v2_nse_lalign_lrepmoco_enc3l3_b64_200k_sigreg_ema_qk_aon_cpc_tau090_cf373k3_r3'.
  [checkpoint] Restored optimizer from /root/cf373_runs/bb_small_arm6_v2_nse_lalign_lrepmoco_enc3l3_b64_200k_sigreg_ema_qk_aon_cpc_tau090_cf373k3/bb_small_arm6_v2_nse_lalign_lrepmoco_enc3l3_b64_200k_sigreg_ema_qk_aon_cpc_tau090_cf373k3_r2_100k_optimizer.pth (step=100000, best_ff=0.5545)
Resumed from /root/cf373_runs/bb_small_arm6_v2_nse_lalign_lrepmoco_enc3l3_b64_200k_sigreg_ema_qk_aon_cpc_tau090_cf373k3/bb_small_arm6_v2_nse_lalign_lrepmoco_enc3l3_b64_200k_sigreg_ema_qk_aon_cpc_tau090_cf373k3_r2_100k.pth at step 100000
Device: cuda | Params: 724,764
Training for 200000 steps, bs=64, lr=0.001, T=4096, C=1, mix_ratio=0.0078125, freq_emb_dim=3, seasonality_emb_dim=3, mixup_p=0.3, rev_norm_kind=ewma(span=128), patch_stats=none, encoder_type=gru
Checkpoints: /root/cf373_runs/bb_small_arm6_v2_nse_lalign_lrepmoco_enc3l3_b64_200k_sigreg_ema_qk_aon_cpc_tau090_cf373k3/bb_small_arm6_v2_nse_lalign_lrepmoco_enc3l3_b64_200k_sigreg_ema_qk_aon_cpc_tau090_cf373k3_r3_*.pth
Loss CSV: /root/cf373_runs/bb_small_arm6_v2_nse_lalign_lrepmoco_enc3l3_b64_200k_sigreg_ema_qk_aon_cpc_tau090_cf373k3/bb_small_arm6_v2_nse_lalign_lrepmoco_enc3l3_b64_200k_sigreg_ema_qk_aon_cpc_tau090_cf373k3_r3_losses.csv
Latent-drift CSV: /root/cf373_runs/bb_small_arm6_v2_nse_lalign_lrepmoco_enc3l3_b64_200k_sigreg_ema_qk_aon_cpc_tau090_cf373k3/bb_small_arm6_v2_nse_lalign_lrepmoco_enc3l3_b64_200k_sigreg_ema_qk_aon_cpc_tau090_cf373k3_r3_latent_drift.csv (every 20000 steps, probe_bs=64, probe_seed=20260722)
Attn-amplitude CSV: /root/cf373_runs/bb_small_arm6_v2_nse_lalign_lrepmoco_enc3l3_b64_200k_sigreg_ema_qk_aon_cpc_tau090_cf373k3/bb_small_arm6_v2_nse_lalign_lrepmoco_enc3l3_b64_200k_sigreg_ema_qk_aon_cpc_tau090_cf373k3_r3_attn_amplitude.csv (every 200 steps)
Data: MIX 99% HF + 1% synth (forked-arma) + 0% crossfade + 1 triplet(s)=3 rows, hf_bs=64, synth_bs=0, cross_bs=0, total_bs=67
  [dataloader] 4274 shards, 42740000 total rows, target skip 6400000
  [dataloader] Fast-skip: starting at shard 640/4274, then skipping 0 rows within it
[ 100200] loss=7.0545  ema_loss=6.6238  gap=0.5421  ema_gap=0.5310  mixup=59/200  2.5 sps  ETA 11.0h  cpc=0.6229
              R²_rand=0.8710  R²_naive=0.8323  U_t=0.2024  U_b=0.4164  AUC=1.0000  Top1=1.0000
  timing: data=63.1ms  fwd=171.8ms  bwd=150.9ms  total=386.6ms
[ 100400] loss=6.6122  ema_loss=6.7044  gap=0.5528  ema_gap=0.5289  mixup=63/200  2.8 sps  ETA 10.0h  cpc=0.2060
              R²_rand=0.8736  R²_naive=0.8317  U_t=0.2169  U_b=0.4681  AUC=1.0000  Top1=1.0000
  timing: data=5.3ms  fwd=169.3ms  bwd=146.1ms  total=321.6ms
[ 100600] loss=6.7213  ema_loss=6.7168  gap=0.5425  ema_gap=0.5366  mixup=54/200  2.9 sps  ETA 9.7h  cpc=0.3235
              R²_rand=0.8732  R²_naive=0.8297  U_t=0.2119  U_b=0.4439  AUC=1.0000  Top1=1.0000
  timing: data=4.8ms  fwd=166.8ms  bwd=144.3ms  total=316.8ms
[ 100800] loss=6.3794  ema_loss=6.6551  gap=0.5130  ema_gap=0.5326  mixup=62/200  2.8 sps  ETA 9.7h  cpc=0.1464
              R²_rand=0.8750  R²_naive=0.8241  U_t=0.1961  U_b=0.4859  AUC=1.0000  Top1=1.0000
  timing: data=41.9ms  fwd=166.6ms  bwd=146.5ms  total=355.9ms
[ 101000] loss=6.6574  ema_loss=6.6975  gap=0.5458  ema_gap=0.5320  mixup=61/200  2.9 sps  ETA 9.6h  cpc=0.2807
              R²_rand=0.8718  R²_naive=0.8282  U_t=0.2331  U_b=0.4629  AUC=1.0000  Top1=1.0000
  timing: data=5.3ms  fwd=167.0ms  bwd=147.2ms  total=320.3ms
[ 101200] loss=6.7799  ema_loss=6.6733  gap=0.5381  ema_gap=0.5301  mixup=58/200  2.9 sps  ETA 9.4h  cpc=0.3989
              R²_rand=0.8712  R²_naive=0.8292  U_t=0.2060  U_b=0.4288  AUC=1.0000  Top1=1.0000
  timing: data=5.5ms  fwd=162.9ms  bwd=142.9ms  total=312.1ms
[ 101400] loss=6.5513  ema_loss=6.6751  gap=0.5458  ema_gap=0.5313  mixup=57/200  2.9 sps  ETA 9.6h  cpc=0.1959
              R²_rand=0.8688  R²_naive=0.8310  U_t=0.2158  U_b=0.4611  AUC=1.0000  Top1=1.0000
  timing: data=53.3ms  fwd=167.7ms  bwd=147.4ms  total=369.2ms
[ 101600] loss=6.8405  ema_loss=6.6459  gap=0.5125  ema_gap=0.5335  mixup=56/200  2.9 sps  ETA 9.5h  cpc=0.4336
              R²_rand=0.8671  R²_naive=0.8190  U_t=0.1889  U_b=0.4484  AUC=1.0000  Top1=1.0000
  timing: data=5.0ms  fwd=167.1ms  bwd=146.7ms  total=319.6ms
[ 101800] loss=6.4691  ema_loss=6.6258  gap=0.5415  ema_gap=0.5332  mixup=55/200  2.9 sps  ETA 9.4h  cpc=0.0876
              R²_rand=0.8715  R²_naive=0.8259  U_t=0.2269  U_b=0.4797  AUC=1.0000  Top1=1.0000
  timing: data=4.9ms  fwd=161.4ms  bwd=142.2ms  total=309.3ms
[ 102000] loss=6.3387  ema_loss=6.6046  gap=0.5417  ema_gap=0.5340  mixup=67/200  2.9 sps  ETA 9.4h  cpc=0.1287
              R²_rand=0.8739  R²_naive=0.8280  U_t=0.2016  U_b=0.4872  AUC=1.0000  Top1=1.0000
  timing: data=37.9ms  fwd=166.4ms  bwd=148.4ms  total=353.6ms
  -> Saved /root/cf373_runs/bb_small_arm6_v2_nse_lalign_lrepmoco_enc3l3_b64_200k_sigreg_ema_qk_aon_cpc_tau090_cf373k3/bb_small_arm6_v2_nse_lalign_lrepmoco_enc3l3_b64_200k_sigreg_ema_qk_aon_cpc_tau090_cf373k3_r3_best_loss.pth
[ 102200] loss=6.5101  ema_loss=6.5922  gap=0.5153  ema_gap=0.5314  mixup=64/200  2.9 sps  ETA 9.3h  cpc=0.2612
              R²_rand=0.8799  R²_naive=0.8285  U_t=0.1963  U_b=0.4715  AUC=1.0000  Top1=1.0000
  timing: data=4.8ms  fwd=165.0ms  bwd=148.8ms  total=319.4ms
  -> Saved /root/cf373_runs/bb_small_arm6_v2_nse_lalign_lrepmoco_enc3l3_b64_200k_sigreg_ema_qk_aon_cpc_tau090_cf373k3/bb_small_arm6_v2_nse_lalign_lrepmoco_enc3l3_b64_200k_sigreg_ema_qk_aon_cpc_tau090_cf373k3_r3_best_loss.pth
[ 102400] loss=6.4404  ema_loss=6.6130  gap=0.5620  ema_gap=0.5329  mixup=71/200  2.9 sps  ETA 9.3h  cpc=0.1632
              R²_rand=0.8746  R²_naive=0.8331  U_t=0.2188  U_b=0.4537  AUC=1.0000  Top1=1.0000
  timing: data=5.4ms  fwd=165.8ms  bwd=147.3ms  total=319.3ms
[ 102600] loss=7.5618  ema_loss=6.6518  gap=0.4974  ema_gap=0.5331  mixup=59/200  2.9 sps  ETA 9.3h  cpc=0.6595
              R²_rand=0.8704  R²_naive=0.8157  U_t=0.1823  U_b=0.4463  AUC=1.0000  Top1=0.9984
  timing: data=44.1ms  fwd=165.5ms  bwd=145.7ms  total=356.1ms
[ 102800] loss=6.3625  ema_loss=6.6212  gap=0.5279  ema_gap=0.5335  mixup=69/200  2.9 sps  ETA 9.3h  cpc=0.1425
              R²_rand=0.8718  R²_naive=0.8300  U_t=0.2075  U_b=0.4816  AUC=1.0000  Top1=1.0000
  timing: data=5.3ms  fwd=166.0ms  bwd=149.4ms  total=321.6ms
[ 103000] loss=6.4005  ema_loss=6.6048  gap=0.5157  ema_gap=0.5330  mixup=67/200  2.9 sps  ETA 9.2h  cpc=0.1679
              R²_rand=0.8761  R²_naive=0.8247  U_t=0.2053  U_b=0.4823  AUC=1.0000  Top1=1.0000
  timing: data=4.9ms  fwd=163.5ms  bwd=146.5ms  total=315.7ms
[ 103200] loss=6.4114  ema_loss=6.6076  gap=0.5374  ema_gap=0.5349  mixup=51/200  2.9 sps  ETA 9.2h  cpc=0.1587
              R²_rand=0.8763  R²_naive=0.8257  U_t=0.2021  U_b=0.4909  AUC=1.0000  Top1=1.0000
  timing: data=51.6ms  fwd=164.0ms  bwd=144.9ms  total=361.3ms
[ 103400] loss=7.0161  ema_loss=6.6507  gap=0.5137  ema_gap=0.5350  mixup=63/200  2.9 sps  ETA 9.2h  cpc=0.3995
              R²_rand=0.8764  R²_naive=0.8271  U_t=0.1867  U_b=0.4626  AUC=1.0000  Top1=1.0000
  timing: data=5.4ms  fwd=168.6ms  bwd=149.4ms  total=324.2ms
[ 103600] loss=6.5021  ema_loss=6.6433  gap=0.5537  ema_gap=0.5340  mixup=67/200  2.9 sps  ETA 9.2h  cpc=0.1258
              R²_rand=0.8722  R²_naive=0.8253  U_t=0.2174  U_b=0.4833  AUC=1.0000  Top1=1.0000
  timing: data=5.0ms  fwd=167.0ms  bwd=146.3ms  total=319.2ms
[ 103800] loss=6.6214  ema_loss=6.6767  gap=0.5449  ema_gap=0.5340  mixup=54/200  2.9 sps  ETA 9.2h  cpc=0.1418
              R²_rand=0.8706  R²_naive=0.8251  U_t=0.2171  U_b=0.4786  AUC=1.0000  Top1=1.0000
  timing: data=43.2ms  fwd=167.5ms  bwd=147.7ms  total=359.3ms
[ 104000] loss=6.4647  ema_loss=6.6816  gap=0.5562  ema_gap=0.5358  mixup=63/200  2.9 sps  ETA 9.1h  cpc=0.1477
              R²_rand=0.8731  R²_naive=0.8339  U_t=0.2289  U_b=0.4735  AUC=1.0000  Top1=1.0000
  timing: data=5.4ms  fwd=169.4ms  bwd=146.9ms  total=322.7ms
[ 104200] loss=6.6713  ema_loss=6.7059  gap=0.5178  ema_gap=0.5366  mixup=65/200  2.9 sps  ETA 9.1h  cpc=0.2999
              R²_rand=0.8723  R²_naive=0.8215  U_t=0.2215  U_b=0.4469  AUC=1.0000  Top1=1.0000
  timing: data=5.0ms  fwd=165.9ms  bwd=147.4ms  total=319.2ms
[ 104400] loss=6.6394  ema_loss=6.6594  gap=0.5252  ema_gap=0.5397  mixup=58/200  2.9 sps  ETA 9.1h  cpc=0.2728
              R²_rand=0.8701  R²_naive=0.8209  U_t=0.2060  U_b=0.4781  AUC=1.0000  Top1=1.0000
  timing: data=57.2ms  fwd=167.2ms  bwd=146.3ms  total=371.5ms
[ 104600] loss=6.8274  ema_loss=6.6820  gap=0.5444  ema_gap=0.5437  mixup=69/200  2.9 sps  ETA 9.1h  cpc=0.3962
              R²_rand=0.8726  R²_naive=0.8235  U_t=0.2272  U_b=0.4469  AUC=1.0000  Top1=1.0000
  timing: data=5.3ms  fwd=167.4ms  bwd=146.7ms  total=320.3ms
[ 104800] loss=6.5377  ema_loss=6.7622  gap=0.5469  ema_gap=0.5420  mixup=65/200  2.9 sps  ETA 9.1h  cpc=0.1591
              R²_rand=0.8668  R²_naive=0.8265  U_t=0.2368  U_b=0.4748  AUC=1.0000  Top1=1.0000
  timing: data=4.9ms  fwd=166.6ms  bwd=145.7ms  total=318.0ms
[ 105000] loss=6.5754  ema_loss=6.7799  gap=0.5298  ema_gap=0.5441  mixup=55/200  2.9 sps  ETA 9.0h  cpc=0.2096
              R²_rand=0.8739  R²_naive=0.8270  U_t=0.2079  U_b=0.4539  AUC=1.0000  Top1=1.0000
  timing: data=36.5ms  fwd=165.4ms  bwd=144.3ms  total=346.9ms
[ 105200] loss=6.4679  ema_loss=6.7203  gap=0.5551  ema_gap=0.5456  mixup=49/200  2.9 sps  ETA 9.0h  cpc=0.1222
              R²_rand=0.8656  R²_naive=0.8243  U_t=0.2438  U_b=0.4761  AUC=1.0000  Top1=1.0000
  timing: data=4.9ms  fwd=166.0ms  bwd=143.5ms  total=315.1ms
[ 105400] loss=6.7236  ema_loss=6.7415  gap=0.5579  ema_gap=0.5419  mixup=59/200  2.9 sps  ETA 9.0h  cpc=0.2594
              R²_rand=0.8682  R²_naive=0.8262  U_t=0.2407  U_b=0.4605  AUC=1.0000  Top1=1.0000
  timing: data=5.1ms  fwd=165.8ms  bwd=144.3ms  total=315.9ms
[ 105600] loss=6.5833  ema_loss=6.7330  gap=0.5381  ema_gap=0.5439  mixup=52/200  2.9 sps  ETA 8.9h  cpc=0.2066
              R²_rand=0.8699  R²_naive=0.8248  U_t=0.2312  U_b=0.4617  AUC=1.0000  Top1=1.0000
  timing: data=5.1ms  fwd=163.0ms  bwd=143.9ms  total=312.7ms
[ 105800] loss=6.4347  ema_loss=6.7200  gap=0.5612  ema_gap=0.5416  mixup=61/200  2.9 sps  ETA 8.9h  cpc=0.1491
              R²_rand=0.8722  R²_naive=0.8293  U_t=0.2347  U_b=0.4707  AUC=1.0000  Top1=1.0000
  timing: data=46.7ms  fwd=163.5ms  bwd=143.5ms  total=354.4ms
[ 106000] loss=6.4648  ema_loss=6.7391  gap=0.5388  ema_gap=0.5406  mixup=53/200  2.9 sps  ETA 8.9h  cpc=0.1189
              R²_rand=0.8603  R²_naive=0.8229  U_t=0.2149  U_b=0.4721  AUC=1.0000  Top1=1.0000
  timing: data=5.1ms  fwd=164.5ms  bwd=145.0ms  total=315.4ms
[ 106200] loss=6.5584  ema_loss=6.7475  gap=0.5728  ema_gap=0.5423  mixup=58/200  2.9 sps  ETA 8.9h  cpc=0.1269
              R²_rand=0.8670  R²_naive=0.8302  U_t=0.2422  U_b=0.4624  AUC=1.0000  Top1=1.0000
  timing: data=4.9ms  fwd=165.1ms  bwd=144.5ms  total=315.4ms
[ 106400] loss=6.4660  ema_loss=6.7429  gap=0.5078  ema_gap=0.5433  mixup=62/200  2.9 sps  ETA 8.9h  cpc=0.1093
              R²_rand=0.8758  R²_naive=0.8218  U_t=0.2135  U_b=0.4677  AUC=1.0000  Top1=1.0000
  timing: data=52.6ms  fwd=166.8ms  bwd=146.9ms  total=367.1ms
[ 106600] loss=6.4799  ema_loss=6.7175  gap=0.5083  ema_gap=0.5397  mixup=56/200  2.9 sps  ETA 8.8h  cpc=0.1055
              R²_rand=0.8691  R²_naive=0.8148  U_t=0.2145  U_b=0.4865  AUC=1.0000  Top1=1.0000
  timing: data=4.9ms  fwd=166.6ms  bwd=145.6ms  total=318.0ms
[ 106800] loss=6.5337  ema_loss=6.7352  gap=0.5401  ema_gap=0.5394  mixup=71/200  2.9 sps  ETA 8.8h  cpc=0.1221
              R²_rand=0.8717  R²_naive=0.8207  U_t=0.2162  U_b=0.4678  AUC=1.0000  Top1=1.0000
  timing: data=5.1ms  fwd=165.7ms  bwd=146.2ms  total=317.9ms
[ 107000] loss=6.5652  ema_loss=6.7268  gap=0.4929  ema_gap=0.5381  mixup=50/200  2.9 sps  ETA 8.8h  cpc=0.1908
              R²_rand=0.8743  R²_naive=0.8164  U_t=0.2079  U_b=0.4806  AUC=1.0000  Top1=0.9992
  timing: data=58.4ms  fwd=166.0ms  bwd=146.7ms  total=372.0ms
[ 107200] loss=6.6525  ema_loss=6.7081  gap=0.5527  ema_gap=0.5361  mixup=63/200  2.9 sps  ETA 8.8h  cpc=0.2611
              R²_rand=0.8716  R²_naive=0.8305  U_t=0.2121  U_b=0.4771  AUC=1.0000  Top1=1.0000
  timing: data=5.0ms  fwd=166.3ms  bwd=147.1ms  total=319.2ms
[ 107400] loss=6.5171  ema_loss=6.7134  gap=0.5258  ema_gap=0.5351  mixup=68/200  2.9 sps  ETA 8.8h  cpc=0.1893
              R²_rand=0.8682  R²_naive=0.8245  U_t=0.2089  U_b=0.4672  AUC=1.0000  Top1=1.0000
  timing: data=5.1ms  fwd=165.8ms  bwd=147.1ms  total=318.8ms
[ 107600] loss=6.5189  ema_loss=6.6990  gap=0.5450  ema_gap=0.5370  mixup=52/200  2.9 sps  ETA 8.8h  cpc=0.1987
              R²_rand=0.8717  R²_naive=0.8288  U_t=0.2226  U_b=0.4771  AUC=1.0000  Top1=1.0000
  timing: data=44.5ms  fwd=166.6ms  bwd=149.0ms  total=361.0ms
[ 107800] loss=6.6722  ema_loss=6.6996  gap=0.5067  ema_gap=0.5354  mixup=63/200  2.9 sps  ETA 8.7h  cpc=0.2623
              R²_rand=0.8722  R²_naive=0.8181  U_t=0.2076  U_b=0.4605  AUC=1.0000  Top1=1.0000
  timing: data=5.3ms  fwd=164.1ms  bwd=146.7ms  total=316.9ms
[ 108000] loss=6.4009  ema_loss=6.6470  gap=0.5399  ema_gap=0.5325  mixup=59/200  2.9 sps  ETA 8.7h  cpc=0.1576
              R²_rand=0.8727  R²_naive=0.8271  U_t=0.2077  U_b=0.4840  AUC=1.0000  Top1=0.9997
  timing: data=5.0ms  fwd=164.5ms  bwd=146.3ms  total=316.7ms
[ 108200] loss=6.5535  ema_loss=6.8960  gap=0.5309  ema_gap=0.5333  mixup=57/200  2.9 sps  ETA 8.7h  cpc=0.1069
              R²_rand=0.8635  R²_naive=0.8185  U_t=0.2198  U_b=0.4670  AUC=1.0000  Top1=1.0000
  timing: data=63.3ms  fwd=164.5ms  bwd=146.8ms  total=375.4ms
[ 108400] loss=6.5633  ema_loss=6.7715  gap=0.5333  ema_gap=0.5371  mixup=55/200  2.9 sps  ETA 8.7h  cpc=0.2327
              R²_rand=0.8735  R²_naive=0.8272  U_t=0.1989  U_b=0.4726  AUC=1.0000  Top1=1.0000
  timing: data=5.0ms  fwd=165.8ms  bwd=146.4ms  total=318.0ms
[ 108600] loss=6.7461  ema_loss=6.6895  gap=0.5308  ema_gap=0.5345  mixup=47/200  2.9 sps  ETA 8.7h  cpc=0.3349
              R²_rand=0.8695  R²_naive=0.8273  U_t=0.2129  U_b=0.4425  AUC=1.0000  Top1=1.0000
  timing: data=5.0ms  fwd=165.3ms  bwd=146.4ms  total=317.5ms
[ 108800] loss=6.8632  ema_loss=6.7080  gap=0.5481  ema_gap=0.5352  mixup=59/200  2.9 sps  ETA 8.7h  cpc=0.2942
              R²_rand=0.8663  R²_naive=0.8257  U_t=0.2297  U_b=0.4648  AUC=1.0000  Top1=0.9997
  timing: data=66.7ms  fwd=167.0ms  bwd=147.6ms  total=382.1ms
[ 109000] loss=6.6251  ema_loss=6.6431  gap=0.5277  ema_gap=0.5327  mixup=52/200  2.9 sps  ETA 8.6h  cpc=0.3060
              R²_rand=0.8693  R²_naive=0.8251  U_t=0.1992  U_b=0.4802  AUC=1.0000  Top1=1.0000
  timing: data=5.7ms  fwd=166.4ms  bwd=148.6ms  total=321.6ms
[ 109200] loss=6.5469  ema_loss=6.6419  gap=0.5510  ema_gap=0.5353  mixup=74/200  2.9 sps  ETA 8.6h  cpc=0.1523
              R²_rand=0.8706  R²_naive=0.8327  U_t=0.2117  U_b=0.4590  AUC=1.0000  Top1=1.0000
  timing: data=5.0ms  fwd=165.5ms  bwd=146.9ms  total=318.3ms
[ 109400] loss=6.5599  ema_loss=6.6753  gap=0.5141  ema_gap=0.5327  mixup=63/200  2.9 sps  ETA 8.6h  cpc=0.2305
              R²_rand=0.8699  R²_naive=0.8239  U_t=0.2094  U_b=0.4751  AUC=1.0000  Top1=1.0000
  timing: data=52.3ms  fwd=166.3ms  bwd=146.7ms  total=366.2ms
[ 109600] loss=6.4219  ema_loss=6.7034  gap=0.4948  ema_gap=0.5300  mixup=64/200  2.9 sps  ETA 8.6h  cpc=0.1576
              R²_rand=0.8754  R²_naive=0.8223  U_t=0.1970  U_b=0.4804  AUC=1.0000  Top1=1.0000
  timing: data=5.1ms  fwd=164.6ms  bwd=146.7ms  total=317.3ms
[ 109800] loss=6.6465  ema_loss=6.6446  gap=0.5085  ema_gap=0.5310  mixup=62/200  2.9 sps  ETA 8.6h  cpc=0.2106
              R²_rand=0.8672  R²_naive=0.8192  U_t=0.2159  U_b=0.4759  AUC=1.0000  Top1=1.0000
  timing: data=5.4ms  fwd=165.5ms  bwd=145.9ms  total=317.5ms
[ 110000] loss=6.4703  ema_loss=6.6676  gap=0.5174  ema_gap=0.5310  mixup=56/200  2.9 sps  ETA 8.5h  cpc=0.1660
              R²_rand=0.8701  R²_naive=0.8199  U_t=0.1995  U_b=0.4783  AUC=1.0000  Top1=1.0000
  timing: data=38.2ms  fwd=165.1ms  bwd=145.3ms  total=349.4ms
[ 110200] loss=6.4096  ema_loss=6.6572  gap=0.5238  ema_gap=0.5337  mixup=56/200  2.9 sps  ETA 8.5h  cpc=0.1562
              R²_rand=0.8715  R²_naive=0.8251  U_t=0.2057  U_b=0.4824  AUC=1.0000  Top1=1.0000
  timing: data=5.0ms  fwd=167.7ms  bwd=144.4ms  total=317.8ms
[ 110400] loss=6.3348  ema_loss=6.6536  gap=0.5037  ema_gap=0.5351  mixup=49/200  2.9 sps  ETA 8.5h  cpc=0.1154
              R²_rand=0.8768  R²_naive=0.8218  U_t=0.2081  U_b=0.4764  AUC=1.0000  Top1=1.0000
  timing: data=4.8ms  fwd=164.9ms  bwd=144.5ms  total=315.0ms
[ 110600] loss=6.4991  ema_loss=6.6825  gap=0.5532  ema_gap=0.5381  mixup=52/200  2.9 sps  ETA 8.5h  cpc=0.2045
              R²_rand=0.8716  R²_naive=0.8290  U_t=0.2224  U_b=0.4745  AUC=1.0000  Top1=1.0000
  timing: data=5.4ms  fwd=166.7ms  bwd=146.3ms  total=319.2ms
[ 110800] loss=6.5388  ema_loss=6.6724  gap=0.5232  ema_gap=0.5374  mixup=57/200  2.9 sps  ETA 8.5h  cpc=0.2275
              R²_rand=0.8711  R²_naive=0.8201  U_t=0.2168  U_b=0.4826  AUC=1.0000  Top1=1.0000
  timing: data=44.4ms  fwd=165.7ms  bwd=145.6ms  total=356.5ms
[ 111000] loss=6.9019  ema_loss=6.6435  gap=0.5184  ema_gap=0.5366  mixup=56/200  2.9 sps  ETA 8.4h  cpc=0.3449
              R²_rand=0.8720  R²_naive=0.8198  U_t=0.2266  U_b=0.4706  AUC=1.0000  Top1=1.0000
  timing: data=5.0ms  fwd=165.0ms  bwd=144.3ms  total=315.1ms
[ 111200] loss=6.5858  ema_loss=6.6619  gap=0.5708  ema_gap=0.5373  mixup=53/200  2.9 sps  ETA 8.4h  cpc=0.2367
              R²_rand=0.8660  R²_naive=0.8285  U_t=0.2241  U_b=0.4787  AUC=1.0000  Top1=1.0000
  timing: data=5.1ms  fwd=163.1ms  bwd=143.0ms  total=311.9ms
[ 111400] loss=6.5269  ema_loss=6.7173  gap=0.5355  ema_gap=0.5369  mixup=51/200  2.9 sps  ETA 8.4h  cpc=0.1633
              R²_rand=0.8723  R²_naive=0.8268  U_t=0.2223  U_b=0.4669  AUC=1.0000  Top1=1.0000
  timing: data=42.0ms  fwd=163.4ms  bwd=142.4ms  total=348.5ms
[ 111600] loss=6.5719  ema_loss=6.6920  gap=0.5380  ema_gap=0.5362  mixup=65/200  2.9 sps  ETA 8.4h  cpc=0.1844
              R²_rand=0.8667  R²_naive=0.8261  U_t=0.2245  U_b=0.4655  AUC=1.0000  Top1=1.0000
  timing: data=4.9ms  fwd=165.4ms  bwd=143.1ms  total=314.2ms
[ 111800] loss=6.4647  ema_loss=6.6993  gap=0.5328  ema_gap=0.5377  mixup=64/200  2.9 sps  ETA 8.3h  cpc=0.0825
              R²_rand=0.8701  R²_naive=0.8256  U_t=0.2058  U_b=0.4805  AUC=1.0000  Top1=1.0000
  timing: data=5.6ms  fwd=166.0ms  bwd=145.0ms  total=317.5ms
[ 112000] loss=6.5875  ema_loss=6.7169  gap=0.5326  ema_gap=0.5353  mixup=63/200  2.9 sps  ETA 8.3h  cpc=0.1552
              R²_rand=0.8669  R²_naive=0.8242  U_t=0.2268  U_b=0.4729  AUC=1.0000  Top1=1.0000
  timing: data=53.7ms  fwd=166.0ms  bwd=146.6ms  total=367.1ms
[ 112200] loss=6.3472  ema_loss=6.6453  gap=0.5425  ema_gap=0.5402  mixup=58/200  2.9 sps  ETA 8.3h  cpc=0.0927
              R²_rand=0.8712  R²_naive=0.8257  U_t=0.2184  U_b=0.4758  AUC=1.0000  Top1=1.0000
  timing: data=5.0ms  fwd=163.1ms  bwd=143.9ms  total=312.7ms
[ 112400] loss=6.5592  ema_loss=6.7431  gap=0.5262  ema_gap=0.5416  mixup=63/200  2.9 sps  ETA 8.3h  cpc=0.2008
              R²_rand=0.8737  R²_naive=0.8217  U_t=0.2227  U_b=0.4795  AUC=1.0000  Top1=1.0000
  timing: data=4.9ms  fwd=164.0ms  bwd=143.8ms  total=313.4ms
[ 112600] loss=6.8401  ema_loss=6.7179  gap=0.5464  ema_gap=0.5391  mixup=57/200  2.9 sps  ETA 8.3h  cpc=0.3198
              R²_rand=0.8707  R²_naive=0.8243  U_t=0.2119  U_b=0.4701  AUC=1.0000  Top1=1.0000
  timing: data=36.9ms  fwd=166.8ms  bwd=146.6ms  total=351.2ms
[ 112800] loss=6.6390  ema_loss=6.6649  gap=0.5304  ema_gap=0.5382  mixup=53/200  2.9 sps  ETA 8.2h  cpc=0.1985
              R²_rand=0.8686  R²_naive=0.8199  U_t=0.2324  U_b=0.4718  AUC=1.0000  Top1=1.0000
  timing: data=4.8ms  fwd=164.2ms  bwd=144.5ms  total=314.3ms
[ 113000] loss=6.5375  ema_loss=6.7047  gap=0.5415  ema_gap=0.5371  mixup=52/200  2.9 sps  ETA 8.2h  cpc=0.1215
              R²_rand=0.8672  R²_naive=0.8250  U_t=0.2416  U_b=0.4789  AUC=1.0000  Top1=1.0000
  timing: data=5.0ms  fwd=164.2ms  bwd=144.4ms  total=314.4ms
[ 113200] loss=6.4068  ema_loss=6.7211  gap=0.5181  ema_gap=0.5327  mixup=74/200  2.9 sps  ETA 8.2h  cpc=0.1072
              R²_rand=0.8708  R²_naive=0.8201  U_t=0.2113  U_b=0.4902  AUC=1.0000  Top1=1.0000
  timing: data=48.0ms  fwd=163.4ms  bwd=145.8ms  total=357.9ms
[ 113400] loss=6.5629  ema_loss=6.7575  gap=0.5453  ema_gap=0.5370  mixup=50/200  2.9 sps  ETA 8.2h  cpc=0.1916
              R²_rand=0.8650  R²_naive=0.8237  U_t=0.2249  U_b=0.4825  AUC=1.0000  Top1=1.0000
  timing: data=5.3ms  fwd=165.2ms  bwd=148.7ms  total=320.0ms
[ 113600] loss=6.9173  ema_loss=6.7235  gap=0.5468  ema_gap=0.5359  mixup=56/200  2.9 sps  ETA 8.2h  cpc=0.4543
              R²_rand=0.8688  R²_naive=0.8279  U_t=0.2285  U_b=0.4432  AUC=1.0000  Top1=1.0000
  timing: data=4.9ms  fwd=165.4ms  bwd=149.2ms  total=320.4ms
[ 113800] loss=6.6915  ema_loss=6.7360  gap=0.5708  ema_gap=0.5363  mixup=58/200  2.9 sps  ETA 8.2h  cpc=0.2706
              R²_rand=0.8743  R²_naive=0.8341  U_t=0.2316  U_b=0.4443  AUC=1.0000  Top1=1.0000
  timing: data=51.4ms  fwd=167.2ms  bwd=148.3ms  total=367.8ms
[ 114000] loss=6.7483  ema_loss=6.7011  gap=0.5170  ema_gap=0.5343  mixup=61/200  2.9 sps  ETA 8.1h  cpc=0.2886
              R²_rand=0.8736  R²_naive=0.8194  U_t=0.2186  U_b=0.4728  AUC=1.0000  Top1=1.0000
  timing: data=5.1ms  fwd=166.2ms  bwd=146.3ms  total=318.5ms
[ 114200] loss=6.4528  ema_loss=6.7069  gap=0.5162  ema_gap=0.5371  mixup=63/200  2.9 sps  ETA 8.1h  cpc=0.1611
              R²_rand=0.8722  R²_naive=0.8198  U_t=0.2111  U_b=0.4837  AUC=1.0000  Top1=1.0000
  timing: data=5.1ms  fwd=164.0ms  bwd=143.9ms  total=313.9ms
[ 114400] loss=7.4722  ema_loss=7.0010  gap=0.5868  ema_gap=0.5412  mixup=66/200  2.9 sps  ETA 8.1h  cpc=0.6119
              R²_rand=0.8557  R²_naive=0.8238  U_t=0.2322  U_b=0.4060  AUC=1.0000  Top1=1.0000
  timing: data=52.4ms  fwd=167.3ms  bwd=146.3ms  total=366.9ms
[ 114600] loss=6.6211  ema_loss=6.8416  gap=0.5501  ema_gap=0.5406  mixup=63/200  2.9 sps  ETA 8.1h  cpc=0.1665
              R²_rand=0.8667  R²_naive=0.8227  U_t=0.2370  U_b=0.4701  AUC=1.0000  Top1=1.0000
  timing: data=5.4ms  fwd=167.4ms  bwd=148.8ms  total=322.4ms
[ 114800] loss=6.6945  ema_loss=6.7851  gap=0.5053  ema_gap=0.5422  mixup=59/200  2.9 sps  ETA 8.1h  cpc=0.2215
              R²_rand=0.8688  R²_naive=0.8138  U_t=0.2089  U_b=0.4781  AUC=1.0000  Top1=1.0000
  timing: data=5.2ms  fwd=166.6ms  bwd=146.9ms  total=319.6ms
[ 115000] loss=6.5250  ema_loss=6.7426  gap=0.5588  ema_gap=0.5409  mixup=49/200  2.9 sps  ETA 8.0h  cpc=0.1595
              R²_rand=0.8696  R²_naive=0.8256  U_t=0.2009  U_b=0.4853  AUC=1.0000  Top1=1.0000
  timing: data=46.2ms  fwd=164.3ms  bwd=144.4ms  total=355.7ms
[ 115200] loss=6.4876  ema_loss=6.7168  gap=0.5384  ema_gap=0.5405  mixup=55/200  2.9 sps  ETA 8.0h  cpc=0.1163
              R²_rand=0.8728  R²_naive=0.8237  U_t=0.2173  U_b=0.4810  AUC=1.0000  Top1=1.0000
  timing: data=5.5ms  fwd=166.3ms  bwd=147.5ms  total=320.2ms
[ 115400] loss=6.3584  ema_loss=6.6927  gap=0.5412  ema_gap=0.5356  mixup=69/200  2.9 sps  ETA 8.0h  cpc=0.0920
              R²_rand=0.8677  R²_naive=0.8242  U_t=0.2320  U_b=0.4946  AUC=1.0000  Top1=1.0000
  timing: data=5.2ms  fwd=165.7ms  bwd=143.4ms  total=315.1ms
[ 115600] loss=7.5106  ema_loss=6.7198  gap=0.5284  ema_gap=0.5361  mixup=69/200  2.9 sps  ETA 8.0h  cpc=0.8557
              R²_rand=0.8702  R²_naive=0.8234  U_t=0.1972  U_b=0.4204  AUC=1.0000  Top1=1.0000
  timing: data=4.9ms  fwd=166.1ms  bwd=146.0ms  total=318.0ms
[ 115800] loss=6.4020  ema_loss=6.6871  gap=0.5420  ema_gap=0.5354  mixup=67/200  2.9 sps  ETA 8.0h  cpc=0.0960
              R²_rand=0.8709  R²_naive=0.8244  U_t=0.2075  U_b=0.4937  AUC=1.0000  Top1=1.0000
  timing: data=62.3ms  fwd=167.2ms  bwd=148.0ms  total=378.3ms
[ 116000] loss=7.4949  ema_loss=6.8956  gap=0.5128  ema_gap=0.5355  mixup=60/200  2.9 sps  ETA 7.9h  cpc=0.8194
              R²_rand=0.8672  R²_naive=0.8170  U_t=0.1930  U_b=0.4085  AUC=1.0000  Top1=1.0000
  timing: data=5.0ms  fwd=165.0ms  bwd=144.7ms  total=315.4ms
[ 116200] loss=6.6653  ema_loss=6.9095  gap=0.5267  ema_gap=0.5372  mixup=68/200  2.9 sps  ETA 7.9h  cpc=0.2461
              R²_rand=0.8710  R²_naive=0.8256  U_t=0.2100  U_b=0.4620  AUC=1.0000  Top1=1.0000
  timing: data=4.8ms  fwd=165.9ms  bwd=145.6ms  total=317.1ms
[ 116400] loss=6.7361  ema_loss=6.7951  gap=0.5512  ema_gap=0.5388  mixup=59/200  2.9 sps  ETA 7.9h  cpc=0.3452
              R²_rand=0.8626  R²_naive=0.8246  U_t=0.2237  U_b=0.4524  AUC=1.0000  Top1=1.0000
  timing: data=35.3ms  fwd=167.3ms  bwd=147.6ms  total=351.0ms
[ 116600] loss=6.5331  ema_loss=6.8041  gap=0.5155  ema_gap=0.5368  mixup=59/200  2.9 sps  ETA 7.9h  cpc=0.1415
              R²_rand=0.8655  R²_naive=0.8172  U_t=0.2055  U_b=0.4840  AUC=1.0000  Top1=1.0000
  timing: data=5.1ms  fwd=166.6ms  bwd=146.9ms  total=319.5ms
[ 116800] loss=6.4098  ema_loss=6.7756  gap=0.5264  ema_gap=0.5380  mixup=53/200  2.9 sps  ETA 7.9h  cpc=0.0876
              R²_rand=0.8725  R²_naive=0.8234  U_t=0.2094  U_b=0.4771  AUC=1.0000  Top1=1.0000
  timing: data=5.2ms  fwd=166.7ms  bwd=147.6ms  total=320.4ms
[ 117000] loss=6.7569  ema_loss=6.7411  gap=0.5607  ema_gap=0.5382  mixup=55/200  2.9 sps  ETA 7.8h  cpc=0.3364
              R²_rand=0.8641  R²_naive=0.8251  U_t=0.2306  U_b=0.4502  AUC=1.0000  Top1=1.0000
  timing: data=30.7ms  fwd=163.0ms  bwd=143.3ms  total=337.8ms
[ 117200] loss=6.4965  ema_loss=6.7270  gap=0.5547  ema_gap=0.5364  mixup=64/200  2.9 sps  ETA 7.8h  cpc=0.1513
              R²_rand=0.8663  R²_naive=0.8229  U_t=0.2274  U_b=0.4925  AUC=1.0000  Top1=1.0000
  timing: data=5.0ms  fwd=164.2ms  bwd=142.4ms  total=312.4ms
[ 117400] loss=6.6357  ema_loss=6.7493  gap=0.5625  ema_gap=0.5335  mixup=63/200  2.9 sps  ETA 7.8h  cpc=0.2241
              R²_rand=0.8706  R²_naive=0.8276  U_t=0.2156  U_b=0.4707  AUC=1.0000  Top1=1.0000
  timing: data=5.0ms  fwd=165.4ms  bwd=146.0ms  total=317.3ms
[ 117600] loss=6.5508  ema_loss=6.7715  gap=0.5415  ema_gap=0.5350  mixup=56/200  2.9 sps  ETA 7.8h  cpc=0.1892
              R²_rand=0.8666  R²_naive=0.8233  U_t=0.2127  U_b=0.4680  AUC=1.0000  Top1=1.0000
  timing: data=17.7ms  fwd=166.1ms  bwd=146.4ms  total=331.1ms
[ 117800] loss=7.0531  ema_loss=6.7541  gap=0.5059  ema_gap=0.5357  mixup=59/200  2.9 sps  ETA 7.8h  cpc=0.3522
              R²_rand=0.8715  R²_naive=0.8165  U_t=0.2004  U_b=0.4701  AUC=1.0000  Top1=0.9986
  timing: data=5.0ms  fwd=164.2ms  bwd=146.2ms  total=316.3ms
[ 118000] loss=6.5969  ema_loss=6.7444  gap=0.5215  ema_gap=0.5354  mixup=54/200  2.9 sps  ETA 7.7h  cpc=0.1134
              R²_rand=0.8699  R²_naive=0.8189  U_t=0.2149  U_b=0.4685  AUC=1.0000  Top1=1.0000
  timing: data=5.2ms  fwd=167.7ms  bwd=148.9ms  total=322.7ms
[ 118200] loss=6.9831  ema_loss=6.7381  gap=0.5550  ema_gap=0.5365  mixup=66/200  2.9 sps  ETA 7.7h  cpc=0.4880
              R²_rand=0.8705  R²_naive=0.8294  U_t=0.2035  U_b=0.4226  AUC=1.0000  Top1=1.0000
  timing: data=24.5ms  fwd=165.7ms  bwd=148.8ms  total=339.9ms
[ 118400] loss=6.5606  ema_loss=6.6762  gap=0.5429  ema_gap=0.5355  mixup=51/200  2.9 sps  ETA 7.7h  cpc=0.1917
              R²_rand=0.8622  R²_naive=0.8215  U_t=0.2160  U_b=0.4801  AUC=1.0000  Top1=1.0000
  timing: data=5.0ms  fwd=166.8ms  bwd=146.3ms  total=318.9ms
[ 118600] loss=6.9223  ema_loss=6.6743  gap=0.5494  ema_gap=0.5363  mixup=71/200  2.9 sps  ETA 7.7h  cpc=0.3311
              R²_rand=0.8677  R²_naive=0.8253  U_t=0.2275  U_b=0.4668  AUC=1.0000  Top1=1.0000
  timing: data=5.2ms  fwd=164.4ms  bwd=143.5ms  total=313.9ms
[ 118800] loss=6.5499  ema_loss=6.6680  gap=0.5281  ema_gap=0.5340  mixup=57/200  2.9 sps  ETA 7.7h  cpc=0.1870
              R²_rand=0.8748  R²_naive=0.8240  U_t=0.2190  U_b=0.4668  AUC=1.0000  Top1=1.0000
  timing: data=18.5ms  fwd=163.3ms  bwd=142.6ms  total=325.2ms
[ 119000] loss=6.5951  ema_loss=6.6254  gap=0.5226  ema_gap=0.5315  mixup=59/200  2.9 sps  ETA 7.6h  cpc=0.2505
              R²_rand=0.8730  R²_naive=0.8219  U_t=0.2155  U_b=0.4698  AUC=1.0000  Top1=1.0000
  timing: data=5.2ms  fwd=165.0ms  bwd=146.3ms  total=317.2ms
[ 119200] loss=7.0663  ema_loss=6.6675  gap=0.5294  ema_gap=0.5324  mixup=56/200  2.9 sps  ETA 7.6h  cpc=0.5720
              R²_rand=0.8700  R²_naive=0.8215  U_t=0.2172  U_b=0.4170  AUC=1.0000  Top1=1.0000
  timing: data=5.1ms  fwd=167.3ms  bwd=146.0ms  total=319.3ms
[ 119400] loss=6.8894  ema_loss=6.6807  gap=0.5685  ema_gap=0.5347  mixup=59/200  2.9 sps  ETA 7.6h  cpc=0.4598
              R²_rand=0.8688  R²_naive=0.8312  U_t=0.2252  U_b=0.4271  AUC=1.0000  Top1=1.0000
  timing: data=25.9ms  fwd=167.4ms  bwd=146.9ms  total=341.0ms
[ 119600] loss=6.7543  ema_loss=6.6656  gap=0.5107  ema_gap=0.5322  mixup=63/200  3.0 sps  ETA 7.6h  cpc=0.3985
              R²_rand=0.8756  R²_naive=0.8198  U_t=0.2129  U_b=0.4452  AUC=1.0000  Top1=1.0000
  timing: data=5.0ms  fwd=164.6ms  bwd=143.5ms  total=314.0ms
[ 119800] loss=6.4347  ema_loss=6.6194  gap=0.5291  ema_gap=0.5334  mixup=57/200  3.0 sps  ETA 7.5h  cpc=0.1746
              R²_rand=0.8730  R²_naive=0.8261  U_t=0.2055  U_b=0.4747  AUC=1.0000  Top1=1.0000
  timing: data=5.0ms  fwd=164.8ms  bwd=144.8ms  total=315.3ms
[ 120000] loss=6.7554  ema_loss=6.5762  gap=0.5213  ema_gap=0.5342  mixup=58/200  3.0 sps  ETA 7.5h  cpc=0.2984
              R²_rand=0.8739  R²_naive=0.8200  U_t=0.2022  U_b=0.4696  AUC=1.0000  Top1=0.9997
  timing: data=4.9ms  fwd=165.6ms  bwd=142.6ms  total=314.0ms
  -> Saved /root/cf373_runs/bb_small_arm6_v2_nse_lalign_lrepmoco_enc3l3_b64_200k_sigreg_ema_qk_aon_cpc_tau090_cf373k3/bb_small_arm6_v2_nse_lalign_lrepmoco_enc3l3_b64_200k_sigreg_ema_qk_aon_cpc_tau090_cf373k3_r3_best_loss.pth
  -> Saved /root/cf373_runs/bb_small_arm6_v2_nse_lalign_lrepmoco_enc3l3_b64_200k_sigreg_ema_qk_aon_cpc_tau090_cf373k3/bb_small_arm6_v2_nse_lalign_lrepmoco_enc3l3_b64_200k_sigreg_ema_qk_aon_cpc_tau090_cf373k3_r3_120k.pth
[ 120200] loss=6.3004  ema_loss=6.6566  gap=0.5162  ema_gap=0.5338  mixup=63/200  3.0 sps  ETA 7.5h  cpc=0.1101
              R²_rand=0.8754  R²_naive=0.8247  U_t=0.1996  U_b=0.4736  AUC=1.0000  Top1=1.0000
  timing: data=33.1ms  fwd=166.3ms  bwd=148.5ms  total=348.8ms
[ 120400] loss=7.2375  ema_loss=6.6341  gap=0.5049  ema_gap=0.5321  mixup=63/200  3.0 sps  ETA 7.5h  cpc=0.5037
              R²_rand=0.8681  R²_naive=0.8198  U_t=0.1882  U_b=0.4547  AUC=1.0000  Top1=0.9997
  timing: data=6.1ms  fwd=166.4ms  bwd=149.4ms  total=322.8ms
[ 120600] loss=6.3340  ema_loss=6.5890  gap=0.5271  ema_gap=0.5336  mixup=58/200  3.0 sps  ETA 7.5h  cpc=0.1122
              R²_rand=0.8765  R²_naive=0.8266  U_t=0.2031  U_b=0.4968  AUC=1.0000  Top1=1.0000
  timing: data=5.8ms  fwd=168.2ms  bwd=146.4ms  total=321.2ms
[ 120800] loss=6.4642  ema_loss=6.6536  gap=0.5235  ema_gap=0.5331  mixup=63/200  3.0 sps  ETA 7.5h  cpc=0.1823
              R²_rand=0.8750  R²_naive=0.8241  U_t=0.1999  U_b=0.4781  AUC=1.0000  Top1=1.0000
  timing: data=22.9ms  fwd=168.3ms  bwd=149.2ms  total=341.3ms
[ 121000] loss=6.6203  ema_loss=6.6612  gap=0.5335  ema_gap=0.5343  mixup=63/200  3.0 sps  ETA 7.4h  cpc=0.2324
              R²_rand=0.8698  R²_naive=0.8244  U_t=0.2212  U_b=0.4826  AUC=1.0000  Top1=1.0000
  timing: data=4.9ms  fwd=166.1ms  bwd=148.9ms  total=320.8ms
[ 121200] loss=6.5061  ema_loss=6.7081  gap=0.5371  ema_gap=0.5326  mixup=63/200  3.0 sps  ETA 7.4h  cpc=0.0829
              R²_rand=0.8742  R²_naive=0.8254  U_t=0.2175  U_b=0.4870  AUC=1.0000  Top1=1.0000
  timing: data=5.4ms  fwd=167.3ms  bwd=147.4ms  total=321.0ms
[ 121400] loss=6.5097  ema_loss=6.6859  gap=0.5324  ema_gap=0.5354  mixup=56/200  3.0 sps  ETA 7.4h  cpc=0.1472
              R²_rand=0.8742  R²_naive=0.8242  U_t=0.2227  U_b=0.4749  AUC=1.0000  Top1=1.0000
  timing: data=35.3ms  fwd=165.9ms  bwd=146.2ms  total=348.3ms
[ 121600] loss=6.5906  ema_loss=6.6548  gap=0.5340  ema_gap=0.5341  mixup=49/200  3.0 sps  ETA 7.4h  cpc=0.2692
              R²_rand=0.8720  R²_naive=0.8266  U_t=0.2077  U_b=0.4611  AUC=1.0000  Top1=1.0000
  timing: data=5.1ms  fwd=165.1ms  bwd=146.2ms  total=317.2ms
[ 121800] loss=6.4872  ema_loss=6.6381  gap=0.5247  ema_gap=0.5361  mixup=60/200  3.0 sps  ETA 7.4h  cpc=0.2118
              R²_rand=0.8780  R²_naive=0.8270  U_t=0.2056  U_b=0.4691  AUC=1.0000  Top1=1.0000
  timing: data=5.1ms  fwd=168.0ms  bwd=150.4ms  total=324.3ms
[ 122000] loss=6.4730  ema_loss=6.6829  gap=0.5178  ema_gap=0.5339  mixup=57/200  3.0 sps  ETA 7.3h  cpc=0.1949
              R²_rand=0.8728  R²_naive=0.8237  U_t=0.1941  U_b=0.4811  AUC=1.0000  Top1=1.0000
  timing: data=22.5ms  fwd=166.1ms  bwd=149.5ms  total=339.0ms
[ 122200] loss=6.5473  ema_loss=6.6735  gap=0.5321  ema_gap=0.5338  mixup=55/200  3.0 sps  ETA 7.3h  cpc=0.2331
              R²_rand=0.8707  R²_naive=0.8241  U_t=0.2251  U_b=0.4599  AUC=1.0000  Top1=1.0000
  timing: data=4.9ms  fwd=166.1ms  bwd=145.2ms  total=317.1ms
[ 122400] loss=6.4120  ema_loss=6.6685  gap=0.5416  ema_gap=0.5359  mixup=60/200  3.0 sps  ETA 7.3h  cpc=0.0974
              R²_rand=0.8713  R²_naive=0.8290  U_t=0.2148  U_b=0.4760  AUC=1.0000  Top1=1.0000
  timing: data=4.9ms  fwd=164.9ms  bwd=145.3ms  total=316.0ms
[ 122600] loss=6.4404  ema_loss=6.6668  gap=0.5292  ema_gap=0.5346  mixup=43/200  3.0 sps  ETA 7.3h  cpc=0.1445
              R²_rand=0.8720  R²_naive=0.8219  U_t=0.2145  U_b=0.4848  AUC=1.0000  Top1=1.0000
  timing: data=28.6ms  fwd=165.5ms  bwd=148.4ms  total=343.4ms
[ 122800] loss=6.4321  ema_loss=6.6434  gap=0.5447  ema_gap=0.5363  mixup=59/200  3.0 sps  ETA 7.3h  cpc=0.1472
              R²_rand=0.8688  R²_naive=0.8250  U_t=0.2284  U_b=0.4685  AUC=1.0000  Top1=1.0000
  timing: data=5.4ms  fwd=164.9ms  bwd=148.8ms  total=319.9ms
[ 123000] loss=7.1288  ema_loss=6.8618  gap=0.5496  ema_gap=0.5375  mixup=66/200  3.0 sps  ETA 7.2h  cpc=0.4089
              R²_rand=0.8644  R²_naive=0.8224  U_t=0.2371  U_b=0.4241  AUC=1.0000  Top1=1.0000
  timing: data=4.9ms  fwd=165.8ms  bwd=146.8ms  total=318.3ms
[ 123200] loss=6.7960  ema_loss=6.8173  gap=0.5231  ema_gap=0.5385  mixup=63/200  3.0 sps  ETA 7.2h  cpc=0.3987
              R²_rand=0.8700  R²_naive=0.8189  U_t=0.2141  U_b=0.4486  AUC=1.0000  Top1=1.0000
  timing: data=31.1ms  fwd=164.3ms  bwd=146.8ms  total=343.1ms
[ 123400] loss=6.8074  ema_loss=6.6742  gap=0.5434  ema_gap=0.5369  mixup=53/200  3.0 sps  ETA 7.2h  cpc=0.4245
              R²_rand=0.8701  R²_naive=0.8273  U_t=0.1932  U_b=0.4455  AUC=1.0000  Top1=1.0000
  timing: data=5.2ms  fwd=167.4ms  bwd=148.4ms  total=321.9ms
[ 123600] loss=7.2931  ema_loss=6.6780  gap=0.5013  ema_gap=0.5367  mixup=64/200  3.0 sps  ETA 7.2h  cpc=0.7602
              R²_rand=0.8776  R²_naive=0.8213  U_t=0.2129  U_b=0.4021  AUC=1.0000  Top1=1.0000
  timing: data=4.9ms  fwd=167.6ms  bwd=147.6ms  total=321.0ms
[ 123800] loss=6.5319  ema_loss=6.6373  gap=0.5607  ema_gap=0.5389  mixup=59/200  3.0 sps  ETA 7.2h  cpc=0.1663
              R²_rand=0.8669  R²_naive=0.8290  U_t=0.2410  U_b=0.4631  AUC=1.0000  Top1=1.0000
  timing: data=22.2ms  fwd=165.5ms  bwd=146.4ms  total=334.9ms
[ 124000] loss=6.5589  ema_loss=6.6321  gap=0.5662  ema_gap=0.5388  mixup=64/200  3.0 sps  ETA 7.1h  cpc=0.1627
              R²_rand=0.8694  R²_naive=0.8305  U_t=0.2368  U_b=0.4668  AUC=1.0000  Top1=1.0000
  timing: data=5.1ms  fwd=164.8ms  bwd=144.4ms  total=315.2ms
[ 124200] loss=6.4410  ema_loss=6.6545  gap=0.5456  ema_gap=0.5380  mixup=59/200  3.0 sps  ETA 7.1h  cpc=0.1654
              R²_rand=0.8731  R²_naive=0.8269  U_t=0.2192  U_b=0.4732  AUC=1.0000  Top1=1.0000
  timing: data=5.1ms  fwd=165.7ms  bwd=145.4ms  total=317.0ms
[ 124400] loss=6.5997  ema_loss=6.7547  gap=0.5414  ema_gap=0.5383  mixup=63/200  3.0 sps  ETA 7.1h  cpc=0.2240
              R²_rand=0.8647  R²_naive=0.8220  U_t=0.1994  U_b=0.4705  AUC=1.0000  Top1=1.0000
  timing: data=40.8ms  fwd=166.5ms  bwd=148.7ms  total=356.8ms
[ 124600] loss=6.8538  ema_loss=6.6780  gap=0.5749  ema_gap=0.5415  mixup=64/200  3.0 sps  ETA 7.1h  cpc=0.4457
              R²_rand=0.8737  R²_naive=0.8361  U_t=0.2422  U_b=0.4225  AUC=1.0000  Top1=1.0000
  timing: data=5.4ms  fwd=165.3ms  bwd=147.0ms  total=318.4ms
[ 124800] loss=6.8175  ema_loss=6.6819  gap=0.5305  ema_gap=0.5409  mixup=55/200  3.0 sps  ETA 7.1h  cpc=0.3349
              R²_rand=0.8702  R²_naive=0.8220  U_t=0.2241  U_b=0.4675  AUC=1.0000  Top1=0.9995
  timing: data=5.3ms  fwd=165.5ms  bwd=148.1ms  total=319.7ms
[ 125000] loss=6.5660  ema_loss=6.7040  gap=0.5273  ema_gap=0.5427  mixup=57/200  3.0 sps  ETA 7.0h  cpc=0.2310
              R²_rand=0.8740  R²_naive=0.8235  U_t=0.2210  U_b=0.4700  AUC=1.0000  Top1=1.0000
  timing: data=5.2ms  fwd=164.3ms  bwd=145.0ms  total=315.3ms
[ 125200] loss=6.8162  ema_loss=6.7321  gap=0.5347  ema_gap=0.5399  mixup=59/200  3.0 sps  ETA 7.0h  cpc=0.2601
              R²_rand=0.8735  R²_naive=0.8236  U_t=0.2221  U_b=0.4638  AUC=1.0000  Top1=1.0000
  timing: data=34.1ms  fwd=163.6ms  bwd=144.7ms  total=343.2ms
[ 125400] loss=6.7059  ema_loss=6.6847  gap=0.5534  ema_gap=0.5396  mixup=66/200  3.0 sps  ETA 7.0h  cpc=0.3494
              R²_rand=0.8717  R²_naive=0.8309  U_t=0.2293  U_b=0.4484  AUC=1.0000  Top1=1.0000
  timing: data=4.9ms  fwd=162.2ms  bwd=143.5ms  total=311.3ms
[ 125600] loss=6.4640  ema_loss=6.6584  gap=0.5473  ema_gap=0.5384  mixup=61/200  3.0 sps  ETA 7.0h  cpc=0.1353
              R²_rand=0.8690  R²_naive=0.8248  U_t=0.2284  U_b=0.4640  AUC=1.0000  Top1=1.0000
  timing: data=5.0ms  fwd=165.6ms  bwd=144.3ms  total=315.7ms
[ 125800] loss=6.5562  ema_loss=6.6920  gap=0.5547  ema_gap=0.5414  mixup=63/200  3.0 sps  ETA 7.0h  cpc=0.1738
              R²_rand=0.8603  R²_naive=0.8238  U_t=0.2463  U_b=0.4627  AUC=1.0000  Top1=1.0000
  timing: data=20.1ms  fwd=165.0ms  bwd=146.2ms  total=332.1ms
[ 126000] loss=6.5699  ema_loss=6.6602  gap=0.5476  ema_gap=0.5373  mixup=63/200  3.0 sps  ETA 6.9h  cpc=0.2004
              R²_rand=0.8710  R²_naive=0.8281  U_t=0.2211  U_b=0.4720  AUC=1.0000  Top1=1.0000
  timing: data=5.0ms  fwd=165.1ms  bwd=145.1ms  total=316.0ms
[ 126200] loss=6.6061  ema_loss=6.7020  gap=0.5496  ema_gap=0.5382  mixup=55/200  3.0 sps  ETA 6.9h  cpc=0.2181
              R²_rand=0.8687  R²_naive=0.8291  U_t=0.2300  U_b=0.4672  AUC=1.0000  Top1=1.0000
  timing: data=5.1ms  fwd=163.0ms  bwd=146.4ms  total=315.2ms
[ 126400] loss=6.8228  ema_loss=6.6645  gap=0.5285  ema_gap=0.5384  mixup=55/200  3.0 sps  ETA 6.9h  cpc=0.4082
              R²_rand=0.8697  R²_naive=0.8249  U_t=0.2251  U_b=0.4373  AUC=1.0000  Top1=1.0000
  timing: data=23.9ms  fwd=164.7ms  bwd=146.1ms  total=335.5ms
[ 126600] loss=6.9376  ema_loss=6.7246  gap=0.5279  ema_gap=0.5404  mixup=50/200  3.0 sps  ETA 6.9h  cpc=0.3109
              R²_rand=0.8698  R²_naive=0.8209  U_t=0.2095  U_b=0.4746  AUC=1.0000  Top1=0.9992
  timing: data=5.0ms  fwd=163.6ms  bwd=146.0ms  total=315.4ms
[ 126800] loss=6.4431  ema_loss=6.7018  gap=0.5286  ema_gap=0.5408  mixup=51/200  3.0 sps  ETA 6.9h  cpc=0.1572
              R²_rand=0.8722  R²_naive=0.8224  U_t=0.2132  U_b=0.4705  AUC=1.0000  Top1=1.0000
  timing: data=5.0ms  fwd=163.2ms  bwd=146.4ms  total=315.4ms
[ 127000] loss=6.3987  ema_loss=6.6853  gap=0.5460  ema_gap=0.5394  mixup=59/200  3.0 sps  ETA 6.8h  cpc=0.0979
              R²_rand=0.8688  R²_naive=0.8276  U_t=0.2247  U_b=0.4864  AUC=1.0000  Top1=1.0000
  timing: data=31.7ms  fwd=165.2ms  bwd=148.7ms  total=346.4ms
[ 127200] loss=6.5910  ema_loss=6.6720  gap=0.5411  ema_gap=0.5419  mixup=60/200  3.0 sps  ETA 6.8h  cpc=0.1685
              R²_rand=0.8749  R²_naive=0.8263  U_t=0.2080  U_b=0.4632  AUC=1.0000  Top1=1.0000
  timing: data=5.1ms  fwd=164.7ms  bwd=146.5ms  total=317.1ms
[ 127400] loss=6.5783  ema_loss=6.6743  gap=0.5638  ema_gap=0.5414  mixup=62/200  3.0 sps  ETA 6.8h  cpc=0.1577
              R²_rand=0.8647  R²_naive=0.8289  U_t=0.2410  U_b=0.4722  AUC=1.0000  Top1=1.0000
  timing: data=5.3ms  fwd=166.9ms  bwd=150.3ms  total=323.3ms
[ 127600] loss=7.5389  ema_loss=6.6792  gap=0.5433  ema_gap=0.5403  mixup=57/200  3.0 sps  ETA 6.8h  cpc=0.8886
              R²_rand=0.8650  R²_naive=0.8233  U_t=0.2265  U_b=0.4051  AUC=1.0000  Top1=1.0000
  timing: data=21.0ms  fwd=163.5ms  bwd=143.5ms  total=328.8ms
[ 127800] loss=6.3746  ema_loss=6.6148  gap=0.5264  ema_gap=0.5394  mixup=55/200  3.0 sps  ETA 6.8h  cpc=0.1069
              R²_rand=0.8694  R²_naive=0.8239  U_t=0.2066  U_b=0.4850  AUC=1.0000  Top1=1.0000
  timing: data=5.4ms  fwd=163.0ms  bwd=145.5ms  total=314.6ms
[ 128000] loss=7.1860  ema_loss=6.6262  gap=0.5343  ema_gap=0.5360  mixup=56/200  3.0 sps  ETA 6.7h  cpc=0.7561
              R²_rand=0.8731  R²_naive=0.8295  U_t=0.2198  U_b=0.4127  AUC=1.0000  Top1=1.0000
  timing: data=5.3ms  fwd=166.3ms  bwd=146.0ms  total=318.4ms
[ 128200] loss=6.5768  ema_loss=6.8794  gap=0.5325  ema_gap=0.5353  mixup=54/200  3.0 sps  ETA 6.7h  cpc=0.1404
              R²_rand=0.8745  R²_naive=0.8273  U_t=0.2212  U_b=0.4629  AUC=1.0000  Top1=1.0000
  timing: data=30.2ms  fwd=165.4ms  bwd=147.9ms  total=344.2ms
[ 128400] loss=6.5716  ema_loss=6.8806  gap=0.5460  ema_gap=0.5378  mixup=59/200  3.0 sps  ETA 6.7h  cpc=0.2069
              R²_rand=0.8700  R²_naive=0.8276  U_t=0.2102  U_b=0.4567  AUC=1.0000  Top1=1.0000
  timing: data=5.0ms  fwd=163.8ms  bwd=144.0ms  total=313.6ms
[ 128600] loss=6.4891  ema_loss=6.8575  gap=0.5576  ema_gap=0.5418  mixup=62/200  3.0 sps  ETA 6.7h  cpc=0.1832
              R²_rand=0.8755  R²_naive=0.8325  U_t=0.2038  U_b=0.4709  AUC=1.0000  Top1=1.0000
  timing: data=5.0ms  fwd=166.0ms  bwd=144.7ms  total=316.5ms
[ 128800] loss=6.7301  ema_loss=6.8941  gap=0.5432  ema_gap=0.5379  mixup=57/200  3.0 sps  ETA 6.7h  cpc=0.2400
              R²_rand=0.8692  R²_naive=0.8213  U_t=0.2142  U_b=0.4647  AUC=1.0000  Top1=0.9989
  timing: data=44.1ms  fwd=166.2ms  bwd=147.0ms  total=358.1ms
[ 129000] loss=6.7480  ema_loss=6.7598  gap=0.5415  ema_gap=0.5372  mixup=56/200  3.0 sps  ETA 6.7h  cpc=0.3517
              R²_rand=0.8651  R²_naive=0.8265  U_t=0.2141  U_b=0.4434  AUC=1.0000  Top1=1.0000
  timing: data=5.2ms  fwd=167.1ms  bwd=148.1ms  total=321.3ms
[ 129200] loss=6.5235  ema_loss=6.7131  gap=0.5349  ema_gap=0.5392  mixup=58/200  3.0 sps  ETA 6.6h  cpc=0.2210
              R²_rand=0.8710  R²_naive=0.8259  U_t=0.2245  U_b=0.4603  AUC=1.0000  Top1=1.0000
  timing: data=5.2ms  fwd=167.5ms  bwd=149.9ms  total=323.4ms
[ 129400] loss=6.4852  ema_loss=6.6873  gap=0.5653  ema_gap=0.5430  mixup=55/200  3.0 sps  ETA 6.6h  cpc=0.1465
              R²_rand=0.8728  R²_naive=0.8314  U_t=0.2258  U_b=0.4658  AUC=1.0000  Top1=1.0000
  timing: data=48.0ms  fwd=167.9ms  bwd=144.8ms  total=361.6ms
[ 129600] loss=6.6469  ema_loss=6.6538  gap=0.5535  ema_gap=0.5372  mixup=59/200  3.0 sps  ETA 6.6h  cpc=0.1887
              R²_rand=0.8668  R²_naive=0.8280  U_t=0.2278  U_b=0.4587  AUC=1.0000  Top1=0.9997
  timing: data=4.8ms  fwd=165.1ms  bwd=142.7ms  total=313.4ms
[ 129800] loss=6.3739  ema_loss=6.6616  gap=0.5382  ema_gap=0.5389  mixup=60/200  3.0 sps  ETA 6.6h  cpc=0.1263
              R²_rand=0.8694  R²_naive=0.8297  U_t=0.1983  U_b=0.4715  AUC=1.0000  Top1=1.0000
  timing: data=5.0ms  fwd=164.5ms  bwd=142.4ms  total=312.6ms
[ 130000] loss=6.5978  ema_loss=6.6971  gap=0.5400  ema_gap=0.5349  mixup=67/200  3.0 sps  ETA 6.6h  cpc=0.2353
              R²_rand=0.8705  R²_naive=0.8302  U_t=0.2131  U_b=0.4661  AUC=1.0000  Top1=1.0000
  timing: data=5.1ms  fwd=166.6ms  bwd=143.2ms  total=315.7ms
[ 130200] loss=6.8917  ema_loss=6.6740  gap=0.5244  ema_gap=0.5354  mixup=61/200  3.0 sps  ETA 6.5h  cpc=0.5250
              R²_rand=0.8721  R²_naive=0.8269  U_t=0.2160  U_b=0.4294  AUC=1.0000  Top1=1.0000
  timing: data=42.9ms  fwd=167.1ms  bwd=142.4ms  total=353.1ms
[ 130400] loss=6.9074  ema_loss=6.6413  gap=0.5381  ema_gap=0.5348  mixup=52/200  3.0 sps  ETA 6.5h  cpc=0.4372
              R²_rand=0.8741  R²_naive=0.8258  U_t=0.2278  U_b=0.4420  AUC=1.0000  Top1=1.0000
  timing: data=4.8ms  fwd=164.9ms  bwd=142.8ms  total=313.2ms
[ 130600] loss=6.8155  ema_loss=6.6449  gap=0.5517  ema_gap=0.5364  mixup=60/200  3.0 sps  ETA 6.5h  cpc=0.2710
              R²_rand=0.8673  R²_naive=0.8243  U_t=0.2136  U_b=0.4628  AUC=1.0000  Top1=0.9997
  timing: data=5.6ms  fwd=170.4ms  bwd=147.3ms  total=324.1ms
[ 130800] loss=6.3791  ema_loss=6.6546  gap=0.5255  ema_gap=0.5369  mixup=59/200  3.0 sps  ETA 6.5h  cpc=0.0918
              R²_rand=0.8747  R²_naive=0.8281  U_t=0.2232  U_b=0.4443  AUC=1.0000  Top1=1.0000
  timing: data=40.4ms  fwd=171.1ms  bwd=145.3ms  total=357.5ms
[ 131000] loss=6.6062  ema_loss=6.9004  gap=0.5404  ema_gap=0.5353  mixup=56/200  3.0 sps  ETA 6.5h  cpc=0.1804
              R²_rand=0.8729  R²_naive=0.8289  U_t=0.1921  U_b=0.4429  AUC=1.0000  Top1=1.0000
  timing: data=5.3ms  fwd=169.9ms  bwd=141.7ms  total=317.7ms
[ 131200] loss=7.2230  ema_loss=6.6621  gap=0.4749  ema_gap=0.5348  mixup=48/200  3.0 sps  ETA 6.4h  cpc=0.5997
              R²_rand=0.8771  R²_naive=0.8135  U_t=0.1740  U_b=0.4421  AUC=1.0000  Top1=0.9951
  timing: data=5.5ms  fwd=169.9ms  bwd=144.0ms  total=320.1ms
[ 131400] loss=6.4694  ema_loss=6.6431  gap=0.5112  ema_gap=0.5346  mixup=54/200  3.0 sps  ETA 6.4h  cpc=0.1962
              R²_rand=0.8760  R²_naive=0.8264  U_t=0.2034  U_b=0.4739  AUC=1.0000  Top1=1.0000
  timing: data=24.2ms  fwd=170.4ms  bwd=145.2ms  total=340.6ms
[ 131600] loss=6.5661  ema_loss=6.6551  gap=0.5092  ema_gap=0.5363  mixup=63/200  3.0 sps  ETA 6.4h  cpc=0.2688
              R²_rand=0.8769  R²_naive=0.8241  U_t=0.2116  U_b=0.4758  AUC=1.0000  Top1=1.0000
  timing: data=5.0ms  fwd=163.2ms  bwd=143.7ms  total=312.7ms
[ 131800] loss=6.5577  ema_loss=6.6632  gap=0.5510  ema_gap=0.5381  mixup=61/200  3.0 sps  ETA 6.4h  cpc=0.2155
              R²_rand=0.8612  R²_naive=0.8274  U_t=0.2319  U_b=0.4829  AUC=1.0000  Top1=1.0000
  timing: data=5.1ms  fwd=167.9ms  bwd=144.6ms  total=318.4ms
[ 132000] loss=7.0517  ema_loss=6.6476  gap=0.5130  ema_gap=0.5345  mixup=72/200  3.0 sps  ETA 6.4h  cpc=0.5887
              R²_rand=0.8726  R²_naive=0.8217  U_t=0.2014  U_b=0.4366  AUC=1.0000  Top1=1.0000
  timing: data=23.6ms  fwd=165.4ms  bwd=143.3ms  total=333.1ms
[ 132200] loss=6.4500  ema_loss=6.6676  gap=0.5628  ema_gap=0.5351  mixup=65/200  3.0 sps  ETA 6.3h  cpc=0.1558
              R²_rand=0.8638  R²_naive=0.8325  U_t=0.2209  U_b=0.4764  AUC=1.0000  Top1=1.0000
  timing: data=5.1ms  fwd=167.0ms  bwd=145.2ms  total=318.1ms
[ 132400] loss=7.7363  ema_loss=6.6473  gap=0.5317  ema_gap=0.5336  mixup=53/200  3.0 sps  ETA 6.3h  cpc=1.1823
              R²_rand=0.8711  R²_naive=0.8271  U_t=0.1988  U_b=0.3885  AUC=1.0000  Top1=1.0000
  timing: data=5.6ms  fwd=167.9ms  bwd=147.7ms  total=321.9ms
[ 132600] loss=6.5441  ema_loss=6.6194  gap=0.5350  ema_gap=0.5325  mixup=57/200  3.0 sps  ETA 6.3h  cpc=0.1882
              R²_rand=0.8747  R²_naive=0.8267  U_t=0.2011  U_b=0.4876  AUC=1.0000  Top1=1.0000
  timing: data=41.4ms  fwd=166.1ms  bwd=145.4ms  total=353.7ms
[ 132800] loss=7.0432  ema_loss=6.6542  gap=0.5448  ema_gap=0.5340  mixup=69/200  3.0 sps  ETA 6.3h  cpc=0.6142
              R²_rand=0.8779  R²_naive=0.8319  U_t=0.2216  U_b=0.4230  AUC=1.0000  Top1=1.0000
  timing: data=5.0ms  fwd=161.4ms  bwd=139.8ms  total=307.0ms
[ 133000] loss=6.5023  ema_loss=6.6117  gap=0.5538  ema_gap=0.5333  mixup=54/200  3.0 sps  ETA 6.3h  cpc=0.2317
              R²_rand=0.8784  R²_naive=0.8328  U_t=0.2209  U_b=0.4764  AUC=1.0000  Top1=1.0000
  timing: data=5.0ms  fwd=164.4ms  bwd=141.3ms  total=311.5ms
[ 133200] loss=6.3406  ema_loss=6.5972  gap=0.5510  ema_gap=0.5341  mixup=61/200  3.0 sps  ETA 6.3h  cpc=0.1232
              R²_rand=0.8691  R²_naive=0.8281  U_t=0.2177  U_b=0.4951  AUC=1.0000  Top1=1.0000
  timing: data=34.3ms  fwd=167.7ms  bwd=146.3ms  total=349.1ms
[ 133400] loss=6.5442  ema_loss=6.6490  gap=0.5433  ema_gap=0.5354  mixup=62/200  3.0 sps  ETA 6.2h  cpc=0.2012
              R²_rand=0.8764  R²_naive=0.8314  U_t=0.1945  U_b=0.4719  AUC=1.0000  Top1=1.0000
  timing: data=5.1ms  fwd=167.0ms  bwd=147.8ms  total=320.7ms
[ 133600] loss=6.5474  ema_loss=6.6043  gap=0.5209  ema_gap=0.5349  mixup=46/200  3.0 sps  ETA 6.2h  cpc=0.2167
              R²_rand=0.8756  R²_naive=0.8258  U_t=0.2090  U_b=0.4742  AUC=1.0000  Top1=1.0000
  timing: data=5.1ms  fwd=164.9ms  bwd=146.6ms  total=317.4ms
[ 133800] loss=6.3898  ema_loss=6.6198  gap=0.5254  ema_gap=0.5347  mixup=61/200  3.0 sps  ETA 6.2h  cpc=0.2048
              R²_rand=0.8759  R²_naive=0.8284  U_t=0.1894  U_b=0.4818  AUC=1.0000  Top1=1.0000
  timing: data=35.9ms  fwd=165.8ms  bwd=146.5ms  total=349.0ms
[ 134000] loss=6.7983  ema_loss=6.5734  gap=0.5222  ema_gap=0.5352  mixup=54/200  3.0 sps  ETA 6.2h  cpc=0.4559
              R²_rand=0.8696  R²_naive=0.8231  U_t=0.2133  U_b=0.4329  AUC=1.0000  Top1=1.0000
  timing: data=5.5ms  fwd=167.1ms  bwd=147.7ms  total=321.2ms
  -> Saved /root/cf373_runs/bb_small_arm6_v2_nse_lalign_lrepmoco_enc3l3_b64_200k_sigreg_ema_qk_aon_cpc_tau090_cf373k3/bb_small_arm6_v2_nse_lalign_lrepmoco_enc3l3_b64_200k_sigreg_ema_qk_aon_cpc_tau090_cf373k3_r3_best_loss.pth
[ 134200] loss=6.7828  ema_loss=6.5951  gap=0.4912  ema_gap=0.5328  mixup=62/200  3.0 sps  ETA 6.2h  cpc=0.3905
              R²_rand=0.8817  R²_naive=0.8237  U_t=0.1902  U_b=0.4277  AUC=1.0000  Top1=1.0000
  timing: data=5.1ms  fwd=163.7ms  bwd=144.6ms  total=314.1ms
[ 134400] loss=6.6513  ema_loss=6.6078  gap=0.5288  ema_gap=0.5289  mixup=52/200  3.0 sps  ETA 6.1h  cpc=0.3497
              R²_rand=0.8787  R²_naive=0.8294  U_t=0.1979  U_b=0.4563  AUC=1.0000  Top1=1.0000
  timing: data=25.8ms  fwd=166.7ms  bwd=147.0ms  total=340.2ms
[ 134600] loss=6.3354  ema_loss=6.6737  gap=0.5439  ema_gap=0.5294  mixup=55/200  3.0 sps  ETA 6.1h  cpc=0.1454
              R²_rand=0.8711  R²_naive=0.8322  U_t=0.1799  U_b=0.4621  AUC=1.0000  Top1=1.0000
  timing: data=5.3ms  fwd=166.4ms  bwd=149.9ms  total=322.5ms
[ 134800] loss=6.6429  ema_loss=6.6002  gap=0.5525  ema_gap=0.5311  mixup=57/200  3.0 sps  ETA 6.1h  cpc=0.2278
              R²_rand=0.8697  R²_naive=0.8282  U_t=0.2016  U_b=0.4746  AUC=1.0000  Top1=1.0000
  timing: data=5.4ms  fwd=166.6ms  bwd=148.1ms  total=320.9ms
[ 135000] loss=6.5407  ema_loss=6.5793  gap=0.5127  ema_gap=0.5332  mixup=62/200  3.0 sps  ETA 6.1h  cpc=0.1797
              R²_rand=0.8722  R²_naive=0.8223  U_t=0.1978  U_b=0.4690  AUC=1.0000  Top1=0.9997
  timing: data=4.9ms  fwd=166.6ms  bwd=144.9ms  total=317.1ms
[ 135200] loss=6.5237  ema_loss=6.5697  gap=0.5399  ema_gap=0.5326  mixup=61/200  3.0 sps  ETA 6.1h  cpc=0.2505
              R²_rand=0.8776  R²_naive=0.8317  U_t=0.2114  U_b=0.4725  AUC=1.0000  Top1=1.0000
  timing: data=36.0ms  fwd=167.2ms  bwd=146.7ms  total=350.7ms
  -> Saved /root/cf373_runs/bb_small_arm6_v2_nse_lalign_lrepmoco_enc3l3_b64_200k_sigreg_ema_qk_aon_cpc_tau090_cf373k3/bb_small_arm6_v2_nse_lalign_lrepmoco_enc3l3_b64_200k_sigreg_ema_qk_aon_cpc_tau090_cf373k3_r3_best_loss.pth
[ 135400] loss=6.4036  ema_loss=6.5609  gap=0.5361  ema_gap=0.5352  mixup=62/200  3.0 sps  ETA 6.0h  cpc=0.2134
              R²_rand=0.8729  R²_naive=0.8308  U_t=0.1990  U_b=0.4783  AUC=1.0000  Top1=1.0000
  timing: data=5.0ms  fwd=165.5ms  bwd=143.9ms  total=315.2ms
  -> Saved /root/cf373_runs/bb_small_arm6_v2_nse_lalign_lrepmoco_enc3l3_b64_200k_sigreg_ema_qk_aon_cpc_tau090_cf373k3/bb_small_arm6_v2_nse_lalign_lrepmoco_enc3l3_b64_200k_sigreg_ema_qk_aon_cpc_tau090_cf373k3_r3_best_loss.pth
[ 135600] loss=6.7341  ema_loss=6.5728  gap=0.5338  ema_gap=0.5347  mixup=56/200  3.0 sps  ETA 6.0h  cpc=0.3905
              R²_rand=0.8750  R²_naive=0.8294  U_t=0.2126  U_b=0.4274  AUC=1.0000  Top1=1.0000
  timing: data=5.0ms  fwd=166.7ms  bwd=147.6ms  total=320.2ms
[ 135800] loss=6.7557  ema_loss=6.5481  gap=0.5343  ema_gap=0.5325  mixup=61/200  3.0 sps  ETA 6.0h  cpc=0.4536
              R²_rand=0.8725  R²_naive=0.8312  U_t=0.1887  U_b=0.4285  AUC=1.0000  Top1=1.0000
  timing: data=36.8ms  fwd=164.9ms  bwd=147.0ms  total=349.6ms
  -> Saved /root/cf373_runs/bb_small_arm6_v2_nse_lalign_lrepmoco_enc3l3_b64_200k_sigreg_ema_qk_aon_cpc_tau090_cf373k3/bb_small_arm6_v2_nse_lalign_lrepmoco_enc3l3_b64_200k_sigreg_ema_qk_aon_cpc_tau090_cf373k3_r3_best_loss.pth
[ 136000] loss=6.6301  ema_loss=6.5569  gap=0.5471  ema_gap=0.5326  mixup=60/200  3.0 sps  ETA 6.0h  cpc=0.3643
              R²_rand=0.8759  R²_naive=0.8320  U_t=0.2104  U_b=0.4443  AUC=1.0000  Top1=1.0000
  timing: data=5.0ms  fwd=165.5ms  bwd=147.7ms  total=319.1ms
[ 136200] loss=6.5561  ema_loss=6.5379  gap=0.5427  ema_gap=0.5323  mixup=76/200  3.0 sps  ETA 6.0h  cpc=0.3152
              R²_rand=0.8767  R²_naive=0.8322  U_t=0.2026  U_b=0.4573  AUC=1.0000  Top1=1.0000
  timing: data=5.1ms  fwd=166.2ms  bwd=149.8ms  total=322.0ms
  -> Saved /root/cf373_runs/bb_small_arm6_v2_nse_lalign_lrepmoco_enc3l3_b64_200k_sigreg_ema_qk_aon_cpc_tau090_cf373k3/bb_small_arm6_v2_nse_lalign_lrepmoco_enc3l3_b64_200k_sigreg_ema_qk_aon_cpc_tau090_cf373k3_r3_best_loss.pth
[ 136400] loss=6.7677  ema_loss=6.5447  gap=0.5410  ema_gap=0.5319  mixup=58/200  3.0 sps  ETA 6.0h  cpc=0.4424
              R²_rand=0.8748  R²_naive=0.8303  U_t=0.1909  U_b=0.4407  AUC=1.0000  Top1=1.0000
  timing: data=39.6ms  fwd=166.1ms  bwd=150.5ms  total=357.0ms
[ 136600] loss=6.9478  ema_loss=6.5569  gap=0.5419  ema_gap=0.5335  mixup=66/200  3.0 sps  ETA 5.9h  cpc=0.6035
              R²_rand=0.8775  R²_naive=0.8346  U_t=0.2039  U_b=0.4319  AUC=1.0000  Top1=1.0000
  timing: data=5.1ms  fwd=165.7ms  bwd=144.5ms  total=316.1ms
[ 136800] loss=6.5915  ema_loss=6.5711  gap=0.5062  ema_gap=0.5369  mixup=66/200  3.0 sps  ETA 5.9h  cpc=0.3110
              R²_rand=0.8831  R²_naive=0.8275  U_t=0.1822  U_b=0.4348  AUC=1.0000  Top1=1.0000
  timing: data=4.9ms  fwd=166.1ms  bwd=144.3ms  total=316.2ms
