  [checkpoint] Branching to 'cf393_arm6_v2_combab_alignS_cf373k3_r2'.
  [checkpoint] Restored optimizer from /root/cf373_runs/arm6_v2_combab_alignS/leg_200k/cf393_arm6_v2_combab_alignS_cf373k3_140k_optimizer.pth (step=140000, best_ff=0.2462)
Resumed from /root/cf373_runs/arm6_v2_combab_alignS/leg_200k/cf393_arm6_v2_combab_alignS_cf373k3_140k.pth at step 140000
Device: cuda | Params: 720,668
Training for 200000 steps, bs=64, lr=0.001, T=4096, C=1, mix_ratio=0.0078125, freq_emb_dim=3, seasonality_emb_dim=3, mixup_p=0.3, rev_norm_kind=ewma(span=128), patch_stats=none, encoder_type=gru
Checkpoints: /root/cf373_runs/arm6_v2_combab_alignS/leg_200k/cf393_arm6_v2_combab_alignS_cf373k3_r2_*.pth
Loss CSV: /root/cf373_runs/arm6_v2_combab_alignS/leg_200k/cf393_arm6_v2_combab_alignS_cf373k3_r2_losses.csv
Latent-drift CSV: /root/cf373_runs/arm6_v2_combab_alignS/leg_200k/cf393_arm6_v2_combab_alignS_cf373k3_r2_latent_drift.csv (every 20000 steps, probe_bs=64, probe_seed=20260722)
Attn-amplitude CSV: /root/cf373_runs/arm6_v2_combab_alignS/leg_200k/cf393_arm6_v2_combab_alignS_cf373k3_r2_attn_amplitude.csv (every 200 steps)
Data: MIX 99% HF + 1% synth (forked-arma) + 0% crossfade + 1 triplet(s)=3 rows, hf_bs=64, synth_bs=0, cross_bs=0, total_bs=67
  [dataloader] 4274 shards, 42740000 total rows, target skip 8960000
  [dataloader] Fast-skip: starting at shard 896/4274, then skipping 0 rows within it
[ 140200] loss=15.0636  ema_loss=15.1202  gap=0.2766  ema_gap=0.2315  mixup=54/200  2.8 sps  ETA 5.9h
              R²_rand=0.6332  R²_naive=0.5428  U_t=0.0907  U_b=0.1276  AUC=0.9501  Top1=0.1691
  timing: data=44.2ms  fwd=163.7ms  bwd=137.5ms  total=346.2ms
[ 140400] loss=15.1455  ema_loss=15.1788  gap=0.2189  ema_gap=0.2329  mixup=61/200  3.1 sps  ETA 5.4h
              R²_rand=0.6263  R²_naive=0.5025  U_t=0.0897  U_b=0.1436  AUC=0.9503  Top1=0.2247
  timing: data=5.1ms  fwd=155.5ms  bwd=130.2ms  total=291.7ms
[ 140600] loss=14.9162  ema_loss=15.1020  gap=0.2632  ema_gap=0.2403  mixup=55/200  3.2 sps  ETA 5.2h
              R²_rand=0.6452  R²_naive=0.5454  U_t=0.0879  U_b=0.1463  AUC=0.9538  Top1=0.2182
  timing: data=4.8ms  fwd=152.3ms  bwd=129.0ms  total=286.9ms
[ 140800] loss=15.4139  ema_loss=15.1230  gap=0.2066  ema_gap=0.2311  mixup=56/200  3.2 sps  ETA 5.2h
              R²_rand=0.6017  R²_naive=0.4829  U_t=0.0943  U_b=0.1337  AUC=0.9335  Top1=0.1512
  timing: data=18.9ms  fwd=153.1ms  bwd=131.1ms  total=303.9ms
[ 141000] loss=15.2344  ema_loss=15.1655  gap=0.1673  ema_gap=0.2339  mixup=74/200  3.2 sps  ETA 5.1h
              R²_rand=0.6234  R²_naive=0.4684  U_t=0.0903  U_b=0.1517  AUC=0.9408  Top1=0.1501
  timing: data=4.6ms  fwd=149.4ms  bwd=126.2ms  total=281.1ms
[ 141200] loss=15.6003  ema_loss=15.1889  gap=0.1555  ema_gap=0.2256  mixup=48/200  3.3 sps  ETA 5.0h
              R²_rand=0.5988  R²_naive=0.4464  U_t=0.0973  U_b=0.1391  AUC=0.9429  Top1=0.1799
  timing: data=4.5ms  fwd=150.5ms  bwd=124.7ms  total=280.4ms
[ 141400] loss=15.2585  ema_loss=15.1908  gap=0.2672  ema_gap=0.2247  mixup=66/200  3.3 sps  ETA 5.0h
              R²_rand=0.6013  R²_naive=0.5156  U_t=0.0943  U_b=0.1357  AUC=0.9446  Top1=0.2239
  timing: data=21.8ms  fwd=153.0ms  bwd=128.3ms  total=303.9ms
[ 141600] loss=15.3446  ema_loss=15.1889  gap=0.1117  ema_gap=0.2240  mixup=66/200  3.3 sps  ETA 4.9h
              R²_rand=0.6027  R²_naive=0.4337  U_t=0.0940  U_b=0.1477  AUC=0.9565  Top1=0.1989
  timing: data=4.6ms  fwd=152.9ms  bwd=130.6ms  total=288.9ms
[ 141800] loss=14.6670  ema_loss=15.1762  gap=0.3114  ema_gap=0.2333  mixup=56/200  3.3 sps  ETA 4.9h
              R²_rand=0.6792  R²_naive=0.5842  U_t=0.0835  U_b=0.1532  AUC=0.9606  Top1=0.2722
  timing: data=4.4ms  fwd=150.4ms  bwd=128.5ms  total=284.1ms
[ 142000] loss=14.8968  ema_loss=15.1462  gap=0.2747  ema_gap=0.2334  mixup=58/200  3.3 sps  ETA 4.9h
              R²_rand=0.6641  R²_naive=0.5474  U_t=0.0829  U_b=0.1532  AUC=0.9641  Top1=0.2573
  timing: data=21.6ms  fwd=151.2ms  bwd=127.7ms  total=301.4ms
[ 142200] loss=15.4110  ema_loss=15.1450  gap=0.2390  ema_gap=0.2335  mixup=66/200  3.3 sps  ETA 4.9h
              R²_rand=0.6027  R²_naive=0.4970  U_t=0.0986  U_b=0.1408  AUC=0.9517  Top1=0.2168
  timing: data=5.3ms  fwd=152.9ms  bwd=131.8ms  total=290.8ms
[ 142400] loss=15.1207  ema_loss=15.1328  gap=0.3307  ema_gap=0.2335  mixup=56/200  3.3 sps  ETA 4.9h
              R²_rand=0.6332  R²_naive=0.5625  U_t=0.0909  U_b=0.1317  AUC=0.9544  Top1=0.2562
  timing: data=6.0ms  fwd=176.8ms  bwd=145.5ms  total=329.1ms
[ 142600] loss=15.3345  ema_loss=15.1726  gap=0.1447  ema_gap=0.2354  mixup=61/200  3.2 sps  ETA 4.9h
              R²_rand=0.6147  R²_naive=0.4509  U_t=0.0951  U_b=0.1482  AUC=0.9566  Top1=0.2092
  timing: data=19.9ms  fwd=167.0ms  bwd=142.3ms  total=330.0ms
[ 142800] loss=14.9132  ema_loss=15.1795  gap=0.2246  ema_gap=0.2307  mixup=46/200  3.2 sps  ETA 4.9h
              R²_rand=0.6709  R²_naive=0.5230  U_t=0.0852  U_b=0.1563  AUC=0.9632  Top1=0.2616
  timing: data=5.6ms  fwd=167.8ms  bwd=142.4ms  total=316.5ms
[ 143000] loss=15.3083  ema_loss=15.1360  gap=0.2095  ema_gap=0.2332  mixup=68/200  3.2 sps  ETA 4.9h
              R²_rand=0.6098  R²_naive=0.4762  U_t=0.0919  U_b=0.1383  AUC=0.9424  Top1=0.1864
  timing: data=5.3ms  fwd=166.9ms  bwd=142.0ms  total=314.9ms
[ 143200] loss=14.9678  ema_loss=15.1469  gap=0.2488  ema_gap=0.2394  mixup=69/200  3.2 sps  ETA 4.9h
              R²_rand=0.6622  R²_naive=0.5309  U_t=0.0856  U_b=0.1419  AUC=0.9549  Top1=0.2651
  timing: data=26.6ms  fwd=167.3ms  bwd=142.5ms  total=337.2ms
[ 143400] loss=15.2938  ema_loss=15.1652  gap=0.2688  ema_gap=0.2381  mixup=65/200  3.2 sps  ETA 4.9h
              R²_rand=0.6065  R²_naive=0.5175  U_t=0.0962  U_b=0.1384  AUC=0.9448  Top1=0.2217
  timing: data=5.5ms  fwd=169.2ms  bwd=142.5ms  total=318.0ms
[ 143600] loss=15.1002  ema_loss=15.0666  gap=0.1960  ema_gap=0.2281  mixup=51/200  3.2 sps  ETA 4.9h
              R²_rand=0.6308  R²_naive=0.4759  U_t=0.0897  U_b=0.1545  AUC=0.9488  Top1=0.2214
  timing: data=6.1ms  fwd=170.9ms  bwd=145.2ms  total=323.0ms
[ 143800] loss=15.2020  ema_loss=15.1067  gap=0.2021  ema_gap=0.2320  mixup=53/200  3.1 sps  ETA 5.0h
              R²_rand=0.6041  R²_naive=0.4908  U_t=0.0933  U_b=0.1443  AUC=0.9405  Top1=0.2166
  timing: data=19.8ms  fwd=170.2ms  bwd=146.3ms  total=337.1ms
[ 144000] loss=15.1274  ema_loss=15.1290  gap=0.1573  ema_gap=0.2296  mixup=52/200  3.1 sps  ETA 5.0h
              R²_rand=0.6401  R²_naive=0.4695  U_t=0.0950  U_b=0.1384  AUC=0.9440  Top1=0.2117
  timing: data=5.9ms  fwd=172.7ms  bwd=147.8ms  total=327.3ms
[ 144200] loss=15.3700  ema_loss=15.1649  gap=0.2241  ema_gap=0.2399  mixup=55/200  3.1 sps  ETA 5.0h
              R²_rand=0.6019  R²_naive=0.4923  U_t=0.0966  U_b=0.1385  AUC=0.9538  Top1=0.2250
  timing: data=6.1ms  fwd=172.5ms  bwd=146.0ms  total=325.4ms
[ 144400] loss=15.4382  ema_loss=15.1329  gap=0.2265  ema_gap=0.2329  mixup=68/200  3.1 sps  ETA 5.0h
              R²_rand=0.5869  R²_naive=0.4834  U_t=0.0985  U_b=0.1331  AUC=0.9304  Top1=0.1851
  timing: data=32.5ms  fwd=171.9ms  bwd=147.3ms  total=352.5ms
[ 144600] loss=15.0874  ema_loss=15.1646  gap=0.2514  ema_gap=0.2315  mixup=61/200  3.1 sps  ETA 5.0h
              R²_rand=0.6492  R²_naive=0.5398  U_t=0.0938  U_b=0.1398  AUC=0.9523  Top1=0.2312
  timing: data=5.4ms  fwd=173.2ms  bwd=147.8ms  total=327.3ms
[ 144800] loss=15.0027  ema_loss=15.1316  gap=0.2617  ema_gap=0.2327  mixup=65/200  3.1 sps  ETA 5.0h
              R²_rand=0.6631  R²_naive=0.5456  U_t=0.0939  U_b=0.1360  AUC=0.9573  Top1=0.2640
  timing: data=5.8ms  fwd=170.3ms  bwd=143.1ms  total=319.9ms
[ 145000] loss=15.2688  ema_loss=15.1252  gap=0.1160  ema_gap=0.2270  mixup=53/200  3.1 sps  ETA 5.0h
              R²_rand=0.6039  R²_naive=0.4237  U_t=0.0923  U_b=0.1340  AUC=0.9493  Top1=0.2046
  timing: data=33.6ms  fwd=168.3ms  bwd=140.6ms  total=343.2ms
[ 145200] loss=14.4775  ema_loss=15.1523  gap=0.2023  ema_gap=0.2276  mixup=59/200  3.1 sps  ETA 4.9h
              R²_rand=0.6947  R²_naive=0.5275  U_t=0.0793  U_b=0.1436  AUC=0.9612  Top1=0.2383
  timing: data=5.3ms  fwd=172.7ms  bwd=146.2ms  total=325.2ms
[ 145400] loss=15.0683  ema_loss=15.1844  gap=0.2182  ema_gap=0.2327  mixup=64/200  3.1 sps  ETA 4.9h
              R²_rand=0.6411  R²_naive=0.5011  U_t=0.0897  U_b=0.1522  AUC=0.9552  Top1=0.2038
  timing: data=5.9ms  fwd=173.5ms  bwd=145.5ms  total=325.8ms
[ 145600] loss=14.9567  ema_loss=15.2159  gap=0.2139  ema_gap=0.2313  mixup=66/200  3.1 sps  ETA 4.9h
              R²_rand=0.6371  R²_naive=0.5041  U_t=0.0895  U_b=0.1599  AUC=0.9630  Top1=0.2364
  timing: data=6.1ms  fwd=172.8ms  bwd=145.6ms  total=325.3ms
[ 145800] loss=15.6915  ema_loss=15.1977  gap=0.2309  ema_gap=0.2278  mixup=67/200  3.1 sps  ETA 4.9h
              R²_rand=0.5726  R²_naive=0.4749  U_t=0.0972  U_b=0.1331  AUC=0.9250  Top1=0.1691
  timing: data=21.3ms  fwd=171.4ms  bwd=144.6ms  total=338.0ms
[ 146000] loss=14.9622  ema_loss=15.1657  gap=0.2290  ema_gap=0.2316  mixup=63/200  3.1 sps  ETA 4.9h
              R²_rand=0.6376  R²_naive=0.5319  U_t=0.0894  U_b=0.1428  AUC=0.9637  Top1=0.2570
  timing: data=5.7ms  fwd=170.6ms  bwd=144.5ms  total=321.6ms
[ 146200] loss=15.1925  ema_loss=15.1619  gap=0.1176  ema_gap=0.2196  mixup=65/200  3.1 sps  ETA 4.9h
              R²_rand=0.6101  R²_naive=0.4313  U_t=0.0916  U_b=0.1457  AUC=0.9527  Top1=0.1989
  timing: data=6.0ms  fwd=172.1ms  bwd=146.4ms  total=325.3ms
[ 146400] loss=14.9021  ema_loss=15.1410  gap=0.2481  ema_gap=0.2347  mixup=61/200  3.1 sps  ETA 4.9h
              R²_rand=0.6426  R²_naive=0.5401  U_t=0.0894  U_b=0.1457  AUC=0.9625  Top1=0.2646
  timing: data=27.7ms  fwd=168.6ms  bwd=142.6ms  total=339.7ms
[ 146600] loss=15.1175  ema_loss=15.1044  gap=0.2184  ema_gap=0.2365  mixup=61/200  3.1 sps  ETA 4.9h
              R²_rand=0.6503  R²_naive=0.5169  U_t=0.0863  U_b=0.1402  AUC=0.9570  Top1=0.2374
  timing: data=5.6ms  fwd=168.6ms  bwd=141.9ms  total=316.8ms
[ 146800] loss=14.9962  ema_loss=15.1492  gap=0.2853  ema_gap=0.2306  mixup=49/200  3.1 sps  ETA 4.8h
              R²_rand=0.6581  R²_naive=0.5463  U_t=0.0905  U_b=0.1444  AUC=0.9635  Top1=0.2947
  timing: data=5.6ms  fwd=167.3ms  bwd=141.7ms  total=315.3ms
[ 147000] loss=15.6455  ema_loss=15.2067  gap=0.1384  ema_gap=0.2208  mixup=64/200  3.0 sps  ETA 4.8h
              R²_rand=0.5371  R²_naive=0.4365  U_t=0.1016  U_b=0.1326  AUC=0.9147  Top1=0.1379
  timing: data=20.0ms  fwd=167.3ms  bwd=140.0ms  total=328.0ms
[ 147200] loss=15.2095  ema_loss=15.1606  gap=0.1321  ema_gap=0.2293  mixup=59/200  3.0 sps  ETA 4.8h
              R²_rand=0.6334  R²_naive=0.4465  U_t=0.0849  U_b=0.1436  AUC=0.9535  Top1=0.1680
  timing: data=6.1ms  fwd=170.2ms  bwd=144.4ms  total=321.5ms
[ 147400] loss=14.7197  ema_loss=15.1696  gap=0.2376  ema_gap=0.2304  mixup=73/200  3.0 sps  ETA 4.8h
              R²_rand=0.6741  R²_naive=0.5514  U_t=0.0776  U_b=0.1580  AUC=0.9644  Top1=0.2545
  timing: data=6.0ms  fwd=167.6ms  bwd=143.0ms  total=317.4ms
[ 147600] loss=15.6374  ema_loss=15.1550  gap=0.2022  ema_gap=0.2247  mixup=69/200  3.0 sps  ETA 4.8h
              R²_rand=0.5763  R²_naive=0.4857  U_t=0.0961  U_b=0.1285  AUC=0.9437  Top1=0.1685
  timing: data=21.7ms  fwd=173.2ms  bwd=147.7ms  total=343.4ms
[ 147800] loss=15.3148  ema_loss=15.1206  gap=0.2095  ema_gap=0.2271  mixup=56/200  3.0 sps  ETA 4.8h
              R²_rand=0.6218  R²_naive=0.5066  U_t=0.0966  U_b=0.1323  AUC=0.9513  Top1=0.2022
  timing: data=6.0ms  fwd=172.4ms  bwd=143.8ms  total=323.0ms
[ 148000] loss=15.1588  ema_loss=15.1388  gap=0.0945  ema_gap=0.2247  mixup=72/200  3.0 sps  ETA 4.8h
              R²_rand=0.6188  R²_naive=0.4270  U_t=0.0927  U_b=0.1371  AUC=0.9522  Top1=0.1696
  timing: data=5.7ms  fwd=167.4ms  bwd=144.0ms  total=317.9ms
[ 148200] loss=15.4475  ema_loss=15.1904  gap=0.2218  ema_gap=0.2283  mixup=73/200  3.0 sps  ETA 4.7h
              R²_rand=0.5965  R²_naive=0.4849  U_t=0.0955  U_b=0.1389  AUC=0.9418  Top1=0.1484
  timing: data=34.1ms  fwd=170.1ms  bwd=143.8ms  total=348.8ms
[ 148400] loss=15.2019  ema_loss=15.1798  gap=0.2506  ema_gap=0.2293  mixup=57/200  3.0 sps  ETA 4.7h
              R²_rand=0.6327  R²_naive=0.5023  U_t=0.0887  U_b=0.1513  AUC=0.9552  Top1=0.2478
  timing: data=5.4ms  fwd=164.5ms  bwd=140.0ms  total=310.7ms
[ 148600] loss=14.4322  ema_loss=15.1280  gap=0.2310  ema_gap=0.2358  mixup=62/200  3.0 sps  ETA 4.7h
              R²_rand=0.6941  R²_naive=0.5515  U_t=0.0757  U_b=0.1538  AUC=0.9644  Top1=0.2516
  timing: data=6.1ms  fwd=170.6ms  bwd=142.2ms  total=319.6ms
[ 148800] loss=15.2130  ema_loss=15.1563  gap=0.2696  ema_gap=0.2246  mixup=61/200  3.0 sps  ETA 4.7h
              R²_rand=0.5804  R²_naive=0.5275  U_t=0.0941  U_b=0.1248  AUC=0.9318  Top1=0.1913
  timing: data=53.9ms  fwd=170.0ms  bwd=142.3ms  total=367.0ms
[ 149000] loss=15.0873  ema_loss=15.1973  gap=0.1511  ema_gap=0.2253  mixup=61/200  3.0 sps  ETA 4.7h
              R²_rand=0.6384  R²_naive=0.4616  U_t=0.0900  U_b=0.1583  AUC=0.9505  Top1=0.2030
  timing: data=5.8ms  fwd=167.7ms  bwd=141.1ms  total=315.4ms
