  A1_k3_bb100k_student         n= 97  all=1.1676  short=1.0367  medium=1.3573  long=1.3715
  A1_k3_bb100k_teacher         n= 97  all=1.1565  short=1.0354  medium=1.3424  long=1.3311
  A1_k3_bb40k_student          n= 97  all=1.1305  short=1.0045  medium=1.3305  long=1.3091
  A1_k3_bb40k_teacher          n= 97  all=1.1318  short=1.0108  medium=1.3153  long=1.3092
  A1rep_k3_bb100k_student      n= 97  all=1.1610  short=1.0271  medium=1.3563  long=1.3703
  A1rep_k3_bb40k_student       n= 97  all=1.1447  short=1.0253  medium=1.3335  long=1.3112
  A2_k3_bb100k_student         n= 97  all=1.2479  short=1.1560  medium=1.4061  long=1.3528
  A2_k3_bb100k_teacher         n= 97  all=1.2514  short=1.1634  medium=1.4028  long=1.3516
  A2_k3_bb200k_student         n= 97  all=1.2507  short=1.1571  medium=1.4078  long=1.3622
  A2_k3_bb200k_teacher         n= 97  all=1.2500  short=1.1566  medium=1.4031  long=1.3649
  A2_k3_bb40k_student          n= 97  all=1.2735  short=1.1897  medium=1.4188  long=1.3659
  A2_k3_bb40k_teacher          n= 97  all=1.2753  short=1.1886  medium=1.4241  long=1.3734
  A3_k0_bb40k_student          n= 97  all=1.2189  short=1.1128  medium=1.3789  long=1.3678
  A3_k0_bb40k_teacher          n= 97  all=1.2184  short=1.1107  medium=1.3824  long=1.3685
  A3_k3_bb100k_student         n= 97  all=1.3010  short=1.2352  medium=1.4299  long=1.3559
  A3_k3_bb100k_teacher         n= 97  all=1.3151  short=1.2567  medium=1.4289  long=1.3635
  A3_k3_bb200k_student         n= 97  all=1.3998  short=1.3760  medium=1.4636  long=1.4002
  A3_k3_bb200k_student_s20260723 n= 97  all=1.4098  short=1.3782  medium=1.4872  long=1.4180
  A3_k3_bb200k_teacher         n= 97  all=1.2913  short=1.2187  medium=1.4187  long=1.3678
  A3_k3_bb40k_student          n= 97  all=1.3618  short=1.3027  medium=1.4728  long=1.4142
  A3_k3_bb40k_teacher          n= 97  all=1.3521  short=1.2868  medium=1.4736  long=1.4124
  A4_k3_bb100k_student         n= 97  all=1.0801  short=0.9638  medium=1.2389  long=1.2688
  A4_k3_bb100k_teacher         n= 97  all=1.0874  short=0.9579  medium=1.2643  long=1.3033
  A4_k3_bb200k_student         n= 97  all=1.0660  short=0.9661  medium=1.1962  long=1.2292
  A4_k3_bb200k_teacher         n= 97  all=1.0828  short=0.9729  medium=1.2317  long=1.2597
  A4_k3_bb40k_student          n= 97  all=1.0862  short=0.9644  medium=1.2533  long=1.2851
  A4_k3_bb40k_teacher          n= 97  all=1.0855  short=0.9655  medium=1.2598  long=1.2713
  B10_k3_bb100k_student        n= 97  all=1.2403  short=1.1276  medium=1.4315  long=1.3793
  B10_k3_bb100k_teacher        n= 97  all=1.2499  short=1.1454  medium=1.4260  long=1.3770
  B10_k3_bb200k_student        n= 97  all=1.2624  short=1.1732  medium=1.4209  long=1.3592
  B10_k3_bb200k_teacher        n= 97  all=1.2440  short=1.1350  medium=1.4228  long=1.3829
  B10_k3_bb40k_student         n= 97  all=1.2669  short=1.1815  medium=1.4114  long=1.3655
  B10_k3_bb40k_teacher         n= 97  all=1.2730  short=1.1918  medium=1.4124  long=1.3639
  B1_k3_bb100k_student         n= 97  all=1.0881  short=0.9676  medium=1.2581  long=1.2793
  B1_k3_bb100k_teacher         n= 97  all=1.0897  short=0.9715  medium=1.2542  long=1.2791
  B1_k3_bb200k_student         n= 97  all=1.1009  short=0.9823  medium=1.2474  long=1.3095
  B1_k3_bb200k_teacher         n= 97  all=1.1001  short=0.9824  medium=1.2487  long=1.3038
  B1_k3_bb40k_student          n= 97  all=1.0850  short=0.9711  medium=1.2429  long=1.2664
  B1_k3_bb40k_teacher          n= 97  all=1.0948  short=0.9779  medium=1.2566  long=1.2819
  B2_k3_bb100k_student         n= 97  all=1.3443  short=1.2942  medium=1.4383  long=1.3877
  B2_k3_bb100k_teacher         n= 97  all=1.3117  short=1.2376  medium=1.4400  long=1.3913
  B2_k3_bb200k_student         n= 97  all=1.2904  short=1.2248  medium=1.4092  long=1.3544
  B2_k3_bb200k_teacher         n= 97  all=1.2825  short=1.2108  medium=1.4102  long=1.3558
  B2_k3_bb40k_student          n= 97  all=1.3976  short=1.3688  medium=1.4673  long=1.4060
  B2_k3_bb40k_teacher          n= 97  all=1.4041  short=1.3797  medium=1.4677  long=1.4064
  B3_k3_bb100k_student         n= 97  all=1.1676  short=1.0367  medium=1.3573  long=1.3715
  B3_k3_bb100k_teacher         n= 97  all=1.1618  short=1.0329  medium=1.3503  long=1.3605
  B3_k3_bb40k_student          n= 97  all=1.1305  short=1.0045  medium=1.3305  long=1.3091
  B3_k3_bb40k_teacher          n= 97  all=1.1343  short=1.0112  medium=1.3248  long=1.3121
  B3rep_k3_bb100k_student      n= 97  all=1.1610  short=1.0271  medium=1.3563  long=1.3703
  B3rep_k3_bb40k_student       n= 97  all=1.1447  short=1.0253  medium=1.3335  long=1.3112
  B4_k3_bb100k_student         n= 97  all=1.2804  short=1.2080  medium=1.4004  long=1.3634
  B4_k3_bb100k_teacher         n= 97  all=1.2748  short=1.2010  medium=1.3976  long=1.3594
  B4_k3_bb200k_student         n= 97  all=1.3182  short=1.2490  medium=1.4340  long=1.3959
  B4_k3_bb200k_teacher         n= 97  all=1.3202  short=1.2527  medium=1.4342  long=1.3941
  B4_k3_bb40k_student          n= 97  all=1.3334  short=1.2807  medium=1.4342  long=1.3779
  B4_k3_bb40k_teacher          n= 97  all=1.3339  short=1.2837  medium=1.4306  long=1.3751
  B5_k0_bb40k_student          n= 97  all=1.3917  short=1.3154  medium=1.5398  long=1.4578
  B5_k0_bb40k_teacher          n= 97  all=1.3719  short=1.2868  medium=1.5331  long=1.4518
  B5_k3_bb100k_student         n= 97  all=1.3383  short=1.2568  medium=1.4759  long=1.4305
  B5_k3_bb100k_teacher         n= 97  all=1.3428  short=1.2627  medium=1.4778  long=1.4332
  B5_k3_bb40k_student          n= 97  all=1.3204  short=1.2306  medium=1.4783  long=1.4180
  B5_k3_bb40k_teacher          n= 97  all=1.3216  short=1.2297  medium=1.4843  long=1.4212
  B6_k3_bb100k_student         n= 97  all=1.2151  short=1.1056  medium=1.3695  long=1.3806
  B6_k3_bb100k_teacher         n= 97  all=1.2110  short=1.1012  medium=1.3712  long=1.3715
  B6_k3_bb200k_student         n= 97  all=1.2207  short=1.1154  medium=1.3831  long=1.3645
  B6_k3_bb200k_teacher         n= 97  all=1.2339  short=1.1346  medium=1.3850  long=1.3698
  B6_k3_bb40k_student          n= 97  all=1.2297  short=1.1154  medium=1.4074  long=1.3872
  B6_k3_bb40k_teacher          n= 97  all=1.2184  short=1.1035  medium=1.3962  long=1.3781
  B7_k3_bb100k_student         n= 97  all=1.3205  short=1.2369  medium=1.4454  long=1.4318
  B7_k3_bb100k_teacher         n= 97  all=1.2780  short=1.1667  medium=1.4463  long=1.4336
  B7_k3_bb40k_student          n= 97  all=1.2617  short=1.1355  medium=1.4669  long=1.4302
  B7_k3_bb40k_teacher          n= 97  all=1.2444  short=1.1155  medium=1.4536  long=1.4187
  B8_k3_bb100k_student         n= 97  all=1.3157  short=1.2555  medium=1.4216  long=1.3765
  B8_k3_bb100k_teacher         n= 97  all=1.3239  short=1.2676  medium=1.4263  long=1.3769
  B8_k3_bb40k_student          n= 97  all=1.2857  short=1.2046  medium=1.4209  long=1.3800
  B8_k3_bb40k_teacher          n= 97  all=1.2865  short=1.2041  medium=1.4260  long=1.3803
  B9_k3_bb100k_student         n= 97  all=1.3299  short=1.2698  medium=1.4405  long=1.3859
  B9_k3_bb100k_teacher         n= 97  all=1.3094  short=1.2386  medium=1.4422  long=1.3751
  B9_k3_bb40k_student          n= 97  all=1.2791  short=1.2009  medium=1.4153  long=1.3638
  B9_k3_bb40k_teacher          n= 97  all=1.2728  short=1.1925  medium=1.4100  long=1.3629
  G1_B5pub_bb40k_student       n= 97  all=1.2751  short=1.1575  medium=1.4628  long=1.4321
  G2_B9_k0_bb40k_student       n= 97  all=1.5583  short=1.3745  medium=1.9145  long=1.7617
  G2_B9_k0_bb40k_teacher       n= 97  all=1.5599  short=1.3676  medium=1.9229  long=1.7861
  G3_A3_k0_aw4_bb40k_student   n= 97  all=1.2590  short=1.1643  medium=1.4215  long=1.3685
  G3_A3_k0_aw4_bb40k_teacher   n= 97  all=1.2558  short=1.1591  medium=1.4238  long=1.3665
  G3_A3_k1_bb40k_student       n= 97  all=1.1995  short=1.0834  medium=1.3894  long=1.3519
  G3_A3_k1_bb40k_teacher       n= 97  all=1.2063  short=1.0945  medium=1.3892  long=1.3515
  G5_B5_s2_k0_bb40k_student    n= 97  all=1.2716  short=1.1582  medium=1.4397  long=1.4347
  G5_B5_s2_k0_bb40k_teacher    n= 97  all=1.2661  short=1.1466  medium=1.4477  long=1.4357
  G5_B5_s2_k3_bb40k_student    n= 97  all=1.3292  short=1.2391  medium=1.4783  long=1.4363
  G5_B5_s2_k3_bb40k_teacher    n= 97  all=1.3260  short=1.2391  medium=1.4621  long=1.4361
  G6_B1_k0_bb40k_student       n= 97  all=1.2025  short=1.0267  medium=1.4835  long=1.4746
  G6_B1_k0_bb40k_teacher       n= 97  all=1.2001  short=1.0302  medium=1.4690  long=1.4619
  G6_B1_k3_bb40k_student       n= 97  all=1.0850  short=0.9711  medium=1.2429  long=1.2664
  G6_B1_k3_bb40k_teacher       n= 97  all=1.0948  short=0.9779  medium=1.2566  long=1.2819
  G7_B5_k0_e_bb40k_student     n= 97  all=1.2751  short=1.1575  medium=1.4628  long=1.4321
  wrote 1164 rows -> /tmp/contrastive-forecasting-373/reports/2026-08-08_rollout_depth/results/splits.csv
  B9_k3_student        all          n= 97  Δ=-0.2791  95% CI [-0.3548, -0.1980]  improved in 100.0% of resamples
  B9_k3_student        short        n= 55  Δ=-0.1736  95% CI [-0.2470, -0.1038]  improved in 100.0% of resamples
  B9_k3_student        medium_long  n= 42  Δ=-0.4472  95% CI [-0.5655, -0.3382]  improved in 100.0% of resamples
  B9_k3_teacher        all          n= 97  Δ=-0.2871  95% CI [-0.3644, -0.2032]  improved in 100.0% of resamples
  B9_k3_teacher        short        n= 55  Δ=-0.1751  95% CI [-0.2501, -0.1018]  improved in 100.0% of resamples
  B9_k3_teacher        medium_long  n= 42  Δ=-0.4670  95% CI [-0.5952, -0.3523]  improved in 100.0% of resamples
  B1_k3_student        all          n= 97  Δ=-0.1175  95% CI [-0.1801, -0.0615]  improved in 100.0% of resamples
  B1_k3_student        short        n= 55  Δ=-0.0556  95% CI [-0.1017, -0.0184]  improved in 99.9% of resamples
  B1_k3_student        medium_long  n= 42  Δ=-0.2244  95% CI [-0.3504, -0.1243]  improved in 100.0% of resamples
  B1_k3_teacher        all          n= 97  Δ=-0.1053  95% CI [-0.1661, -0.0515]  improved in 100.0% of resamples
  B1_k3_teacher        short        n= 55  Δ=-0.0523  95% CI [-0.0980, -0.0146]  improved in 99.7% of resamples
  B1_k3_teacher        medium_long  n= 42  Δ=-0.1963  95% CI [-0.3129, -0.1047]  improved in 100.0% of resamples
  B5_s1_k3_student     all          n= 97  Δ=-0.0713  95% CI [-0.1327, -0.0267]  improved in 100.0% of resamples
  B5_s1_k3_student     short        n= 55  Δ=-0.0848  95% CI [-0.1732, -0.0068]  improved in 98.3% of resamples
  B5_s1_k3_student     medium_long  n= 42  Δ=-0.0504  95% CI [-0.0972, -0.0137]  improved in 99.7% of resamples
  B5_s1_k3_teacher     all          n= 97  Δ=-0.0503  95% CI [-0.0965, -0.0108]  improved in 99.4% of resamples
  B5_s1_k3_teacher     short        n= 55  Δ=-0.0571  95% CI [-0.1215, +0.0086]  improved in 95.8% of resamples
  B5_s1_k3_teacher     medium_long  n= 42  Δ=-0.0395  95% CI [-0.0882, +0.0028]  improved in 96.6% of resamples
  B5_s2_k3_student     all          n= 97  Δ=+0.0575  95% CI [+0.0173, +0.1094]  improved in 0.2% of resamples
  B5_s2_k3_student     short        n= 55  Δ=+0.0809  95% CI [+0.0231, +0.1549]  improved in 0.1% of resamples
  B5_s2_k3_student     medium_long  n= 42  Δ=+0.0199  95% CI [-0.0215, +0.0745]  improved in 19.0% of resamples
  B5_s2_k3_teacher     all          n= 97  Δ=+0.0599  95% CI [+0.0214, +0.1105]  improved in 0.1% of resamples
  B5_s2_k3_teacher     short        n= 55  Δ=+0.0925  95% CI [+0.0345, +0.1701]  improved in 0.0% of resamples
  B5_s2_k3_teacher     medium_long  n= 42  Δ=+0.0074  95% CI [-0.0268, +0.0543]  improved in 38.7% of resamples
  A3_k1_student        all          n= 97  Δ=-0.0195  95% CI [-0.0537, +0.0148]  improved in 86.9% of resamples
  A3_k1_student        short        n= 55  Δ=-0.0294  95% CI [-0.0652, +0.0007]  improved in 97.1% of resamples
  A3_k1_student        medium_long  n= 42  Δ=-0.0029  95% CI [-0.0565, +0.0628]  improved in 55.8% of resamples
  A3_k3_student        all          n= 97  Δ=+0.1429  95% CI [+0.0893, +0.2122]  improved in 0.0% of resamples
  A3_k3_student        short        n= 55  Δ=+0.1899  95% CI [+0.1254, +0.2739]  improved in 0.0% of resamples
  A3_k3_student        medium_long  n= 42  Δ=+0.0698  95% CI [+0.0226, +0.1415]  improved in 0.0% of resamples
  A3_k1_teacher        all          n= 97  Δ=-0.0121  95% CI [-0.0479, +0.0261]  improved in 74.0% of resamples
  A3_k1_teacher        short        n= 55  Δ=-0.0163  95% CI [-0.0596, +0.0275]  improved in 77.9% of resamples
  A3_k1_teacher        medium_long  n= 42  Δ=-0.0052  95% CI [-0.0572, +0.0602]  improved in 59.5% of resamples
  A3_k3_teacher        all          n= 97  Δ=+0.1337  95% CI [+0.0839, +0.2004]  improved in 0.0% of resamples
  A3_k3_teacher        short        n= 55  Δ=+0.1760  95% CI [+0.1177, +0.2537]  improved in 0.0% of resamples
  A3_k3_teacher        medium_long  n= 42  Δ=+0.0673  95% CI [+0.0197, +0.1414]  improved in 0.0% of resamples
  B5_seed_and_machine_k0_student all          n= 97  Δ=-0.1200  95% CI [-0.1825, -0.0742]  improved in 100.0% of resamples
  B5_seed_and_machine_k0_student short        n= 55  Δ=-0.1572  95% CI [-0.2381, -0.0922]  improved in 100.0% of resamples
  B5_seed_and_machine_k0_student medium_long  n= 42  Δ=-0.0611  95% CI [-0.1229, -0.0187]  improved in 99.9% of resamples
  B5_seed_and_machine_k0_teacher all          n= 97  Δ=-0.1057  95% CI [-0.1578, -0.0661]  improved in 100.0% of resamples
  B5_seed_and_machine_k0_teacher short        n= 55  Δ=-0.1401  95% CI [-0.2044, -0.0831]  improved in 100.0% of resamples
  B5_seed_and_machine_k0_teacher medium_long  n= 42  Δ=-0.0502  95% CI [-0.1098, -0.0117]  improved in 99.8% of resamples
  B5_seed_and_machine_k3_student all          n= 97  Δ=+0.0088  95% CI [-0.0306, +0.0520]  improved in 34.0% of resamples
  B5_seed_and_machine_k3_student short        n= 55  Δ=+0.0084  95% CI [-0.0439, +0.0708]  improved in 40.0% of resamples
  B5_seed_and_machine_k3_student medium_long  n= 42  Δ=+0.0093  95% CI [-0.0441, +0.0587]  improved in 34.8% of resamples
  B5_seed_and_machine_k3_teacher all          n= 97  Δ=+0.0044  95% CI [-0.0344, +0.0462]  improved in 41.6% of resamples
  B5_seed_and_machine_k3_teacher short        n= 55  Δ=+0.0095  95% CI [-0.0364, +0.0668]  improved in 37.6% of resamples
  B5_seed_and_machine_k3_teacher medium_long  n= 42  Δ=-0.0034  95% CI [-0.0647, +0.0442]  improved in 53.2% of resamples
  B5_machine_k0_student all          n= 97  Δ=-0.1166  95% CI [-0.1885, -0.0645]  improved in 100.0% of resamples
  B5_machine_k0_student short        n= 55  Δ=-0.1579  95% CI [-0.2530, -0.0830]  improved in 100.0% of resamples
  B5_machine_k0_student medium_long  n= 42  Δ=-0.0509  95% CI [-0.1257, +0.0095]  improved in 94.7% of resamples
  B5_seed_k0_student   all          n= 97  Δ=+0.0035  95% CI [-0.0183, +0.0230]  improved in 36.3% of resamples
  B5_seed_k0_student   short        n= 55  Δ=-0.0007  95% CI [-0.0315, +0.0284]  improved in 51.3% of resamples
  B5_seed_k0_student   medium_long  n= 42  Δ=+0.0102  95% CI [-0.0158, +0.0419]  improved in 22.8% of resamples
  A3_alignx4_student   all          n= 97  Δ=+0.0401  95% CI [+0.0116, +0.0767]  improved in 0.2% of resamples
  A3_alignx4_student   short        n= 55  Δ=+0.0515  95% CI [+0.0139, +0.1003]  improved in 0.2% of resamples
  A3_alignx4_student   medium_long  n= 42  Δ=+0.0214  95% CI [-0.0039, +0.0609]  improved in 6.4% of resamples
  A3_alignx4_teacher   all          n= 97  Δ=+0.0374  95% CI [+0.0058, +0.0756]  improved in 1.0% of resamples
  A3_alignx4_teacher   short        n= 55  Δ=+0.0484  95% CI [+0.0038, +0.1001]  improved in 1.6% of resamples
  A3_alignx4_teacher   medium_long  n= 42  Δ=+0.0194  95% CI [-0.0079, +0.0597]  improved in 10.3% of resamples
  A3_200k_headseed_student all          n= 97  Δ=+0.0100  95% CI [-0.0163, +0.0378]  improved in 22.7% of resamples
  A3_200k_headseed_student short        n= 55  Δ=+0.0022  95% CI [-0.0346, +0.0386]  improved in 42.7% of resamples
  A3_200k_headseed_student medium_long  n= 42  Δ=+0.0207  95% CI [+0.0000, +0.0544]  improved in 2.5% of resamples
  A3_200k_draw2_vs_100k_student all          n= 97  Δ=+0.1088  95% CI [+0.0656, +0.1667]  improved in 0.0% of resamples
  A3_200k_draw2_vs_100k_student short        n= 55  Δ=+0.1431  95% CI [+0.0898, +0.2089]  improved in 0.0% of resamples
  A3_200k_draw2_vs_100k_student medium_long  n= 42  Δ=+0.0598  95% CI [+0.0226, +0.1162]  improved in 0.0% of resamples
[assets] bootstrap -> /tmp/contrastive-forecasting-373/reports/2026-08-08_rollout_depth/results/bootstrap.csv
  wrote /tmp/contrastive-forecasting-373/reports/2026-08-08_rollout_depth/plots/depth_response.png (12 row(s))
  wrote /tmp/contrastive-forecasting-373/reports/2026-08-08_rollout_depth/plots/b5_backbones.png (5 line(s))
  wrote /tmp/contrastive-forecasting-373/reports/2026-08-08_rollout_depth/plots/a3_depth.png
  ABORT: B1's k = 0, k = 3 and x4 control are not all scored yet
  wrote /tmp/contrastive-forecasting-373/reports/2026-08-08_rollout_depth/plots/encoder_delta.png (11 point(s))
  wrote /tmp/contrastive-forecasting-373/reports/2026-08-08_rollout_depth/plots/horizon_split_student.png (6 pair(s), student head)
  wrote /tmp/contrastive-forecasting-373/reports/2026-08-08_rollout_depth/plots/domain_radar_student.png (6 panel(s))
  wrote /tmp/contrastive-forecasting-373/reports/2026-08-08_rollout_depth/plots/horizon_split_teacher.png (6 pair(s), teacher head)
  wrote /tmp/contrastive-forecasting-373/reports/2026-08-08_rollout_depth/plots/domain_radar_teacher.png (6 panel(s))
  wrote /tmp/contrastive-forecasting-373/reports/2026-08-08_rollout_depth/plots/reproduction.png (7 row(s))
  wrote /tmp/contrastive-forecasting-373/reports/2026-08-08_rollout_depth/plots/a3_reseed.png
  draw 1 1.3998  draw 2 1.4098  spread 0.0100  teacher 1.2913
  cell	stop	student	teacher	abs_gap	group
  A3	bb200k	1.3998	1.2913	0.1085	A
  B7	bb100k	1.3205	1.2780	0.0425	B
  B2	bb100k	1.3443	1.3117	0.0326	B
  B9	bb100k	1.3299	1.3094	0.0205	B
  B10	bb200k	1.2624	1.2440	0.0184	B
  B7	bb40k	1.2617	1.2444	0.0173	B
  A4	bb200k	1.0660	1.0828	0.0168	A
  A3	bb100k	1.3010	1.3151	0.0141	A
  B6	bb200k	1.2207	1.2339	0.0132	B
  B6	bb40k	1.2297	1.2184	0.0113	B
  A1	bb100k	1.1676	1.1565	0.0111	A
  B1	bb40k	1.0850	1.0948	0.0098	B
  A3	bb40k	1.3618	1.3521	0.0097	A
  B10	bb100k	1.2403	1.2499	0.0096	B
  B8	bb100k	1.3157	1.3239	0.0082	B
  B2	bb200k	1.2904	1.2825	0.0079	B
  A4	bb100k	1.0801	1.0874	0.0073	A
  B2	bb40k	1.3976	1.4041	0.0065	B
  B9	bb40k	1.2791	1.2728	0.0063	B
  B10	bb40k	1.2669	1.2730	0.0061	B
  B3	bb100k	1.1676	1.1618	0.0058	B
  B4	bb100k	1.2804	1.2748	0.0056	B
  B5	bb100k	1.3383	1.3428	0.0045	B
  B6	bb100k	1.2151	1.2110	0.0041	B
  B3	bb40k	1.1305	1.1343	0.0038	B
  A2	bb100k	1.2479	1.2514	0.0035	A
  B4	bb200k	1.3182	1.3202	0.0020	B
  A2	bb40k	1.2735	1.2753	0.0018	A
  B1	bb100k	1.0881	1.0897	0.0016	B
  A1	bb40k	1.1305	1.1318	0.0013	A
  B5	bb40k	1.3204	1.3216	0.0012	B
  B8	bb40k	1.2857	1.2865	0.0008	B
  B1	bb200k	1.1009	1.1001	0.0008	B
  A4	bb40k	1.0862	1.0855	0.0007	A
  A2	bb200k	1.2507	1.2500	0.0007	A
  B4	bb40k	1.3334	1.3339	0.0005	B
  
  largest gap      A3 bb200k  0.1085
  next largest     0.0425  (2.6x smaller)
  next in group A  0.0168  (6.5x smaller)
  
  three-stop trajectories, student head:
    A2: 1.2735 -> 1.2479 -> 1.2507  200k-100k +0.0028  turns round
    A3: 1.3618 -> 1.3010 -> 1.3998  200k-100k +0.0988  turns round
    A4: 1.0862 -> 1.0801 -> 1.0660  200k-100k -0.0141  monotone
    B1: 1.0850 -> 1.0881 -> 1.1009  200k-100k +0.0128  monotone
    B2: 1.3976 -> 1.3443 -> 1.2904  200k-100k -0.0539  monotone
    B4: 1.3334 -> 1.2804 -> 1.3182  200k-100k +0.0378  turns round
    B6: 1.2297 -> 1.2151 -> 1.2207  200k-100k +0.0056  turns round
    B10: 1.2669 -> 1.2403 -> 1.2624  200k-100k +0.0221  turns round
  
  largest reversal A3 +0.0988
  
  wrote /tmp/contrastive-forecasting-373/reports/2026-08-08_rollout_depth/results/head_gap.tsv
  wrote /tmp/contrastive-forecasting-373/reports/2026-08-08_rollout_depth/plots/cos_err_depth.png (5 cell(s))
  wrote /tmp/contrastive-forecasting-373/reports/2026-08-08_rollout_depth/plots/per_run_loss.png
  wrote /tmp/contrastive-forecasting-373/reports/2026-08-08_rollout_depth/plots/cos_error_per_arm.png
  wrote /tmp/contrastive-forecasting-373/reports/2026-08-08_rollout_depth/plots/dim_usage_per_arm.png
  arm    k  last_50pct  last_25pct  last_10pct  final_step  stable
  B9     3     -0.0707     -0.0893     -0.0938     -0.0817  yes
  B1     3     -0.0968     -0.0915     -0.1122     -0.0807  yes
  B5·s1  3     +0.0157     +0.0102     +0.0121     +0.0150  yes
  B5·s2  3     +0.0121     +0.0061     +0.0023     -0.0129  NO
  A3     1     +0.0871     +0.0902     +0.1159     +0.0401  yes
  A3     3     -0.0469     -0.0004     +0.0489     +0.0623  NO
  NOTE: the gap changes sign with the window on B5·s2, A3. The diagnostic gives those arms no sign; only an arm marked `yes` has one.
  wrote /tmp/contrastive-forecasting-373/reports/2026-08-08_rollout_depth/results/depth0_gap.csv (6 arm(s))
  B9:0                     d=1 0.3975  d=4 0.0018  d=16 0.0790
  B9:3                     d=1 0.4890  d=4 0.2798  d=16 0.1074
  B1:0                     d=1 0.5783  d=4 0.5881  d=16 0.5705
  B1:3                     d=1 0.8349  d=4 0.8559  d=16 0.8623
  B5·s1:0                  d=1 0.7884  d=4 0.7837  d=16 0.7720
  B5·s1:3                  d=1 0.8906  d=4 0.8721  d=16 0.8317
  B5·s2:0                  d=1 0.3531  d=4 0.5770  d=16 0.3009
  B5·s2:3                  d=1 0.8722  d=4 0.8780  d=16 0.8459
  A3:0                     d=1 0.9324  d=4 0.9291  d=16 0.9044
  A3:1                     d=1 0.8435  d=4 0.8192  d=16 0.8256
  A3:3                     d=1 0.9824  d=4 0.9583  d=16 0.9073
  wrote 176 rows -> /tmp/contrastive-forecasting-373/reports/2026-08-08_rollout_depth/results/rollout_fidelity.csv
  wrote /tmp/contrastive-forecasting-373/reports/2026-08-08_rollout_depth/plots/rollout_fidelity.png (11 curve(s))
  B9 k=0  2000->25000  h=0.956036  e=0.886398
  B9 k=0  25000->40000  h=0.877389  e=0.713786
  B9 k=3  20000->40000  h=0.988704  e=0.967372
  B1 k=0  2000->25000  h=0.802968  e=0.815767
  B1 k=0  25000->40000  h=0.471749  e=0.450246
  B1 k=3  2000->25000  h=0.905638  e=0.902367
  B1 k=3  25000->40000  h=0.839718  e=0.678328
  B5·s1 k=0  20000->40000  h=0.910544  e=0.619192
  B5·s1 k=3  20000->40000  h=1.000941  e=0.412261
  B5·s2 k=0  2000->25000  h=1.018466  e=0.854641
  B5·s2 k=0  25000->40000  h=1.009190  e=0.461409
  B5·s2 k=3  2000->25000  h=1.025543  e=0.821048
  B5·s2 k=3  25000->40000  h=0.945578  e=0.403947
  A3 k=0  20000->40000  h=0.989065  e=0.672549
  A3 k=1  20000->40000  h=0.799795  e=0.606632
  A3 k=3  20000->40000  h=1.018646  e=0.611506
  wrote /tmp/contrastive-forecasting-373/reports/2026-08-08_rollout_depth/plots/latent_movement.png and /tmp/contrastive-forecasting-373/reports/2026-08-08_rollout_depth/results/latent_movement.csv (16 interval(s))
  G2_B9_k0      B9     k=0 elisa       RTX 4090 #0   179 min  backbone 96% / head 4%  [G3_A3_k0_aw4(96%) G5_B5_s2_k3(4%)]
  B9_k3         B9     k=3 vast box c  RTX 4090      305 min  backbone 0% / head 0%  [none]
  G_B1_k0_aw4   B1     k=0 elisa       RTX 4090 #1     0 min  backbone 0% / head 0%  [none]
  G6_B1_k0      B1     k=0 elisa       RTX 4090 #0   141 min  backbone 100% / head 100%  [G5_B5_s2_k3(100%)]
  G6_B1_k3      B1     k=3 elisa       RTX 4090 #0   183 min  backbone 68% / head 100%  [G3_A3_k1(68%) G5_B5_s2_k3(32%)]
  B5_k0         B5·s1  k=0 vast box d  RTX 5090      101 min  backbone 0% / head 0%  [none]
  B5_k3         B5·s1  k=3 vast box a  RTX 5090      219 min  backbone 0% / head 0%  [none]
  G5_B5_s2_k0   B5·s2  k=0 elisa       RTX 4090 #0   157 min  backbone 100% / head 98%  [G5_B5_s2_k3(100%)]
  G5_B5_s2_k3   B5·s2  k=3 elisa       RTX 4090 #0   364 min  backbone 43% / head 100%  [G2_B9_k0(2%) G5_B5_s2_k0(43%) G6_B1_k0(39%) G6_B1_k3(16%)]
  G7_B5_k0_e    B5·s3  k=0 elisa       RTX 4090 #0   155 min  backbone 0% / head 0%  [none]
  G3_A3_k0_aw4  A3     k=0 elisa       RTX 4090 #0   172 min  backbone 100% / head 0%  [G2_B9_k0(100%)]
  A3_k0         A3     k=0 vast box d  RTX 5090       96 min  backbone 0% / head 0%  [none]
  G3_A3_k1      A3     k=1 elisa       RTX 4090 #0   172 min  backbone 72% / head 100%  [G6_B1_k3(72%)]
  A3_k3         A3     k=3 vast box b  RTX 5090      111 min  backbone 0% / head 0%  [1 clone(s) of itself]
  
  wrote /tmp/contrastive-forecasting-373/reports/2026-08-08_rollout_depth/results/run_provenance.csv (14 run(s))
  B9     k=0 elisa       RTX 4090  solo n=   0  fwd+bwd=     — ms   (another backbone for 96% of the run; head training for 4% of it)
  B9     k=3 vast box c  RTX 4090  solo n= 199  fwd+bwd= 425.2 ms   (alone)
  B1     k=0 elisa       RTX 4090  solo n=   0  fwd+bwd=     — ms   (another backbone for 100% of the run; head training for 100% of it)
  B1     k=3 elisa       RTX 4090  solo n=   0  fwd+bwd=     — ms   (another backbone for 68% of the run; head training for 100% of it)
  B5·s1  k=0 vast box d  RTX 5090  solo n= 199  fwd+bwd= 117.6 ms   (alone)
  B5·s1  k=3 vast box a  RTX 5090  solo n= 199  fwd+bwd= 301.9 ms   (alone)
  B5·s2  k=0 elisa       RTX 4090  solo n=   0  fwd+bwd=     — ms   (another backbone for 100% of the run; head training for 98% of it)
  B5·s2  k=3 elisa       RTX 4090  solo n=   0  fwd+bwd=     — ms   (another backbone for 43% of the run; head training for 100% of it)
  A3     k=0 vast box d  RTX 5090  solo n= 199  fwd+bwd= 115.9 ms   (alone)
  A3     k=1 elisa       RTX 4090  solo n=   0  fwd+bwd=     — ms   (another backbone for 72% of the run; head training for 100% of it)
  A3     k=3 vast box b  RTX 5090  solo n= 127  fwd+bwd= 131.5 ms   (alone after a clone)
  
  A3 k=0 -> k=1: NO RATIO — k=1 was shared
  A3: fwd+bwd 115.9 -> 131.5 ms (+13%)  [vast box d -> vast box b]
  B1 k=0 -> k=3: NO RATIO — k=0 was shared
  B5·s1: fwd+bwd 117.6 -> 301.9 ms (+157%)  [vast box d -> vast box a]
  B5·s2 k=0 -> k=3: NO RATIO — k=0 was shared
  B9 k=0 -> k=3: NO RATIO — k=0 was shared
  
  wrote /tmp/contrastive-forecasting-373/reports/2026-08-08_rollout_depth/results/steptime_solo.csv (11 run(s), 5 of them solo)
  B5·s1   k=0 seed=20260520 vast box d  step   200  loss=5.5767   mixup=61/200
  B5·s1   k=0 seed=20260520 vast box d  step   400  loss=5.1220   mixup=58/200
  B5·s1   k=0 seed=20260520 vast box d  step   600  loss=4.9019   mixup=65/200
  B5·s1   k=0 seed=20260520 vast box d  step   800  loss=4.9475   mixup=65/200
  B5·s2   k=0 seed=20260521 elisa       step   200  loss=5.6595   mixup=53/200
  B5·s2   k=0 seed=20260521 elisa       step   400  loss=5.3568   mixup=62/200
  B5·s2   k=0 seed=20260521 elisa       step   600  loss=5.0143   mixup=51/200
  B5·s2   k=0 seed=20260521 elisa       step   800  loss=5.1256   mixup=65/200
  B5·s3   k=0 seed=20260520 elisa       step   200  loss=5.5610   mixup=61/200
  B5·s3   k=0 seed=20260520 elisa       step   400  loss=5.2078   mixup=58/200
  B5·s3   k=0 seed=20260520 elisa       step   600  loss=4.9412   mixup=65/200
  B5·s3   k=0 seed=20260520 elisa       step   800  loss=5.1249   mixup=65/200
  
  wrote /tmp/contrastive-forecasting-373/reports/2026-08-08_rollout_depth/results/early_loss.csv (12 row(s))
  wrote /tmp/contrastive-forecasting-373/reports/2026-08-08_rollout_depth/plots/ladder.png (5 arm(s))
