[2026-08-13T07:18:25Z] [finish] verified bb_B8_100k -> bb_small_arm6_v2_nse_lalign_lrepmoco_enc3l3_b64_200k_sigreg_ema_qk_aon_cpc_tau090_alignteacher_cf373k3_100k.pth + optimizer
[2026-08-13T07:18:25Z] [finish] verified bb_B10_200k -> bb_small_arm6_v2_nse_lalign_lrepmoco_enc3l3_b64_200k_sigreg_ema_qk_aon_cpc_tau090_cf373k3_r3_200k.pth + optimizer
[2026-08-13T07:18:26Z] [finish] verified bb_A2_200k -> cf393_arm6_v2_nse_alignT_cf373k3_200k.pth + optimizer
[2026-08-13T07:18:26Z] [finish] verified bb_B4_200k -> bb_small_arm5_combab_lalign_lrep_enc3l3_b64_200k_sigreg_ema_qk_aon_cpc_tau090_alignteacher_cf373k3_r3_200k.pth + optimizer
[2026-08-13T07:18:26Z] [finish] verified bb_B6_200k -> bb_small_arm6_v2_ncpc_lalign_lrepmoco_enc3l3_b64_200k_sigreg_ema_qk_aon_cpc_tau090_cf373k3_r3_200k.pth + optimizer
[2026-08-13T07:18:26Z] [finish] verified bb_B2_200k -> bb_small_arm6_v2_combab_lalign_lrepmoco_enc3l3_b64_200k_sigreg_ema_qk_aon_cpc_tau090_alignteacher_cf373k3_r2_200k.pth + optimizer
[2026-08-13T07:18:26Z] [finish] verified bb_A3_200k -> cf393_arm6_v2_combab_alignT_cf373k3_200k.pth + optimizer
[2026-08-13T07:18:26Z] [finish] verified bb_B1_200k -> bb_small_arm6_v2_combab_lalign_lrepmoco_enc3l3_b64_200k_sigreg_ema_qk_aon_cpc_tau090_cf373k3_r2_200k.pth + optimizer
[2026-08-13T07:18:26Z] [finish] verified hd_B8_100k_student -> qhead_B8_k3_bb100k_student_s20260722_final.pth
[2026-08-13T07:18:26Z] [finish] verified hd_B8_100k_teacher -> qhead_B8_k3_bb100k_teacher_s20260722_final.pth
[2026-08-13T07:18:26Z] [finish] verified hd_B10_200k_student -> qhead_B10_k3_bb200k_student_s20260722_final.pth
[2026-08-13T07:18:26Z] [finish] verified hd_B10_200k_teacher -> qhead_B10_k3_bb200k_teacher_s20260722_final.pth
[2026-08-13T07:18:26Z] [finish] verified hd_A2_200k_student -> qhead_A2_k3_bb200k_student_s20260722_final.pth
[2026-08-13T07:18:26Z] [finish] verified hd_A2_200k_teacher -> qhead_A2_k3_bb200k_teacher_s20260722_final.pth
[2026-08-13T07:18:26Z] [finish] verified hd_B4_200k_student -> qhead_B4_k3_bb200k_student_s20260722_final.pth
[2026-08-13T07:18:26Z] [finish] verified hd_B4_200k_teacher -> qhead_B4_k3_bb200k_teacher_s20260722_final.pth
[2026-08-13T07:18:26Z] [finish] verified hd_B6_200k_student -> qhead_B6_k3_bb200k_student_s20260722_final.pth
[2026-08-13T07:18:26Z] [finish] verified hd_B6_200k_teacher -> qhead_B6_k3_bb200k_teacher_s20260722_final.pth
[2026-08-13T07:18:26Z] [finish] verified hd_B2_200k_student -> qhead_B2_k3_bb200k_student_s20260722_final.pth
[2026-08-13T07:18:26Z] [finish] verified hd_B2_200k_teacher -> qhead_B2_k3_bb200k_teacher_s20260722_final.pth
[2026-08-13T07:18:26Z] [finish] verified hd_A3_200k_student -> qhead_A3_k3_bb200k_student_s20260722_final.pth
[2026-08-13T07:18:26Z] [finish] verified hd_A3_200k_teacher -> qhead_A3_k3_bb200k_teacher_s20260722_final.pth
[2026-08-13T07:18:26Z] [finish] verified hd_B8_40k_student -> qhead_B8_k3_bb40k_student_s20260722_final.pth
[2026-08-13T07:18:26Z] [finish] verified hd_B8_40k_teacher -> qhead_B8_k3_bb40k_teacher_s20260722_final.pth
[2026-08-13T07:18:26Z] [finish] VERIFY ok — done=37 running=6 queued=4 failed=0
[2026-08-13T07:18:33Z] [finish] start. box 47557391 (cf373-dual), PR #400, poll 180s. done=37 running=6 queued=4 failed=0
[2026-08-13T08:41:58Z] [finish] verified bb_B8_100k -> bb_small_arm6_v2_nse_lalign_lrepmoco_enc3l3_b64_200k_sigreg_ema_qk_aon_cpc_tau090_alignteacher_cf373k3_100k.pth + optimizer
[2026-08-13T08:41:58Z] [finish] verified bb_B10_200k -> bb_small_arm6_v2_nse_lalign_lrepmoco_enc3l3_b64_200k_sigreg_ema_qk_aon_cpc_tau090_cf373k3_r3_200k.pth + optimizer
[2026-08-13T08:41:58Z] [finish] verified bb_A2_200k -> cf393_arm6_v2_nse_alignT_cf373k3_200k.pth + optimizer
[2026-08-13T08:41:58Z] [finish] verified bb_B4_200k -> bb_small_arm5_combab_lalign_lrep_enc3l3_b64_200k_sigreg_ema_qk_aon_cpc_tau090_alignteacher_cf373k3_r3_200k.pth + optimizer
[2026-08-13T08:41:58Z] [finish] verified bb_B6_200k -> bb_small_arm6_v2_ncpc_lalign_lrepmoco_enc3l3_b64_200k_sigreg_ema_qk_aon_cpc_tau090_cf373k3_r3_200k.pth + optimizer
[2026-08-13T08:41:58Z] [finish] verified bb_B2_200k -> bb_small_arm6_v2_combab_lalign_lrepmoco_enc3l3_b64_200k_sigreg_ema_qk_aon_cpc_tau090_alignteacher_cf373k3_r2_200k.pth + optimizer
[2026-08-13T08:41:58Z] [finish] verified bb_A3_200k -> cf393_arm6_v2_combab_alignT_cf373k3_200k.pth + optimizer
[2026-08-13T08:41:59Z] [finish] verified bb_B1_200k -> bb_small_arm6_v2_combab_lalign_lrepmoco_enc3l3_b64_200k_sigreg_ema_qk_aon_cpc_tau090_cf373k3_r2_200k.pth + optimizer
[2026-08-13T08:41:59Z] [finish] verified hd_B8_100k_student -> qhead_B8_k3_bb100k_student_s20260722_final.pth
[2026-08-13T08:41:59Z] [finish] verified hd_B8_100k_teacher -> qhead_B8_k3_bb100k_teacher_s20260722_final.pth
[2026-08-13T08:41:59Z] [finish] verified hd_B10_200k_student -> qhead_B10_k3_bb200k_student_s20260722_final.pth
[2026-08-13T08:41:59Z] [finish] verified hd_B10_200k_teacher -> qhead_B10_k3_bb200k_teacher_s20260722_final.pth
[2026-08-13T08:41:59Z] [finish] verified hd_A2_200k_student -> qhead_A2_k3_bb200k_student_s20260722_final.pth
[2026-08-13T08:41:59Z] [finish] verified hd_A2_200k_teacher -> qhead_A2_k3_bb200k_teacher_s20260722_final.pth
[2026-08-13T08:41:59Z] [finish] verified hd_B4_200k_student -> qhead_B4_k3_bb200k_student_s20260722_final.pth
[2026-08-13T08:41:59Z] [finish] verified hd_B4_200k_teacher -> qhead_B4_k3_bb200k_teacher_s20260722_final.pth
[2026-08-13T08:41:59Z] [finish] verified hd_B6_200k_student -> qhead_B6_k3_bb200k_student_s20260722_final.pth
[2026-08-13T08:41:59Z] [finish] verified hd_B6_200k_teacher -> qhead_B6_k3_bb200k_teacher_s20260722_final.pth
[2026-08-13T08:41:59Z] [finish] verified hd_B2_200k_student -> qhead_B2_k3_bb200k_student_s20260722_final.pth
[2026-08-13T08:41:59Z] [finish] verified hd_B2_200k_teacher -> qhead_B2_k3_bb200k_teacher_s20260722_final.pth
[2026-08-13T08:41:59Z] [finish] verified hd_A3_200k_student -> qhead_A3_k3_bb200k_student_s20260722_final.pth
[2026-08-13T08:41:59Z] [finish] verified hd_A3_200k_teacher -> qhead_A3_k3_bb200k_teacher_s20260722_final.pth
[2026-08-13T08:41:59Z] [finish] verified hd_B1_200k_student -> qhead_B1_k3_bb200k_student_s20260722_final.pth
[2026-08-13T08:41:59Z] [finish] verified hd_B1_200k_teacher -> qhead_B1_k3_bb200k_teacher_s20260722_final.pth
[2026-08-13T08:41:59Z] [finish] verified hd_B8_40k_student -> qhead_B8_k3_bb40k_student_s20260722_final.pth
[2026-08-13T08:41:59Z] [finish] verified hd_B8_40k_teacher -> qhead_B8_k3_bb40k_teacher_s20260722_final.pth
[2026-08-13T08:41:59Z] [finish] VERIFY ok — done=42 running=3 queued=2 failed=0
[2026-08-13T08:42:19Z] [finish] start. box 47557391 (cf373-dual), PR #400, poll 180s. done=42 running=3 queued=2 failed=0
[2026-08-13T11:12:47Z] [finish] verified bb_B8_100k -> bb_small_arm6_v2_nse_lalign_lrepmoco_enc3l3_b64_200k_sigreg_ema_qk_aon_cpc_tau090_alignteacher_cf373k3_100k.pth + optimizer
[2026-08-13T11:12:47Z] [finish] verified bb_B10_200k -> bb_small_arm6_v2_nse_lalign_lrepmoco_enc3l3_b64_200k_sigreg_ema_qk_aon_cpc_tau090_cf373k3_r3_200k.pth + optimizer
[2026-08-13T11:12:47Z] [finish] verified bb_A2_200k -> cf393_arm6_v2_nse_alignT_cf373k3_200k.pth + optimizer
[2026-08-13T11:12:47Z] [finish] verified bb_B4_200k -> bb_small_arm5_combab_lalign_lrep_enc3l3_b64_200k_sigreg_ema_qk_aon_cpc_tau090_alignteacher_cf373k3_r3_200k.pth + optimizer
[2026-08-13T11:12:47Z] [finish] verified bb_B6_200k -> bb_small_arm6_v2_ncpc_lalign_lrepmoco_enc3l3_b64_200k_sigreg_ema_qk_aon_cpc_tau090_cf373k3_r3_200k.pth + optimizer
[2026-08-13T11:12:47Z] [finish] verified bb_B2_200k -> bb_small_arm6_v2_combab_lalign_lrepmoco_enc3l3_b64_200k_sigreg_ema_qk_aon_cpc_tau090_alignteacher_cf373k3_r2_200k.pth + optimizer
[2026-08-13T11:12:47Z] [finish] verified bb_A3_200k -> cf393_arm6_v2_combab_alignT_cf373k3_200k.pth + optimizer
[2026-08-13T11:12:47Z] [finish] verified bb_A4_200k -> cf393_arm6_v2_combab_alignS_cf373k3_r2_200k.pth + optimizer
[2026-08-13T11:12:47Z] [finish] verified bb_B1_200k -> bb_small_arm6_v2_combab_lalign_lrepmoco_enc3l3_b64_200k_sigreg_ema_qk_aon_cpc_tau090_cf373k3_r2_200k.pth + optimizer
[2026-08-13T11:12:47Z] [finish] verified hd_B8_100k_student -> qhead_B8_k3_bb100k_student_s20260722_final.pth
[2026-08-13T11:12:47Z] [finish] verified hd_B8_100k_teacher -> qhead_B8_k3_bb100k_teacher_s20260722_final.pth
[2026-08-13T11:12:47Z] [finish] verified hd_B10_200k_student -> qhead_B10_k3_bb200k_student_s20260722_final.pth
[2026-08-13T11:12:47Z] [finish] verified hd_B10_200k_teacher -> qhead_B10_k3_bb200k_teacher_s20260722_final.pth
[2026-08-13T11:12:47Z] [finish] verified hd_A2_200k_student -> qhead_A2_k3_bb200k_student_s20260722_final.pth
[2026-08-13T11:12:47Z] [finish] verified hd_A2_200k_teacher -> qhead_A2_k3_bb200k_teacher_s20260722_final.pth
[2026-08-13T11:12:47Z] [finish] verified hd_B4_200k_student -> qhead_B4_k3_bb200k_student_s20260722_final.pth
[2026-08-13T11:12:47Z] [finish] verified hd_B4_200k_teacher -> qhead_B4_k3_bb200k_teacher_s20260722_final.pth
[2026-08-13T11:12:47Z] [finish] verified hd_B6_200k_student -> qhead_B6_k3_bb200k_student_s20260722_final.pth
[2026-08-13T11:12:47Z] [finish] verified hd_B6_200k_teacher -> qhead_B6_k3_bb200k_teacher_s20260722_final.pth
[2026-08-13T11:12:47Z] [finish] verified hd_B2_200k_student -> qhead_B2_k3_bb200k_student_s20260722_final.pth
[2026-08-13T11:12:48Z] [finish] verified hd_B2_200k_teacher -> qhead_B2_k3_bb200k_teacher_s20260722_final.pth
[2026-08-13T11:12:48Z] [finish] verified hd_A3_200k_student -> qhead_A3_k3_bb200k_student_s20260722_final.pth
[2026-08-13T11:12:48Z] [finish] verified hd_A3_200k_teacher -> qhead_A3_k3_bb200k_teacher_s20260722_final.pth
[2026-08-13T11:12:48Z] [finish] verified hd_B1_200k_student -> qhead_B1_k3_bb200k_student_s20260722_final.pth
[2026-08-13T11:12:48Z] [finish] verified hd_B1_200k_teacher -> qhead_B1_k3_bb200k_teacher_s20260722_final.pth
[2026-08-13T11:12:48Z] [finish] verified hd_B8_40k_student -> qhead_B8_k3_bb40k_student_s20260722_final.pth
[2026-08-13T11:12:48Z] [finish] verified hd_B8_40k_teacher -> qhead_B8_k3_bb40k_teacher_s20260722_final.pth
[2026-08-13T11:12:48Z] [finish] VERIFY ok — done=45 running=1 queued=1 failed=0
[2026-08-13T11:12:55Z] [finish] start. box 47557391 (cf373-dual), PR #400, poll 120s. done=45 running=1 queued=1 failed=0
[2026-08-13T11:27:24Z] [finish] every backbone and head terminal, repro heads open: 0. done=46 running=0 queued=1 failed=0
[2026-08-13T11:27:24Z] [finish] waiting 1000s for one full sync tick before the destroy
[2026-08-13T11:37:43Z] [finish] verified bb_B8_100k -> bb_small_arm6_v2_nse_lalign_lrepmoco_enc3l3_b64_200k_sigreg_ema_qk_aon_cpc_tau090_alignteacher_cf373k3_100k.pth + optimizer
[2026-08-13T11:37:43Z] [finish] verified bb_B10_200k -> bb_small_arm6_v2_nse_lalign_lrepmoco_enc3l3_b64_200k_sigreg_ema_qk_aon_cpc_tau090_cf373k3_r3_200k.pth + optimizer
[2026-08-13T11:37:43Z] [finish] verified bb_A2_200k -> cf393_arm6_v2_nse_alignT_cf373k3_200k.pth + optimizer
[2026-08-13T11:37:43Z] [finish] verified bb_B4_200k -> bb_small_arm5_combab_lalign_lrep_enc3l3_b64_200k_sigreg_ema_qk_aon_cpc_tau090_alignteacher_cf373k3_r3_200k.pth + optimizer
[2026-08-13T11:37:43Z] [finish] verified bb_B6_200k -> bb_small_arm6_v2_ncpc_lalign_lrepmoco_enc3l3_b64_200k_sigreg_ema_qk_aon_cpc_tau090_cf373k3_r3_200k.pth + optimizer
[2026-08-13T11:37:43Z] [finish] verified bb_B2_200k -> bb_small_arm6_v2_combab_lalign_lrepmoco_enc3l3_b64_200k_sigreg_ema_qk_aon_cpc_tau090_alignteacher_cf373k3_r2_200k.pth + optimizer
[2026-08-13T11:37:43Z] [finish] verified bb_A3_200k -> cf393_arm6_v2_combab_alignT_cf373k3_200k.pth + optimizer
[2026-08-13T11:37:43Z] [finish] verified bb_A4_200k -> cf393_arm6_v2_combab_alignS_cf373k3_r2_200k.pth + optimizer
[2026-08-13T11:37:43Z] [finish] verified bb_B1_200k -> bb_small_arm6_v2_combab_lalign_lrepmoco_enc3l3_b64_200k_sigreg_ema_qk_aon_cpc_tau090_cf373k3_r2_200k.pth + optimizer
[2026-08-13T11:37:43Z] [finish] verified hd_B8_100k_student -> qhead_B8_k3_bb100k_student_s20260722_final.pth
[2026-08-13T11:37:43Z] [finish] verified hd_B8_100k_teacher -> qhead_B8_k3_bb100k_teacher_s20260722_final.pth
[2026-08-13T11:37:43Z] [finish] verified hd_B10_200k_student -> qhead_B10_k3_bb200k_student_s20260722_final.pth
[2026-08-13T11:37:43Z] [finish] verified hd_B10_200k_teacher -> qhead_B10_k3_bb200k_teacher_s20260722_final.pth
[2026-08-13T11:37:43Z] [finish] verified hd_A2_200k_student -> qhead_A2_k3_bb200k_student_s20260722_final.pth
[2026-08-13T11:37:43Z] [finish] verified hd_A2_200k_teacher -> qhead_A2_k3_bb200k_teacher_s20260722_final.pth
[2026-08-13T11:37:43Z] [finish] verified hd_B4_200k_student -> qhead_B4_k3_bb200k_student_s20260722_final.pth
[2026-08-13T11:37:43Z] [finish] verified hd_B4_200k_teacher -> qhead_B4_k3_bb200k_teacher_s20260722_final.pth
[2026-08-13T11:37:43Z] [finish] verified hd_B6_200k_student -> qhead_B6_k3_bb200k_student_s20260722_final.pth
[2026-08-13T11:37:43Z] [finish] verified hd_B6_200k_teacher -> qhead_B6_k3_bb200k_teacher_s20260722_final.pth
[2026-08-13T11:37:43Z] [finish] verified hd_B2_200k_student -> qhead_B2_k3_bb200k_student_s20260722_final.pth
[2026-08-13T11:37:43Z] [finish] verified hd_B2_200k_teacher -> qhead_B2_k3_bb200k_teacher_s20260722_final.pth
[2026-08-13T11:37:43Z] [finish] verified hd_A3_200k_student -> qhead_A3_k3_bb200k_student_s20260722_final.pth
[2026-08-13T11:37:43Z] [finish] verified hd_A3_200k_teacher -> qhead_A3_k3_bb200k_teacher_s20260722_final.pth
[2026-08-13T11:37:43Z] [finish] verified hd_A4_200k_student -> qhead_A4_k3_bb200k_student_s20260722_final.pth
[2026-08-13T11:37:43Z] [finish] verified hd_B1_200k_student -> qhead_B1_k3_bb200k_student_s20260722_final.pth
[2026-08-13T11:37:43Z] [finish] verified hd_B1_200k_teacher -> qhead_B1_k3_bb200k_teacher_s20260722_final.pth
[2026-08-13T11:37:43Z] [finish] verified hd_B8_40k_student -> qhead_B8_k3_bb40k_student_s20260722_final.pth
[2026-08-13T11:37:43Z] [finish] verified hd_B8_40k_teacher -> qhead_B8_k3_bb40k_teacher_s20260722_final.pth
[2026-08-13T11:37:43Z] [finish] VERIFY ok — done=46 running=1 queued=0 failed=0
[2026-08-13T11:39:08Z] [finish] stopped by hand. The box was already gone at 11:36:57Z, so
[2026-08-13T11:39:08Z] [finish] the pending destroy had no target and would have logged a false
[2026-08-13T11:39:08Z] [finish] "it is still running". VERIFY_ONLY re-ran the artefact gate at
[2026-08-13T11:39:08Z] [finish] 11:37:43Z and returned ok over all 46 terminal jobs. The session
[2026-08-13T11:39:08Z] [finish] posts the round comment itself.
