[08-12 12:04:11] [bootstrap ssh2.vast.ai:20364] packing code
[08-12 12:04:11] [bootstrap ssh2.vast.ai:20364] uploading 336K
Warning: Permanently added '[ssh2.vast.ai]:20364' (ED25519) to the list of known hosts.
Welcome to vast.ai. If authentication fails, try again after a few seconds, and double check your ssh key.
Have fun!
[08-12 12:04:39] [bootstrap ssh2.vast.ai:20364] installing
Warning: Permanently added '[ssh2.vast.ai]:20364' (ED25519) to the list of known hosts.
Welcome to vast.ai. If authentication fails, try again after a few seconds, and double check your ssh key.
Have fun!
Warning: Permanently added '[ssh2.vast.ai]:20364' (ED25519) to the list of known hosts.
Welcome to vast.ai. If authentication fails, try again after a few seconds, and double check your ssh key.
Have fun!
started
[08-12 12:15:31] [bootstrap ssh2.vast.ai:20364] waiting for BOOTSTRAP_OK (install is ~4 min)
[08-12 12:15:46] [bootstrap ssh2.vast.ai:20364] FAILED
Warning: Permanently added '[ssh2.vast.ai]:20364' (ED25519) to the list of known hosts.
Welcome to vast.ai. If authentication fails, try again after a few seconds, and double check your ssh key.
Have fun!
           ^^^^^^^^^^^^^^^^^^^^^^^^^^^^^^^^^^^^^^^^^^^^^^^^^^^^^^
  File "/usr/lib/python3/dist-packages/pip/_internal/operations/prepare.py", line 596, in _prepare_linked_requirement
    local_file = unpack_url(
                 ^^^^^^^^^^^
  File "/usr/lib/python3/dist-packages/pip/_internal/operations/prepare.py", line 168, in unpack_url
    file = get_http_url(
           ^^^^^^^^^^^^^
  File "/usr/lib/python3/dist-packages/pip/_internal/operations/prepare.py", line 109, in get_http_url
    from_path, content_type = download(link, temp_dir.path)
                              ^^^^^^^^^^^^^^^^^^^^^^^^^^^^^
  File "/usr/lib/python3/dist-packages/pip/_internal/network/download.py", line 147, in __call__
    for chunk in chunks:
  File "/usr/lib/python3/dist-packages/pip/_internal/network/utils.py", line 63, in response_chunks
    for chunk in response.raw.stream(
  File "/usr/lib/python3/dist-packages/pip/_vendor/urllib3/response.py", line 622, in stream
    data = self.read(amt=amt, decode_content=decode_content)
           ^^^^^^^^^^^^^^^^^^^^^^^^^^^^^^^^^^^^^^^^^^^^^^^^^
  File "/usr/lib/python3/dist-packages/pip/_vendor/urllib3/response.py", line 560, in read
    with self._error_catcher():
  File "/usr/lib/python3.12/contextlib.py", line 158, in __exit__
    self.gen.throw(value)
  File "/usr/lib/python3/dist-packages/pip/_vendor/urllib3/response.py", line 443, in _error_catcher
    raise ReadTimeoutError(self._pool, None, "Read timed out.")
pip._vendor.urllib3.exceptions.ReadTimeoutError: HTTPSConnectionPool(host='files.pythonhosted.org', port=443): Read timed out.
+ exit 11
