[08-10 21:55:16] [bootstrap ssh2.vast.ai:14632] packing code
[08-10 21:55:16] [bootstrap ssh2.vast.ai:14632] uploading 300K
Warning: Permanently added '[ssh2.vast.ai]:14632' (ED25519) to the list of known hosts.
Welcome to vast.ai. If authentication fails, try again after a few seconds, and double check your ssh key.
Have fun!
[08-10 21:55:21] [bootstrap ssh2.vast.ai:14632] installing
Warning: Permanently added '[ssh2.vast.ai]:14632' (ED25519) to the list of known hosts.
Welcome to vast.ai. If authentication fails, try again after a few seconds, and double check your ssh key.
Have fun!
Warning: Permanently added '[ssh2.vast.ai]:14632' (ED25519) to the list of known hosts.
Welcome to vast.ai. If authentication fails, try again after a few seconds, and double check your ssh key.
Have fun!
started
[08-10 22:00:36] [bootstrap ssh2.vast.ai:14632] waiting for BOOTSTRAP_OK (install is ~4 min)
[08-10 22:00:39] [bootstrap ssh2.vast.ai:14632] OK
Warning: Permanently added '[ssh2.vast.ai]:14632' (ED25519) to the list of known hosts.
Welcome to vast.ai. If authentication fails, try again after a few seconds, and double check your ssh key.
Have fun!
Default, NVIDIA GeForce RTX 5090
+ echo BOOTSTRAP_OK
BOOTSTRAP_OK
