[08-10 22:17:08] [bootstrap ssh8.vast.ai:16054] packing code
[08-10 22:17:08] [bootstrap ssh8.vast.ai:16054] uploading 336K
Warning: Permanently added '[ssh8.vast.ai]:16054' (ED25519) to the list of known hosts.
Welcome to vast.ai. If authentication fails, try again after a few seconds, and double check your ssh key.
Have fun!
[08-10 22:17:13] [bootstrap ssh8.vast.ai:16054] installing
Warning: Permanently added '[ssh8.vast.ai]:16054' (ED25519) to the list of known hosts.
Welcome to vast.ai. If authentication fails, try again after a few seconds, and double check your ssh key.
Have fun!
Warning: Permanently added '[ssh8.vast.ai]:16054' (ED25519) to the list of known hosts.
Welcome to vast.ai. If authentication fails, try again after a few seconds, and double check your ssh key.
Have fun!
started
[08-10 22:20:14] [bootstrap ssh8.vast.ai:16054] waiting for BOOTSTRAP_OK (install is ~4 min)
[08-10 22:20:17] [bootstrap ssh8.vast.ai:16054] OK
Warning: Permanently added '[ssh8.vast.ai]:16054' (ED25519) to the list of known hosts.
Welcome to vast.ai. If authentication fails, try again after a few seconds, and double check your ssh key.
Have fun!
Default, NVIDIA GeForce RTX 5090
+ echo BOOTSTRAP_OK
BOOTSTRAP_OK
