[08-12 12:03:14] [bootstrap ssh9.vast.ai:20588] packing code
[08-12 12:03:14] [bootstrap ssh9.vast.ai:20588] uploading 336K
Warning: Permanently added '[ssh9.vast.ai]:20588' (ED25519) to the list of known hosts.
Welcome to vast.ai. If authentication fails, try again after a few seconds, and double check your ssh key.
Have fun!
[08-12 12:03:19] [bootstrap ssh9.vast.ai:20588] installing
Warning: Permanently added '[ssh9.vast.ai]:20588' (ED25519) to the list of known hosts.
Welcome to vast.ai. If authentication fails, try again after a few seconds, and double check your ssh key.
Have fun!
Warning: Permanently added '[ssh9.vast.ai]:20588' (ED25519) to the list of known hosts.
Welcome to vast.ai. If authentication fails, try again after a few seconds, and double check your ssh key.
Have fun!
started
[08-12 12:11:03] [bootstrap ssh9.vast.ai:20588] waiting for BOOTSTRAP_OK (install is ~4 min)
[08-12 12:11:06] [bootstrap ssh9.vast.ai:20588] OK
Warning: Permanently added '[ssh9.vast.ai]:20588' (ED25519) to the list of known hosts.
Welcome to vast.ai. If authentication fails, try again after a few seconds, and double check your ssh key.
Have fun!
Default, NVIDIA GeForce RTX 5090
+ echo BOOTSTRAP_OK
BOOTSTRAP_OK
