[08-10 22:29:29] [bootstrap ssh3.vast.ai:16846] packing code
[08-10 22:29:29] [bootstrap ssh3.vast.ai:16846] uploading 336K
Warning: Permanently added '[ssh3.vast.ai]:16846' (ED25519) to the list of known hosts.
Welcome to vast.ai. If authentication fails, try again after a few seconds, and double check your ssh key.
Have fun!
[08-10 22:29:34] [bootstrap ssh3.vast.ai:16846] installing
Warning: Permanently added '[ssh3.vast.ai]:16846' (ED25519) to the list of known hosts.
Welcome to vast.ai. If authentication fails, try again after a few seconds, and double check your ssh key.
Have fun!
Warning: Permanently added '[ssh3.vast.ai]:16846' (ED25519) to the list of known hosts.
Welcome to vast.ai. If authentication fails, try again after a few seconds, and double check your ssh key.
Have fun!
started
[08-10 22:32:34] [bootstrap ssh3.vast.ai:16846] waiting for BOOTSTRAP_OK (install is ~4 min)
[08-10 22:32:37] [bootstrap ssh3.vast.ai:16846] OK
Warning: Permanently added '[ssh3.vast.ai]:16846' (ED25519) to the list of known hosts.
Welcome to vast.ai. If authentication fails, try again after a few seconds, and double check your ssh key.
Have fun!
Default, NVIDIA GeForce RTX 5090
+ echo BOOTSTRAP_OK
BOOTSTRAP_OK
[08-12 15:57:40] [bootstrap ssh7.vast.ai:35858] packing code
[08-12 15:57:41] [bootstrap ssh7.vast.ai:35858] uploading 348K
Warning: Permanently added '[ssh7.vast.ai]:35858' (ED25519) to the list of known hosts.
Welcome to vast.ai. If authentication fails, try again after a few seconds, and double check your ssh key.
Have fun!
[08-12 15:58:59] [bootstrap ssh7.vast.ai:35858] installing
Warning: Permanently added '[ssh7.vast.ai]:35858' (ED25519) to the list of known hosts.
Welcome to vast.ai. If authentication fails, try again after a few seconds, and double check your ssh key.
Have fun!
Warning: Permanently added '[ssh7.vast.ai]:35858' (ED25519) to the list of known hosts.
Welcome to vast.ai. If authentication fails, try again after a few seconds, and double check your ssh key.
Have fun!
started
Connection to ssh7.vast.ai closed by remote host.
[08-12 16:03:23] [bootstrap ssh7.vast.ai:35858] waiting for BOOTSTRAP_OK (install is ~4 min)
[08-12 16:23:53] [bootstrap ssh7.vast.ai:35858] TIMEOUT
ssh: connect to host ssh7.vast.ai port 35858: Connection refused
