[08-10 21:48:04] [bootstrap ssh2.vast.ai:14156] packing code
[08-10 21:48:04] [bootstrap ssh2.vast.ai:14156] uploading 296K
Warning: Permanently added '[ssh2.vast.ai]:14156' (ED25519) to the list of known hosts.
Welcome to vast.ai. If authentication fails, try again after a few seconds, and double check your ssh key.
Have fun!
[08-10 21:48:09] [bootstrap ssh2.vast.ai:14156] installing
Warning: Permanently added '[ssh2.vast.ai]:14156' (ED25519) to the list of known hosts.
Welcome to vast.ai. If authentication fails, try again after a few seconds, and double check your ssh key.
Have fun!
Warning: Permanently added '[ssh2.vast.ai]:14156' (ED25519) to the list of known hosts.
Welcome to vast.ai. If authentication fails, try again after a few seconds, and double check your ssh key.
Have fun!
started
[08-10 21:51:52] [bootstrap ssh2.vast.ai:14156] waiting for BOOTSTRAP_OK (install is ~4 min)
[08-10 21:51:55] [bootstrap ssh2.vast.ai:14156] OK
Warning: Permanently added '[ssh2.vast.ai]:14156' (ED25519) to the list of known hosts.
Welcome to vast.ai. If authentication fails, try again after a few seconds, and double check your ssh key.
Have fun!
Default, NVIDIA GeForce RTX 5090
+ echo BOOTSTRAP_OK
BOOTSTRAP_OK
