[08-10 22:04:37] [bootstrap ssh8.vast.ai:15220] packing code
[08-10 22:04:37] [bootstrap ssh8.vast.ai:15220] uploading 304K
Warning: Permanently added '[ssh8.vast.ai]:15220' (ED25519) to the list of known hosts.
Welcome to vast.ai. If authentication fails, try again after a few seconds, and double check your ssh key.
Have fun!
[08-10 22:04:42] [bootstrap ssh8.vast.ai:15220] installing
Warning: Permanently added '[ssh8.vast.ai]:15220' (ED25519) to the list of known hosts.
Welcome to vast.ai. If authentication fails, try again after a few seconds, and double check your ssh key.
Have fun!
Warning: Permanently added '[ssh8.vast.ai]:15220' (ED25519) to the list of known hosts.
Welcome to vast.ai. If authentication fails, try again after a few seconds, and double check your ssh key.
Have fun!
started
[08-10 22:07:13] [bootstrap ssh8.vast.ai:15220] waiting for BOOTSTRAP_OK (install is ~4 min)
[08-10 22:07:20] [bootstrap ssh8.vast.ai:15220] OK
Warning: Permanently added '[ssh8.vast.ai]:15220' (ED25519) to the list of known hosts.
Welcome to vast.ai. If authentication fails, try again after a few seconds, and double check your ssh key.
Have fun!
Default, NVIDIA GeForce RTX 5090
+ echo BOOTSTRAP_OK
BOOTSTRAP_OK
