[08-10 22:12:35] [watchdog] start poll=600s strikes=3
[08-10 22:34:27] [watchdog] B1 strike 1/3 (box 47404661 at ssh8.vast.ai:14660 answered 'nothing')
[08-10 22:45:34] [watchdog] B1 recovered after 1 strike(s)
[08-11 00:22:42] [watchdog] B7 strike 1/3 (box 47406829 at ssh4.vast.ai:16828 answered 'nothing')
[08-11 00:33:58] [watchdog] B7 strike 2/3 (box 47406829 at ssh4.vast.ai:16828 answered 'nothing')
[08-11 00:44:38] [watchdog] B7 recovered after 2 strike(s)
[08-11 01:37:49] [watchdog] A1 strike 1/3 (box 47404615 at ssh2.vast.ai:14614 answered 'nothing')
[08-11 01:38:04] [watchdog] A2 strike 1/3 (box 47404632 at ssh2.vast.ai:14632 answered 'nothing')
[08-11 01:38:19] [watchdog] A3 strike 1/3 (box 47404157 at ssh2.vast.ai:14156 answered 'nothing')
[08-11 01:38:35] [watchdog] A4 strike 1/3 (box 47404183 at ssh7.vast.ai:14182 answered 'nothing')
[08-11 01:38:50] [watchdog] B10 strike 1/3 (box 47406847 at ssh3.vast.ai:16846 answered 'nothing')
[08-11 01:39:14] [watchdog] B4 strike 1/3 (box 47405221 at ssh8.vast.ai:15220 answered 'nothing')
[08-11 01:49:41] [watchdog] A1 recovered after 1 strike(s)
[08-11 01:49:45] [watchdog] A2 recovered after 1 strike(s)
[08-11 01:49:51] [watchdog] A3 recovered after 1 strike(s)
[08-11 01:49:55] [watchdog] A4 recovered after 1 strike(s)
[08-11 01:49:59] [watchdog] B10 recovered after 1 strike(s)
[08-11 01:50:12] [watchdog] B4 recovered after 1 strike(s)
[08-11 02:00:47] [watchdog] A2 strike 1/3 (box 47404632 at ssh2.vast.ai:14632 answered 'nothing')
[08-11 02:01:06] [watchdog] A4 strike 1/3 (box 47404183 at ssh7.vast.ai:14182 answered 'nothing')
[08-11 02:01:21] [watchdog] B10 strike 1/3 (box 47406847 at ssh3.vast.ai:16846 answered 'nothing')
[08-11 02:01:56] [watchdog] B7 strike 1/3 (box 47406829 at ssh4.vast.ai:16828 answered 'nothing')
[08-11 02:12:21] [watchdog] A2 strike 2/3 (box 47404632 at ssh2.vast.ai:14632 answered 'nothing')
[08-11 02:12:43] [watchdog] A4 strike 2/3 (box 47404183 at ssh7.vast.ai:14182 answered 'nothing')
[08-11 02:12:47] [watchdog] B10 recovered after 1 strike(s)
[08-11 02:13:18] [watchdog] B7 recovered after 1 strike(s)
[08-11 02:23:33] [watchdog] A2 recovered after 2 strike(s)
[08-11 02:23:43] [watchdog] A4 recovered after 2 strike(s)
[08-11 02:23:58] [watchdog] B10 strike 1/3 (box 47406847 at ssh3.vast.ai:16846 answered 'nothing')
[08-11 02:24:36] [watchdog] B7 strike 1/3 (box 47406829 at ssh4.vast.ai:16828 answered 'nothing')
[08-11 02:34:47] [watchdog] A2 strike 1/3 (box 47404632 at ssh2.vast.ai:14632 answered 'no')
[08-11 02:34:57] [watchdog] B10 recovered after 1 strike(s)
[08-11 02:35:17] [watchdog] B7 recovered after 1 strike(s)
[08-11 02:45:29] [watchdog] A2 recovered after 1 strike(s)
[08-12 11:48:39] [watchdog] B8 strike 1/3 (box 47405690 at ssh9.vast.ai:15690 answered 'nothing')
[08-12 11:58:39] [watchdog] B8 strike 2/3 (box 47405690 at ssh9.vast.ai:15690 answered 'nothing')
[08-12 12:08:39] [watchdog] B8 strike 3/3 (box 47405690 at ssh9.vast.ai:15690 answered 'nothing')
[08-12 12:08:39] [watchdog] B8 DEAD — destroying 47405690 and relaunching from its own sync tree
[08-12 12:08:52] [watchdog] B8 relaunch started (pid 3885576)
