corner            k   weight   step-1 loss   depth columns
  k=0, w=1        0   1.0     13.64394      0 (depth 0)
  k=0, w=4        0   4.0     17.37510      0 (depth 0)
  k=3, w=0.25     3   0.25    13.89821      4 (depth 3)
  k=3, w=1        3   1.0     18.37013      4 (depth 3)

== depth, read off the losses CSV ==
  k=0, w=1        asked k=0, trained k=0  OK
  k=0, w=4        asked k=0, trained k=0  OK
  k=3, w=0.25     asked k=3, trained k=3  OK
  k=3, w=1        asked k=3, trained k=3  OK

== weight, predicted from the other corners ==
  L_align^(0)(1) = (x4 - k0) / 3 = 1.24372
  f-free part    = k0 - L_align^(0)(1) = 12.40022
  sum of the four align losses = k3 - f-free = 5.96991

  k=3, w=0.25 predicted : 13.89270
  k=3, w=0.25 observed  : 13.89821
  difference            : 0.00552 (within 0.02)

  The 0.25 weight reached the trainer. The corner holds total align
  weight at 1.0, the same as B1's k = 0 baseline.

== steps logged ==
  k=0, w=1        40000 steps
  k=0, w=4        40000 steps
  k=3, w=0.25     400 steps
  k=3, w=1        40000 steps

PASS: every corner on disk trained the objective it was asked for.
