[10-07 21:54:22] [cf419_cos200k_bb100k_h30k_recon_lin] head argv -> /home/jupyter/checkpoints_backup/cf-425-lin/results/waves/gift_pretrain_1007_215422_z8Fb/jobs.jsonl reconstruction=encoder head-arch=linear
[10-07 21:54:22] [cf419_cos200k_bb400k_h30k_recon_lin] head argv -> /home/jupyter/checkpoints_backup/cf-425-lin/results/waves/gift_pretrain_1007_215422_z8Fb/jobs.jsonl reconstruction=encoder head-arch=linear
[10-07 21:54:22] [cf412om_bb10k_h30k_recon_lin] head argv -> /home/jupyter/checkpoints_backup/cf-425-lin/results/waves/gift_pretrain_1007_215422_z8Fb/jobs.jsonl reconstruction=encoder head-arch=linear
[10-07 21:54:22] [cf412om_bb166k_h30k_recon_lin] head argv -> /home/jupyter/checkpoints_backup/cf-425-lin/results/waves/gift_pretrain_1007_215422_z8Fb/jobs.jsonl reconstruction=encoder head-arch=linear
[10-07 21:54:22] [cf412oc_bb40k_h30k_recon_lin] head argv -> /home/jupyter/checkpoints_backup/cf-425-lin/results/waves/gift_pretrain_1007_215422_z8Fb/jobs.jsonl reconstruction=encoder head-arch=linear
[10-07 21:54:22] [cf412oc2_bb40k_h30k_recon_lin] head argv -> /home/jupyter/checkpoints_backup/cf-425-lin/results/waves/gift_pretrain_1007_215422_z8Fb/jobs.jsonl reconstruction=encoder head-arch=linear
[10-07 21:54:52] [cf412oc2_bb400k_h30k_recon_lin] head argv -> /home/jupyter/checkpoints_backup/cf-425-lin/results/waves/gift_pretrain_1007_215452_3hTt/jobs.jsonl reconstruction=encoder head-arch=linear
[10-07 21:54:52] [cf412oe2_bb40k_h30k_recon_lin] head argv -> /home/jupyter/checkpoints_backup/cf-425-lin/results/waves/gift_pretrain_1007_215452_3hTt/jobs.jsonl reconstruction=encoder head-arch=linear
[10-07 21:54:52] [cf412oe2_bb200k_h30k_recon_lin] head argv -> /home/jupyter/checkpoints_backup/cf-425-lin/results/waves/gift_pretrain_1007_215452_3hTt/jobs.jsonl reconstruction=encoder head-arch=linear
[10-07 21:54:52] [cf412om2_bb10k_h30k_recon_lin] head argv -> /home/jupyter/checkpoints_backup/cf-425-lin/results/waves/gift_pretrain_1007_215452_3hTt/jobs.jsonl reconstruction=encoder head-arch=linear
[10-07 21:54:52] [cf412om2_bb125k_h30k_recon_lin] head argv -> /home/jupyter/checkpoints_backup/cf-425-lin/results/waves/gift_pretrain_1007_215452_3hTt/jobs.jsonl reconstruction=encoder head-arch=linear
[10-07 21:54:52] [cf412oa2_bb40k_h30k_recon_lin] head argv -> /home/jupyter/checkpoints_backup/cf-425-lin/results/waves/gift_pretrain_1007_215452_3hTt/jobs.jsonl reconstruction=encoder head-arch=linear
[10-07 21:55:22] [cf412oa2_bb200k_h30k_recon_lin] head argv -> /home/jupyter/checkpoints_backup/cf-425-lin/results/waves/gift_pretrain_1007_215522_uVu2/jobs.jsonl reconstruction=encoder head-arch=linear
[10-07 21:55:22] [cf412ow2_bb40k_h30k_recon_lin] head argv -> /home/jupyter/checkpoints_backup/cf-425-lin/results/waves/gift_pretrain_1007_215522_uVu2/jobs.jsonl reconstruction=encoder head-arch=linear
[10-07 21:55:22] [cf412or2_bb40k_h30k_recon_lin] head argv -> /home/jupyter/checkpoints_backup/cf-425-lin/results/waves/gift_pretrain_1007_215522_uVu2/jobs.jsonl reconstruction=encoder head-arch=linear
[10-07 21:55:22] [cf412or2_bb200k_h30k_recon_lin] head argv -> /home/jupyter/checkpoints_backup/cf-425-lin/results/waves/gift_pretrain_1007_215522_uVu2/jobs.jsonl reconstruction=encoder head-arch=linear
[10-07 21:55:22] [cf412ol2_bb40k_h30k_recon_lin] head argv -> /home/jupyter/checkpoints_backup/cf-425-lin/results/waves/gift_pretrain_1007_215522_uVu2/jobs.jsonl reconstruction=encoder head-arch=linear
[10-07 21:55:22] [cf412bm_bb10k_h30k_recon_lin] head argv -> /home/jupyter/checkpoints_backup/cf-425-lin/results/waves/gift_pretrain_1007_215522_uVu2/jobs.jsonl reconstruction=encoder head-arch=linear
[10-07 21:55:52] [k3_r100_09_lr56_fix09_dec10k_cos200k_bb665k_h30k_recon_lin] head argv -> /home/jupyter/checkpoints_backup/cf-425-lin/results/waves/old_1007_215551_dzI5/jobs.jsonl reconstruction=encoder head-arch=linear
[10-07 21:55:52] [k3_r100_09_lr56_fix09_dec10k_cos200k_bb1330k_h30k_recon_lin] head argv -> /home/jupyter/checkpoints_backup/cf-425-lin/results/waves/old_1007_215551_dzI5/jobs.jsonl reconstruction=encoder head-arch=linear
[10-07 21:55:52] [k3_r100_09_lr56_fix09_dec10k_lr100x_bb1000k_h30k_recon_lin] head argv -> /home/jupyter/checkpoints_backup/cf-425-lin/results/waves/old_1007_215551_dzI5/jobs.jsonl reconstruction=encoder head-arch=linear
[10-07 21:55:52] [k3_r100_09_lr56_fix09_dec10k_lr100x_bb1080k_h30k_recon_lin] head argv -> /home/jupyter/checkpoints_backup/cf-425-lin/results/waves/old_1007_215551_dzI5/jobs.jsonl reconstruction=encoder head-arch=linear
[10-07 21:55:52] [k3_r100_09_lr56_fix09_dec10k_lr10xb_bb100k_h30k_recon_lin] head argv -> /home/jupyter/checkpoints_backup/cf-425-lin/results/waves/old_1007_215551_dzI5/jobs.jsonl reconstruction=encoder head-arch=linear
[10-07 21:55:52] [k3_r100_09_lr56_fix09_dec10k_lr10xb_bb420k_h30k_recon_lin] head argv -> /home/jupyter/checkpoints_backup/cf-425-lin/results/waves/old_1007_215551_dzI5/jobs.jsonl reconstruction=encoder head-arch=linear
[10-07 21:55:52] [k3_r100_09_lr56_fix09_dec10k_lr30x_bb665k_h30k_recon_lin] head argv -> /home/jupyter/checkpoints_backup/cf-425-lin/results/waves/old_1007_215551_dzI5/jobs.jsonl reconstruction=encoder head-arch=linear
[10-07 21:55:52] [k3_r100_09_lr56_fix09_dec10k_cos665k_bb665k_h30k_recon_lin] head argv -> /home/jupyter/checkpoints_backup/cf-425-lin/results/waves/old_1007_215551_dzI5/jobs.jsonl reconstruction=encoder head-arch=linear
[10-07 21:55:52] [k3_r100_09_lr56_fix09_dec10k_cos200k_bb1140k_h30k_recon_lin] head argv -> /home/jupyter/checkpoints_backup/cf-425-lin/results/waves/old_1007_215551_dzI5/jobs.jsonl reconstruction=encoder head-arch=linear
[10-08 00:27:35] [cf412bm_bb50k_h30k_recon_lin] head argv -> /home/jupyter/checkpoints_backup/cf-425-lin/results/waves/gift_pretrain_1008_002735_Ztmx/jobs.jsonl reconstruction=encoder head-arch=linear
[10-08 00:27:35] [cf412bw_bb10k_h30k_recon_lin] head argv -> /home/jupyter/checkpoints_backup/cf-425-lin/results/waves/gift_pretrain_1008_002735_Ztmx/jobs.jsonl reconstruction=encoder head-arch=linear
[10-08 00:27:35] [cf412bw_bb50k_h30k_recon_lin] head argv -> /home/jupyter/checkpoints_backup/cf-425-lin/results/waves/gift_pretrain_1008_002735_Ztmx/jobs.jsonl reconstruction=encoder head-arch=linear
[10-08 00:27:35] [cf412al_bb10k_h30k_recon_lin] head argv -> /home/jupyter/checkpoints_backup/cf-425-lin/results/waves/gift_pretrain_1008_002735_Ztmx/jobs.jsonl reconstruction=encoder head-arch=linear
[10-08 00:27:35] [cf412al_bb50k_h30k_recon_lin] head argv -> /home/jupyter/checkpoints_backup/cf-425-lin/results/waves/gift_pretrain_1008_002735_Ztmx/jobs.jsonl reconstruction=encoder head-arch=linear
[10-08 00:27:35] [cf419ms_bb40k_h30k_recon_lin] head argv -> /home/jupyter/checkpoints_backup/cf-425-lin/results/waves/gift_pretrain_1008_002735_Ztmx/jobs.jsonl reconstruction=encoder head-arch=linear
[10-08 00:56:25] [cf419ms_bb140k_h30k_recon_lin] head argv -> /home/jupyter/checkpoints_backup/cf-425-lin/results/waves/gift_pretrain_1008_005625_J1wD/jobs.jsonl reconstruction=encoder head-arch=linear
[10-08 00:56:25] [cf419_cos200k_bb200k_h30k_recon_lin] head argv -> /home/jupyter/checkpoints_backup/cf-425-lin/results/waves/gift_pretrain_1008_005625_J1wD/jobs.jsonl reconstruction=encoder head-arch=linear
[10-08 00:56:25] [cf419_cos200k_bb300k_h30k_recon_lin] head argv -> /home/jupyter/checkpoints_backup/cf-425-lin/results/waves/gift_pretrain_1008_005625_J1wD/jobs.jsonl reconstruction=encoder head-arch=linear
[10-08 00:56:25] [cf412om_bb25k_h30k_recon_lin] head argv -> /home/jupyter/checkpoints_backup/cf-425-lin/results/waves/gift_pretrain_1008_005625_J1wD/jobs.jsonl reconstruction=encoder head-arch=linear
[10-08 00:56:25] [cf412om_bb50k_h30k_recon_lin] head argv -> /home/jupyter/checkpoints_backup/cf-425-lin/results/waves/gift_pretrain_1008_005625_J1wD/jobs.jsonl reconstruction=encoder head-arch=linear
[10-08 00:56:25] [cf412om_bb75k_h30k_recon_lin] head argv -> /home/jupyter/checkpoints_backup/cf-425-lin/results/waves/gift_pretrain_1008_005625_J1wD/jobs.jsonl reconstruction=encoder head-arch=linear
[10-08 01:28:02] [cf412om_bb100k_h30k_recon_lin] head argv -> /home/jupyter/checkpoints_backup/cf-425-lin/results/waves/gift_pretrain_1008_012802_Zfmx/jobs.jsonl reconstruction=encoder head-arch=linear
[10-08 01:28:02] [cf412om_bb125k_h30k_recon_lin] head argv -> /home/jupyter/checkpoints_backup/cf-425-lin/results/waves/gift_pretrain_1008_012802_Zfmx/jobs.jsonl reconstruction=encoder head-arch=linear
[10-08 01:28:02] [cf412om_bb150k_h30k_recon_lin] head argv -> /home/jupyter/checkpoints_backup/cf-425-lin/results/waves/gift_pretrain_1008_012802_Zfmx/jobs.jsonl reconstruction=encoder head-arch=linear
[10-08 01:28:02] [cf412oc2_bb100k_h30k_recon_lin] head argv -> /home/jupyter/checkpoints_backup/cf-425-lin/results/waves/gift_pretrain_1008_012802_Zfmx/jobs.jsonl reconstruction=encoder head-arch=linear
[10-08 01:28:02] [cf412oc2_bb200k_h30k_recon_lin] head argv -> /home/jupyter/checkpoints_backup/cf-425-lin/results/waves/gift_pretrain_1008_012802_Zfmx/jobs.jsonl reconstruction=encoder head-arch=linear
[10-08 01:28:02] [cf412oc2_bb300k_h30k_recon_lin] head argv -> /home/jupyter/checkpoints_backup/cf-425-lin/results/waves/gift_pretrain_1008_012802_Zfmx/jobs.jsonl reconstruction=encoder head-arch=linear
[10-08 02:16:35] [cf412oe2_bb100k_h30k_recon_lin] head argv -> /home/jupyter/checkpoints_backup/cf-425-lin/results/waves/gift_pretrain_1008_021635_L3BA/jobs.jsonl reconstruction=encoder head-arch=linear
[10-08 02:16:35] [cf412om2_bb25k_h30k_recon_lin] head argv -> /home/jupyter/checkpoints_backup/cf-425-lin/results/waves/gift_pretrain_1008_021635_L3BA/jobs.jsonl reconstruction=encoder head-arch=linear
[10-08 02:16:35] [cf412om2_bb50k_h30k_recon_lin] head argv -> /home/jupyter/checkpoints_backup/cf-425-lin/results/waves/gift_pretrain_1008_021635_L3BA/jobs.jsonl reconstruction=encoder head-arch=linear
[10-08 02:16:35] [cf412om2_bb75k_h30k_recon_lin] head argv -> /home/jupyter/checkpoints_backup/cf-425-lin/results/waves/gift_pretrain_1008_021635_L3BA/jobs.jsonl reconstruction=encoder head-arch=linear
[10-08 02:16:35] [cf412om2_bb100k_h30k_recon_lin] head argv -> /home/jupyter/checkpoints_backup/cf-425-lin/results/waves/gift_pretrain_1008_021635_L3BA/jobs.jsonl reconstruction=encoder head-arch=linear
[10-08 02:16:35] [cf412oa2_bb100k_h30k_recon_lin] head argv -> /home/jupyter/checkpoints_backup/cf-425-lin/results/waves/gift_pretrain_1008_021635_L3BA/jobs.jsonl reconstruction=encoder head-arch=linear
[10-08 03:43:49] [cf412or2_bb100k_h30k_recon_lin] head argv -> /home/jupyter/checkpoints_backup/cf-425-lin/results/waves/gift_pretrain_1008_034349_C5vh/jobs.jsonl reconstruction=encoder head-arch=linear
[10-08 03:43:49] [cf412bm_bb25k_h30k_recon_lin] head argv -> /home/jupyter/checkpoints_backup/cf-425-lin/results/waves/gift_pretrain_1008_034349_C5vh/jobs.jsonl reconstruction=encoder head-arch=linear
[10-08 03:43:49] [cf412bw_bb25k_h30k_recon_lin] head argv -> /home/jupyter/checkpoints_backup/cf-425-lin/results/waves/gift_pretrain_1008_034349_C5vh/jobs.jsonl reconstruction=encoder head-arch=linear
[10-08 03:43:49] [cf412al_bb25k_h30k_recon_lin] head argv -> /home/jupyter/checkpoints_backup/cf-425-lin/results/waves/gift_pretrain_1008_034349_C5vh/jobs.jsonl reconstruction=encoder head-arch=linear
[10-08 03:43:49] [cf419ms_bb100k_h30k_recon_lin] head argv -> /home/jupyter/checkpoints_backup/cf-425-lin/results/waves/gift_pretrain_1008_034349_C5vh/jobs.jsonl reconstruction=encoder head-arch=linear
[10-08 10:01:49] [k3_r100_09_lr56_fix09_dec10k_lr10x_bb40k_h30k_recon_lin] head argv -> /home/jupyter/checkpoints_backup/cf-425-lin/results/waves/old_1008_100149_PVUl/jobs.jsonl reconstruction=encoder head-arch=linear
[10-08 10:01:49] [k3_r100_09_lr56_fix09_dec10k_lr10x_bb460k_h30k_recon_lin] head argv -> /home/jupyter/checkpoints_backup/cf-425-lin/results/waves/old_1008_100149_PVUl/jobs.jsonl reconstruction=encoder head-arch=linear
[10-08 10:01:49] [k3_r100_09_lr56_fix09_dec10k_lr10x_bb100k_h30k_recon_lin] head argv -> /home/jupyter/checkpoints_backup/cf-425-lin/results/waves/old_1008_100149_PVUl/jobs.jsonl reconstruction=encoder head-arch=linear
[10-08 10:01:49] [k3_r100_09_lr56_fix09_dec10k_lr10x_bb140k_h30k_recon_lin] head argv -> /home/jupyter/checkpoints_backup/cf-425-lin/results/waves/old_1008_100149_PVUl/jobs.jsonl reconstruction=encoder head-arch=linear
[10-08 10:01:49] [k3_r100_09_lr56_fix09_dec10k_lr10x_bb180k_h30k_recon_lin] head argv -> /home/jupyter/checkpoints_backup/cf-425-lin/results/waves/old_1008_100149_PVUl/jobs.jsonl reconstruction=encoder head-arch=linear
[10-08 10:01:49] [k3_r100_09_lr56_fix09_dec10k_lr10x_bb200k_h30k_recon_lin] head argv -> /home/jupyter/checkpoints_backup/cf-425-lin/results/waves/old_1008_100149_PVUl/jobs.jsonl reconstruction=encoder head-arch=linear
[10-08 10:01:49] [k3_r100_09_lr56_fix09_dec10k_lr10x_bb240k_h30k_recon_lin] head argv -> /home/jupyter/checkpoints_backup/cf-425-lin/results/waves/old_1008_100149_PVUl/jobs.jsonl reconstruction=encoder head-arch=linear
[10-08 10:01:49] [k3_r100_09_lr56_fix09_dec10k_lr10x_bb300k_h30k_recon_lin] head argv -> /home/jupyter/checkpoints_backup/cf-425-lin/results/waves/old_1008_100149_PVUl/jobs.jsonl reconstruction=encoder head-arch=linear
[10-08 10:01:49] [k3_r100_09_lr56_fix09_dec10k_lr10x_bb360k_h30k_recon_lin] head argv -> /home/jupyter/checkpoints_backup/cf-425-lin/results/waves/old_1008_100149_PVUl/jobs.jsonl reconstruction=encoder head-arch=linear
[10-08 10:01:49] [k3_r100_09_lr56_fix09_dec10k_lr10x_bb400k_h30k_recon_lin] head argv -> /home/jupyter/checkpoints_backup/cf-425-lin/results/waves/old_1008_100149_PVUl/jobs.jsonl reconstruction=encoder head-arch=linear
[10-08 10:10:47] [k3_r100_09_lr56_fix09_dec10k_lr10x_bb40k_h30k_recon_lin] head argv -> /home/jupyter/checkpoints_backup/cf-425-lin/results/waves/old_1008_101047_w47p/jobs.jsonl reconstruction=encoder head-arch=linear
[10-08 10:10:47] [k3_r100_09_lr56_fix09_dec10k_lr10x_bb460k_h30k_recon_lin] head argv -> /home/jupyter/checkpoints_backup/cf-425-lin/results/waves/old_1008_101047_w47p/jobs.jsonl reconstruction=encoder head-arch=linear
[10-08 10:10:47] [k3_r100_09_lr56_fix09_dec10k_lr10x_bb100k_h30k_recon_lin] head argv -> /home/jupyter/checkpoints_backup/cf-425-lin/results/waves/old_1008_101047_w47p/jobs.jsonl reconstruction=encoder head-arch=linear
[10-08 10:10:47] [k3_r100_09_lr56_fix09_dec10k_lr10x_bb140k_h30k_recon_lin] head argv -> /home/jupyter/checkpoints_backup/cf-425-lin/results/waves/old_1008_101047_w47p/jobs.jsonl reconstruction=encoder head-arch=linear
[10-08 10:10:47] [k3_r100_09_lr56_fix09_dec10k_lr10x_bb180k_h30k_recon_lin] head argv -> /home/jupyter/checkpoints_backup/cf-425-lin/results/waves/old_1008_101047_w47p/jobs.jsonl reconstruction=encoder head-arch=linear
[10-08 10:10:47] [k3_r100_09_lr56_fix09_dec10k_lr10x_bb200k_h30k_recon_lin] head argv -> /home/jupyter/checkpoints_backup/cf-425-lin/results/waves/old_1008_101047_w47p/jobs.jsonl reconstruction=encoder head-arch=linear
[10-08 10:10:47] [k3_r100_09_lr56_fix09_dec10k_lr10x_bb240k_h30k_recon_lin] head argv -> /home/jupyter/checkpoints_backup/cf-425-lin/results/waves/old_1008_101047_w47p/jobs.jsonl reconstruction=encoder head-arch=linear
[10-08 10:10:47] [k3_r100_09_lr56_fix09_dec10k_lr10x_bb300k_h30k_recon_lin] head argv -> /home/jupyter/checkpoints_backup/cf-425-lin/results/waves/old_1008_101047_w47p/jobs.jsonl reconstruction=encoder head-arch=linear
[10-08 10:10:47] [k3_r100_09_lr56_fix09_dec10k_lr10x_bb360k_h30k_recon_lin] head argv -> /home/jupyter/checkpoints_backup/cf-425-lin/results/waves/old_1008_101047_w47p/jobs.jsonl reconstruction=encoder head-arch=linear
[10-08 10:10:47] [k3_r100_09_lr56_fix09_dec10k_lr10x_bb400k_h30k_recon_lin] head argv -> /home/jupyter/checkpoints_backup/cf-425-lin/results/waves/old_1008_101047_w47p/jobs.jsonl reconstruction=encoder head-arch=linear
[10-08 10:25:32] [k3_r100_09_lr56_fix09_dec10k_lr10x_bb40k_h30k_recon_lin] head argv -> /home/jupyter/checkpoints_backup/cf-425-lin/results/waves/old_1008_102532_99I0/jobs.jsonl reconstruction=encoder head-arch=linear
[10-08 10:25:32] [k3_r100_09_lr56_fix09_dec10k_lr10x_bb460k_h30k_recon_lin] head argv -> /home/jupyter/checkpoints_backup/cf-425-lin/results/waves/old_1008_102532_99I0/jobs.jsonl reconstruction=encoder head-arch=linear
[10-08 10:25:32] [k3_r100_09_lr56_fix09_dec10k_lr10x_bb100k_h30k_recon_lin] head argv -> /home/jupyter/checkpoints_backup/cf-425-lin/results/waves/old_1008_102532_99I0/jobs.jsonl reconstruction=encoder head-arch=linear
[10-08 10:25:32] [k3_r100_09_lr56_fix09_dec10k_lr10x_bb140k_h30k_recon_lin] head argv -> /home/jupyter/checkpoints_backup/cf-425-lin/results/waves/old_1008_102532_99I0/jobs.jsonl reconstruction=encoder head-arch=linear
[10-08 10:25:32] [k3_r100_09_lr56_fix09_dec10k_lr10x_bb180k_h30k_recon_lin] head argv -> /home/jupyter/checkpoints_backup/cf-425-lin/results/waves/old_1008_102532_99I0/jobs.jsonl reconstruction=encoder head-arch=linear
[10-08 10:25:32] [k3_r100_09_lr56_fix09_dec10k_lr10x_bb200k_h30k_recon_lin] head argv -> /home/jupyter/checkpoints_backup/cf-425-lin/results/waves/old_1008_102532_99I0/jobs.jsonl reconstruction=encoder head-arch=linear
[10-08 10:25:32] [k3_r100_09_lr56_fix09_dec10k_lr10x_bb240k_h30k_recon_lin] head argv -> /home/jupyter/checkpoints_backup/cf-425-lin/results/waves/old_1008_102532_99I0/jobs.jsonl reconstruction=encoder head-arch=linear
[10-08 10:25:32] [k3_r100_09_lr56_fix09_dec10k_lr10x_bb300k_h30k_recon_lin] head argv -> /home/jupyter/checkpoints_backup/cf-425-lin/results/waves/old_1008_102532_99I0/jobs.jsonl reconstruction=encoder head-arch=linear
[10-08 10:25:32] [k3_r100_09_lr56_fix09_dec10k_lr10x_bb360k_h30k_recon_lin] head argv -> /home/jupyter/checkpoints_backup/cf-425-lin/results/waves/old_1008_102532_99I0/jobs.jsonl reconstruction=encoder head-arch=linear
[10-08 10:25:32] [k3_r100_09_lr56_fix09_dec10k_lr10x_bb400k_h30k_recon_lin] head argv -> /home/jupyter/checkpoints_backup/cf-425-lin/results/waves/old_1008_102532_99I0/jobs.jsonl reconstruction=encoder head-arch=linear
[10-08 16:05:02] [cf421f_moirai_native_bb10k_h30k_recon_lin] head argv -> /home/jupyter/checkpoints_backup/cf-425-lin/results/waves/gift_pretrain_1008_160502_UC07/jobs.jsonl reconstruction=encoder head-arch=linear
[10-08 16:05:02] [cf421f_moirai_native_bb166k_h30k_recon_lin] head argv -> /home/jupyter/checkpoints_backup/cf-425-lin/results/waves/gift_pretrain_1008_160502_UC07/jobs.jsonl reconstruction=encoder head-arch=linear
[10-08 16:05:02] [cf421ew_moirai_native_bb10k_h30k_recon_lin] head argv -> /home/jupyter/checkpoints_backup/cf-425-lin/results/waves/gift_pretrain_1008_160502_UC07/jobs.jsonl reconstruction=encoder head-arch=linear
[10-08 16:05:02] [cf421ew_moirai_native_bb166k_h30k_recon_lin] head argv -> /home/jupyter/checkpoints_backup/cf-425-lin/results/waves/gift_pretrain_1008_160502_UC07/jobs.jsonl reconstruction=encoder head-arch=linear
[10-08 16:05:02] [cf421f_moirai_native_bb20k_h30k_recon_lin] head argv -> /home/jupyter/checkpoints_backup/cf-425-lin/results/waves/gift_pretrain_1008_160502_UC07/jobs.jsonl reconstruction=encoder head-arch=linear
[10-08 16:05:02] [cf421f_moirai_native_bb25k_h30k_recon_lin] head argv -> /home/jupyter/checkpoints_backup/cf-425-lin/results/waves/gift_pretrain_1008_160502_UC07/jobs.jsonl reconstruction=encoder head-arch=linear
[10-08 16:10:02] [cf421f_moirai_native_bb50k_h30k_recon_lin] head argv -> /home/jupyter/checkpoints_backup/cf-425-lin/results/waves/gift_pretrain_1008_161002_7XLo/jobs.jsonl reconstruction=encoder head-arch=linear
[10-08 16:10:02] [cf421f_moirai_native_bb75k_h30k_recon_lin] head argv -> /home/jupyter/checkpoints_backup/cf-425-lin/results/waves/gift_pretrain_1008_161002_7XLo/jobs.jsonl reconstruction=encoder head-arch=linear
[10-08 16:10:02] [cf421f_moirai_native_bb100k_h30k_recon_lin] head argv -> /home/jupyter/checkpoints_backup/cf-425-lin/results/waves/gift_pretrain_1008_161002_7XLo/jobs.jsonl reconstruction=encoder head-arch=linear
[10-08 16:10:02] [cf421f_moirai_native_bb125k_h30k_recon_lin] head argv -> /home/jupyter/checkpoints_backup/cf-425-lin/results/waves/gift_pretrain_1008_161002_7XLo/jobs.jsonl reconstruction=encoder head-arch=linear
[10-08 16:10:02] [cf421f_moirai_native_bb150k_h30k_recon_lin] head argv -> /home/jupyter/checkpoints_backup/cf-425-lin/results/waves/gift_pretrain_1008_161002_7XLo/jobs.jsonl reconstruction=encoder head-arch=linear
[10-08 16:10:02] [cf421ew_moirai_native_bb25k_h30k_recon_lin] head argv -> /home/jupyter/checkpoints_backup/cf-425-lin/results/waves/gift_pretrain_1008_161002_7XLo/jobs.jsonl reconstruction=encoder head-arch=linear
[10-08 16:15:02] [cf421ew_moirai_native_bb50k_h30k_recon_lin] head argv -> /home/jupyter/checkpoints_backup/cf-425-lin/results/waves/gift_pretrain_1008_161502_WI1U/jobs.jsonl reconstruction=encoder head-arch=linear
[10-08 16:15:02] [cf421ew_moirai_native_bb75k_h30k_recon_lin] head argv -> /home/jupyter/checkpoints_backup/cf-425-lin/results/waves/gift_pretrain_1008_161502_WI1U/jobs.jsonl reconstruction=encoder head-arch=linear
[10-08 16:15:02] [cf421ew_moirai_native_bb100k_h30k_recon_lin] head argv -> /home/jupyter/checkpoints_backup/cf-425-lin/results/waves/gift_pretrain_1008_161502_WI1U/jobs.jsonl reconstruction=encoder head-arch=linear
[10-08 16:15:02] [cf421ew_moirai_native_bb125k_h30k_recon_lin] head argv -> /home/jupyter/checkpoints_backup/cf-425-lin/results/waves/gift_pretrain_1008_161502_WI1U/jobs.jsonl reconstruction=encoder head-arch=linear
[10-08 16:15:02] [cf421ew_moirai_native_bb150k_h30k_recon_lin] head argv -> /home/jupyter/checkpoints_backup/cf-425-lin/results/waves/gift_pretrain_1008_161502_WI1U/jobs.jsonl reconstruction=encoder head-arch=linear
