[10-07 21:54:22] [cf419_cos200k_bb100k_h30k_recon_lin] head argv -> /home/jupyter/checkpoints_backup/cf-425-lin/results/waves/gift_pretrain_1007_215422_z8Fb/jobs.jsonl reconstruction=encoder head-arch=linear
[10-07 21:54:22] [cf419_cos200k_bb400k_h30k_recon_lin] head argv -> /home/jupyter/checkpoints_backup/cf-425-lin/results/waves/gift_pretrain_1007_215422_z8Fb/jobs.jsonl reconstruction=encoder head-arch=linear
[10-07 21:54:22] [cf412om_bb10k_h30k_recon_lin] head argv -> /home/jupyter/checkpoints_backup/cf-425-lin/results/waves/gift_pretrain_1007_215422_z8Fb/jobs.jsonl reconstruction=encoder head-arch=linear
[10-07 21:54:22] [cf412om_bb166k_h30k_recon_lin] head argv -> /home/jupyter/checkpoints_backup/cf-425-lin/results/waves/gift_pretrain_1007_215422_z8Fb/jobs.jsonl reconstruction=encoder head-arch=linear
[10-07 21:54:22] [cf412oc_bb40k_h30k_recon_lin] head argv -> /home/jupyter/checkpoints_backup/cf-425-lin/results/waves/gift_pretrain_1007_215422_z8Fb/jobs.jsonl reconstruction=encoder head-arch=linear
[10-07 21:54:22] [cf412oc2_bb40k_h30k_recon_lin] head argv -> /home/jupyter/checkpoints_backup/cf-425-lin/results/waves/gift_pretrain_1007_215422_z8Fb/jobs.jsonl reconstruction=encoder head-arch=linear
[10-07 21:54:52] [cf412oc2_bb400k_h30k_recon_lin] head argv -> /home/jupyter/checkpoints_backup/cf-425-lin/results/waves/gift_pretrain_1007_215452_3hTt/jobs.jsonl reconstruction=encoder head-arch=linear
[10-07 21:54:52] [cf412oe2_bb40k_h30k_recon_lin] head argv -> /home/jupyter/checkpoints_backup/cf-425-lin/results/waves/gift_pretrain_1007_215452_3hTt/jobs.jsonl reconstruction=encoder head-arch=linear
[10-07 21:54:52] [cf412oe2_bb200k_h30k_recon_lin] head argv -> /home/jupyter/checkpoints_backup/cf-425-lin/results/waves/gift_pretrain_1007_215452_3hTt/jobs.jsonl reconstruction=encoder head-arch=linear
[10-07 21:54:52] [cf412om2_bb10k_h30k_recon_lin] head argv -> /home/jupyter/checkpoints_backup/cf-425-lin/results/waves/gift_pretrain_1007_215452_3hTt/jobs.jsonl reconstruction=encoder head-arch=linear
[10-07 21:54:52] [cf412om2_bb125k_h30k_recon_lin] head argv -> /home/jupyter/checkpoints_backup/cf-425-lin/results/waves/gift_pretrain_1007_215452_3hTt/jobs.jsonl reconstruction=encoder head-arch=linear
[10-07 21:54:52] [cf412oa2_bb40k_h30k_recon_lin] head argv -> /home/jupyter/checkpoints_backup/cf-425-lin/results/waves/gift_pretrain_1007_215452_3hTt/jobs.jsonl reconstruction=encoder head-arch=linear
[10-07 21:55:22] [cf412oa2_bb200k_h30k_recon_lin] head argv -> /home/jupyter/checkpoints_backup/cf-425-lin/results/waves/gift_pretrain_1007_215522_uVu2/jobs.jsonl reconstruction=encoder head-arch=linear
[10-07 21:55:22] [cf412ow2_bb40k_h30k_recon_lin] head argv -> /home/jupyter/checkpoints_backup/cf-425-lin/results/waves/gift_pretrain_1007_215522_uVu2/jobs.jsonl reconstruction=encoder head-arch=linear
[10-07 21:55:22] [cf412or2_bb40k_h30k_recon_lin] head argv -> /home/jupyter/checkpoints_backup/cf-425-lin/results/waves/gift_pretrain_1007_215522_uVu2/jobs.jsonl reconstruction=encoder head-arch=linear
[10-07 21:55:22] [cf412or2_bb200k_h30k_recon_lin] head argv -> /home/jupyter/checkpoints_backup/cf-425-lin/results/waves/gift_pretrain_1007_215522_uVu2/jobs.jsonl reconstruction=encoder head-arch=linear
[10-07 21:55:22] [cf412ol2_bb40k_h30k_recon_lin] head argv -> /home/jupyter/checkpoints_backup/cf-425-lin/results/waves/gift_pretrain_1007_215522_uVu2/jobs.jsonl reconstruction=encoder head-arch=linear
[10-07 21:55:22] [cf412bm_bb10k_h30k_recon_lin] head argv -> /home/jupyter/checkpoints_backup/cf-425-lin/results/waves/gift_pretrain_1007_215522_uVu2/jobs.jsonl reconstruction=encoder head-arch=linear
[10-07 21:55:52] [k3_r100_09_lr56_fix09_dec10k_cos200k_bb665k_h30k_recon_lin] head argv -> /home/jupyter/checkpoints_backup/cf-425-lin/results/waves/old_1007_215551_dzI5/jobs.jsonl reconstruction=encoder head-arch=linear
[10-07 21:55:52] [k3_r100_09_lr56_fix09_dec10k_cos200k_bb1330k_h30k_recon_lin] head argv -> /home/jupyter/checkpoints_backup/cf-425-lin/results/waves/old_1007_215551_dzI5/jobs.jsonl reconstruction=encoder head-arch=linear
[10-07 21:55:52] [k3_r100_09_lr56_fix09_dec10k_lr100x_bb1000k_h30k_recon_lin] head argv -> /home/jupyter/checkpoints_backup/cf-425-lin/results/waves/old_1007_215551_dzI5/jobs.jsonl reconstruction=encoder head-arch=linear
[10-07 21:55:52] [k3_r100_09_lr56_fix09_dec10k_lr100x_bb1080k_h30k_recon_lin] head argv -> /home/jupyter/checkpoints_backup/cf-425-lin/results/waves/old_1007_215551_dzI5/jobs.jsonl reconstruction=encoder head-arch=linear
[10-07 21:55:52] [k3_r100_09_lr56_fix09_dec10k_lr10xb_bb100k_h30k_recon_lin] head argv -> /home/jupyter/checkpoints_backup/cf-425-lin/results/waves/old_1007_215551_dzI5/jobs.jsonl reconstruction=encoder head-arch=linear
[10-07 21:55:52] [k3_r100_09_lr56_fix09_dec10k_lr10xb_bb420k_h30k_recon_lin] head argv -> /home/jupyter/checkpoints_backup/cf-425-lin/results/waves/old_1007_215551_dzI5/jobs.jsonl reconstruction=encoder head-arch=linear
[10-07 21:55:52] [k3_r100_09_lr56_fix09_dec10k_lr30x_bb665k_h30k_recon_lin] head argv -> /home/jupyter/checkpoints_backup/cf-425-lin/results/waves/old_1007_215551_dzI5/jobs.jsonl reconstruction=encoder head-arch=linear
[10-07 21:55:52] [k3_r100_09_lr56_fix09_dec10k_cos665k_bb665k_h30k_recon_lin] head argv -> /home/jupyter/checkpoints_backup/cf-425-lin/results/waves/old_1007_215551_dzI5/jobs.jsonl reconstruction=encoder head-arch=linear
[10-07 21:55:52] [k3_r100_09_lr56_fix09_dec10k_cos200k_bb1140k_h30k_recon_lin] head argv -> /home/jupyter/checkpoints_backup/cf-425-lin/results/waves/old_1007_215551_dzI5/jobs.jsonl reconstruction=encoder head-arch=linear
[10-08 00:27:35] [cf419_cos200k_bb100k_h30k_recon_lin] head-train SKIP (final exists)
[10-08 00:27:35] [cf419_cos200k_bb400k_h30k_recon_lin] head-train SKIP (final exists)
[10-08 00:27:35] [cf412om_bb10k_h30k_recon_lin] head-train SKIP (final exists)
[10-08 00:27:35] [cf412om_bb166k_h30k_recon_lin] head-train SKIP (final exists)
[10-08 00:27:35] [cf412oc_bb40k_h30k_recon_lin] head-train SKIP (final exists)
[10-08 00:27:35] [cf419_cos200k_bb100k_h30k_recon_lin] eval start (97 configs, R, forecast-len 16, cuda)
[10-08 00:27:35] [cf419_cos200k_bb400k_h30k_recon_lin] eval start (97 configs, R, forecast-len 16, cuda)
[10-08 00:27:35] [cf412oc2_bb40k_h30k_recon_lin] head-train SKIP (final exists)
[10-08 00:27:35] [cf412om_bb10k_h30k_recon_lin] eval start (97 configs, R, forecast-len 16, cuda)
[10-08 00:27:35] [cf412om_bb166k_h30k_recon_lin] eval start (97 configs, R, forecast-len 16, cuda)
[10-08 00:27:35] [cf412oc_bb40k_h30k_recon_lin] eval start (97 configs, R, forecast-len 16, cuda)
[10-08 00:27:35] [cf412oc2_bb40k_h30k_recon_lin] eval start (97 configs, R, forecast-len 16, cuda)
[10-08 00:27:35] [cf412bm_bb50k_h30k_recon_lin] head argv -> /home/jupyter/checkpoints_backup/cf-425-lin/results/waves/gift_pretrain_1008_002735_Ztmx/jobs.jsonl reconstruction=encoder head-arch=linear
[10-08 00:27:35] [cf412bw_bb10k_h30k_recon_lin] head argv -> /home/jupyter/checkpoints_backup/cf-425-lin/results/waves/gift_pretrain_1008_002735_Ztmx/jobs.jsonl reconstruction=encoder head-arch=linear
[10-08 00:27:35] [cf412bw_bb50k_h30k_recon_lin] head argv -> /home/jupyter/checkpoints_backup/cf-425-lin/results/waves/gift_pretrain_1008_002735_Ztmx/jobs.jsonl reconstruction=encoder head-arch=linear
[10-08 00:27:35] [cf412al_bb10k_h30k_recon_lin] head argv -> /home/jupyter/checkpoints_backup/cf-425-lin/results/waves/gift_pretrain_1008_002735_Ztmx/jobs.jsonl reconstruction=encoder head-arch=linear
[10-08 00:27:35] [cf412al_bb50k_h30k_recon_lin] head argv -> /home/jupyter/checkpoints_backup/cf-425-lin/results/waves/gift_pretrain_1008_002735_Ztmx/jobs.jsonl reconstruction=encoder head-arch=linear
[10-08 00:27:35] [cf419ms_bb40k_h30k_recon_lin] head argv -> /home/jupyter/checkpoints_backup/cf-425-lin/results/waves/gift_pretrain_1008_002735_Ztmx/jobs.jsonl reconstruction=encoder head-arch=linear
[10-08 00:41:30] [cf412om_bb10k_h30k_recon_lin] eval rc=0
[10-08 00:41:30] [cf412om_bb10k_h30k_recon_lin] DONE — GM-Relative MASE 0.5347
[10-08 00:41:43] [cf419_cos200k_bb100k_h30k_recon_lin] eval rc=0
[10-08 00:41:43] [cf419_cos200k_bb100k_h30k_recon_lin] DONE — GM-Relative MASE 0.1965
[10-08 00:55:53] [cf419_cos200k_bb400k_h30k_recon_lin] eval rc=0
[10-08 00:55:53] [cf419_cos200k_bb400k_h30k_recon_lin] DONE — GM-Relative MASE 0.1993
[10-08 00:56:06] [cf412om_bb166k_h30k_recon_lin] eval rc=0
[10-08 00:56:06] [cf412om_bb166k_h30k_recon_lin] DONE — GM-Relative MASE 0.9176
[10-08 00:56:25] [cf412oc2_bb400k_h30k_recon_lin] head-train SKIP (final exists)
[10-08 00:56:25] [cf412oe2_bb200k_h30k_recon_lin] head-train SKIP (final exists)
[10-08 00:56:25] [cf412oc2_bb400k_h30k_recon_lin] eval start (97 configs, R, forecast-len 16, cuda)
[10-08 00:56:25] [cf412oe2_bb40k_h30k_recon_lin] head-train SKIP (final exists)
[10-08 00:56:25] [cf412om2_bb125k_h30k_recon_lin] head-train SKIP (final exists)
[10-08 00:56:25] [cf412om2_bb10k_h30k_recon_lin] head-train SKIP (final exists)
[10-08 00:56:25] [cf412oa2_bb40k_h30k_recon_lin] head-train SKIP (final exists)
[10-08 00:56:25] [cf412oe2_bb40k_h30k_recon_lin] eval start (97 configs, R, forecast-len 16, cuda)
[10-08 00:56:25] [cf412om2_bb125k_h30k_recon_lin] eval start (97 configs, R, forecast-len 16, cuda)
[10-08 00:56:25] [cf412oe2_bb200k_h30k_recon_lin] eval start (97 configs, R, forecast-len 16, cuda)
[10-08 00:56:25] [cf412om2_bb10k_h30k_recon_lin] eval start (97 configs, R, forecast-len 16, cuda)
[10-08 00:56:25] [cf412oa2_bb40k_h30k_recon_lin] eval start (97 configs, R, forecast-len 16, cuda)
[10-08 00:56:25] [cf419ms_bb140k_h30k_recon_lin] head argv -> /home/jupyter/checkpoints_backup/cf-425-lin/results/waves/gift_pretrain_1008_005625_J1wD/jobs.jsonl reconstruction=encoder head-arch=linear
[10-08 00:56:25] [cf419_cos200k_bb200k_h30k_recon_lin] head argv -> /home/jupyter/checkpoints_backup/cf-425-lin/results/waves/gift_pretrain_1008_005625_J1wD/jobs.jsonl reconstruction=encoder head-arch=linear
[10-08 00:56:25] [cf419_cos200k_bb300k_h30k_recon_lin] head argv -> /home/jupyter/checkpoints_backup/cf-425-lin/results/waves/gift_pretrain_1008_005625_J1wD/jobs.jsonl reconstruction=encoder head-arch=linear
[10-08 00:56:25] [cf412om_bb25k_h30k_recon_lin] head argv -> /home/jupyter/checkpoints_backup/cf-425-lin/results/waves/gift_pretrain_1008_005625_J1wD/jobs.jsonl reconstruction=encoder head-arch=linear
[10-08 00:56:25] [cf412om_bb50k_h30k_recon_lin] head argv -> /home/jupyter/checkpoints_backup/cf-425-lin/results/waves/gift_pretrain_1008_005625_J1wD/jobs.jsonl reconstruction=encoder head-arch=linear
[10-08 00:56:25] [cf412om_bb75k_h30k_recon_lin] head argv -> /home/jupyter/checkpoints_backup/cf-425-lin/results/waves/gift_pretrain_1008_005625_J1wD/jobs.jsonl reconstruction=encoder head-arch=linear
[10-08 01:09:55] [cf412oc2_bb40k_h30k_recon_lin] eval rc=0
[10-08 01:09:55] [cf412oc2_bb40k_h30k_recon_lin] DONE — GM-Relative MASE 0.3616
[10-08 01:10:14] [cf412oc_bb40k_h30k_recon_lin] eval rc=0
[10-08 01:10:14] [cf412oc_bb40k_h30k_recon_lin] DONE — GM-Relative MASE 0.4374
[10-08 01:23:55] [cf412oc2_bb400k_h30k_recon_lin] eval rc=0
[10-08 01:23:55] [cf412oc2_bb400k_h30k_recon_lin] DONE — GM-Relative MASE 0.3648
[10-08 01:24:42] [cf412oe2_bb40k_h30k_recon_lin] eval rc=0
[10-08 01:24:42] [cf412oe2_bb40k_h30k_recon_lin] DONE — GM-Relative MASE 0.2642
[10-08 01:28:02] [cf412oa2_bb200k_h30k_recon_lin] head-train SKIP (final exists)
[10-08 01:28:02] [cf412ow2_bb40k_h30k_recon_lin] head-train SKIP (final exists)
[10-08 01:28:02] [cf412or2_bb40k_h30k_recon_lin] head-train SKIP (final exists)
[10-08 01:28:02] [cf412ol2_bb40k_h30k_recon_lin] head-train SKIP (final exists)
[10-08 01:28:02] [cf412or2_bb200k_h30k_recon_lin] head-train SKIP (final exists)
[10-08 01:28:02] [cf412oa2_bb200k_h30k_recon_lin] eval start (97 configs, R, forecast-len 16, cuda)
[10-08 01:28:02] [cf412ow2_bb40k_h30k_recon_lin] eval start (97 configs, R, forecast-len 16, cuda)
[10-08 01:28:02] [cf412bm_bb10k_h30k_recon_lin] head-train SKIP (final exists)
[10-08 01:28:02] [cf412or2_bb40k_h30k_recon_lin] eval start (97 configs, R, forecast-len 16, cuda)
[10-08 01:28:02] [cf412ol2_bb40k_h30k_recon_lin] eval start (97 configs, R, forecast-len 16, cuda)
[10-08 01:28:02] [cf412or2_bb200k_h30k_recon_lin] eval start (97 configs, R, forecast-len 16, cuda)
[10-08 01:28:02] [cf412bm_bb10k_h30k_recon_lin] eval start (97 configs, R, forecast-len 16, cuda)
[10-08 01:28:02] [cf412om_bb100k_h30k_recon_lin] head argv -> /home/jupyter/checkpoints_backup/cf-425-lin/results/waves/gift_pretrain_1008_012802_Zfmx/jobs.jsonl reconstruction=encoder head-arch=linear
[10-08 01:28:02] [cf412om_bb125k_h30k_recon_lin] head argv -> /home/jupyter/checkpoints_backup/cf-425-lin/results/waves/gift_pretrain_1008_012802_Zfmx/jobs.jsonl reconstruction=encoder head-arch=linear
[10-08 01:28:02] [cf412om_bb150k_h30k_recon_lin] head argv -> /home/jupyter/checkpoints_backup/cf-425-lin/results/waves/gift_pretrain_1008_012802_Zfmx/jobs.jsonl reconstruction=encoder head-arch=linear
[10-08 01:28:02] [cf412oc2_bb100k_h30k_recon_lin] head argv -> /home/jupyter/checkpoints_backup/cf-425-lin/results/waves/gift_pretrain_1008_012802_Zfmx/jobs.jsonl reconstruction=encoder head-arch=linear
[10-08 01:28:02] [cf412oc2_bb200k_h30k_recon_lin] head argv -> /home/jupyter/checkpoints_backup/cf-425-lin/results/waves/gift_pretrain_1008_012802_Zfmx/jobs.jsonl reconstruction=encoder head-arch=linear
[10-08 01:28:02] [cf412oc2_bb300k_h30k_recon_lin] head argv -> /home/jupyter/checkpoints_backup/cf-425-lin/results/waves/gift_pretrain_1008_012802_Zfmx/jobs.jsonl reconstruction=encoder head-arch=linear
[10-08 01:39:20] [cf412oe2_bb200k_h30k_recon_lin] eval rc=0
[10-08 01:39:20] [cf412oe2_bb200k_h30k_recon_lin] DONE — GM-Relative MASE 0.2765
[10-08 01:39:59] [cf412om2_bb10k_h30k_recon_lin] eval rc=0
[10-08 01:39:59] [cf412om2_bb10k_h30k_recon_lin] DONE — GM-Relative MASE 0.5114
