[08-15 23:06:41] [arm6_v2_combab_alignS] FRESH start at step 0
[08-15 23:06:41] [arm6_v2_combab_alignS] START target=300 gpu=0 save_every=1000000 leg=/home/jupyter/checkpoints_backup/cf-401-smoke/k0/arm6_v2_combab_alignS/leg_0k
[08-15 23:07:49] [arm6_v2_combab_alignS] DONE target=300 (5.0M) -> /home/jupyter/checkpoints_backup/cf-401-smoke/k0/arm6_v2_combab_alignS/leg_0k/cf393_arm6_v2_combab_alignS_cf373k0_smoke401_k0_0k.pth
[08-15 23:07:50] [arm6_v2_combab_alignS] FRESH start at step 0
[08-15 23:07:50] [arm6_v2_combab_alignS] START target=300 gpu=0 save_every=1000000 leg=/home/jupyter/checkpoints_backup/cf-401-smoke/k16/arm6_v2_combab_alignS/leg_0k
[08-15 23:09:50] [arm6_v2_combab_alignS] DONE target=300 (5.0M) -> /home/jupyter/checkpoints_backup/cf-401-smoke/k16/arm6_v2_combab_alignS/leg_0k/cf393_arm6_v2_combab_alignS_cf373k16_smoke401_k16_0k.pth
[08-15 23:09:52] [arm6_v2_combab_alignS] FRESH start at step 0
[08-15 23:09:52] [arm6_v2_combab_alignS] START target=300 gpu=0 save_every=1000000 leg=/home/jupyter/checkpoints_backup/cf-401-smoke/k8/arm6_v2_combab_alignS/leg_0k
[08-15 23:11:23] [arm6_v2_combab_alignS] DONE target=300 (5.0M) -> /home/jupyter/checkpoints_backup/cf-401-smoke/k8/arm6_v2_combab_alignS/leg_0k/cf393_arm6_v2_combab_alignS_cf373k8_smoke401_k8_0k.pth
[08-15 23:11:24] [arm6_v2_combab_alignS] FRESH start at step 0
[08-15 23:11:24] [arm6_v2_combab_alignS] START target=300 gpu=0 save_every=1000000 leg=/home/jupyter/checkpoints_backup/cf-401-smoke/k32/arm6_v2_combab_alignS/leg_0k
[08-15 23:14:18] [arm6_v2_combab_alignS] DONE target=300 (5.0M) -> /home/jupyter/checkpoints_backup/cf-401-smoke/k32/arm6_v2_combab_alignS/leg_0k/cf393_arm6_v2_combab_alignS_cf373k32_smoke401_k32_0k.pth
[08-16 00:23:46] [arm6_v2_combab_alignS] FRESH start at step 0
[08-16 00:23:46] [arm6_v2_combab_alignS] START target=40000 gpu=0 save_every=20000 leg=/home/jupyter/checkpoints_backup/cf-401/k16/arm6_v2_combab_alignS/leg_40k
[08-16 00:26:46] [arm6_v2_combab_alignS] FRESH start at step 0
[08-16 00:26:46] [arm6_v2_combab_alignS] START target=40000 gpu=0 save_every=20000 leg=/home/jupyter/checkpoints_backup/cf-401/k8/arm6_v2_combab_alignS/leg_40k
[08-16 03:53:11] [arm6_v2_combab_alignS] DONE target=40000 (5.0M) -> /home/jupyter/checkpoints_backup/cf-401/k8/arm6_v2_combab_alignS/leg_40k/cf393_arm6_v2_combab_alignS_cf373k8_40k.pth
[08-16 03:53:11] [arm6_v2_combab_alignS] RESUME from cf393_arm6_v2_combab_alignS_cf373k8_40k.pth (step 40k)
[08-16 03:53:11] [arm6_v2_combab_alignS] START target=100000 gpu=0 save_every=20000 leg=/home/jupyter/checkpoints_backup/cf-401/k8/arm6_v2_combab_alignS/leg_100k
[08-16 05:04:05] [arm6_v2_combab_alignS] DONE target=40000 (5.0M) -> /home/jupyter/checkpoints_backup/cf-401/k16/arm6_v2_combab_alignS/leg_40k/cf393_arm6_v2_combab_alignS_cf373k16_40k.pth
[08-16 05:04:05] [arm6_v2_combab_alignS] RESUME from cf393_arm6_v2_combab_alignS_cf373k16_40k.pth (step 40k)
[08-16 05:04:05] [arm6_v2_combab_alignS] START target=100000 gpu=0 save_every=20000 leg=/home/jupyter/checkpoints_backup/cf-401/k16/arm6_v2_combab_alignS/leg_100k
[08-16 09:30:57] [arm6_v2_combab_alignS] DONE target=100000 (5.0M) -> /home/jupyter/checkpoints_backup/cf-401/k8/arm6_v2_combab_alignS/leg_100k/cf393_arm6_v2_combab_alignS_cf373k8_100k.pth
[08-16 09:30:57] [arm6_v2_combab_alignS] RESUME from cf393_arm6_v2_combab_alignS_cf373k8_100k.pth (step 100k)
[08-16 09:30:57] [arm6_v2_combab_alignS] START target=200000 gpu=0 save_every=20000 leg=/home/jupyter/checkpoints_backup/cf-401/k8/arm6_v2_combab_alignS/leg_200k
[08-16 12:24:44] [arm6_v2_combab_alignS] DONE target=100000 (5.0M) -> /home/jupyter/checkpoints_backup/cf-401/k16/arm6_v2_combab_alignS/leg_100k/cf393_arm6_v2_combab_alignS_cf373k16_100k.pth
[08-16 12:24:44] [arm6_v2_combab_alignS] RESUME from cf393_arm6_v2_combab_alignS_cf373k16_100k.pth (step 100k)
[08-16 12:24:44] [arm6_v2_combab_alignS] START target=200000 gpu=0 save_every=20000 leg=/home/jupyter/checkpoints_backup/cf-401/k16/arm6_v2_combab_alignS/leg_200k
