[07-09 23:41:29] [dl-chain g0] queue: 6L@50000 2L@50000 6L@45000
[07-09 23:41:29] [dl-chain g0] WAIT for bb_..._step50000.pth
[07-09 23:46:29] [dl-chain g0] WAIT for bb_..._step50000.pth
[07-09 23:51:29] [dl-chain g0] WAIT for bb_..._step50000.pth
[07-09 23:56:29] [dl-chain g0] WAIT for bb_..._step50000.pth
[07-10 00:01:29] [dl-chain g0] WAIT for bb_..._step50000.pth
[07-10 00:06:29] [dl-chain g0] WAIT for bb_..._step50000.pth
[07-10 00:11:29] [dl-chain g0] WAIT for bb_..._step50000.pth
[07-10 00:16:29] [dl-chain g0] WAIT for bb_..._step50000.pth
[07-10 00:21:29] [dl-chain g0] WAIT for bb_..._step50000.pth
[07-10 00:26:29] [dl-chain g0] WAIT for bb_..._step50000.pth
[07-10 00:31:29] [dl-chain g0] WAIT for bb_..._step50000.pth
[07-10 00:36:29] [dl-chain g0] WAIT for bb_..._step50000.pth
[07-10 00:41:29] [dl-chain g0] WAIT for bb_..._step50000.pth
[07-10 00:46:29] [dl-chain g0] WAIT for bb_..._step50000.pth
[07-10 00:51:29] [dl-chain g0] WAIT for bb_..._step50000.pth
[07-10 00:56:29] [dl-chain g0] WAIT for bb_..._step50000.pth
[07-10 01:01:29] [dl-chain g0] WAIT for bb_..._step50000.pth
[07-10 01:06:29] [dl-chain g0] WAIT for bb_..._step50000.pth
[07-10 01:11:29] [dl-chain g0] WAIT for bb_..._step50000.pth
[07-10 01:16:30] [dl-chain g0] WAIT for bb_..._step50000.pth
[07-10 01:21:30] [dl-chain g0] WAIT for bb_..._step50000.pth
[07-10 01:26:30] [dl-chain g0] WAIT for bb_..._step50000.pth
[07-10 01:31:30] [dl-chain g0] WAIT for bb_..._step50000.pth
[07-10 01:36:30] [dl-chain g0] WAIT for bb_..._step50000.pth
[07-10 01:41:30] [dl-chain g0] WAIT for bb_..._step50000.pth
[07-10 01:46:30] [dl-chain g0] WAIT for bb_..._step50000.pth
[07-10 01:51:30] [dl-chain g0] WAIT for bb_..._step50000.pth
[07-10 01:56:30] [dl-chain g0] WAIT for bb_..._step50000.pth
[07-10 02:01:30] [dl-chain g0] WAIT for bb_..._step50000.pth
[07-10 02:06:30] [dl-chain g0] WAIT for bb_..._step50000.pth
[07-10 02:11:30] [dl-chain g0] WAIT for bb_..._step50000.pth
[07-10 02:16:30] [dl-chain g0] WAIT for bb_..._step50000.pth
[07-10 02:21:30] [dl-chain g0] WAIT for bb_..._step50000.pth
[07-10 02:26:30] [dl-chain g0] WAIT for bb_..._step50000.pth
[07-10 02:31:30] [dl-chain g0] WAIT for bb_..._step50000.pth
[07-10 02:36:30] [dl-chain g0] WAIT for bb_..._step50000.pth
[07-10 02:41:30] [dl-chain g0] WAIT for bb_..._step50000.pth
[07-10 02:46:30] [dl-chain g0] RUN 6L@50000 on GPU 0
[07-10 02:46:30] [dl-step50000 6L g0] QH qhead_6L_allt08_xftrip_nobn_enc3_emateach_sigreg_qk_aon_b1024_cpc_l_emb10_enc10_tau090_b1024_step50000 train 10000 on bb_allt08_xftrip_nobn_enc3_emateach_sigreg_qk_aon_b1024_cpc_l_emb10_enc10_tau090_b1024_r4_step50000.pth resume=qhead_6L_allt08_xftrip_nobn_enc3_emateach_sigreg_qk_aon_b1024_cpc_l_emb10_enc10_tau090_b1024_parentstep_FINAL.pth
[07-10 03:53:16] [dl-step50000 6L g0] QH qhead_6L_allt08_xftrip_nobn_enc3_emateach_sigreg_qk_aon_b1024_cpc_l_emb10_enc10_tau090_b1024_step50000 done
[07-10 03:53:16] [dl-step50000 6L g0] EVAL step50000 full-97 start
[07-10 08:00:15] [dl-step50000 6L g0] EVAL step50000 done GM=1.1286
[07-10 08:00:15] [dl-chain g0] DONE 6L@50000 rc=0
[07-10 08:00:15] [dl-chain g0] RUN 2L@50000 on GPU 0
[07-10 08:00:15] [dl-step50000 2L g0] QH qhead_2L_allt08_xftrip_nobn_enc3_emateach_sigreg_qk_aon_b1024_cpc_l_emb10_enc10_tau090_b1024_step50000 train 10000 on bb_allt08_xftrip_nobn_enc3_emateach_sigreg_qk_aon_b1024_cpc_l_emb10_enc10_tau090_b1024_r4_step50000.pth resume=qhead_2L_allt08_xftrip_nobn_enc3_emateach_sigreg_qk_aon_b1024_cpc_l_emb10_enc10_tau090_b1024_parentstep_FINAL.pth
[07-10 08:53:32] [dl-step50000 2L g0] QH qhead_2L_allt08_xftrip_nobn_enc3_emateach_sigreg_qk_aon_b1024_cpc_l_emb10_enc10_tau090_b1024_step50000 done
[07-10 08:53:32] [dl-step50000 2L g0] EVAL step50000 full-97 start
[07-10 12:36:44] [dl-step50000 2L g0] EVAL step50000 done GM=1.1674
[07-10 12:36:44] [dl-chain g0] DONE 2L@50000 rc=0
[07-10 12:36:44] [dl-chain g0] SKIP 6L@45000 (already scored — /home/jupyter/cf-369/experiments/2026-07-03_b1024_traj_ckpts/results/gift_eval_full_allt08_xftrip_nobn_enc3_emateach_sigreg_qk_aon_b1024_cpc_l_emb10_enc10_tau090_b1024_step45000_6L/summary.txt)
[07-10 12:36:44] [dl-chain g0] chain complete
