  [head-train] auto-detected freq_emb_dim=3 from backbone checkpoint
  [head-train] auto-detected seasonality_emb_dim=3 from backbone checkpoint
  [head-train] auto-detected num_encoder_layers=3 from backbone checkpoint
  [head-train] auto-detected qk_norm=True from backbone checkpoint
  [head-train] auto-detected attn_out_norm=True from backbone checkpoint
  [head-train] auto-detected patch_stats=none
Backbone loaded from /home/jupyter/cf-369/experiments/2026-07-03_b1024_traj_ckpts/runs/bb_allt08_xftrip_nobn_enc3_emateach_sigreg_qk_aon_b1024_cpc_l_emb10_enc10_tau090_b1024_r4_step45000.pth (0 params, frozen)
/home/jupyter/.local/lib/python3.10/site-packages/torch/nn/modules/transformer.py:392: UserWarning: enable_nested_tensor is True, but self.use_nested_tensor is False because encoder_layer.norm_first was True
  warnings.warn(
Forecasting head [transformer-q (6L H384 nhead6 causal)]: 10,702,992 trainable params
Optimizer: AdamW lr=0.001 betas=(0.9,0.98) wd=0.1 eps=1e-08
Schedule: cosine warmup=1000 decay_start=8000 final_ratio=0.1
Loaded head weights from /home/jupyter/cf-369/experiments/2026-07-03_b1024_traj_ckpts/runs/qhead_6L_allt08_xftrip_nobn_enc3_emateach_sigreg_qk_aon_b1024_cpc_l_emb10_enc10_tau090_b1024_parentstep_FINAL.pth (no optimizer state)
Loss CSV: /home/jupyter/cf-369/experiments/2026-07-03_b1024_traj_ckpts/runs/qhead_6L_allt08_xftrip_nobn_enc3_emateach_sigreg_qk_aon_b1024_cpc_l_emb10_enc10_tau090_b1024_step45000_losses.csv
Data: MIX 100% HF + 0% synth, hf_bs=256, synth_bs=0, synth_seed=20042, emit_labels=True

Training for 10000 steps, bs=256, lr=0.001, forecast_len=16
RECONSTRUCTION mode: forecaster (head decodes what latent represents, not future)
Checkpoints: /home/jupyter/cf-369/experiments/2026-07-03_b1024_traj_ckpts/runs/qhead_6L_allt08_xftrip_nobn_enc3_emateach_sigreg_qk_aon_b1024_cpc_l_emb10_enc10_tau090_b1024_step45000_*.pth
[    200] loss=0.222041  ema_loss=0.266538  2.0 sps  ETA 1.4h
  -> New best: /home/jupyter/cf-369/experiments/2026-07-03_b1024_traj_ckpts/runs/qhead_6L_allt08_xftrip_nobn_enc3_emateach_sigreg_qk_aon_b1024_cpc_l_emb10_enc10_tau090_b1024_step45000_best.pth (ema_loss=0.266538)
[    400] loss=0.211426  ema_loss=0.219011  2.1 sps  ETA 1.3h
  -> New best: /home/jupyter/cf-369/experiments/2026-07-03_b1024_traj_ckpts/runs/qhead_6L_allt08_xftrip_nobn_enc3_emateach_sigreg_qk_aon_b1024_cpc_l_emb10_enc10_tau090_b1024_step45000_best.pth (ema_loss=0.219011)
[    600] loss=0.207573  ema_loss=0.209581  2.1 sps  ETA 1.3h
  -> New best: /home/jupyter/cf-369/experiments/2026-07-03_b1024_traj_ckpts/runs/qhead_6L_allt08_xftrip_nobn_enc3_emateach_sigreg_qk_aon_b1024_cpc_l_emb10_enc10_tau090_b1024_step45000_best.pth (ema_loss=0.209581)
[    800] loss=0.193207  ema_loss=0.206118  2.1 sps  ETA 1.2h
  -> New best: /home/jupyter/cf-369/experiments/2026-07-03_b1024_traj_ckpts/runs/qhead_6L_allt08_xftrip_nobn_enc3_emateach_sigreg_qk_aon_b1024_cpc_l_emb10_enc10_tau090_b1024_step45000_best.pth (ema_loss=0.206118)
[   1000] loss=0.209002  ema_loss=0.205288  2.1 sps  ETA 1.2h
  -> New best: /home/jupyter/cf-369/experiments/2026-07-03_b1024_traj_ckpts/runs/qhead_6L_allt08_xftrip_nobn_enc3_emateach_sigreg_qk_aon_b1024_cpc_l_emb10_enc10_tau090_b1024_step45000_best.pth (ema_loss=0.205288)
[   1200] loss=0.202303  ema_loss=0.202888  2.1 sps  ETA 1.2h
  -> New best: /home/jupyter/cf-369/experiments/2026-07-03_b1024_traj_ckpts/runs/qhead_6L_allt08_xftrip_nobn_enc3_emateach_sigreg_qk_aon_b1024_cpc_l_emb10_enc10_tau090_b1024_step45000_best.pth (ema_loss=0.202888)
[   1400] loss=0.197753  ema_loss=0.202712  2.1 sps  ETA 1.1h
  -> New best: /home/jupyter/cf-369/experiments/2026-07-03_b1024_traj_ckpts/runs/qhead_6L_allt08_xftrip_nobn_enc3_emateach_sigreg_qk_aon_b1024_cpc_l_emb10_enc10_tau090_b1024_step45000_best.pth (ema_loss=0.202712)
[   1600] loss=0.192383  ema_loss=0.201231  2.1 sps  ETA 1.1h
  -> New best: /home/jupyter/cf-369/experiments/2026-07-03_b1024_traj_ckpts/runs/qhead_6L_allt08_xftrip_nobn_enc3_emateach_sigreg_qk_aon_b1024_cpc_l_emb10_enc10_tau090_b1024_step45000_best.pth (ema_loss=0.201231)
[   1800] loss=0.210762  ema_loss=0.202023  2.1 sps  ETA 1.1h
[   2000] loss=0.196485  ema_loss=0.201177  2.1 sps  ETA 1.0h
  -> New best: /home/jupyter/cf-369/experiments/2026-07-03_b1024_traj_ckpts/runs/qhead_6L_allt08_xftrip_nobn_enc3_emateach_sigreg_qk_aon_b1024_cpc_l_emb10_enc10_tau090_b1024_step45000_best.pth (ema_loss=0.201177)
[   2200] loss=0.209182  ema_loss=0.201485  2.1 sps  ETA 1.0h
[   2400] loss=0.200163  ema_loss=0.200968  2.1 sps  ETA 1.0h
  -> New best: /home/jupyter/cf-369/experiments/2026-07-03_b1024_traj_ckpts/runs/qhead_6L_allt08_xftrip_nobn_enc3_emateach_sigreg_qk_aon_b1024_cpc_l_emb10_enc10_tau090_b1024_step45000_best.pth (ema_loss=0.200968)
[   2600] loss=0.189044  ema_loss=0.200002  2.1 sps  ETA 1.0h
  -> New best: /home/jupyter/cf-369/experiments/2026-07-03_b1024_traj_ckpts/runs/qhead_6L_allt08_xftrip_nobn_enc3_emateach_sigreg_qk_aon_b1024_cpc_l_emb10_enc10_tau090_b1024_step45000_best.pth (ema_loss=0.200002)
[   2800] loss=0.189458  ema_loss=0.200046  2.1 sps  ETA 0.9h
[   3000] loss=0.195799  ema_loss=0.199238  2.1 sps  ETA 0.9h
  -> New best: /home/jupyter/cf-369/experiments/2026-07-03_b1024_traj_ckpts/runs/qhead_6L_allt08_xftrip_nobn_enc3_emateach_sigreg_qk_aon_b1024_cpc_l_emb10_enc10_tau090_b1024_step45000_best.pth (ema_loss=0.199238)
[   3200] loss=0.192514  ema_loss=0.200558  2.1 sps  ETA 0.9h
[   3400] loss=0.201900  ema_loss=0.199568  2.1 sps  ETA 0.9h
[   3600] loss=0.185095  ema_loss=0.198670  2.1 sps  ETA 0.8h
  -> New best: /home/jupyter/cf-369/experiments/2026-07-03_b1024_traj_ckpts/runs/qhead_6L_allt08_xftrip_nobn_enc3_emateach_sigreg_qk_aon_b1024_cpc_l_emb10_enc10_tau090_b1024_step45000_best.pth (ema_loss=0.198670)
[   3800] loss=0.193806  ema_loss=0.199353  2.1 sps  ETA 0.8h
[   4000] loss=0.219268  ema_loss=0.198621  2.1 sps  ETA 0.8h
  -> New best: /home/jupyter/cf-369/experiments/2026-07-03_b1024_traj_ckpts/runs/qhead_6L_allt08_xftrip_nobn_enc3_emateach_sigreg_qk_aon_b1024_cpc_l_emb10_enc10_tau090_b1024_step45000_best.pth (ema_loss=0.198621)
[   4200] loss=0.199264  ema_loss=0.198839  2.1 sps  ETA 0.8h
[   4400] loss=0.196434  ema_loss=0.198929  2.1 sps  ETA 0.7h
[   4600] loss=0.190332  ema_loss=0.198846  2.1 sps  ETA 0.7h
[   4800] loss=0.196118  ema_loss=0.198131  2.1 sps  ETA 0.7h
  -> New best: /home/jupyter/cf-369/experiments/2026-07-03_b1024_traj_ckpts/runs/qhead_6L_allt08_xftrip_nobn_enc3_emateach_sigreg_qk_aon_b1024_cpc_l_emb10_enc10_tau090_b1024_step45000_best.pth (ema_loss=0.198131)
[   5000] loss=0.200202  ema_loss=0.198712  2.1 sps  ETA 0.6h
[   5200] loss=0.208601  ema_loss=0.198275  2.1 sps  ETA 0.6h
[   5400] loss=0.197596  ema_loss=0.199054  2.1 sps  ETA 0.6h
[   5600] loss=0.189287  ema_loss=0.197837  2.1 sps  ETA 0.6h
  -> New best: /home/jupyter/cf-369/experiments/2026-07-03_b1024_traj_ckpts/runs/qhead_6L_allt08_xftrip_nobn_enc3_emateach_sigreg_qk_aon_b1024_cpc_l_emb10_enc10_tau090_b1024_step45000_best.pth (ema_loss=0.197837)
[   5800] loss=0.188062  ema_loss=0.198002  2.1 sps  ETA 0.5h
[   6000] loss=0.190627  ema_loss=0.197714  2.1 sps  ETA 0.5h
  -> New best: /home/jupyter/cf-369/experiments/2026-07-03_b1024_traj_ckpts/runs/qhead_6L_allt08_xftrip_nobn_enc3_emateach_sigreg_qk_aon_b1024_cpc_l_emb10_enc10_tau090_b1024_step45000_best.pth (ema_loss=0.197714)
[   6200] loss=0.190513  ema_loss=0.197737  2.1 sps  ETA 0.5h
[   6400] loss=0.213970  ema_loss=0.196996  2.2 sps  ETA 0.5h
  -> New best: /home/jupyter/cf-369/experiments/2026-07-03_b1024_traj_ckpts/runs/qhead_6L_allt08_xftrip_nobn_enc3_emateach_sigreg_qk_aon_b1024_cpc_l_emb10_enc10_tau090_b1024_step45000_best.pth (ema_loss=0.196996)
[   6600] loss=0.197338  ema_loss=0.196663  2.2 sps  ETA 0.4h
  -> New best: /home/jupyter/cf-369/experiments/2026-07-03_b1024_traj_ckpts/runs/qhead_6L_allt08_xftrip_nobn_enc3_emateach_sigreg_qk_aon_b1024_cpc_l_emb10_enc10_tau090_b1024_step45000_best.pth (ema_loss=0.196663)
[   6800] loss=0.207875  ema_loss=0.197991  2.2 sps  ETA 0.4h
[   7000] loss=0.184449  ema_loss=0.197706  2.2 sps  ETA 0.4h
[   7200] loss=0.183784  ema_loss=0.197537  2.2 sps  ETA 0.3h
[   7400] loss=0.199147  ema_loss=0.198271  2.2 sps  ETA 0.3h
[   7600] loss=0.202976  ema_loss=0.197602  2.3 sps  ETA 0.3h
[   7800] loss=0.188267  ema_loss=0.197514  2.3 sps  ETA 0.3h
[   8000] loss=0.191757  ema_loss=0.197201  2.3 sps  ETA 0.2h
[   8200] loss=0.205613  ema_loss=0.197366  2.3 sps  ETA 0.2h
[   8400] loss=0.198103  ema_loss=0.196236  2.3 sps  ETA 0.2h
  -> New best: /home/jupyter/cf-369/experiments/2026-07-03_b1024_traj_ckpts/runs/qhead_6L_allt08_xftrip_nobn_enc3_emateach_sigreg_qk_aon_b1024_cpc_l_emb10_enc10_tau090_b1024_step45000_best.pth (ema_loss=0.196236)
[   8600] loss=0.202888  ema_loss=0.196816  2.3 sps  ETA 0.2h
[   8800] loss=0.200656  ema_loss=0.197090  2.3 sps  ETA 0.1h
[   9000] loss=0.187254  ema_loss=0.196332  2.3 sps  ETA 0.1h
[   9200] loss=0.177126  ema_loss=0.196532  2.3 sps  ETA 0.1h
[   9400] loss=0.201128  ema_loss=0.197461  2.3 sps  ETA 0.1h
[   9600] loss=0.201859  ema_loss=0.197518  2.3 sps  ETA 0.0h
[   9800] loss=0.207955  ema_loss=0.197265  2.3 sps  ETA 0.0h
[  10000] loss=0.194376  ema_loss=0.196883  2.3 sps  ETA 0.0h

Done in 1.2h. Best loss=0.196236 at step 8400
