  [head-train] auto-detected freq_emb_dim=3 from backbone checkpoint
  [head-train] auto-detected seasonality_emb_dim=3 from backbone checkpoint
  [head-train] auto-detected num_encoder_layers=3 from backbone checkpoint
  [head-train] auto-detected qk_norm=True from backbone checkpoint
  [head-train] auto-detected attn_out_norm=True from backbone checkpoint
  [head-train] auto-detected patch_stats=none
Backbone loaded from /home/jupyter/cf-369/experiments/2026-07-03_b1024_traj_ckpts/runs/bb_allt08_xftrip_nobn_enc3_emateach_sigreg_qk_aon_b1024_cpc_l_emb10_enc10_tau090_b1024_r3_step30000.pth (0 params, frozen)
/home/jupyter/.local/lib/python3.10/site-packages/torch/nn/modules/transformer.py:392: UserWarning: enable_nested_tensor is True, but self.use_nested_tensor is False because encoder_layer.norm_first was True
  warnings.warn(
Forecasting head [transformer-q (6L H384 nhead6 causal)]: 10,702,992 trainable params
Optimizer: AdamW lr=0.001 betas=(0.9,0.98) wd=0.1 eps=1e-08
Schedule: cosine warmup=1000 decay_start=8000 final_ratio=0.1
Loaded head weights from /home/jupyter/cf-369/experiments/2026-07-03_b1024_traj_ckpts/runs/qhead_6L_allt08_xftrip_nobn_enc3_emateach_sigreg_qk_aon_b1024_cpc_l_emb10_enc10_tau090_b1024_parentstep_FINAL.pth (no optimizer state)
Loss CSV: /home/jupyter/cf-369/experiments/2026-07-03_b1024_traj_ckpts/runs/qhead_6L_allt08_xftrip_nobn_enc3_emateach_sigreg_qk_aon_b1024_cpc_l_emb10_enc10_tau090_b1024_step30000_losses.csv
Data: MIX 100% HF + 0% synth, hf_bs=256, synth_bs=0, synth_seed=20042, emit_labels=True

Training for 10000 steps, bs=256, lr=0.001, forecast_len=16
RECONSTRUCTION mode: forecaster (head decodes what latent represents, not future)
Checkpoints: /home/jupyter/cf-369/experiments/2026-07-03_b1024_traj_ckpts/runs/qhead_6L_allt08_xftrip_nobn_enc3_emateach_sigreg_qk_aon_b1024_cpc_l_emb10_enc10_tau090_b1024_step30000_*.pth
[    200] loss=0.219509  ema_loss=0.266808  2.2 sps  ETA 1.2h
  -> New best: /home/jupyter/cf-369/experiments/2026-07-03_b1024_traj_ckpts/runs/qhead_6L_allt08_xftrip_nobn_enc3_emateach_sigreg_qk_aon_b1024_cpc_l_emb10_enc10_tau090_b1024_step30000_best.pth (ema_loss=0.266808)
[    400] loss=0.210539  ema_loss=0.218098  2.3 sps  ETA 1.2h
  -> New best: /home/jupyter/cf-369/experiments/2026-07-03_b1024_traj_ckpts/runs/qhead_6L_allt08_xftrip_nobn_enc3_emateach_sigreg_qk_aon_b1024_cpc_l_emb10_enc10_tau090_b1024_step30000_best.pth (ema_loss=0.218098)
[    600] loss=0.207372  ema_loss=0.209179  2.3 sps  ETA 1.1h
  -> New best: /home/jupyter/cf-369/experiments/2026-07-03_b1024_traj_ckpts/runs/qhead_6L_allt08_xftrip_nobn_enc3_emateach_sigreg_qk_aon_b1024_cpc_l_emb10_enc10_tau090_b1024_step30000_best.pth (ema_loss=0.209179)
[    800] loss=0.193392  ema_loss=0.206129  2.3 sps  ETA 1.1h
  -> New best: /home/jupyter/cf-369/experiments/2026-07-03_b1024_traj_ckpts/runs/qhead_6L_allt08_xftrip_nobn_enc3_emateach_sigreg_qk_aon_b1024_cpc_l_emb10_enc10_tau090_b1024_step30000_best.pth (ema_loss=0.206129)
[   1000] loss=0.209813  ema_loss=0.205745  2.3 sps  ETA 1.1h
  -> New best: /home/jupyter/cf-369/experiments/2026-07-03_b1024_traj_ckpts/runs/qhead_6L_allt08_xftrip_nobn_enc3_emateach_sigreg_qk_aon_b1024_cpc_l_emb10_enc10_tau090_b1024_step30000_best.pth (ema_loss=0.205745)
[   1200] loss=0.202573  ema_loss=0.203469  2.3 sps  ETA 1.1h
  -> New best: /home/jupyter/cf-369/experiments/2026-07-03_b1024_traj_ckpts/runs/qhead_6L_allt08_xftrip_nobn_enc3_emateach_sigreg_qk_aon_b1024_cpc_l_emb10_enc10_tau090_b1024_step30000_best.pth (ema_loss=0.203469)
[   1400] loss=0.198705  ema_loss=0.203369  2.3 sps  ETA 1.0h
  -> New best: /home/jupyter/cf-369/experiments/2026-07-03_b1024_traj_ckpts/runs/qhead_6L_allt08_xftrip_nobn_enc3_emateach_sigreg_qk_aon_b1024_cpc_l_emb10_enc10_tau090_b1024_step30000_best.pth (ema_loss=0.203369)
[   1600] loss=0.193368  ema_loss=0.201923  2.3 sps  ETA 1.0h
  -> New best: /home/jupyter/cf-369/experiments/2026-07-03_b1024_traj_ckpts/runs/qhead_6L_allt08_xftrip_nobn_enc3_emateach_sigreg_qk_aon_b1024_cpc_l_emb10_enc10_tau090_b1024_step30000_best.pth (ema_loss=0.201923)
[   1800] loss=0.211065  ema_loss=0.202668  2.3 sps  ETA 1.0h
[   2000] loss=0.196944  ema_loss=0.201784  2.3 sps  ETA 0.9h
  -> New best: /home/jupyter/cf-369/experiments/2026-07-03_b1024_traj_ckpts/runs/qhead_6L_allt08_xftrip_nobn_enc3_emateach_sigreg_qk_aon_b1024_cpc_l_emb10_enc10_tau090_b1024_step30000_best.pth (ema_loss=0.201784)
[   2200] loss=0.209350  ema_loss=0.202044  2.3 sps  ETA 0.9h
[   2400] loss=0.200456  ema_loss=0.201469  2.4 sps  ETA 0.9h
  -> New best: /home/jupyter/cf-369/experiments/2026-07-03_b1024_traj_ckpts/runs/qhead_6L_allt08_xftrip_nobn_enc3_emateach_sigreg_qk_aon_b1024_cpc_l_emb10_enc10_tau090_b1024_step30000_best.pth (ema_loss=0.201469)
[   2600] loss=0.189556  ema_loss=0.200456  2.4 sps  ETA 0.9h
  -> New best: /home/jupyter/cf-369/experiments/2026-07-03_b1024_traj_ckpts/runs/qhead_6L_allt08_xftrip_nobn_enc3_emateach_sigreg_qk_aon_b1024_cpc_l_emb10_enc10_tau090_b1024_step30000_best.pth (ema_loss=0.200456)
[   2800] loss=0.189851  ema_loss=0.200446  2.4 sps  ETA 0.8h
  -> New best: /home/jupyter/cf-369/experiments/2026-07-03_b1024_traj_ckpts/runs/qhead_6L_allt08_xftrip_nobn_enc3_emateach_sigreg_qk_aon_b1024_cpc_l_emb10_enc10_tau090_b1024_step30000_best.pth (ema_loss=0.200446)
[   3000] loss=0.196016  ema_loss=0.199613  2.4 sps  ETA 0.8h
  -> New best: /home/jupyter/cf-369/experiments/2026-07-03_b1024_traj_ckpts/runs/qhead_6L_allt08_xftrip_nobn_enc3_emateach_sigreg_qk_aon_b1024_cpc_l_emb10_enc10_tau090_b1024_step30000_best.pth (ema_loss=0.199613)
[   3200] loss=0.192444  ema_loss=0.200860  2.4 sps  ETA 0.8h
[   3400] loss=0.202057  ema_loss=0.199887  2.4 sps  ETA 0.8h
[   3600] loss=0.185622  ema_loss=0.198971  2.4 sps  ETA 0.8h
  -> New best: /home/jupyter/cf-369/experiments/2026-07-03_b1024_traj_ckpts/runs/qhead_6L_allt08_xftrip_nobn_enc3_emateach_sigreg_qk_aon_b1024_cpc_l_emb10_enc10_tau090_b1024_step30000_best.pth (ema_loss=0.198971)
[   3800] loss=0.193971  ema_loss=0.199630  2.4 sps  ETA 0.7h
[   4000] loss=0.219639  ema_loss=0.198868  2.4 sps  ETA 0.7h
  -> New best: /home/jupyter/cf-369/experiments/2026-07-03_b1024_traj_ckpts/runs/qhead_6L_allt08_xftrip_nobn_enc3_emateach_sigreg_qk_aon_b1024_cpc_l_emb10_enc10_tau090_b1024_step30000_best.pth (ema_loss=0.198868)
[   4200] loss=0.199374  ema_loss=0.199064  2.3 sps  ETA 0.7h
[   4400] loss=0.196555  ema_loss=0.199180  2.3 sps  ETA 0.7h
[   4600] loss=0.190397  ema_loss=0.199091  2.3 sps  ETA 0.6h
[   4800] loss=0.196382  ema_loss=0.198385  2.3 sps  ETA 0.6h
  -> New best: /home/jupyter/cf-369/experiments/2026-07-03_b1024_traj_ckpts/runs/qhead_6L_allt08_xftrip_nobn_enc3_emateach_sigreg_qk_aon_b1024_cpc_l_emb10_enc10_tau090_b1024_step30000_best.pth (ema_loss=0.198385)
[   5000] loss=0.200304  ema_loss=0.198942  2.3 sps  ETA 0.6h
[   5200] loss=0.208825  ema_loss=0.198479  2.3 sps  ETA 0.6h
[   5400] loss=0.197702  ema_loss=0.199266  2.3 sps  ETA 0.5h
[   5600] loss=0.189299  ema_loss=0.198055  2.3 sps  ETA 0.5h
  -> New best: /home/jupyter/cf-369/experiments/2026-07-03_b1024_traj_ckpts/runs/qhead_6L_allt08_xftrip_nobn_enc3_emateach_sigreg_qk_aon_b1024_cpc_l_emb10_enc10_tau090_b1024_step30000_best.pth (ema_loss=0.198055)
[   5800] loss=0.188330  ema_loss=0.198231  2.3 sps  ETA 0.5h
[   6000] loss=0.190854  ema_loss=0.197919  2.3 sps  ETA 0.5h
  -> New best: /home/jupyter/cf-369/experiments/2026-07-03_b1024_traj_ckpts/runs/qhead_6L_allt08_xftrip_nobn_enc3_emateach_sigreg_qk_aon_b1024_cpc_l_emb10_enc10_tau090_b1024_step30000_best.pth (ema_loss=0.197919)
[   6200] loss=0.190670  ema_loss=0.197933  2.3 sps  ETA 0.5h
[   6400] loss=0.214254  ema_loss=0.197181  2.3 sps  ETA 0.4h
  -> New best: /home/jupyter/cf-369/experiments/2026-07-03_b1024_traj_ckpts/runs/qhead_6L_allt08_xftrip_nobn_enc3_emateach_sigreg_qk_aon_b1024_cpc_l_emb10_enc10_tau090_b1024_step30000_best.pth (ema_loss=0.197181)
[   6600] loss=0.197313  ema_loss=0.196898  2.3 sps  ETA 0.4h
  -> New best: /home/jupyter/cf-369/experiments/2026-07-03_b1024_traj_ckpts/runs/qhead_6L_allt08_xftrip_nobn_enc3_emateach_sigreg_qk_aon_b1024_cpc_l_emb10_enc10_tau090_b1024_step30000_best.pth (ema_loss=0.196898)
[   6800] loss=0.208064  ema_loss=0.198195  2.3 sps  ETA 0.4h
[   7000] loss=0.184648  ema_loss=0.197894  2.3 sps  ETA 0.4h
[   7200] loss=0.184229  ema_loss=0.197704  2.3 sps  ETA 0.3h
[   7400] loss=0.199452  ema_loss=0.198447  2.3 sps  ETA 0.3h
[   7600] loss=0.202826  ema_loss=0.197752  2.3 sps  ETA 0.3h
[   7800] loss=0.188568  ema_loss=0.197696  2.3 sps  ETA 0.3h
[   8000] loss=0.192206  ema_loss=0.197395  2.3 sps  ETA 0.2h
[   8200] loss=0.205960  ema_loss=0.197540  2.3 sps  ETA 0.2h
[   8400] loss=0.198277  ema_loss=0.196418  2.3 sps  ETA 0.2h
  -> New best: /home/jupyter/cf-369/experiments/2026-07-03_b1024_traj_ckpts/runs/qhead_6L_allt08_xftrip_nobn_enc3_emateach_sigreg_qk_aon_b1024_cpc_l_emb10_enc10_tau090_b1024_step30000_best.pth (ema_loss=0.196418)
[   8600] loss=0.203074  ema_loss=0.197000  2.3 sps  ETA 0.2h
[   8800] loss=0.200797  ema_loss=0.197266  2.3 sps  ETA 0.1h
[   9000] loss=0.187418  ema_loss=0.196497  2.3 sps  ETA 0.1h
[   9200] loss=0.177303  ema_loss=0.196711  2.3 sps  ETA 0.1h
[   9400] loss=0.201296  ema_loss=0.197633  2.3 sps  ETA 0.1h
[   9600] loss=0.201849  ema_loss=0.197697  2.3 sps  ETA 0.0h
[   9800] loss=0.208113  ema_loss=0.197427  2.3 sps  ETA 0.0h
[  10000] loss=0.194949  ema_loss=0.197038  2.3 sps  ETA 0.0h

Done in 1.2h. Best loss=0.196418 at step 8400
