  [head-train] auto-detected freq_emb_dim=3 from backbone checkpoint
  [head-train] auto-detected seasonality_emb_dim=3 from backbone checkpoint
  [head-train] auto-detected num_encoder_layers=3 from backbone checkpoint
  [head-train] auto-detected qk_norm=True from backbone checkpoint
  [head-train] auto-detected attn_out_norm=True from backbone checkpoint
  [head-train] auto-detected patch_stats=none
Backbone loaded from /home/jupyter/cf-369/experiments/2026-07-03_b1024_traj_ckpts/runs/bb_allt08_xftrip_nobn_enc3_emateach_sigreg_qk_aon_b1024_cpc_l_emb10_enc10_tau090_b1024_r2_step25000.pth (0 params, frozen)
/home/jupyter/.local/lib/python3.10/site-packages/torch/nn/modules/transformer.py:392: UserWarning: enable_nested_tensor is True, but self.use_nested_tensor is False because encoder_layer.norm_first was True
  warnings.warn(
Forecasting head [transformer-q (6L H384 nhead6 causal)]: 10,702,992 trainable params
Optimizer: AdamW lr=0.001 betas=(0.9,0.98) wd=0.1 eps=1e-08
Schedule: cosine warmup=1000 decay_start=8000 final_ratio=0.1
Loaded head weights from /home/jupyter/cf-369/experiments/2026-07-03_b1024_traj_ckpts/runs/qhead_6L_allt08_xftrip_nobn_enc3_emateach_sigreg_qk_aon_b1024_cpc_l_emb10_enc10_tau090_b1024_parentstep_FINAL.pth (no optimizer state)
Loss CSV: /home/jupyter/cf-369/experiments/2026-07-03_b1024_traj_ckpts/runs/qhead_6L_allt08_xftrip_nobn_enc3_emateach_sigreg_qk_aon_b1024_cpc_l_emb10_enc10_tau090_b1024_step25000_losses.csv
Data: MIX 100% HF + 0% synth, hf_bs=256, synth_bs=0, synth_seed=20042, emit_labels=True

Training for 10000 steps, bs=256, lr=0.001, forecast_len=16
RECONSTRUCTION mode: forecaster (head decodes what latent represents, not future)
Checkpoints: /home/jupyter/cf-369/experiments/2026-07-03_b1024_traj_ckpts/runs/qhead_6L_allt08_xftrip_nobn_enc3_emateach_sigreg_qk_aon_b1024_cpc_l_emb10_enc10_tau090_b1024_step25000_*.pth
[    200] loss=0.219790  ema_loss=0.268690  3.9 sps  ETA 0.7h
  -> New best: /home/jupyter/cf-369/experiments/2026-07-03_b1024_traj_ckpts/runs/qhead_6L_allt08_xftrip_nobn_enc3_emateach_sigreg_qk_aon_b1024_cpc_l_emb10_enc10_tau090_b1024_step25000_best.pth (ema_loss=0.268690)
[    400] loss=0.210379  ema_loss=0.218346  4.1 sps  ETA 0.6h
  -> New best: /home/jupyter/cf-369/experiments/2026-07-03_b1024_traj_ckpts/runs/qhead_6L_allt08_xftrip_nobn_enc3_emateach_sigreg_qk_aon_b1024_cpc_l_emb10_enc10_tau090_b1024_step25000_best.pth (ema_loss=0.218346)
[    600] loss=0.206945  ema_loss=0.209082  4.2 sps  ETA 0.6h
  -> New best: /home/jupyter/cf-369/experiments/2026-07-03_b1024_traj_ckpts/runs/qhead_6L_allt08_xftrip_nobn_enc3_emateach_sigreg_qk_aon_b1024_cpc_l_emb10_enc10_tau090_b1024_step25000_best.pth (ema_loss=0.209082)
[    800] loss=0.192802  ema_loss=0.205794  4.2 sps  ETA 0.6h
  -> New best: /home/jupyter/cf-369/experiments/2026-07-03_b1024_traj_ckpts/runs/qhead_6L_allt08_xftrip_nobn_enc3_emateach_sigreg_qk_aon_b1024_cpc_l_emb10_enc10_tau090_b1024_step25000_best.pth (ema_loss=0.205794)
[   1000] loss=0.209164  ema_loss=0.205247  4.2 sps  ETA 0.6h
  -> New best: /home/jupyter/cf-369/experiments/2026-07-03_b1024_traj_ckpts/runs/qhead_6L_allt08_xftrip_nobn_enc3_emateach_sigreg_qk_aon_b1024_cpc_l_emb10_enc10_tau090_b1024_step25000_best.pth (ema_loss=0.205247)
[   1200] loss=0.202775  ema_loss=0.202941  4.3 sps  ETA 0.6h
  -> New best: /home/jupyter/cf-369/experiments/2026-07-03_b1024_traj_ckpts/runs/qhead_6L_allt08_xftrip_nobn_enc3_emateach_sigreg_qk_aon_b1024_cpc_l_emb10_enc10_tau090_b1024_step25000_best.pth (ema_loss=0.202941)
[   1400] loss=0.198155  ema_loss=0.202752  4.3 sps  ETA 0.6h
  -> New best: /home/jupyter/cf-369/experiments/2026-07-03_b1024_traj_ckpts/runs/qhead_6L_allt08_xftrip_nobn_enc3_emateach_sigreg_qk_aon_b1024_cpc_l_emb10_enc10_tau090_b1024_step25000_best.pth (ema_loss=0.202752)
[   1600] loss=0.192165  ema_loss=0.201279  4.3 sps  ETA 0.5h
  -> New best: /home/jupyter/cf-369/experiments/2026-07-03_b1024_traj_ckpts/runs/qhead_6L_allt08_xftrip_nobn_enc3_emateach_sigreg_qk_aon_b1024_cpc_l_emb10_enc10_tau090_b1024_step25000_best.pth (ema_loss=0.201279)
[   1800] loss=0.210700  ema_loss=0.202078  4.3 sps  ETA 0.5h
[   2000] loss=0.196361  ema_loss=0.201217  4.3 sps  ETA 0.5h
  -> New best: /home/jupyter/cf-369/experiments/2026-07-03_b1024_traj_ckpts/runs/qhead_6L_allt08_xftrip_nobn_enc3_emateach_sigreg_qk_aon_b1024_cpc_l_emb10_enc10_tau090_b1024_step25000_best.pth (ema_loss=0.201217)
[   2200] loss=0.209026  ema_loss=0.201495  4.3 sps  ETA 0.5h
[   2400] loss=0.200106  ema_loss=0.200946  4.3 sps  ETA 0.5h
  -> New best: /home/jupyter/cf-369/experiments/2026-07-03_b1024_traj_ckpts/runs/qhead_6L_allt08_xftrip_nobn_enc3_emateach_sigreg_qk_aon_b1024_cpc_l_emb10_enc10_tau090_b1024_step25000_best.pth (ema_loss=0.200946)
[   2600] loss=0.189404  ema_loss=0.200002  4.3 sps  ETA 0.5h
  -> New best: /home/jupyter/cf-369/experiments/2026-07-03_b1024_traj_ckpts/runs/qhead_6L_allt08_xftrip_nobn_enc3_emateach_sigreg_qk_aon_b1024_cpc_l_emb10_enc10_tau090_b1024_step25000_best.pth (ema_loss=0.200002)
[   2800] loss=0.189342  ema_loss=0.200031  4.3 sps  ETA 0.5h
[   3000] loss=0.195712  ema_loss=0.199187  4.3 sps  ETA 0.5h
  -> New best: /home/jupyter/cf-369/experiments/2026-07-03_b1024_traj_ckpts/runs/qhead_6L_allt08_xftrip_nobn_enc3_emateach_sigreg_qk_aon_b1024_cpc_l_emb10_enc10_tau090_b1024_step25000_best.pth (ema_loss=0.199187)
[   3200] loss=0.192128  ema_loss=0.200534  4.3 sps  ETA 0.4h
[   3400] loss=0.201944  ema_loss=0.199550  4.3 sps  ETA 0.4h
[   3600] loss=0.184829  ema_loss=0.198651  4.3 sps  ETA 0.4h
  -> New best: /home/jupyter/cf-369/experiments/2026-07-03_b1024_traj_ckpts/runs/qhead_6L_allt08_xftrip_nobn_enc3_emateach_sigreg_qk_aon_b1024_cpc_l_emb10_enc10_tau090_b1024_step25000_best.pth (ema_loss=0.198651)
[   3800] loss=0.193811  ema_loss=0.199340  4.3 sps  ETA 0.4h
[   4000] loss=0.219538  ema_loss=0.198599  4.3 sps  ETA 0.4h
  -> New best: /home/jupyter/cf-369/experiments/2026-07-03_b1024_traj_ckpts/runs/qhead_6L_allt08_xftrip_nobn_enc3_emateach_sigreg_qk_aon_b1024_cpc_l_emb10_enc10_tau090_b1024_step25000_best.pth (ema_loss=0.198599)
[   4200] loss=0.198785  ema_loss=0.198805  4.3 sps  ETA 0.4h
[   4400] loss=0.196184  ema_loss=0.198913  4.3 sps  ETA 0.4h
[   4600] loss=0.190264  ema_loss=0.198821  4.3 sps  ETA 0.4h
[   4800] loss=0.196106  ema_loss=0.198096  4.3 sps  ETA 0.3h
  -> New best: /home/jupyter/cf-369/experiments/2026-07-03_b1024_traj_ckpts/runs/qhead_6L_allt08_xftrip_nobn_enc3_emateach_sigreg_qk_aon_b1024_cpc_l_emb10_enc10_tau090_b1024_step25000_best.pth (ema_loss=0.198096)
[   5000] loss=0.200331  ema_loss=0.198717  4.3 sps  ETA 0.3h
[   5200] loss=0.208635  ema_loss=0.198242  4.3 sps  ETA 0.3h
[   5400] loss=0.197614  ema_loss=0.199051  4.3 sps  ETA 0.3h
[   5600] loss=0.189230  ema_loss=0.197831  4.3 sps  ETA 0.3h
  -> New best: /home/jupyter/cf-369/experiments/2026-07-03_b1024_traj_ckpts/runs/qhead_6L_allt08_xftrip_nobn_enc3_emateach_sigreg_qk_aon_b1024_cpc_l_emb10_enc10_tau090_b1024_step25000_best.pth (ema_loss=0.197831)
[   5800] loss=0.187990  ema_loss=0.197984  4.3 sps  ETA 0.3h
[   6000] loss=0.190712  ema_loss=0.197680  4.3 sps  ETA 0.3h
  -> New best: /home/jupyter/cf-369/experiments/2026-07-03_b1024_traj_ckpts/runs/qhead_6L_allt08_xftrip_nobn_enc3_emateach_sigreg_qk_aon_b1024_cpc_l_emb10_enc10_tau090_b1024_step25000_best.pth (ema_loss=0.197680)
[   6200] loss=0.190597  ema_loss=0.197685  4.3 sps  ETA 0.2h
[   6400] loss=0.213958  ema_loss=0.196941  4.3 sps  ETA 0.2h
  -> New best: /home/jupyter/cf-369/experiments/2026-07-03_b1024_traj_ckpts/runs/qhead_6L_allt08_xftrip_nobn_enc3_emateach_sigreg_qk_aon_b1024_cpc_l_emb10_enc10_tau090_b1024_step25000_best.pth (ema_loss=0.196941)
[   6600] loss=0.197271  ema_loss=0.196668  4.3 sps  ETA 0.2h
  -> New best: /home/jupyter/cf-369/experiments/2026-07-03_b1024_traj_ckpts/runs/qhead_6L_allt08_xftrip_nobn_enc3_emateach_sigreg_qk_aon_b1024_cpc_l_emb10_enc10_tau090_b1024_step25000_best.pth (ema_loss=0.196668)
[   6800] loss=0.207735  ema_loss=0.197955  4.3 sps  ETA 0.2h
[   7000] loss=0.184224  ema_loss=0.197650  4.3 sps  ETA 0.2h
[   7200] loss=0.183977  ema_loss=0.197472  4.3 sps  ETA 0.2h
[   7400] loss=0.199042  ema_loss=0.198211  4.3 sps  ETA 0.2h
[   7600] loss=0.202799  ema_loss=0.197532  4.3 sps  ETA 0.2h
[   7800] loss=0.188620  ema_loss=0.197436  4.3 sps  ETA 0.1h
[   8000] loss=0.191847  ema_loss=0.197162  4.3 sps  ETA 0.1h
[   8200] loss=0.205717  ema_loss=0.197313  4.3 sps  ETA 0.1h
[   8400] loss=0.197999  ema_loss=0.196168  4.3 sps  ETA 0.1h
  -> New best: /home/jupyter/cf-369/experiments/2026-07-03_b1024_traj_ckpts/runs/qhead_6L_allt08_xftrip_nobn_enc3_emateach_sigreg_qk_aon_b1024_cpc_l_emb10_enc10_tau090_b1024_step25000_best.pth (ema_loss=0.196168)
[   8600] loss=0.202767  ema_loss=0.196753  4.3 sps  ETA 0.1h
[   8800] loss=0.200523  ema_loss=0.197030  4.3 sps  ETA 0.1h
[   9000] loss=0.187174  ema_loss=0.196286  4.3 sps  ETA 0.1h
[   9200] loss=0.177045  ema_loss=0.196481  4.3 sps  ETA 0.1h
[   9400] loss=0.201186  ema_loss=0.197402  4.3 sps  ETA 0.0h
[   9600] loss=0.201514  ema_loss=0.197469  4.3 sps  ETA 0.0h
[   9800] loss=0.207793  ema_loss=0.197203  4.3 sps  ETA 0.0h
[  10000] loss=0.194451  ema_loss=0.196815  4.3 sps  ETA 0.0h

Done in 0.6h. Best loss=0.196168 at step 8400
