  [head-train] auto-detected freq_emb_dim=3 from backbone checkpoint
  [head-train] auto-detected seasonality_emb_dim=3 from backbone checkpoint
  [head-train] auto-detected num_encoder_layers=3 from backbone checkpoint
  [head-train] auto-detected qk_norm=True from backbone checkpoint
  [head-train] auto-detected attn_out_norm=True from backbone checkpoint
  [head-train] auto-detected patch_stats=none
Backbone loaded from /home/jupyter/cf-369/experiments/2026-07-03_b1024_traj_ckpts/runs/bb_allt08_xftrip_nobn_enc3_emateach_sigreg_qk_aon_b1024_cpc_l_emb10_enc10_tau090_b1024_r4_step45000.pth (0 params, frozen)
/home/jupyter/.local/lib/python3.10/site-packages/torch/nn/modules/transformer.py:392: UserWarning: enable_nested_tensor is True, but self.use_nested_tensor is False because encoder_layer.norm_first was True
  warnings.warn(
Forecasting head [transformer-q (2L H384 nhead6 causal)]: 3,605,136 trainable params
Optimizer: AdamW lr=0.001 betas=(0.9,0.98) wd=0.1 eps=1e-08
Schedule: cosine warmup=1000 decay_start=8000 final_ratio=0.1
Loaded head weights from /home/jupyter/cf-369/experiments/2026-07-03_b1024_traj_ckpts/runs/qhead_2L_allt08_xftrip_nobn_enc3_emateach_sigreg_qk_aon_b1024_cpc_l_emb10_enc10_tau090_b1024_parentstep_FINAL.pth (no optimizer state)
Loss CSV: /home/jupyter/cf-369/experiments/2026-07-03_b1024_traj_ckpts/runs/qhead_2L_allt08_xftrip_nobn_enc3_emateach_sigreg_qk_aon_b1024_cpc_l_emb10_enc10_tau090_b1024_step45000_losses.csv
Data: MIX 100% HF + 0% synth, hf_bs=256, synth_bs=0, synth_seed=20042, emit_labels=True

Training for 10000 steps, bs=256, lr=0.001, forecast_len=16
RECONSTRUCTION mode: forecaster (head decodes what latent represents, not future)
Checkpoints: /home/jupyter/cf-369/experiments/2026-07-03_b1024_traj_ckpts/runs/qhead_2L_allt08_xftrip_nobn_enc3_emateach_sigreg_qk_aon_b1024_cpc_l_emb10_enc10_tau090_b1024_step45000_*.pth
[    200] loss=0.232478  ema_loss=0.290474  4.5 sps  ETA 0.6h
  -> New best: /home/jupyter/cf-369/experiments/2026-07-03_b1024_traj_ckpts/runs/qhead_2L_allt08_xftrip_nobn_enc3_emateach_sigreg_qk_aon_b1024_cpc_l_emb10_enc10_tau090_b1024_step45000_best.pth (ema_loss=0.290474)
[    400] loss=0.215251  ema_loss=0.227820  4.4 sps  ETA 0.6h
  -> New best: /home/jupyter/cf-369/experiments/2026-07-03_b1024_traj_ckpts/runs/qhead_2L_allt08_xftrip_nobn_enc3_emateach_sigreg_qk_aon_b1024_cpc_l_emb10_enc10_tau090_b1024_step45000_best.pth (ema_loss=0.227820)
[    600] loss=0.209369  ema_loss=0.212913  4.6 sps  ETA 0.6h
  -> New best: /home/jupyter/cf-369/experiments/2026-07-03_b1024_traj_ckpts/runs/qhead_2L_allt08_xftrip_nobn_enc3_emateach_sigreg_qk_aon_b1024_cpc_l_emb10_enc10_tau090_b1024_step45000_best.pth (ema_loss=0.212913)
[    800] loss=0.194975  ema_loss=0.208540  4.6 sps  ETA 0.6h
  -> New best: /home/jupyter/cf-369/experiments/2026-07-03_b1024_traj_ckpts/runs/qhead_2L_allt08_xftrip_nobn_enc3_emateach_sigreg_qk_aon_b1024_cpc_l_emb10_enc10_tau090_b1024_step45000_best.pth (ema_loss=0.208540)
[   1000] loss=0.212065  ema_loss=0.207891  4.7 sps  ETA 0.5h
  -> New best: /home/jupyter/cf-369/experiments/2026-07-03_b1024_traj_ckpts/runs/qhead_2L_allt08_xftrip_nobn_enc3_emateach_sigreg_qk_aon_b1024_cpc_l_emb10_enc10_tau090_b1024_step45000_best.pth (ema_loss=0.207891)
[   1200] loss=0.204859  ema_loss=0.205559  4.7 sps  ETA 0.5h
  -> New best: /home/jupyter/cf-369/experiments/2026-07-03_b1024_traj_ckpts/runs/qhead_2L_allt08_xftrip_nobn_enc3_emateach_sigreg_qk_aon_b1024_cpc_l_emb10_enc10_tau090_b1024_step45000_best.pth (ema_loss=0.205559)
[   1400] loss=0.201069  ema_loss=0.205495  4.7 sps  ETA 0.5h
  -> New best: /home/jupyter/cf-369/experiments/2026-07-03_b1024_traj_ckpts/runs/qhead_2L_allt08_xftrip_nobn_enc3_emateach_sigreg_qk_aon_b1024_cpc_l_emb10_enc10_tau090_b1024_step45000_best.pth (ema_loss=0.205495)
[   1600] loss=0.196129  ema_loss=0.204200  4.8 sps  ETA 0.5h
  -> New best: /home/jupyter/cf-369/experiments/2026-07-03_b1024_traj_ckpts/runs/qhead_2L_allt08_xftrip_nobn_enc3_emateach_sigreg_qk_aon_b1024_cpc_l_emb10_enc10_tau090_b1024_step45000_best.pth (ema_loss=0.204200)
[   1800] loss=0.213011  ema_loss=0.205048  4.8 sps  ETA 0.5h
[   2000] loss=0.199713  ema_loss=0.204319  4.8 sps  ETA 0.5h
[   2200] loss=0.212922  ema_loss=0.204687  4.8 sps  ETA 0.5h
[   2400] loss=0.202558  ema_loss=0.204214  4.8 sps  ETA 0.4h
[   2600] loss=0.193261  ema_loss=0.203373  4.8 sps  ETA 0.4h
  -> New best: /home/jupyter/cf-369/experiments/2026-07-03_b1024_traj_ckpts/runs/qhead_2L_allt08_xftrip_nobn_enc3_emateach_sigreg_qk_aon_b1024_cpc_l_emb10_enc10_tau090_b1024_step45000_best.pth (ema_loss=0.203373)
[   2800] loss=0.192576  ema_loss=0.203459  4.9 sps  ETA 0.4h
[   3000] loss=0.199043  ema_loss=0.202641  4.9 sps  ETA 0.4h
  -> New best: /home/jupyter/cf-369/experiments/2026-07-03_b1024_traj_ckpts/runs/qhead_2L_allt08_xftrip_nobn_enc3_emateach_sigreg_qk_aon_b1024_cpc_l_emb10_enc10_tau090_b1024_step45000_best.pth (ema_loss=0.202641)
[   3200] loss=0.195884  ema_loss=0.203960  4.9 sps  ETA 0.4h
[   3400] loss=0.205704  ema_loss=0.203154  4.9 sps  ETA 0.4h
[   3600] loss=0.189316  ema_loss=0.202315  4.9 sps  ETA 0.4h
  -> New best: /home/jupyter/cf-369/experiments/2026-07-03_b1024_traj_ckpts/runs/qhead_2L_allt08_xftrip_nobn_enc3_emateach_sigreg_qk_aon_b1024_cpc_l_emb10_enc10_tau090_b1024_step45000_best.pth (ema_loss=0.202315)
[   3800] loss=0.197874  ema_loss=0.203061  4.9 sps  ETA 0.4h
[   4000] loss=0.222730  ema_loss=0.202332  4.9 sps  ETA 0.3h
[   4200] loss=0.204020  ema_loss=0.202536  4.9 sps  ETA 0.3h
[   4400] loss=0.200796  ema_loss=0.202589  4.9 sps  ETA 0.3h
[   4600] loss=0.193967  ema_loss=0.202601  4.9 sps  ETA 0.3h
[   4800] loss=0.199564  ema_loss=0.201856  4.9 sps  ETA 0.3h
  -> New best: /home/jupyter/cf-369/experiments/2026-07-03_b1024_traj_ckpts/runs/qhead_2L_allt08_xftrip_nobn_enc3_emateach_sigreg_qk_aon_b1024_cpc_l_emb10_enc10_tau090_b1024_step45000_best.pth (ema_loss=0.201856)
[   5000] loss=0.203189  ema_loss=0.202537  4.9 sps  ETA 0.3h
[   5200] loss=0.211779  ema_loss=0.202049  4.9 sps  ETA 0.3h
[   5400] loss=0.200734  ema_loss=0.202903  4.9 sps  ETA 0.3h
[   5600] loss=0.194140  ema_loss=0.201736  4.9 sps  ETA 0.2h
  -> New best: /home/jupyter/cf-369/experiments/2026-07-03_b1024_traj_ckpts/runs/qhead_2L_allt08_xftrip_nobn_enc3_emateach_sigreg_qk_aon_b1024_cpc_l_emb10_enc10_tau090_b1024_step45000_best.pth (ema_loss=0.201736)
[   5800] loss=0.191315  ema_loss=0.201920  4.9 sps  ETA 0.2h
[   6000] loss=0.194404  ema_loss=0.201609  4.9 sps  ETA 0.2h
  -> New best: /home/jupyter/cf-369/experiments/2026-07-03_b1024_traj_ckpts/runs/qhead_2L_allt08_xftrip_nobn_enc3_emateach_sigreg_qk_aon_b1024_cpc_l_emb10_enc10_tau090_b1024_step45000_best.pth (ema_loss=0.201609)
[   6200] loss=0.195183  ema_loss=0.201684  4.9 sps  ETA 0.2h
[   6400] loss=0.217298  ema_loss=0.201010  4.9 sps  ETA 0.2h
  -> New best: /home/jupyter/cf-369/experiments/2026-07-03_b1024_traj_ckpts/runs/qhead_2L_allt08_xftrip_nobn_enc3_emateach_sigreg_qk_aon_b1024_cpc_l_emb10_enc10_tau090_b1024_step45000_best.pth (ema_loss=0.201010)
[   6600] loss=0.200809  ema_loss=0.200671  4.9 sps  ETA 0.2h
  -> New best: /home/jupyter/cf-369/experiments/2026-07-03_b1024_traj_ckpts/runs/qhead_2L_allt08_xftrip_nobn_enc3_emateach_sigreg_qk_aon_b1024_cpc_l_emb10_enc10_tau090_b1024_step45000_best.pth (ema_loss=0.200671)
[   6800] loss=0.211573  ema_loss=0.201975  4.9 sps  ETA 0.2h
[   7000] loss=0.189712  ema_loss=0.201724  4.9 sps  ETA 0.2h
[   7200] loss=0.188407  ema_loss=0.201608  4.9 sps  ETA 0.2h
[   7400] loss=0.202962  ema_loss=0.202195  4.9 sps  ETA 0.1h
[   7600] loss=0.206916  ema_loss=0.201518  4.9 sps  ETA 0.1h
[   7800] loss=0.191453  ema_loss=0.201664  4.9 sps  ETA 0.1h
[   8000] loss=0.196942  ema_loss=0.201438  4.9 sps  ETA 0.1h
[   8200] loss=0.209319  ema_loss=0.201612  4.9 sps  ETA 0.1h
[   8400] loss=0.202297  ema_loss=0.200436  4.9 sps  ETA 0.1h
  -> New best: /home/jupyter/cf-369/experiments/2026-07-03_b1024_traj_ckpts/runs/qhead_2L_allt08_xftrip_nobn_enc3_emateach_sigreg_qk_aon_b1024_cpc_l_emb10_enc10_tau090_b1024_step45000_best.pth (ema_loss=0.200436)
[   8600] loss=0.206026  ema_loss=0.201031  4.9 sps  ETA 0.1h
[   8800] loss=0.205054  ema_loss=0.201330  4.9 sps  ETA 0.1h
[   9000] loss=0.190502  ema_loss=0.200483  4.9 sps  ETA 0.1h
[   9200] loss=0.182035  ema_loss=0.200760  4.9 sps  ETA 0.0h
[   9400] loss=0.205238  ema_loss=0.201641  4.9 sps  ETA 0.0h
[   9600] loss=0.206031  ema_loss=0.201777  4.9 sps  ETA 0.0h
[   9800] loss=0.212138  ema_loss=0.201484  4.8 sps  ETA 0.0h
[  10000] loss=0.198869  ema_loss=0.201084  4.8 sps  ETA 0.0h

Done in 0.6h. Best loss=0.200436 at step 8400
