  [head-train] auto-detected freq_emb_dim=3 from backbone checkpoint
  [head-train] auto-detected seasonality_emb_dim=3 from backbone checkpoint
  [head-train] auto-detected num_encoder_layers=3 from backbone checkpoint
  [head-train] auto-detected qk_norm=True from backbone checkpoint
  [head-train] auto-detected attn_out_norm=True from backbone checkpoint
  [head-train] auto-detected patch_stats=none
Backbone loaded from /home/jupyter/cf-369/experiments/2026-07-03_b1024_traj_ckpts/runs/bb_allt08_xftrip_nobn_enc3_emateach_sigreg_qk_aon_b1024_cpc_l_emb10_enc10_tau090_b1024_r2_step15000.pth (0 params, frozen)
/home/jupyter/.local/lib/python3.10/site-packages/torch/nn/modules/transformer.py:392: UserWarning: enable_nested_tensor is True, but self.use_nested_tensor is False because encoder_layer.norm_first was True
  warnings.warn(
Forecasting head [transformer-q (2L H384 nhead6 causal)]: 3,605,136 trainable params
Optimizer: AdamW lr=0.001 betas=(0.9,0.98) wd=0.1 eps=1e-08
Schedule: cosine warmup=1000 decay_start=8000 final_ratio=0.1
Loaded head weights from /home/jupyter/cf-369/experiments/2026-07-03_b1024_traj_ckpts/runs/qhead_2L_allt08_xftrip_nobn_enc3_emateach_sigreg_qk_aon_b1024_cpc_l_emb10_enc10_tau090_b1024_parentstep_FINAL.pth (no optimizer state)
Loss CSV: /home/jupyter/cf-369/experiments/2026-07-03_b1024_traj_ckpts/runs/qhead_2L_allt08_xftrip_nobn_enc3_emateach_sigreg_qk_aon_b1024_cpc_l_emb10_enc10_tau090_b1024_step15000_losses.csv
Data: MIX 100% HF + 0% synth, hf_bs=256, synth_bs=0, synth_seed=20042, emit_labels=True

Training for 10000 steps, bs=256, lr=0.001, forecast_len=16
RECONSTRUCTION mode: forecaster (head decodes what latent represents, not future)
Checkpoints: /home/jupyter/cf-369/experiments/2026-07-03_b1024_traj_ckpts/runs/qhead_2L_allt08_xftrip_nobn_enc3_emateach_sigreg_qk_aon_b1024_cpc_l_emb10_enc10_tau090_b1024_step15000_*.pth
[    200] loss=0.228723  ema_loss=0.284222  5.0 sps  ETA 0.5h
  -> New best: /home/jupyter/cf-369/experiments/2026-07-03_b1024_traj_ckpts/runs/qhead_2L_allt08_xftrip_nobn_enc3_emateach_sigreg_qk_aon_b1024_cpc_l_emb10_enc10_tau090_b1024_step15000_best.pth (ema_loss=0.284222)
[    400] loss=0.212938  ema_loss=0.224098  5.4 sps  ETA 0.5h
  -> New best: /home/jupyter/cf-369/experiments/2026-07-03_b1024_traj_ckpts/runs/qhead_2L_allt08_xftrip_nobn_enc3_emateach_sigreg_qk_aon_b1024_cpc_l_emb10_enc10_tau090_b1024_step15000_best.pth (ema_loss=0.224098)
[    600] loss=0.207665  ema_loss=0.211064  5.6 sps  ETA 0.5h
  -> New best: /home/jupyter/cf-369/experiments/2026-07-03_b1024_traj_ckpts/runs/qhead_2L_allt08_xftrip_nobn_enc3_emateach_sigreg_qk_aon_b1024_cpc_l_emb10_enc10_tau090_b1024_step15000_best.pth (ema_loss=0.211064)
[    800] loss=0.193890  ema_loss=0.207223  5.6 sps  ETA 0.5h
  -> New best: /home/jupyter/cf-369/experiments/2026-07-03_b1024_traj_ckpts/runs/qhead_2L_allt08_xftrip_nobn_enc3_emateach_sigreg_qk_aon_b1024_cpc_l_emb10_enc10_tau090_b1024_step15000_best.pth (ema_loss=0.207223)
[   1000] loss=0.210872  ema_loss=0.206847  5.7 sps  ETA 0.4h
  -> New best: /home/jupyter/cf-369/experiments/2026-07-03_b1024_traj_ckpts/runs/qhead_2L_allt08_xftrip_nobn_enc3_emateach_sigreg_qk_aon_b1024_cpc_l_emb10_enc10_tau090_b1024_step15000_best.pth (ema_loss=0.206847)
[   1200] loss=0.203997  ema_loss=0.204745  5.7 sps  ETA 0.4h
  -> New best: /home/jupyter/cf-369/experiments/2026-07-03_b1024_traj_ckpts/runs/qhead_2L_allt08_xftrip_nobn_enc3_emateach_sigreg_qk_aon_b1024_cpc_l_emb10_enc10_tau090_b1024_step15000_best.pth (ema_loss=0.204745)
[   1400] loss=0.200606  ema_loss=0.204730  5.7 sps  ETA 0.4h
  -> New best: /home/jupyter/cf-369/experiments/2026-07-03_b1024_traj_ckpts/runs/qhead_2L_allt08_xftrip_nobn_enc3_emateach_sigreg_qk_aon_b1024_cpc_l_emb10_enc10_tau090_b1024_step15000_best.pth (ema_loss=0.204730)
[   1600] loss=0.194752  ema_loss=0.203467  5.7 sps  ETA 0.4h
  -> New best: /home/jupyter/cf-369/experiments/2026-07-03_b1024_traj_ckpts/runs/qhead_2L_allt08_xftrip_nobn_enc3_emateach_sigreg_qk_aon_b1024_cpc_l_emb10_enc10_tau090_b1024_step15000_best.pth (ema_loss=0.203467)
[   1800] loss=0.212681  ema_loss=0.204419  5.7 sps  ETA 0.4h
[   2000] loss=0.199037  ema_loss=0.203741  5.7 sps  ETA 0.4h
[   2200] loss=0.212406  ema_loss=0.204150  5.7 sps  ETA 0.4h
[   2400] loss=0.202049  ema_loss=0.203731  5.7 sps  ETA 0.4h
[   2600] loss=0.192155  ema_loss=0.202909  5.7 sps  ETA 0.4h
  -> New best: /home/jupyter/cf-369/experiments/2026-07-03_b1024_traj_ckpts/runs/qhead_2L_allt08_xftrip_nobn_enc3_emateach_sigreg_qk_aon_b1024_cpc_l_emb10_enc10_tau090_b1024_step15000_best.pth (ema_loss=0.202909)
[   2800] loss=0.192118  ema_loss=0.202981  5.7 sps  ETA 0.3h
[   3000] loss=0.198394  ema_loss=0.202172  5.7 sps  ETA 0.3h
  -> New best: /home/jupyter/cf-369/experiments/2026-07-03_b1024_traj_ckpts/runs/qhead_2L_allt08_xftrip_nobn_enc3_emateach_sigreg_qk_aon_b1024_cpc_l_emb10_enc10_tau090_b1024_step15000_best.pth (ema_loss=0.202172)
[   3200] loss=0.195035  ema_loss=0.203468  5.7 sps  ETA 0.3h
[   3400] loss=0.205214  ema_loss=0.202705  5.7 sps  ETA 0.3h
[   3600] loss=0.188968  ema_loss=0.201882  5.7 sps  ETA 0.3h
  -> New best: /home/jupyter/cf-369/experiments/2026-07-03_b1024_traj_ckpts/runs/qhead_2L_allt08_xftrip_nobn_enc3_emateach_sigreg_qk_aon_b1024_cpc_l_emb10_enc10_tau090_b1024_step15000_best.pth (ema_loss=0.201882)
[   3800] loss=0.197575  ema_loss=0.202636  5.7 sps  ETA 0.3h
[   4000] loss=0.222793  ema_loss=0.201904  5.7 sps  ETA 0.3h
[   4200] loss=0.203453  ema_loss=0.202094  5.8 sps  ETA 0.3h
[   4400] loss=0.200016  ema_loss=0.202154  5.7 sps  ETA 0.3h
[   4600] loss=0.193526  ema_loss=0.202179  5.7 sps  ETA 0.3h
[   4800] loss=0.199079  ema_loss=0.201453  5.7 sps  ETA 0.3h
  -> New best: /home/jupyter/cf-369/experiments/2026-07-03_b1024_traj_ckpts/runs/qhead_2L_allt08_xftrip_nobn_enc3_emateach_sigreg_qk_aon_b1024_cpc_l_emb10_enc10_tau090_b1024_step15000_best.pth (ema_loss=0.201453)
[   5000] loss=0.202844  ema_loss=0.202112  5.7 sps  ETA 0.2h
[   5200] loss=0.211664  ema_loss=0.201643  5.7 sps  ETA 0.2h
[   5400] loss=0.200289  ema_loss=0.202486  5.7 sps  ETA 0.2h
[   5600] loss=0.193314  ema_loss=0.201345  5.8 sps  ETA 0.2h
  -> New best: /home/jupyter/cf-369/experiments/2026-07-03_b1024_traj_ckpts/runs/qhead_2L_allt08_xftrip_nobn_enc3_emateach_sigreg_qk_aon_b1024_cpc_l_emb10_enc10_tau090_b1024_step15000_best.pth (ema_loss=0.201345)
[   5800] loss=0.191126  ema_loss=0.201534  5.7 sps  ETA 0.2h
[   6000] loss=0.194349  ema_loss=0.201208  5.7 sps  ETA 0.2h
  -> New best: /home/jupyter/cf-369/experiments/2026-07-03_b1024_traj_ckpts/runs/qhead_2L_allt08_xftrip_nobn_enc3_emateach_sigreg_qk_aon_b1024_cpc_l_emb10_enc10_tau090_b1024_step15000_best.pth (ema_loss=0.201208)
[   6200] loss=0.194763  ema_loss=0.201294  5.8 sps  ETA 0.2h
[   6400] loss=0.217105  ema_loss=0.200624  5.8 sps  ETA 0.2h
  -> New best: /home/jupyter/cf-369/experiments/2026-07-03_b1024_traj_ckpts/runs/qhead_2L_allt08_xftrip_nobn_enc3_emateach_sigreg_qk_aon_b1024_cpc_l_emb10_enc10_tau090_b1024_step15000_best.pth (ema_loss=0.200624)
[   6600] loss=0.200217  ema_loss=0.200288  5.7 sps  ETA 0.2h
  -> New best: /home/jupyter/cf-369/experiments/2026-07-03_b1024_traj_ckpts/runs/qhead_2L_allt08_xftrip_nobn_enc3_emateach_sigreg_qk_aon_b1024_cpc_l_emb10_enc10_tau090_b1024_step15000_best.pth (ema_loss=0.200288)
[   6800] loss=0.211352  ema_loss=0.201614  5.7 sps  ETA 0.2h
[   7000] loss=0.189281  ema_loss=0.201337  5.8 sps  ETA 0.1h
[   7200] loss=0.188160  ema_loss=0.201216  5.7 sps  ETA 0.1h
[   7400] loss=0.202433  ema_loss=0.201829  5.7 sps  ETA 0.1h
[   7600] loss=0.206405  ema_loss=0.201123  5.8 sps  ETA 0.1h
[   7800] loss=0.191309  ema_loss=0.201287  5.8 sps  ETA 0.1h
[   8000] loss=0.196694  ema_loss=0.201068  5.7 sps  ETA 0.1h
[   8200] loss=0.208590  ema_loss=0.201205  5.8 sps  ETA 0.1h
[   8400] loss=0.201823  ema_loss=0.200069  5.8 sps  ETA 0.1h
  -> New best: /home/jupyter/cf-369/experiments/2026-07-03_b1024_traj_ckpts/runs/qhead_2L_allt08_xftrip_nobn_enc3_emateach_sigreg_qk_aon_b1024_cpc_l_emb10_enc10_tau090_b1024_step15000_best.pth (ema_loss=0.200069)
[   8600] loss=0.205810  ema_loss=0.200665  5.7 sps  ETA 0.1h
[   8800] loss=0.204345  ema_loss=0.200968  5.7 sps  ETA 0.1h
[   9000] loss=0.189968  ema_loss=0.200099  5.7 sps  ETA 0.0h
[   9200] loss=0.182132  ema_loss=0.200393  5.7 sps  ETA 0.0h
[   9400] loss=0.205381  ema_loss=0.201283  5.7 sps  ETA 0.0h
[   9600] loss=0.205478  ema_loss=0.201414  5.7 sps  ETA 0.0h
[   9800] loss=0.211590  ema_loss=0.201126  5.7 sps  ETA 0.0h
[  10000] loss=0.198599  ema_loss=0.200694  5.7 sps  ETA 0.0h

Done in 0.5h. Best loss=0.200069 at step 8400
