Device: cuda | Params: 724,764
Training for 40000 steps, bs=64, lr=0.001, T=4096, C=1, mix_ratio=0.0078125, freq_emb_dim=3, seasonality_emb_dim=3, mixup_p=0.3, rev_norm_kind=ewma(span=128), patch_stats=none, encoder_type=gru
Checkpoints: /root/cf373_runs/bb_small_arm1_nse_split_pred_rep_enc3l3_b64_200k_sigreg_ema_qk_aon_cpc_tau090_cf373k3/bb_small_arm1_nse_split_pred_rep_enc3l3_b64_200k_sigreg_ema_qk_aon_cpc_tau090_cf373k3_*.pth
Loss CSV: /root/cf373_runs/bb_small_arm1_nse_split_pred_rep_enc3l3_b64_200k_sigreg_ema_qk_aon_cpc_tau090_cf373k3/bb_small_arm1_nse_split_pred_rep_enc3l3_b64_200k_sigreg_ema_qk_aon_cpc_tau090_cf373k3_losses.csv
Latent-drift CSV: /root/cf373_runs/bb_small_arm1_nse_split_pred_rep_enc3l3_b64_200k_sigreg_ema_qk_aon_cpc_tau090_cf373k3/bb_small_arm1_nse_split_pred_rep_enc3l3_b64_200k_sigreg_ema_qk_aon_cpc_tau090_cf373k3_latent_drift.csv (every 20000 steps, probe_bs=64, probe_seed=20260722)
Attn-amplitude CSV: /root/cf373_runs/bb_small_arm1_nse_split_pred_rep_enc3l3_b64_200k_sigreg_ema_qk_aon_cpc_tau090_cf373k3/bb_small_arm1_nse_split_pred_rep_enc3l3_b64_200k_sigreg_ema_qk_aon_cpc_tau090_cf373k3_attn_amplitude.csv (every 200 steps)
Data: MIX 99% HF + 1% synth (forked-arma) + 0% crossfade + 1 triplet(s)=3 rows, hf_bs=64, synth_bs=0, cross_bs=0, total_bs=67
[    200] loss=50.1783  ema_loss=57.2652  gap=-0.2044  ema_gap=-0.3260  mixup=59/200  2.0 sps  ETA 5.5h  cpc=13.0751
              R²_rand=0.3486  R²_naive=0.1154  U_t=0.2228  U_b=0.3926  AUC=0.9739  Top1=0.4043
  timing: data=45.7ms  fwd=257.5ms  bwd=181.4ms  total=485.8ms
  -> Saved /root/cf373_runs/bb_small_arm1_nse_split_pred_rep_enc3l3_b64_200k_sigreg_ema_qk_aon_cpc_tau090_cf373k3/bb_small_arm1_nse_split_pred_rep_enc3l3_b64_200k_sigreg_ema_qk_aon_cpc_tau090_cf373k3_best_gap.pth
  -> Saved /root/cf373_runs/bb_small_arm1_nse_split_pred_rep_enc3l3_b64_200k_sigreg_ema_qk_aon_cpc_tau090_cf373k3/bb_small_arm1_nse_split_pred_rep_enc3l3_b64_200k_sigreg_ema_qk_aon_cpc_tau090_cf373k3_best_loss.pth
[    400] loss=42.0702  ema_loss=46.2352  gap=0.0735  ema_gap=-0.0551  mixup=67/200  2.1 sps  ETA 5.3h  cpc=6.7758
              R²_rand=0.3671  R²_naive=0.1882  U_t=0.2227  U_b=0.3169  AUC=0.9972  Top1=0.7829
  timing: data=12.6ms  fwd=255.7ms  bwd=182.8ms  total=452.3ms
  -> Saved /root/cf373_runs/bb_small_arm1_nse_split_pred_rep_enc3l3_b64_200k_sigreg_ema_qk_aon_cpc_tau090_cf373k3/bb_small_arm1_nse_split_pred_rep_enc3l3_b64_200k_sigreg_ema_qk_aon_cpc_tau090_cf373k3_best_gap.pth
  -> Saved /root/cf373_runs/bb_small_arm1_nse_split_pred_rep_enc3l3_b64_200k_sigreg_ema_qk_aon_cpc_tau090_cf373k3/bb_small_arm1_nse_split_pred_rep_enc3l3_b64_200k_sigreg_ema_qk_aon_cpc_tau090_cf373k3_best_loss.pth
[    600] loss=37.7095  ema_loss=40.4940  gap=0.1447  ema_gap=0.0935  mixup=67/200  2.1 sps  ETA 5.2h  cpc=4.4198
              R²_rand=0.4176  R²_naive=0.2475  U_t=0.2614  U_b=0.3254  AUC=0.9987  Top1=0.8570
  timing: data=10.9ms  fwd=248.6ms  bwd=187.3ms  total=448.1ms
  -> Saved /root/cf373_runs/bb_small_arm1_nse_split_pred_rep_enc3l3_b64_200k_sigreg_ema_qk_aon_cpc_tau090_cf373k3/bb_small_arm1_nse_split_pred_rep_enc3l3_b64_200k_sigreg_ema_qk_aon_cpc_tau090_cf373k3_best_gap.pth
  -> Saved /root/cf373_runs/bb_small_arm1_nse_split_pred_rep_enc3l3_b64_200k_sigreg_ema_qk_aon_cpc_tau090_cf373k3/bb_small_arm1_nse_split_pred_rep_enc3l3_b64_200k_sigreg_ema_qk_aon_cpc_tau090_cf373k3_best_loss.pth
[    800] loss=36.7135  ema_loss=38.0575  gap=0.1837  ema_gap=0.1570  mixup=62/200  2.1 sps  ETA 5.2h  cpc=4.2694
              R²_rand=0.4465  R²_naive=0.3072  U_t=0.2735  U_b=0.3719  AUC=0.9936  Top1=0.8678
  timing: data=54.8ms  fwd=253.6ms  bwd=181.9ms  total=491.6ms
  -> Saved /root/cf373_runs/bb_small_arm1_nse_split_pred_rep_enc3l3_b64_200k_sigreg_ema_qk_aon_cpc_tau090_cf373k3/bb_small_arm1_nse_split_pred_rep_enc3l3_b64_200k_sigreg_ema_qk_aon_cpc_tau090_cf373k3_best_gap.pth
  -> Saved /root/cf373_runs/bb_small_arm1_nse_split_pred_rep_enc3l3_b64_200k_sigreg_ema_qk_aon_cpc_tau090_cf373k3/bb_small_arm1_nse_split_pred_rep_enc3l3_b64_200k_sigreg_ema_qk_aon_cpc_tau090_cf373k3_best_loss.pth
[   1000] loss=38.1157  ema_loss=36.9667  gap=0.2319  ema_gap=0.2071  mixup=73/200  2.1 sps  ETA 5.1h  cpc=3.9160
              R²_rand=0.4071  R²_naive=0.2555  U_t=0.2529  U_b=0.2961  AUC=0.9994  Top1=0.9142
  timing: data=12.0ms  fwd=245.1ms  bwd=180.1ms  total=438.4ms
  -> Saved /root/cf373_runs/bb_small_arm1_nse_split_pred_rep_enc3l3_b64_200k_sigreg_ema_qk_aon_cpc_tau090_cf373k3/bb_small_arm1_nse_split_pred_rep_enc3l3_b64_200k_sigreg_ema_qk_aon_cpc_tau090_cf373k3_best_gap.pth
  -> Saved /root/cf373_runs/bb_small_arm1_nse_split_pred_rep_enc3l3_b64_200k_sigreg_ema_qk_aon_cpc_tau090_cf373k3/bb_small_arm1_nse_split_pred_rep_enc3l3_b64_200k_sigreg_ema_qk_aon_cpc_tau090_cf373k3_best_loss.pth
[   1200] loss=35.5597  ema_loss=36.6661  gap=0.3129  ema_gap=0.2745  mixup=62/200  2.1 sps  ETA 5.1h  cpc=2.3429
              R²_rand=0.4248  R²_naive=0.3444  U_t=0.2922  U_b=0.3381  AUC=0.9995  Top1=0.9395
  timing: data=10.2ms  fwd=253.8ms  bwd=184.3ms  total=449.5ms
  -> Saved /root/cf373_runs/bb_small_arm1_nse_split_pred_rep_enc3l3_b64_200k_sigreg_ema_qk_aon_cpc_tau090_cf373k3/bb_small_arm1_nse_split_pred_rep_enc3l3_b64_200k_sigreg_ema_qk_aon_cpc_tau090_cf373k3_best_gap.pth
  -> Saved /root/cf373_runs/bb_small_arm1_nse_split_pred_rep_enc3l3_b64_200k_sigreg_ema_qk_aon_cpc_tau090_cf373k3/bb_small_arm1_nse_split_pred_rep_enc3l3_b64_200k_sigreg_ema_qk_aon_cpc_tau090_cf373k3_best_loss.pth
[   1400] loss=37.3144  ema_loss=35.9176  gap=0.3201  ema_gap=0.3154  mixup=65/200  2.1 sps  ETA 5.0h  cpc=3.3394
              R²_rand=0.3855  R²_naive=0.3093  U_t=0.2464  U_b=0.2802  AUC=0.9992  Top1=0.9465
  timing: data=41.9ms  fwd=241.3ms  bwd=178.1ms  total=462.6ms
  -> Saved /root/cf373_runs/bb_small_arm1_nse_split_pred_rep_enc3l3_b64_200k_sigreg_ema_qk_aon_cpc_tau090_cf373k3/bb_small_arm1_nse_split_pred_rep_enc3l3_b64_200k_sigreg_ema_qk_aon_cpc_tau090_cf373k3_best_gap.pth
  -> Saved /root/cf373_runs/bb_small_arm1_nse_split_pred_rep_enc3l3_b64_200k_sigreg_ema_qk_aon_cpc_tau090_cf373k3/bb_small_arm1_nse_split_pred_rep_enc3l3_b64_200k_sigreg_ema_qk_aon_cpc_tau090_cf373k3_best_loss.pth
[   1600] loss=37.1135  ema_loss=35.5573  gap=0.3300  ema_gap=0.3329  mixup=54/200  2.1 sps  ETA 5.0h  cpc=3.1884
              R²_rand=0.4357  R²_naive=0.3213  U_t=0.2607  U_b=0.3039  AUC=0.9996  Top1=0.9392
  timing: data=10.7ms  fwd=247.7ms  bwd=186.0ms  total=445.6ms
  -> Saved /root/cf373_runs/bb_small_arm1_nse_split_pred_rep_enc3l3_b64_200k_sigreg_ema_qk_aon_cpc_tau090_cf373k3/bb_small_arm1_nse_split_pred_rep_enc3l3_b64_200k_sigreg_ema_qk_aon_cpc_tau090_cf373k3_best_gap.pth
  -> Saved /root/cf373_runs/bb_small_arm1_nse_split_pred_rep_enc3l3_b64_200k_sigreg_ema_qk_aon_cpc_tau090_cf373k3/bb_small_arm1_nse_split_pred_rep_enc3l3_b64_200k_sigreg_ema_qk_aon_cpc_tau090_cf373k3_best_loss.pth
[   1800] loss=37.7377  ema_loss=36.0317  gap=0.3696  ema_gap=0.3565  mixup=48/200  2.1 sps  ETA 5.0h  cpc=2.8400
              R²_rand=0.2830  R²_naive=0.2227  U_t=0.1844  U_b=0.2255  AUC=0.9994  Top1=0.9221
  timing: data=11.9ms  fwd=259.9ms  bwd=177.9ms  total=450.9ms
  -> Saved /root/cf373_runs/bb_small_arm1_nse_split_pred_rep_enc3l3_b64_200k_sigreg_ema_qk_aon_cpc_tau090_cf373k3/bb_small_arm1_nse_split_pred_rep_enc3l3_b64_200k_sigreg_ema_qk_aon_cpc_tau090_cf373k3_best_gap.pth
[   2000] loss=37.7022  ema_loss=36.9340  gap=0.4004  ema_gap=0.3787  mixup=62/200  2.1 sps  ETA 5.0h  cpc=1.8763
              R²_rand=0.3023  R²_naive=0.2342  U_t=0.2229  U_b=0.2334  AUC=0.9994  Top1=0.9126
  timing: data=56.3ms  fwd=245.4ms  bwd=181.8ms  total=484.8ms
  -> Saved /root/cf373_runs/bb_small_arm1_nse_split_pred_rep_enc3l3_b64_200k_sigreg_ema_qk_aon_cpc_tau090_cf373k3/bb_small_arm1_nse_split_pred_rep_enc3l3_b64_200k_sigreg_ema_qk_aon_cpc_tau090_cf373k3_best_gap.pth
