[10-08 00:27:35] [cf412bm_bb50k_h30k_recon_lin] head argv -> /home/jupyter/checkpoints_backup/cf-425-lin/results/waves/gift_pretrain_1008_002735_Ztmx/jobs.jsonl reconstruction=encoder head-arch=linear
[10-08 03:47:15] [cf412bm_bb50k_h30k_recon_lin] head-train SKIP (final exists)
[10-08 03:47:15] [cf412bm_bb50k_h30k_recon_lin] eval start (97 configs, R, forecast-len 16, cuda)
[10-08 03:47:15] [eval-slot] all 2 slots busy, 0s so far
[10-08 03:52:15] [eval-slot] all 2 slots busy, 300s so far
[10-08 03:57:16] [eval-slot] all 2 slots busy, 600s so far
[10-08 04:02:16] [eval-slot] all 2 slots busy, 900s so far
[10-08 04:07:16] [eval-slot] all 2 slots busy, 1200s so far
[10-08 04:12:16] [eval-slot] all 2 slots busy, 1500s so far
[10-08 04:17:16] [eval-slot] all 2 slots busy, 1800s so far
[10-08 04:22:16] [eval-slot] all 2 slots busy, 2100s so far
[10-08 04:27:16] [eval-slot] all 2 slots busy, 2400s so far
[10-08 04:32:16] [eval-slot] all 2 slots busy, 2700s so far
[10-08 04:37:16] [eval-slot] all 2 slots busy, 3000s so far
[10-08 04:42:16] [eval-slot] all 2 slots busy, 3300s so far
[10-08 04:47:16] [eval-slot] all 2 slots busy, 3600s so far
[10-08 04:52:16] [eval-slot] all 2 slots busy, 3900s so far
[10-08 04:57:16] [eval-slot] all 2 slots busy, 4200s so far
[10-08 04:57:36] [eval-slot] slot 0 after 4220s
[10-08 04:57:36] START cf412bm_bb50k_h30k_recon_lin bb50k enc=student shards=2 slot=0
[10-08 05:11:20] merged 97 configs -> /home/jupyter/checkpoints_backup/cf-425-lin/ckpt/recon/eval/cf412bm_bb50k_h30k_recon_lin/gift_r/all_results.csv
[10-08 05:11:22] DONE cf412bm_bb50k_h30k_recon_lin bb50k student — Aggregate GM-Relative MASE (97 configs): 0.9980 -> 0.9980
[10-08 05:11:22] [cf412bm_bb50k_h30k_recon_lin] eval rc=0
[10-08 05:11:22] [cf412bm_bb50k_h30k_recon_lin] DONE — GM-Relative MASE 0.9980
