Device: cuda | Params: 720,668
Training for 40000 steps, bs=64, lr=0.001, T=4096, C=1, mix_ratio=0.0078125, freq_emb_dim=3, seasonality_emb_dim=3, mixup_p=0.3, rev_norm_kind=ewma(span=128), patch_stats=none, encoder_type=gru
Checkpoints: /root/cf373_runs/arm6_v2_combab_alignT/leg_40k/cf393_arm6_v2_combab_alignT_cf373k3_*.pth
Loss CSV: /root/cf373_runs/arm6_v2_combab_alignT/leg_40k/cf393_arm6_v2_combab_alignT_cf373k3_losses.csv
Latent-drift CSV: /root/cf373_runs/arm6_v2_combab_alignT/leg_40k/cf393_arm6_v2_combab_alignT_cf373k3_latent_drift.csv (every 20000 steps, probe_bs=64, probe_seed=20260722)
Attn-amplitude CSV: /root/cf373_runs/arm6_v2_combab_alignT/leg_40k/cf393_arm6_v2_combab_alignT_cf373k3_attn_amplitude.csv (every 200 steps)
Data: MIX 99% HF + 1% synth (forked-arma) + 0% crossfade + 1 triplet(s)=3 rows, hf_bs=64, synth_bs=0, cross_bs=0, total_bs=67
[    200] loss=13.9459  ema_loss=14.7269  gap=-0.1362  ema_gap=-0.1843  mixup=61/200  4.8 sps  ETA 2.3h
              R²_rand=0.6716  R²_naive=0.2483  U_t=0.0820  U_b=0.2206  AUC=0.9796  Top1=0.4385
  timing: data=64.2ms  fwd=81.2ms  bwd=53.6ms  total=199.4ms
  -> Saved /root/cf373_runs/arm6_v2_combab_alignT/leg_40k/cf393_arm6_v2_combab_alignT_cf373k3_best_gap.pth
  -> Saved /root/cf373_runs/arm6_v2_combab_alignT/leg_40k/cf393_arm6_v2_combab_alignT_cf373k3_best_loss.pth
[    400] loss=13.9912  ema_loss=14.0647  gap=-0.1016  ema_gap=-0.1190  mixup=58/200  5.7 sps  ETA 1.9h
              R²_rand=0.6626  R²_naive=0.2835  U_t=0.0794  U_b=0.1960  AUC=0.9692  Top1=0.3701
  timing: data=5.4ms  fwd=78.6ms  bwd=52.0ms  total=136.4ms
  -> Saved /root/cf373_runs/arm6_v2_combab_alignT/leg_40k/cf393_arm6_v2_combab_alignT_cf373k3_best_gap.pth
  -> Saved /root/cf373_runs/arm6_v2_combab_alignT/leg_40k/cf393_arm6_v2_combab_alignT_cf373k3_best_loss.pth
[    600] loss=13.5762  ema_loss=13.7002  gap=-0.0759  ema_gap=-0.0897  mixup=65/200  6.1 sps  ETA 1.8h
              R²_rand=0.7081  R²_naive=0.2856  U_t=0.0630  U_b=0.1574  AUC=0.9799  Top1=0.4670
  timing: data=4.3ms  fwd=78.5ms  bwd=52.0ms  total=135.3ms
  -> Saved /root/cf373_runs/arm6_v2_combab_alignT/leg_40k/cf393_arm6_v2_combab_alignT_cf373k3_best_gap.pth
  -> Saved /root/cf373_runs/arm6_v2_combab_alignT/leg_40k/cf393_arm6_v2_combab_alignT_cf373k3_best_loss.pth
Device: cuda | Params: 720,668
Training for 40000 steps, bs=64, lr=0.001, T=4096, C=1, mix_ratio=0.0078125, freq_emb_dim=3, seasonality_emb_dim=3, mixup_p=0.3, rev_norm_kind=ewma(span=128), patch_stats=none, encoder_type=gru
Checkpoints: /root/cf373_runs/arm6_v2_combab_alignT/leg_40k/cf393_arm6_v2_combab_alignT_cf373k3_*.pth
Loss CSV: /root/cf373_runs/arm6_v2_combab_alignT/leg_40k/cf393_arm6_v2_combab_alignT_cf373k3_losses.csv
Latent-drift CSV: /root/cf373_runs/arm6_v2_combab_alignT/leg_40k/cf393_arm6_v2_combab_alignT_cf373k3_latent_drift.csv (every 20000 steps, probe_bs=64, probe_seed=20260722)
Attn-amplitude CSV: /root/cf373_runs/arm6_v2_combab_alignT/leg_40k/cf393_arm6_v2_combab_alignT_cf373k3_attn_amplitude.csv (every 200 steps)
Data: MIX 99% HF + 1% synth (forked-arma) + 0% crossfade + 1 triplet(s)=3 rows, hf_bs=64, synth_bs=0, cross_bs=0, total_bs=67
[    800] loss=13.2245  ema_loss=13.4077  gap=-0.0677  ema_gap=-0.0739  mixup=65/200  5.8 sps  ETA 1.9h
              R²_rand=0.7369  R²_naive=0.2674  U_t=0.0548  U_b=0.1782  AUC=0.9815  Top1=0.4540
  timing: data=42.4ms  fwd=84.5ms  bwd=53.3ms  total=180.6ms
  -> Saved /root/cf373_runs/arm6_v2_combab_alignT/leg_40k/cf393_arm6_v2_combab_alignT_cf373k3_best_gap.pth
  -> Saved /root/cf373_runs/arm6_v2_combab_alignT/leg_40k/cf393_arm6_v2_combab_alignT_cf373k3_best_loss.pth
[    200] loss=13.9459  ema_loss=14.7269  gap=-0.1362  ema_gap=-0.1843  mixup=61/200  4.5 sps  ETA 2.4h
              R²_rand=0.6716  R²_naive=0.2483  U_t=0.0820  U_b=0.2206  AUC=0.9796  Top1=0.4385
  timing: data=58.3ms  fwd=88.8ms  bwd=55.9ms  total=203.4ms
  -> Saved /root/cf373_runs/arm6_v2_combab_alignT/leg_40k/cf393_arm6_v2_combab_alignT_cf373k3_best_gap.pth
  -> Saved /root/cf373_runs/arm6_v2_combab_alignT/leg_40k/cf393_arm6_v2_combab_alignT_cf373k3_best_loss.pth
[   1000] loss=13.1682  ema_loss=13.2193  gap=-0.0636  ema_gap=-0.0660  mixup=61/200  5.8 sps  ETA 1.9h
              R²_rand=0.7638  R²_naive=0.2372  U_t=0.0489  U_b=0.1560  AUC=0.9822  Top1=0.4706
  timing: data=11.1ms  fwd=87.6ms  bwd=54.1ms  total=153.3ms
  -> Saved /root/cf373_runs/arm6_v2_combab_alignT/leg_40k/cf393_arm6_v2_combab_alignT_cf373k3_best_gap.pth
  -> Saved /root/cf373_runs/arm6_v2_combab_alignT/leg_40k/cf393_arm6_v2_combab_alignT_cf373k3_best_loss.pth
[    400] loss=13.9912  ema_loss=14.0647  gap=-0.1016  ema_gap=-0.1190  mixup=58/200  5.1 sps  ETA 2.2h
              R²_rand=0.6626  R²_naive=0.2835  U_t=0.0794  U_b=0.1960  AUC=0.9692  Top1=0.3701
  timing: data=11.6ms  fwd=88.5ms  bwd=54.1ms  total=154.7ms
  -> Saved /root/cf373_runs/arm6_v2_combab_alignT/leg_40k/cf393_arm6_v2_combab_alignT_cf373k3_best_gap.pth
  -> Saved /root/cf373_runs/arm6_v2_combab_alignT/leg_40k/cf393_arm6_v2_combab_alignT_cf373k3_best_loss.pth
[   1200] loss=13.0001  ema_loss=13.0571  gap=-0.0583  ema_gap=-0.0593  mixup=59/200  5.8 sps  ETA 1.9h
              R²_rand=0.7749  R²_naive=0.2837  U_t=0.0442  U_b=0.1566  AUC=0.9864  Top1=0.4901
  timing: data=11.1ms  fwd=88.7ms  bwd=53.8ms  total=154.0ms
  -> Saved /root/cf373_runs/arm6_v2_combab_alignT/leg_40k/cf393_arm6_v2_combab_alignT_cf373k3_best_gap.pth
  -> Saved /root/cf373_runs/arm6_v2_combab_alignT/leg_40k/cf393_arm6_v2_combab_alignT_cf373k3_best_loss.pth
[    600] loss=13.5762  ema_loss=13.7002  gap=-0.0759  ema_gap=-0.0897  mixup=65/200  5.3 sps  ETA 2.1h
              R²_rand=0.7081  R²_naive=0.2856  U_t=0.0630  U_b=0.1574  AUC=0.9799  Top1=0.4670
  timing: data=11.9ms  fwd=86.4ms  bwd=54.3ms  total=153.0ms
  -> Saved /root/cf373_runs/arm6_v2_combab_alignT/leg_40k/cf393_arm6_v2_combab_alignT_cf373k3_best_gap.pth
  -> Saved /root/cf373_runs/arm6_v2_combab_alignT/leg_40k/cf393_arm6_v2_combab_alignT_cf373k3_best_loss.pth
[   1400] loss=13.0272  ema_loss=12.9731  gap=-0.0481  ema_gap=-0.0542  mixup=77/200  5.7 sps  ETA 1.9h
              R²_rand=0.7840  R²_naive=0.2729  U_t=0.0417  U_b=0.1571  AUC=0.9879  Top1=0.5712
  timing: data=34.1ms  fwd=88.3ms  bwd=54.1ms  total=176.9ms
  -> Saved /root/cf373_runs/arm6_v2_combab_alignT/leg_40k/cf393_arm6_v2_combab_alignT_cf373k3_best_gap.pth
  -> Saved /root/cf373_runs/arm6_v2_combab_alignT/leg_40k/cf393_arm6_v2_combab_alignT_cf373k3_best_loss.pth
[    800] loss=13.2245  ema_loss=13.4077  gap=-0.0677  ema_gap=-0.0739  mixup=65/200  5.2 sps  ETA 2.1h
              R²_rand=0.7369  R²_naive=0.2674  U_t=0.0548  U_b=0.1782  AUC=0.9815  Top1=0.4540
  timing: data=38.4ms  fwd=88.1ms  bwd=53.5ms  total=180.4ms
  -> Saved /root/cf373_runs/arm6_v2_combab_alignT/leg_40k/cf393_arm6_v2_combab_alignT_cf373k3_best_gap.pth
  -> Saved /root/cf373_runs/arm6_v2_combab_alignT/leg_40k/cf393_arm6_v2_combab_alignT_cf373k3_best_loss.pth
[   1600] loss=12.8721  ema_loss=12.8845  gap=-0.0446  ema_gap=-0.0490  mixup=65/200  5.7 sps  ETA 1.9h
              R²_rand=0.8034  R²_naive=0.2764  U_t=0.0380  U_b=0.1424  AUC=0.9877  Top1=0.5427
  timing: data=10.3ms  fwd=90.0ms  bwd=53.7ms  total=154.4ms
  -> Saved /root/cf373_runs/arm6_v2_combab_alignT/leg_40k/cf393_arm6_v2_combab_alignT_cf373k3_best_gap.pth
  -> Saved /root/cf373_runs/arm6_v2_combab_alignT/leg_40k/cf393_arm6_v2_combab_alignT_cf373k3_best_loss.pth
[   1000] loss=13.1682  ema_loss=13.2193  gap=-0.0636  ema_gap=-0.0660  mixup=61/200  5.3 sps  ETA 2.0h
              R²_rand=0.7638  R²_naive=0.2372  U_t=0.0489  U_b=0.1560  AUC=0.9822  Top1=0.4706
  timing: data=11.0ms  fwd=89.1ms  bwd=54.5ms  total=155.0ms
  -> Saved /root/cf373_runs/arm6_v2_combab_alignT/leg_40k/cf393_arm6_v2_combab_alignT_cf373k3_best_gap.pth
  -> Saved /root/cf373_runs/arm6_v2_combab_alignT/leg_40k/cf393_arm6_v2_combab_alignT_cf373k3_best_loss.pth
[   1800] loss=12.9271  ema_loss=12.7922  gap=-0.0420  ema_gap=-0.0441  mixup=64/200  5.7 sps  ETA 1.9h
              R²_rand=0.8195  R²_naive=0.2969  U_t=0.0355  U_b=0.1425  AUC=0.9872  Top1=0.5053
  timing: data=12.2ms  fwd=88.5ms  bwd=54.8ms  total=155.9ms
  -> Saved /root/cf373_runs/arm6_v2_combab_alignT/leg_40k/cf393_arm6_v2_combab_alignT_cf373k3_best_gap.pth
  -> Saved /root/cf373_runs/arm6_v2_combab_alignT/leg_40k/cf393_arm6_v2_combab_alignT_cf373k3_best_loss.pth
[   1200] loss=13.0001  ema_loss=13.0571  gap=-0.0583  ema_gap=-0.0593  mixup=59/200  5.4 sps  ETA 2.0h
              R²_rand=0.7749  R²_naive=0.2837  U_t=0.0442  U_b=0.1566  AUC=0.9864  Top1=0.4901
  timing: data=10.3ms  fwd=90.8ms  bwd=54.3ms  total=155.9ms
  -> Saved /root/cf373_runs/arm6_v2_combab_alignT/leg_40k/cf393_arm6_v2_combab_alignT_cf373k3_best_gap.pth
  -> Saved /root/cf373_runs/arm6_v2_combab_alignT/leg_40k/cf393_arm6_v2_combab_alignT_cf373k3_best_loss.pth
[   2000] loss=12.6754  ema_loss=12.6405  gap=-0.0313  ema_gap=-0.0363  mixup=66/200  5.6 sps  ETA 1.9h
              R²_rand=0.8462  R²_naive=0.2990  U_t=0.0322  U_b=0.1216  AUC=0.9902  Top1=0.5859
  timing: data=36.9ms  fwd=85.4ms  bwd=54.1ms  total=176.8ms
  -> Saved /root/cf373_runs/arm6_v2_combab_alignT/leg_40k/cf393_arm6_v2_combab_alignT_cf373k3_best_gap.pth
  -> Saved /root/cf373_runs/arm6_v2_combab_alignT/leg_40k/cf393_arm6_v2_combab_alignT_cf373k3_best_loss.pth
[   1400] loss=13.0272  ema_loss=12.9731  gap=-0.0481  ema_gap=-0.0542  mixup=77/200  5.3 sps  ETA 2.0h
              R²_rand=0.7840  R²_naive=0.2729  U_t=0.0417  U_b=0.1571  AUC=0.9879  Top1=0.5712
  timing: data=42.5ms  fwd=86.1ms  bwd=54.0ms  total=183.0ms
  -> Saved /root/cf373_runs/arm6_v2_combab_alignT/leg_40k/cf393_arm6_v2_combab_alignT_cf373k3_best_gap.pth
  -> Saved /root/cf373_runs/arm6_v2_combab_alignT/leg_40k/cf393_arm6_v2_combab_alignT_cf373k3_best_loss.pth
[   2200] loss=12.5528  ema_loss=12.5869  gap=-0.0279  ema_gap=-0.0312  mixup=67/200  5.7 sps  ETA 1.9h
              R²_rand=0.8500  R²_naive=0.3216  U_t=0.0310  U_b=0.1119  AUC=0.9883  Top1=0.4839
  timing: data=9.4ms  fwd=89.1ms  bwd=54.1ms  total=153.0ms
  -> Saved /root/cf373_runs/arm6_v2_combab_alignT/leg_40k/cf393_arm6_v2_combab_alignT_cf373k3_best_gap.pth
  -> Saved /root/cf373_runs/arm6_v2_combab_alignT/leg_40k/cf393_arm6_v2_combab_alignT_cf373k3_best_loss.pth
[   1600] loss=12.8721  ema_loss=12.8845  gap=-0.0446  ema_gap=-0.0490  mixup=65/200  5.4 sps  ETA 2.0h
              R²_rand=0.8034  R²_naive=0.2764  U_t=0.0380  U_b=0.1424  AUC=0.9877  Top1=0.5427
  timing: data=10.3ms  fwd=89.4ms  bwd=54.3ms  total=154.4ms
  -> Saved /root/cf373_runs/arm6_v2_combab_alignT/leg_40k/cf393_arm6_v2_combab_alignT_cf373k3_best_gap.pth
  -> Saved /root/cf373_runs/arm6_v2_combab_alignT/leg_40k/cf393_arm6_v2_combab_alignT_cf373k3_best_loss.pth
[   2400] loss=12.4982  ema_loss=12.5315  gap=-0.0302  ema_gap=-0.0288  mixup=53/200  5.7 sps  ETA 1.8h
              R²_rand=0.8370  R²_naive=0.3403  U_t=0.0312  U_b=0.1217  AUC=0.9902  Top1=0.5772
  timing: data=12.0ms  fwd=87.5ms  bwd=54.6ms  total=154.5ms
  -> Saved /root/cf373_runs/arm6_v2_combab_alignT/leg_40k/cf393_arm6_v2_combab_alignT_cf373k3_best_gap.pth
  -> Saved /root/cf373_runs/arm6_v2_combab_alignT/leg_40k/cf393_arm6_v2_combab_alignT_cf373k3_best_loss.pth
[   1800] loss=12.9271  ema_loss=12.7922  gap=-0.0420  ema_gap=-0.0441  mixup=64/200  5.4 sps  ETA 2.0h
              R²_rand=0.8195  R²_naive=0.2969  U_t=0.0355  U_b=0.1425  AUC=0.9872  Top1=0.5053
  timing: data=9.8ms  fwd=89.3ms  bwd=54.5ms  total=154.0ms
  -> Saved /root/cf373_runs/arm6_v2_combab_alignT/leg_40k/cf393_arm6_v2_combab_alignT_cf373k3_best_gap.pth
  -> Saved /root/cf373_runs/arm6_v2_combab_alignT/leg_40k/cf393_arm6_v2_combab_alignT_cf373k3_best_loss.pth
[   2600] loss=12.4755  ema_loss=12.4914  gap=-0.0241  ema_gap=-0.0274  mixup=55/200  5.6 sps  ETA 1.8h
              R²_rand=0.8645  R²_naive=0.3353  U_t=0.0294  U_b=0.1215  AUC=0.9892  Top1=0.5417
  timing: data=36.6ms  fwd=83.8ms  bwd=53.7ms  total=174.6ms
  -> Saved /root/cf373_runs/arm6_v2_combab_alignT/leg_40k/cf393_arm6_v2_combab_alignT_cf373k3_best_gap.pth
  -> Saved /root/cf373_runs/arm6_v2_combab_alignT/leg_40k/cf393_arm6_v2_combab_alignT_cf373k3_best_loss.pth
[   2000] loss=12.6754  ema_loss=12.6405  gap=-0.0313  ema_gap=-0.0363  mixup=66/200  5.4 sps  ETA 2.0h
              R²_rand=0.8462  R²_naive=0.2990  U_t=0.0322  U_b=0.1216  AUC=0.9902  Top1=0.5859
  timing: data=37.1ms  fwd=86.7ms  bwd=54.0ms  total=178.2ms
  -> Saved /root/cf373_runs/arm6_v2_combab_alignT/leg_40k/cf393_arm6_v2_combab_alignT_cf373k3_best_gap.pth
  -> Saved /root/cf373_runs/arm6_v2_combab_alignT/leg_40k/cf393_arm6_v2_combab_alignT_cf373k3_best_loss.pth
[   2800] loss=12.6597  ema_loss=12.5353  gap=-0.0325  ema_gap=-0.0290  mixup=55/200  5.6 sps  ETA 1.8h
              R²_rand=0.8449  R²_naive=0.3051  U_t=0.0343  U_b=0.1180  AUC=0.9874  Top1=0.5180
  timing: data=10.7ms  fwd=89.9ms  bwd=54.1ms  total=155.1ms
[   2200] loss=12.5528  ema_loss=12.5869  gap=-0.0279  ema_gap=-0.0312  mixup=67/200  5.4 sps  ETA 1.9h
              R²_rand=0.8500  R²_naive=0.3216  U_t=0.0310  U_b=0.1119  AUC=0.9883  Top1=0.4839
  timing: data=12.7ms  fwd=85.7ms  bwd=54.5ms  total=153.5ms
  -> Saved /root/cf373_runs/arm6_v2_combab_alignT/leg_40k/cf393_arm6_v2_combab_alignT_cf373k3_best_gap.pth
  -> Saved /root/cf373_runs/arm6_v2_combab_alignT/leg_40k/cf393_arm6_v2_combab_alignT_cf373k3_best_loss.pth
[   3000] loss=12.6204  ema_loss=12.5985  gap=-0.0289  ema_gap=-0.0299  mixup=52/200  5.6 sps  ETA 1.8h
              R²_rand=0.8355  R²_naive=0.3461  U_t=0.0323  U_b=0.1217  AUC=0.9819  Top1=0.4524
  timing: data=11.9ms  fwd=87.2ms  bwd=54.2ms  total=153.7ms
[   2400] loss=12.4982  ema_loss=12.5315  gap=-0.0302  ema_gap=-0.0288  mixup=53/200  5.5 sps  ETA 1.9h
              R²_rand=0.8370  R²_naive=0.3403  U_t=0.0312  U_b=0.1217  AUC=0.9902  Top1=0.5772
  timing: data=12.4ms  fwd=87.7ms  bwd=54.2ms  total=154.8ms
  -> Saved /root/cf373_runs/arm6_v2_combab_alignT/leg_40k/cf393_arm6_v2_combab_alignT_cf373k3_best_gap.pth
  -> Saved /root/cf373_runs/arm6_v2_combab_alignT/leg_40k/cf393_arm6_v2_combab_alignT_cf373k3_best_loss.pth
[   3200] loss=12.7932  ema_loss=12.6739  gap=-0.0258  ema_gap=-0.0295  mixup=68/200  5.6 sps  ETA 1.8h
              R²_rand=0.8192  R²_naive=0.3635  U_t=0.0338  U_b=0.1057  AUC=0.9742  Top1=0.4024
  timing: data=34.8ms  fwd=86.6ms  bwd=53.7ms  total=175.5ms
[   2600] loss=12.4755  ema_loss=12.4914  gap=-0.0241  ema_gap=-0.0274  mixup=55/200  5.4 sps  ETA 1.9h
              R²_rand=0.8645  R²_naive=0.3353  U_t=0.0294  U_b=0.1215  AUC=0.9892  Top1=0.5417
  timing: data=34.6ms  fwd=85.5ms  bwd=54.1ms  total=174.7ms
  -> Saved /root/cf373_runs/arm6_v2_combab_alignT/leg_40k/cf393_arm6_v2_combab_alignT_cf373k3_best_gap.pth
  -> Saved /root/cf373_runs/arm6_v2_combab_alignT/leg_40k/cf393_arm6_v2_combab_alignT_cf373k3_best_loss.pth
[   3400] loss=12.7047  ema_loss=12.6744  gap=-0.0325  ema_gap=-0.0317  mixup=53/200  5.6 sps  ETA 1.8h
              R²_rand=0.8482  R²_naive=0.3322  U_t=0.0335  U_b=0.1373  AUC=0.9871  Top1=0.5465
  timing: data=8.9ms  fwd=88.9ms  bwd=54.0ms  total=152.2ms
[   2800] loss=12.6597  ema_loss=12.5353  gap=-0.0325  ema_gap=-0.0290  mixup=55/200  5.5 sps  ETA 1.9h
              R²_rand=0.8449  R²_naive=0.3051  U_t=0.0343  U_b=0.1180  AUC=0.9874  Top1=0.5180
  timing: data=9.7ms  fwd=90.1ms  bwd=54.3ms  total=154.5ms
[   3600] loss=12.7065  ema_loss=12.6901  gap=-0.0373  ema_gap=-0.0326  mixup=44/200  5.6 sps  ETA 1.8h
              R²_rand=0.8280  R²_naive=0.3263  U_t=0.0374  U_b=0.1252  AUC=0.9788  Top1=0.4003
  timing: data=11.5ms  fwd=88.3ms  bwd=54.9ms  total=155.1ms
[   3000] loss=12.6204  ema_loss=12.5985  gap=-0.0289  ema_gap=-0.0299  mixup=52/200  5.5 sps  ETA 1.9h
              R²_rand=0.8355  R²_naive=0.3461  U_t=0.0323  U_b=0.1217  AUC=0.9819  Top1=0.4524
  timing: data=11.8ms  fwd=87.0ms  bwd=53.8ms  total=153.0ms
[   3800] loss=12.9412  ema_loss=12.7769  gap=-0.0398  ema_gap=-0.0338  mixup=55/200  5.6 sps  ETA 1.8h
              R²_rand=0.8238  R²_naive=0.3310  U_t=0.0379  U_b=0.1188  AUC=0.9673  Top1=0.4456
  timing: data=35.0ms  fwd=86.5ms  bwd=54.7ms  total=176.6ms
[   3200] loss=12.7932  ema_loss=12.6739  gap=-0.0258  ema_gap=-0.0295  mixup=68/200  5.5 sps  ETA 1.9h
              R²_rand=0.8192  R²_naive=0.3635  U_t=0.0338  U_b=0.1057  AUC=0.9742  Top1=0.4024
  timing: data=33.4ms  fwd=87.4ms  bwd=54.1ms  total=175.3ms
[   4000] loss=13.1313  ema_loss=12.9549  gap=-0.0440  ema_gap=-0.0346  mixup=65/200  5.6 sps  ETA 1.8h
              R²_rand=0.7934  R²_naive=0.3269  U_t=0.0409  U_b=0.1260  AUC=0.9687  Top1=0.3929
  timing: data=11.6ms  fwd=88.4ms  bwd=54.3ms  total=154.8ms
[   3400] loss=12.7047  ema_loss=12.6744  gap=-0.0325  ema_gap=-0.0317  mixup=53/200  5.5 sps  ETA 1.9h
              R²_rand=0.8482  R²_naive=0.3322  U_t=0.0335  U_b=0.1373  AUC=0.9871  Top1=0.5465
  timing: data=11.9ms  fwd=87.1ms  bwd=54.4ms  total=153.8ms
[   4200] loss=13.1828  ema_loss=13.0502  gap=-0.0281  ema_gap=-0.0308  mixup=57/200  5.6 sps  ETA 1.8h
              R²_rand=0.7867  R²_naive=0.3577  U_t=0.0434  U_b=0.1195  AUC=0.9642  Top1=0.3810
  timing: data=11.3ms  fwd=88.5ms  bwd=54.3ms  total=154.5ms
[   3600] loss=12.7065  ema_loss=12.6901  gap=-0.0373  ema_gap=-0.0326  mixup=44/200  5.5 sps  ETA 1.8h
              R²_rand=0.8280  R²_naive=0.3263  U_t=0.0374  U_b=0.1252  AUC=0.9788  Top1=0.4003
  timing: data=11.2ms  fwd=88.2ms  bwd=54.6ms  total=154.4ms
[   3800] loss=12.9412  ema_loss=12.7769  gap=-0.0398  ema_gap=-0.0338  mixup=55/200  5.5 sps  ETA 1.8h
              R²_rand=0.8238  R²_naive=0.3310  U_t=0.0379  U_b=0.1188  AUC=0.9673  Top1=0.4456
  timing: data=36.2ms  fwd=83.9ms  bwd=53.6ms  total=174.1ms
[   4400] loss=13.1305  ema_loss=13.1511  gap=-0.0400  ema_gap=-0.0292  mixup=62/200  5.5 sps  ETA 1.8h
              R²_rand=0.7993  R²_naive=0.3133  U_t=0.0415  U_b=0.1357  AUC=0.9668  Top1=0.3729
  timing: data=91.1ms  fwd=87.5ms  bwd=54.6ms  total=233.6ms
[   4000] loss=13.1313  ema_loss=12.9549  gap=-0.0440  ema_gap=-0.0346  mixup=65/200  5.5 sps  ETA 1.8h
              R²_rand=0.7934  R²_naive=0.3269  U_t=0.0409  U_b=0.1260  AUC=0.9687  Top1=0.3929
  timing: data=11.6ms  fwd=87.4ms  bwd=54.4ms  total=153.8ms
[   4600] loss=13.0089  ema_loss=13.1725  gap=-0.0284  ema_gap=-0.0259  mixup=66/200  5.5 sps  ETA 1.8h
              R²_rand=0.8195  R²_naive=0.3446  U_t=0.0393  U_b=0.1341  AUC=0.9746  Top1=0.4513
  timing: data=11.3ms  fwd=89.7ms  bwd=54.5ms  total=156.0ms
  -> Saved /root/cf373_runs/arm6_v2_combab_alignT/leg_40k/cf393_arm6_v2_combab_alignT_cf373k3_best_gap.pth
[   4200] loss=13.1828  ema_loss=13.0502  gap=-0.0281  ema_gap=-0.0308  mixup=57/200  5.5 sps  ETA 1.8h
              R²_rand=0.7867  R²_naive=0.3577  U_t=0.0434  U_b=0.1195  AUC=0.9642  Top1=0.3810
  timing: data=12.9ms  fwd=87.2ms  bwd=54.3ms  total=154.8ms
[   4800] loss=13.1207  ema_loss=13.1189  gap=-0.0308  ema_gap=-0.0249  mixup=63/200  5.5 sps  ETA 1.8h
              R²_rand=0.8148  R²_naive=0.3360  U_t=0.0411  U_b=0.1359  AUC=0.9773  Top1=0.4765
  timing: data=11.1ms  fwd=87.3ms  bwd=54.1ms  total=152.9ms
  -> Saved /root/cf373_runs/arm6_v2_combab_alignT/leg_40k/cf393_arm6_v2_combab_alignT_cf373k3_best_gap.pth
[   4400] loss=13.1305  ema_loss=13.1511  gap=-0.0400  ema_gap=-0.0292  mixup=62/200  5.5 sps  ETA 1.8h
              R²_rand=0.7993  R²_naive=0.3133  U_t=0.0415  U_b=0.1357  AUC=0.9668  Top1=0.3729
  timing: data=36.5ms  fwd=86.4ms  bwd=54.0ms  total=177.3ms
[   5000] loss=12.8762  ema_loss=13.1324  gap=0.0014  ema_gap=-0.0144  mixup=60/200  5.5 sps  ETA 1.8h
              R²_rand=0.8437  R²_naive=0.4079  U_t=0.0366  U_b=0.1298  AUC=0.9814  Top1=0.4540
  timing: data=67.3ms  fwd=86.2ms  bwd=54.2ms  total=208.0ms
  -> Saved /root/cf373_runs/arm6_v2_combab_alignT/leg_40k/cf393_arm6_v2_combab_alignT_cf373k3_best_gap.pth
[   4600] loss=13.0089  ema_loss=13.1725  gap=-0.0284  ema_gap=-0.0259  mixup=66/200  5.5 sps  ETA 1.8h
              R²_rand=0.8195  R²_naive=0.3446  U_t=0.0393  U_b=0.1341  AUC=0.9746  Top1=0.4513
  timing: data=11.3ms  fwd=85.3ms  bwd=53.8ms  total=150.8ms
  -> Saved /root/cf373_runs/arm6_v2_combab_alignT/leg_40k/cf393_arm6_v2_combab_alignT_cf373k3_best_gap.pth
[   5200] loss=12.9958  ema_loss=12.9394  gap=-0.0390  ema_gap=-0.0225  mixup=69/200  5.5 sps  ETA 1.8h
              R²_rand=0.8155  R²_naive=0.3232  U_t=0.0376  U_b=0.1308  AUC=0.9781  Top1=0.4801
  timing: data=10.7ms  fwd=88.0ms  bwd=54.1ms  total=153.3ms
[   4800] loss=13.1207  ema_loss=13.1189  gap=-0.0308  ema_gap=-0.0249  mixup=63/200  5.5 sps  ETA 1.8h
              R²_rand=0.8148  R²_naive=0.3360  U_t=0.0411  U_b=0.1359  AUC=0.9773  Top1=0.4765
  timing: data=10.6ms  fwd=87.4ms  bwd=54.4ms  total=152.8ms
  -> Saved /root/cf373_runs/arm6_v2_combab_alignT/leg_40k/cf393_arm6_v2_combab_alignT_cf373k3_best_gap.pth
[   5400] loss=12.9796  ema_loss=12.8718  gap=-0.0242  ema_gap=-0.0294  mixup=55/200  5.5 sps  ETA 1.7h
              R²_rand=0.8334  R²_naive=0.3804  U_t=0.0356  U_b=0.1320  AUC=0.9823  Top1=0.4586
  timing: data=14.8ms  fwd=84.4ms  bwd=54.4ms  total=154.1ms
[   5000] loss=12.8762  ema_loss=13.1324  gap=0.0014  ema_gap=-0.0144  mixup=60/200  5.5 sps  ETA 1.8h
              R²_rand=0.8437  R²_naive=0.4079  U_t=0.0366  U_b=0.1298  AUC=0.9814  Top1=0.4540
  timing: data=37.9ms  fwd=87.1ms  bwd=54.1ms  total=179.5ms
  -> Saved /root/cf373_runs/arm6_v2_combab_alignT/leg_40k/cf393_arm6_v2_combab_alignT_cf373k3_best_gap.pth
[   5600] loss=12.8350  ema_loss=12.8251  gap=-0.0343  ema_gap=-0.0320  mixup=50/200  5.5 sps  ETA 1.7h
              R²_rand=0.8552  R²_naive=0.2926  U_t=0.0329  U_b=0.1371  AUC=0.9881  Top1=0.4912
  timing: data=9.3ms  fwd=87.4ms  bwd=54.4ms  total=151.5ms
[   5200] loss=12.9958  ema_loss=12.9394  gap=-0.0390  ema_gap=-0.0225  mixup=69/200  5.5 sps  ETA 1.7h
              R²_rand=0.8155  R²_naive=0.3232  U_t=0.0376  U_b=0.1308  AUC=0.9781  Top1=0.4801
  timing: data=8.6ms  fwd=82.9ms  bwd=53.4ms  total=145.3ms
[   5800] loss=12.8486  ema_loss=12.7696  gap=-0.0334  ema_gap=-0.0305  mixup=64/200  5.5 sps  ETA 1.7h
              R²_rand=0.8480  R²_naive=0.3484  U_t=0.0338  U_b=0.1487  AUC=0.9867  Top1=0.4912
  timing: data=83.3ms  fwd=88.8ms  bwd=54.3ms  total=226.9ms
[   5400] loss=12.9796  ema_loss=12.8718  gap=-0.0242  ema_gap=-0.0294  mixup=55/200  5.5 sps  ETA 1.7h
              R²_rand=0.8334  R²_naive=0.3804  U_t=0.0356  U_b=0.1320  AUC=0.9823  Top1=0.4586
  timing: data=9.7ms  fwd=90.8ms  bwd=54.4ms  total=155.3ms
[   6000] loss=12.8501  ema_loss=12.6670  gap=-0.0262  ema_gap=-0.0279  mixup=64/200  5.5 sps  ETA 1.7h
              R²_rand=0.8240  R²_naive=0.3642  U_t=0.0334  U_b=0.1307  AUC=0.9813  Top1=0.4507
  timing: data=13.5ms  fwd=85.8ms  bwd=54.4ms  total=154.1ms
[   5600] loss=12.8350  ema_loss=12.8251  gap=-0.0343  ema_gap=-0.0320  mixup=50/200  5.5 sps  ETA 1.7h
              R²_rand=0.8552  R²_naive=0.2926  U_t=0.0329  U_b=0.1371  AUC=0.9881  Top1=0.4912
  timing: data=9.4ms  fwd=88.8ms  bwd=54.0ms  total=152.5ms
[   6200] loss=12.7189  ema_loss=12.6570  gap=-0.0389  ema_gap=-0.0276  mixup=51/200  5.5 sps  ETA 1.7h
              R²_rand=0.8546  R²_naive=0.3257  U_t=0.0335  U_b=0.1286  AUC=0.9836  Top1=0.4336
  timing: data=10.0ms  fwd=87.9ms  bwd=54.0ms  total=152.3ms
