[08-09 00:39:54] [sync-373] start REMOTE=root@ssh4.vast.ai:/root/cf/reports/2026-08-08_rollout_depth RUNS=/root/cf373_runs
[08-09 00:39:54] [sync-373]       LOCAL=/home/jupyter/cf373_sync/b interval=900s
[08-09 00:39:54] [sync-373] tick
✓ /root/cf373_runs/arm6_v2_combab_alignT/leg_40k/cf393_arm6_v2_combab_alignT_cf373k3_losses.csv → /home/jupyter/cf373_sync/b/sync/arm6_v2_combab_alignT/leg_40k/cf393_arm6_v2_combab_alignT_cf373k3_losses.csv (564756 bytes)
✓ /root/cf373_runs/arm6_v2_combab_alignT/leg_40k/cf393_arm6_v2_combab_alignT_cf373k3_latent_drift.csv → /home/jupyter/cf373_sync/b/sync/arm6_v2_combab_alignT/leg_40k/cf393_arm6_v2_combab_alignT_cf373k3_latent_drift.csv (78 bytes)
✓ /root/cf373_runs/arm6_v2_combab_alignT/leg_40k/cf393_arm6_v2_combab_alignT_cf373k3_attn_amplitude.csv → /home/jupyter/cf373_sync/b/sync/arm6_v2_combab_alignT/leg_40k/cf393_arm6_v2_combab_alignT_cf373k3_attn_amplitude.csv (5248 bytes)
✓ /root/cf373_runs/arm6_v2_combab_alignT/leg_40k/cf393_arm6_v2_combab_alignT_cf373k3_best_gap.pth → /home/jupyter/cf373_sync/b/sync/arm6_v2_combab_alignT/leg_40k/cf393_arm6_v2_combab_alignT_cf373k3_best_gap.pth (5195239 bytes)
✓ /root/cf373_runs/arm6_v2_combab_alignT/leg_40k/cf393_arm6_v2_combab_alignT_cf373k3_best_gap_optimizer.pth → /home/jupyter/cf373_sync/b/sync/arm6_v2_combab_alignT/leg_40k/cf393_arm6_v2_combab_alignT_cf373k3_best_gap_optimizer.pth (5792850 bytes)
✓ /root/cf373_runs/arm6_v2_combab_alignT/leg_40k/cf393_arm6_v2_combab_alignT_cf373k3_best_loss.pth → /home/jupyter/cf373_sync/b/sync/arm6_v2_combab_alignT/leg_40k/cf393_arm6_v2_combab_alignT_cf373k3_best_loss.pth (5195355 bytes)
✓ /root/cf373_runs/arm6_v2_combab_alignT/leg_40k/cf393_arm6_v2_combab_alignT_cf373k3_best_loss_optimizer.pth → /home/jupyter/cf373_sync/b/sync/arm6_v2_combab_alignT/leg_40k/cf393_arm6_v2_combab_alignT_cf373k3_best_loss_optimizer.pth (5793109 bytes)
✓ /root/cf/reports/2026-08-08_rollout_depth/results/queue.log → /home/jupyter/cf373_sync/b/results/queue.log (308 bytes)
✓ /root/cf/reports/2026-08-08_rollout_depth/results/leg_arm6_v2_combab_alignT.log → /home/jupyter/cf373_sync/b/results/leg_arm6_v2_combab_alignT.log (394 bytes)
✓ /root/cf/reports/2026-08-08_rollout_depth/results/run_cf393_arm6_v2_combab_alignT_cf373k3.log → /home/jupyter/cf373_sync/b/results/run_cf393_arm6_v2_combab_alignT_cf373k3.log (5552 bytes)
[08-09 00:40:56] [sync-373] --- sleeping 900s ---
[08-09 00:55:56] [sync-373] tick
✓ /root/cf373_runs/arm6_v2_combab_alignT/leg_40k/cf393_arm6_v2_combab_alignT_cf373k3_losses.csv → /home/jupyter/cf373_sync/b/sync/arm6_v2_combab_alignT/leg_40k/cf393_arm6_v2_combab_alignT_cf373k3_losses.csv (6065823 bytes)
✓ /root/cf373_runs/arm6_v2_combab_alignT/leg_40k/cf393_arm6_v2_combab_alignT_cf373k3_attn_amplitude.csv → /home/jupyter/cf373_sync/b/sync/arm6_v2_combab_alignT/leg_40k/cf393_arm6_v2_combab_alignT_cf373k3_attn_amplitude.csv (49988 bytes)
✓ /root/cf/reports/2026-08-08_rollout_depth/results/run_cf393_arm6_v2_combab_alignT_cf373k3.log → /home/jupyter/cf373_sync/b/results/run_cf393_arm6_v2_combab_alignT_cf373k3.log (23416 bytes)
[08-09 00:56:18] [sync-373] --- sleeping 900s ---
[08-09 01:11:18] [sync-373] tick
✓ /root/cf373_runs/arm6_v2_combab_alignT/leg_40k/cf393_arm6_v2_combab_alignT_cf373k3_losses.csv → /home/jupyter/cf373_sync/b/sync/arm6_v2_combab_alignT/leg_40k/cf393_arm6_v2_combab_alignT_cf373k3_losses.csv (11216887 bytes)
✓ /root/cf373_runs/arm6_v2_combab_alignT/leg_40k/cf393_arm6_v2_combab_alignT_cf373k3_attn_amplitude.csv → /home/jupyter/cf373_sync/b/sync/arm6_v2_combab_alignT/leg_40k/cf393_arm6_v2_combab_alignT_cf373k3_attn_amplitude.csv (93630 bytes)
✓ /root/cf/reports/2026-08-08_rollout_depth/results/run_cf393_arm6_v2_combab_alignT_cf373k3.log → /home/jupyter/cf373_sync/b/results/run_cf393_arm6_v2_combab_alignT_cf373k3.log (36458 bytes)
[08-09 01:11:47] [sync-373] --- sleeping 900s ---
[08-09 01:26:47] [sync-373] tick
✓ /root/cf373_runs/arm6_v2_combab_alignT/leg_40k/cf393_arm6_v2_combab_alignT_cf373k3_losses.csv → /home/jupyter/cf373_sync/b/sync/arm6_v2_combab_alignT/leg_40k/cf393_arm6_v2_combab_alignT_cf373k3_losses.csv (15963095 bytes)
✓ /root/cf373_runs/arm6_v2_combab_alignT/leg_40k/cf393_arm6_v2_combab_alignT_cf373k3_attn_amplitude.csv → /home/jupyter/cf373_sync/b/sync/arm6_v2_combab_alignT/leg_40k/cf393_arm6_v2_combab_alignT_cf373k3_attn_amplitude.csv (133749 bytes)
✓ /root/cf/reports/2026-08-08_rollout_depth/results/leg_arm6_v2_combab_alignT.log → /home/jupyter/cf373_sync/b/results/leg_arm6_v2_combab_alignT.log (728 bytes)
✓ /root/cf/reports/2026-08-08_rollout_depth/results/run_cf393_arm6_v2_combab_alignT_cf373k3.log → /home/jupyter/cf373_sync/b/results/run_cf393_arm6_v2_combab_alignT_cf373k3.log (48713 bytes)
[08-09 01:27:16] [sync-373] --- sleeping 900s ---
[08-09 01:42:16] [sync-373] tick
✓ /root/cf373_runs/arm6_v2_combab_alignT/leg_40k/cf393_arm6_v2_combab_alignT_cf373k3_losses.csv → /home/jupyter/cf373_sync/b/sync/arm6_v2_combab_alignT/leg_40k/cf393_arm6_v2_combab_alignT_cf373k3_losses.csv (19100370 bytes)
✓ /root/cf373_runs/arm6_v2_combab_alignT/leg_40k/cf393_arm6_v2_combab_alignT_cf373k3_latent_drift.csv → /home/jupyter/cf373_sync/b/sync/arm6_v2_combab_alignT/leg_40k/cf393_arm6_v2_combab_alignT_cf373k3_latent_drift.csv (218 bytes)
✓ /root/cf373_runs/arm6_v2_combab_alignT/leg_40k/cf393_arm6_v2_combab_alignT_cf373k3_attn_amplitude.csv → /home/jupyter/cf373_sync/b/sync/arm6_v2_combab_alignT/leg_40k/cf393_arm6_v2_combab_alignT_cf373k3_attn_amplitude.csv (161653 bytes)
✓ /root/cf373_runs/arm6_v2_combab_alignT/leg_40k/cf393_arm6_v2_combab_alignT_cf373k3_20k.pth → /home/jupyter/cf373_sync/b/sync/arm6_v2_combab_alignT/leg_40k/cf393_arm6_v2_combab_alignT_cf373k3_20k.pth (5194659 bytes)
✓ /root/cf373_runs/arm6_v2_combab_alignT/leg_40k/cf393_arm6_v2_combab_alignT_cf373k3_20k_optimizer.pth → /home/jupyter/cf373_sync/b/sync/arm6_v2_combab_alignT/leg_40k/cf393_arm6_v2_combab_alignT_cf373k3_20k_optimizer.pth (5791427 bytes)
✓ /root/cf/reports/2026-08-08_rollout_depth/results/run_cf393_arm6_v2_combab_alignT_cf373k3.log → /home/jupyter/cf373_sync/b/results/run_cf393_arm6_v2_combab_alignT_cf373k3.log (56916 bytes)
[08-09 01:42:58] [sync-373] --- sleeping 900s ---
[08-09 01:57:58] [sync-373] tick
✓ /root/cf373_runs/arm6_v2_combab_alignT/leg_40k/cf393_arm6_v2_combab_alignT_cf373k3_losses.csv → /home/jupyter/cf373_sync/b/sync/arm6_v2_combab_alignT/leg_40k/cf393_arm6_v2_combab_alignT_cf373k3_losses.csv (22344966 bytes)
✓ /root/cf373_runs/arm6_v2_combab_alignT/leg_40k/cf393_arm6_v2_combab_alignT_cf373k3_attn_amplitude.csv → /home/jupyter/cf373_sync/b/sync/arm6_v2_combab_alignT/leg_40k/cf393_arm6_v2_combab_alignT_cf373k3_attn_amplitude.csv (189874 bytes)
✓ /root/cf/reports/2026-08-08_rollout_depth/results/run_cf393_arm6_v2_combab_alignT_cf373k3.log → /home/jupyter/cf373_sync/b/results/run_cf393_arm6_v2_combab_alignT_cf373k3.log (64756 bytes)
[08-09 01:58:41] [sync-373] --- sleeping 900s ---
[08-09 02:13:41] [sync-373] tick
✓ /root/cf373_runs/arm6_v2_combab_alignT/leg_40k/cf393_arm6_v2_combab_alignT_cf373k3_losses.csv → /home/jupyter/cf373_sync/b/sync/arm6_v2_combab_alignT/leg_40k/cf393_arm6_v2_combab_alignT_cf373k3_losses.csv (25537662 bytes)
✓ /root/cf373_runs/arm6_v2_combab_alignT/leg_40k/cf393_arm6_v2_combab_alignT_cf373k3_attn_amplitude.csv → /home/jupyter/cf373_sync/b/sync/arm6_v2_combab_alignT/leg_40k/cf393_arm6_v2_combab_alignT_cf373k3_attn_amplitude.csv (217368 bytes)
✓ /root/cf/reports/2026-08-08_rollout_depth/results/run_cf393_arm6_v2_combab_alignT_cf373k3.log → /home/jupyter/cf373_sync/b/results/run_cf393_arm6_v2_combab_alignT_cf373k3.log (72812 bytes)
[08-09 02:14:08] [sync-373] --- sleeping 900s ---
[08-09 02:29:08] [sync-373] tick
✓ /root/cf373_runs/arm6_v2_combab_alignT/leg_40k/cf393_arm6_v2_combab_alignT_cf373k3_losses.csv → /home/jupyter/cf373_sync/b/sync/arm6_v2_combab_alignT/leg_40k/cf393_arm6_v2_combab_alignT_cf373k3_losses.csv (28464302 bytes)
✓ /root/cf373_runs/arm6_v2_combab_alignT/leg_40k/cf393_arm6_v2_combab_alignT_cf373k3_latent_drift.csv → /home/jupyter/cf373_sync/b/sync/arm6_v2_combab_alignT/leg_40k/cf393_arm6_v2_combab_alignT_cf373k3_latent_drift.csv (510 bytes)
✓ /root/cf373_runs/arm6_v2_combab_alignT/leg_40k/cf393_arm6_v2_combab_alignT_cf373k3_attn_amplitude.csv → /home/jupyter/cf373_sync/b/sync/arm6_v2_combab_alignT/leg_40k/cf393_arm6_v2_combab_alignT_cf373k3_attn_amplitude.csv (243077 bytes)
✓ /root/cf373_runs/arm6_v2_combab_alignT/leg_40k/cf393_arm6_v2_combab_alignT_cf373k3_40k.pth → /home/jupyter/cf373_sync/b/sync/arm6_v2_combab_alignT/leg_40k/cf393_arm6_v2_combab_alignT_cf373k3_40k.pth (5194659 bytes)
✓ /root/cf373_runs/arm6_v2_combab_alignT/leg_40k/cf393_arm6_v2_combab_alignT_cf373k3_40k_optimizer.pth → /home/jupyter/cf373_sync/b/sync/arm6_v2_combab_alignT/leg_40k/cf393_arm6_v2_combab_alignT_cf373k3_40k_optimizer.pth (5791427 bytes)
✓ /root/cf373_runs/arm6_v2_combab_alignT/leg_40k/cf393_arm6_v2_combab_alignT_cf373k3_final.pth → /home/jupyter/cf373_sync/b/sync/arm6_v2_combab_alignT/leg_40k/cf393_arm6_v2_combab_alignT_cf373k3_final.pth (5194891 bytes)
✓ /root/cf373_runs/arm6_v2_combab_alignT/leg_40k/cf393_arm6_v2_combab_alignT_cf373k3_final_optimizer.pth → /home/jupyter/cf373_sync/b/sync/arm6_v2_combab_alignT/leg_40k/cf393_arm6_v2_combab_alignT_cf373k3_final_optimizer.pth (5792009 bytes)
✓ /root/cf/reports/2026-08-08_rollout_depth/results/queue.log → /home/jupyter/cf373_sync/b/results/queue.log (394 bytes)
✓ /root/cf/reports/2026-08-08_rollout_depth/results/leg_arm6_v2_combab_alignT.log → /home/jupyter/cf373_sync/b/results/leg_arm6_v2_combab_alignT.log (888 bytes)
✓ /root/cf/reports/2026-08-08_rollout_depth/results/run_cf393_arm6_v2_combab_alignT_cf373k3.log → /home/jupyter/cf373_sync/b/results/run_cf393_arm6_v2_combab_alignT_cf373k3.log (80413 bytes)
✗ /root/cf/reports/2026-08-08_rollout_depth/results/QUEUE_DONE: empty or missing — destination preserved
  (skip: /root/cf/reports/2026-08-08_rollout_depth/results/QUEUE_DONE did not land)
[08-09 02:30:16] [sync-373] --- sleeping 900s ---
