  [head-train] auto-detected freq_emb_dim=3 from backbone checkpoint
  [head-train] auto-detected seasonality_emb_dim=3 from backbone checkpoint
  [head-train] auto-detected num_encoder_layers=3 from backbone checkpoint
  [head-train] auto-detected qk_norm=True from backbone checkpoint
  [head-train] auto-detected attn_out_norm=True from backbone checkpoint
  [head-train] auto-detected patch_stats=none
Backbone loaded from /tmp/contrastive-forecasting-374/experiments/2026-07-10_split_pred_rep/runs_arm6/bb_lalignmoco_xftrip_nobn_enc3_emateach_sigreg_qk_aon_b512_cpc_arm6_tau090_FINAL.pth (0 params, frozen)
/home/jupyter/.local/lib/python3.10/site-packages/torch/nn/modules/transformer.py:392: UserWarning: enable_nested_tensor is True, but self.use_nested_tensor is False because encoder_layer.norm_first was True
  warnings.warn(
Forecasting head [transformer-q (2L H384 nhead6 causal)]: 3,605,136 trainable params
Optimizer: AdamW lr=0.001 betas=(0.9,0.98) wd=0.1 eps=1e-08
Schedule: cosine warmup=3000 decay_start=24000 final_ratio=0.1
Loss CSV: /tmp/contrastive-forecasting-374/experiments/2026-07-10_split_pred_rep/runs_arm6/qhead_2L_lalignmoco_xftrip_nobn_enc3_emateach_sigreg_qk_aon_b512_cpc_arm6_tau090_losses.csv
Data: MIX 100% HF + 0% synth, hf_bs=256, synth_bs=0, synth_seed=20042, emit_labels=True

Training for 30000 steps, bs=256, lr=0.001, forecast_len=16
RECONSTRUCTION mode: forecaster (head decodes what latent represents, not future)
Checkpoints: /tmp/contrastive-forecasting-374/experiments/2026-07-10_split_pred_rep/runs_arm6/qhead_2L_lalignmoco_xftrip_nobn_enc3_emateach_sigreg_qk_aon_b512_cpc_arm6_tau090_*.pth
[    200] loss=0.320747  ema_loss=0.364501  4.5 sps  ETA 1.8h
  -> New best: /tmp/contrastive-forecasting-374/experiments/2026-07-10_split_pred_rep/runs_arm6/qhead_2L_lalignmoco_xftrip_nobn_enc3_emateach_sigreg_qk_aon_b512_cpc_arm6_tau090_best.pth (ema_loss=0.364501)
[    400] loss=0.274349  ema_loss=0.295213  5.1 sps  ETA 1.6h
  -> New best: /tmp/contrastive-forecasting-374/experiments/2026-07-10_split_pred_rep/runs_arm6/qhead_2L_lalignmoco_xftrip_nobn_enc3_emateach_sigreg_qk_aon_b512_cpc_arm6_tau090_best.pth (ema_loss=0.295213)
[    600] loss=0.256948  ema_loss=0.267791  5.3 sps  ETA 1.5h
  -> New best: /tmp/contrastive-forecasting-374/experiments/2026-07-10_split_pred_rep/runs_arm6/qhead_2L_lalignmoco_xftrip_nobn_enc3_emateach_sigreg_qk_aon_b512_cpc_arm6_tau090_best.pth (ema_loss=0.267791)
[    800] loss=0.238721  ema_loss=0.255828  5.4 sps  ETA 1.5h
  -> New best: /tmp/contrastive-forecasting-374/experiments/2026-07-10_split_pred_rep/runs_arm6/qhead_2L_lalignmoco_xftrip_nobn_enc3_emateach_sigreg_qk_aon_b512_cpc_arm6_tau090_best.pth (ema_loss=0.255828)
[   1000] loss=0.251670  ema_loss=0.249323  5.6 sps  ETA 1.4h
  -> New best: /tmp/contrastive-forecasting-374/experiments/2026-07-10_split_pred_rep/runs_arm6/qhead_2L_lalignmoco_xftrip_nobn_enc3_emateach_sigreg_qk_aon_b512_cpc_arm6_tau090_best.pth (ema_loss=0.249323)
[   1200] loss=0.245295  ema_loss=0.242221  5.6 sps  ETA 1.4h
  -> New best: /tmp/contrastive-forecasting-374/experiments/2026-07-10_split_pred_rep/runs_arm6/qhead_2L_lalignmoco_xftrip_nobn_enc3_emateach_sigreg_qk_aon_b512_cpc_arm6_tau090_best.pth (ema_loss=0.242221)
[   1400] loss=0.233742  ema_loss=0.237676  5.7 sps  ETA 1.4h
  -> New best: /tmp/contrastive-forecasting-374/experiments/2026-07-10_split_pred_rep/runs_arm6/qhead_2L_lalignmoco_xftrip_nobn_enc3_emateach_sigreg_qk_aon_b512_cpc_arm6_tau090_best.pth (ema_loss=0.237676)
[   1600] loss=0.225442  ema_loss=0.232866  5.7 sps  ETA 1.4h
  -> New best: /tmp/contrastive-forecasting-374/experiments/2026-07-10_split_pred_rep/runs_arm6/qhead_2L_lalignmoco_xftrip_nobn_enc3_emateach_sigreg_qk_aon_b512_cpc_arm6_tau090_best.pth (ema_loss=0.232866)
[   1800] loss=0.233155  ema_loss=0.230384  5.7 sps  ETA 1.4h
  -> New best: /tmp/contrastive-forecasting-374/experiments/2026-07-10_split_pred_rep/runs_arm6/qhead_2L_lalignmoco_xftrip_nobn_enc3_emateach_sigreg_qk_aon_b512_cpc_arm6_tau090_best.pth (ema_loss=0.230384)
[   2000] loss=0.222636  ema_loss=0.227033  5.8 sps  ETA 1.4h
  -> New best: /tmp/contrastive-forecasting-374/experiments/2026-07-10_split_pred_rep/runs_arm6/qhead_2L_lalignmoco_xftrip_nobn_enc3_emateach_sigreg_qk_aon_b512_cpc_arm6_tau090_best.pth (ema_loss=0.227033)
[   2200] loss=0.231718  ema_loss=0.225594  5.7 sps  ETA 1.3h
  -> New best: /tmp/contrastive-forecasting-374/experiments/2026-07-10_split_pred_rep/runs_arm6/qhead_2L_lalignmoco_xftrip_nobn_enc3_emateach_sigreg_qk_aon_b512_cpc_arm6_tau090_best.pth (ema_loss=0.225594)
[   2400] loss=0.222224  ema_loss=0.223798  5.7 sps  ETA 1.3h
  -> New best: /tmp/contrastive-forecasting-374/experiments/2026-07-10_split_pred_rep/runs_arm6/qhead_2L_lalignmoco_xftrip_nobn_enc3_emateach_sigreg_qk_aon_b512_cpc_arm6_tau090_best.pth (ema_loss=0.223798)
[   2600] loss=0.210507  ema_loss=0.221702  5.8 sps  ETA 1.3h
  -> New best: /tmp/contrastive-forecasting-374/experiments/2026-07-10_split_pred_rep/runs_arm6/qhead_2L_lalignmoco_xftrip_nobn_enc3_emateach_sigreg_qk_aon_b512_cpc_arm6_tau090_best.pth (ema_loss=0.221702)
[   2800] loss=0.211404  ema_loss=0.220563  5.8 sps  ETA 1.3h
  -> New best: /tmp/contrastive-forecasting-374/experiments/2026-07-10_split_pred_rep/runs_arm6/qhead_2L_lalignmoco_xftrip_nobn_enc3_emateach_sigreg_qk_aon_b512_cpc_arm6_tau090_best.pth (ema_loss=0.220563)
[   3000] loss=0.215138  ema_loss=0.218816  5.8 sps  ETA 1.3h
  -> New best: /tmp/contrastive-forecasting-374/experiments/2026-07-10_split_pred_rep/runs_arm6/qhead_2L_lalignmoco_xftrip_nobn_enc3_emateach_sigreg_qk_aon_b512_cpc_arm6_tau090_best.pth (ema_loss=0.218816)
[   3200] loss=0.210726  ema_loss=0.219418  5.8 sps  ETA 1.3h
[   3400] loss=0.219870  ema_loss=0.217962  5.8 sps  ETA 1.3h
  -> New best: /tmp/contrastive-forecasting-374/experiments/2026-07-10_split_pred_rep/runs_arm6/qhead_2L_lalignmoco_xftrip_nobn_enc3_emateach_sigreg_qk_aon_b512_cpc_arm6_tau090_best.pth (ema_loss=0.217962)
[   3600] loss=0.203081  ema_loss=0.216343  5.8 sps  ETA 1.3h
  -> New best: /tmp/contrastive-forecasting-374/experiments/2026-07-10_split_pred_rep/runs_arm6/qhead_2L_lalignmoco_xftrip_nobn_enc3_emateach_sigreg_qk_aon_b512_cpc_arm6_tau090_best.pth (ema_loss=0.216343)
[   3800] loss=0.211041  ema_loss=0.216524  5.9 sps  ETA 1.2h
[   4000] loss=0.235283  ema_loss=0.215325  5.9 sps  ETA 1.2h
  -> New best: /tmp/contrastive-forecasting-374/experiments/2026-07-10_split_pred_rep/runs_arm6/qhead_2L_lalignmoco_xftrip_nobn_enc3_emateach_sigreg_qk_aon_b512_cpc_arm6_tau090_best.pth (ema_loss=0.215325)
[   4200] loss=0.217493  ema_loss=0.215065  5.9 sps  ETA 1.2h
  -> New best: /tmp/contrastive-forecasting-374/experiments/2026-07-10_split_pred_rep/runs_arm6/qhead_2L_lalignmoco_xftrip_nobn_enc3_emateach_sigreg_qk_aon_b512_cpc_arm6_tau090_best.pth (ema_loss=0.215065)
[   4400] loss=0.212732  ema_loss=0.214886  5.9 sps  ETA 1.2h
  -> New best: /tmp/contrastive-forecasting-374/experiments/2026-07-10_split_pred_rep/runs_arm6/qhead_2L_lalignmoco_xftrip_nobn_enc3_emateach_sigreg_qk_aon_b512_cpc_arm6_tau090_best.pth (ema_loss=0.214886)
[   4600] loss=0.205903  ema_loss=0.214616  5.9 sps  ETA 1.2h
  -> New best: /tmp/contrastive-forecasting-374/experiments/2026-07-10_split_pred_rep/runs_arm6/qhead_2L_lalignmoco_xftrip_nobn_enc3_emateach_sigreg_qk_aon_b512_cpc_arm6_tau090_best.pth (ema_loss=0.214616)
[   4800] loss=0.210821  ema_loss=0.213472  5.9 sps  ETA 1.2h
  -> New best: /tmp/contrastive-forecasting-374/experiments/2026-07-10_split_pred_rep/runs_arm6/qhead_2L_lalignmoco_xftrip_nobn_enc3_emateach_sigreg_qk_aon_b512_cpc_arm6_tau090_best.pth (ema_loss=0.213472)
[   5000] loss=0.215625  ema_loss=0.213956  5.9 sps  ETA 1.2h
[   5200] loss=0.222585  ema_loss=0.213305  5.9 sps  ETA 1.2h
  -> New best: /tmp/contrastive-forecasting-374/experiments/2026-07-10_split_pred_rep/runs_arm6/qhead_2L_lalignmoco_xftrip_nobn_enc3_emateach_sigreg_qk_aon_b512_cpc_arm6_tau090_best.pth (ema_loss=0.213305)
[   5400] loss=0.212144  ema_loss=0.213901  5.9 sps  ETA 1.2h
[   5600] loss=0.206101  ema_loss=0.212790  5.9 sps  ETA 1.2h
  -> New best: /tmp/contrastive-forecasting-374/experiments/2026-07-10_split_pred_rep/runs_arm6/qhead_2L_lalignmoco_xftrip_nobn_enc3_emateach_sigreg_qk_aon_b512_cpc_arm6_tau090_best.pth (ema_loss=0.212790)
[   5800] loss=0.203030  ema_loss=0.212724  5.9 sps  ETA 1.1h
  -> New best: /tmp/contrastive-forecasting-374/experiments/2026-07-10_split_pred_rep/runs_arm6/qhead_2L_lalignmoco_xftrip_nobn_enc3_emateach_sigreg_qk_aon_b512_cpc_arm6_tau090_best.pth (ema_loss=0.212724)
[   6000] loss=0.203735  ema_loss=0.212311  5.9 sps  ETA 1.1h
  -> New best: /tmp/contrastive-forecasting-374/experiments/2026-07-10_split_pred_rep/runs_arm6/qhead_2L_lalignmoco_xftrip_nobn_enc3_emateach_sigreg_qk_aon_b512_cpc_arm6_tau090_best.pth (ema_loss=0.212311)
[   6200] loss=0.206048  ema_loss=0.212287  5.9 sps  ETA 1.1h
  -> New best: /tmp/contrastive-forecasting-374/experiments/2026-07-10_split_pred_rep/runs_arm6/qhead_2L_lalignmoco_xftrip_nobn_enc3_emateach_sigreg_qk_aon_b512_cpc_arm6_tau090_best.pth (ema_loss=0.212287)
[   6400] loss=0.226519  ema_loss=0.211509  5.9 sps  ETA 1.1h
  -> New best: /tmp/contrastive-forecasting-374/experiments/2026-07-10_split_pred_rep/runs_arm6/qhead_2L_lalignmoco_xftrip_nobn_enc3_emateach_sigreg_qk_aon_b512_cpc_arm6_tau090_best.pth (ema_loss=0.211509)
[   6600] loss=0.212058  ema_loss=0.211022  5.9 sps  ETA 1.1h
  -> New best: /tmp/contrastive-forecasting-374/experiments/2026-07-10_split_pred_rep/runs_arm6/qhead_2L_lalignmoco_xftrip_nobn_enc3_emateach_sigreg_qk_aon_b512_cpc_arm6_tau090_best.pth (ema_loss=0.211022)
[   6800] loss=0.222043  ema_loss=0.212233  5.8 sps  ETA 1.1h
[   7000] loss=0.200986  ema_loss=0.211892  5.8 sps  ETA 1.1h
[   7200] loss=0.199476  ema_loss=0.211828  5.8 sps  ETA 1.1h
[   7400] loss=0.213473  ema_loss=0.212160  5.8 sps  ETA 1.1h
[   7600] loss=0.217874  ema_loss=0.211515  5.8 sps  ETA 1.1h
[   7800] loss=0.200476  ema_loss=0.211629  5.8 sps  ETA 1.1h
[   8000] loss=0.207201  ema_loss=0.211344  5.8 sps  ETA 1.0h
[   8200] loss=0.218072  ema_loss=0.211478  5.8 sps  ETA 1.0h
[   8400] loss=0.211533  ema_loss=0.210211  5.8 sps  ETA 1.0h
  -> New best: /tmp/contrastive-forecasting-374/experiments/2026-07-10_split_pred_rep/runs_arm6/qhead_2L_lalignmoco_xftrip_nobn_enc3_emateach_sigreg_qk_aon_b512_cpc_arm6_tau090_best.pth (ema_loss=0.210211)
[   8600] loss=0.215180  ema_loss=0.210804  5.8 sps  ETA 1.0h
[   8800] loss=0.215401  ema_loss=0.211006  5.8 sps  ETA 1.0h
[   9000] loss=0.200431  ema_loss=0.210079  5.8 sps  ETA 1.0h
  -> New best: /tmp/contrastive-forecasting-374/experiments/2026-07-10_split_pred_rep/runs_arm6/qhead_2L_lalignmoco_xftrip_nobn_enc3_emateach_sigreg_qk_aon_b512_cpc_arm6_tau090_best.pth (ema_loss=0.210079)
[   9200] loss=0.191920  ema_loss=0.210302  5.8 sps  ETA 1.0h
[   9400] loss=0.214905  ema_loss=0.211168  5.8 sps  ETA 1.0h
[   9600] loss=0.215650  ema_loss=0.211162  5.8 sps  ETA 1.0h
[   9800] loss=0.220343  ema_loss=0.210757  5.8 sps  ETA 1.0h
[  10000] loss=0.208363  ema_loss=0.210338  5.8 sps  ETA 1.0h
[  10200] loss=0.210423  ema_loss=0.210237  5.8 sps  ETA 0.9h
[  10400] loss=0.216712  ema_loss=0.210113  5.8 sps  ETA 0.9h
[  10600] loss=0.217113  ema_loss=0.209114  5.8 sps  ETA 0.9h
  -> New best: /tmp/contrastive-forecasting-374/experiments/2026-07-10_split_pred_rep/runs_arm6/qhead_2L_lalignmoco_xftrip_nobn_enc3_emateach_sigreg_qk_aon_b512_cpc_arm6_tau090_best.pth (ema_loss=0.209114)
[  10800] loss=0.210308  ema_loss=0.209172  5.8 sps  ETA 0.9h
[  11000] loss=0.207842  ema_loss=0.210315  5.8 sps  ETA 0.9h
[  11200] loss=0.218683  ema_loss=0.209503  5.8 sps  ETA 0.9h
[  11400] loss=0.199647  ema_loss=0.209523  5.8 sps  ETA 0.9h
[  11600] loss=0.196127  ema_loss=0.209290  5.8 sps  ETA 0.9h
[  11800] loss=0.189770  ema_loss=0.210433  5.8 sps  ETA 0.9h
[  12000] loss=0.205769  ema_loss=0.209537  5.8 sps  ETA 0.9h
[  12200] loss=0.210500  ema_loss=0.208437  5.8 sps  ETA 0.9h
  -> New best: /tmp/contrastive-forecasting-374/experiments/2026-07-10_split_pred_rep/runs_arm6/qhead_2L_lalignmoco_xftrip_nobn_enc3_emateach_sigreg_qk_aon_b512_cpc_arm6_tau090_best.pth (ema_loss=0.208437)
[  12400] loss=0.217028  ema_loss=0.209958  5.8 sps  ETA 0.8h
[  12600] loss=0.221119  ema_loss=0.210126  5.8 sps  ETA 0.8h
[  12800] loss=0.201613  ema_loss=0.208722  5.8 sps  ETA 0.8h
[  13000] loss=0.205404  ema_loss=0.208855  5.8 sps  ETA 0.8h
[  13200] loss=0.209701  ema_loss=0.209195  5.8 sps  ETA 0.8h
[  13400] loss=0.219247  ema_loss=0.208892  5.8 sps  ETA 0.8h
[  13600] loss=0.204664  ema_loss=0.209545  5.8 sps  ETA 0.8h
[  13800] loss=0.215905  ema_loss=0.208859  5.8 sps  ETA 0.8h
[  14000] loss=0.223957  ema_loss=0.210262  5.8 sps  ETA 0.8h
[  14200] loss=0.207144  ema_loss=0.208693  5.8 sps  ETA 0.8h
[  14400] loss=0.205186  ema_loss=0.208969  5.8 sps  ETA 0.8h
[  14600] loss=0.204146  ema_loss=0.208138  5.8 sps  ETA 0.7h
  -> New best: /tmp/contrastive-forecasting-374/experiments/2026-07-10_split_pred_rep/runs_arm6/qhead_2L_lalignmoco_xftrip_nobn_enc3_emateach_sigreg_qk_aon_b512_cpc_arm6_tau090_best.pth (ema_loss=0.208138)
[  14800] loss=0.217950  ema_loss=0.209255  5.8 sps  ETA 0.7h
[  15000] loss=0.213307  ema_loss=0.209116  5.8 sps  ETA 0.7h
[  15200] loss=0.200392  ema_loss=0.208405  5.8 sps  ETA 0.7h
[  15400] loss=0.209681  ema_loss=0.209026  5.8 sps  ETA 0.7h
[  15600] loss=0.214734  ema_loss=0.207699  5.8 sps  ETA 0.7h
  -> New best: /tmp/contrastive-forecasting-374/experiments/2026-07-10_split_pred_rep/runs_arm6/qhead_2L_lalignmoco_xftrip_nobn_enc3_emateach_sigreg_qk_aon_b512_cpc_arm6_tau090_best.pth (ema_loss=0.207699)
[  15800] loss=0.207057  ema_loss=0.208656  5.7 sps  ETA 0.7h
[  16000] loss=0.219292  ema_loss=0.209079  5.7 sps  ETA 0.7h
[  16200] loss=0.212152  ema_loss=0.208516  5.8 sps  ETA 0.7h
[  16400] loss=0.195377  ema_loss=0.208125  5.7 sps  ETA 0.7h
[  16600] loss=0.209848  ema_loss=0.208990  5.7 sps  ETA 0.6h
[  16800] loss=0.194277  ema_loss=0.208707  5.7 sps  ETA 0.6h
[  17000] loss=0.193693  ema_loss=0.207525  5.7 sps  ETA 0.6h
  -> New best: /tmp/contrastive-forecasting-374/experiments/2026-07-10_split_pred_rep/runs_arm6/qhead_2L_lalignmoco_xftrip_nobn_enc3_emateach_sigreg_qk_aon_b512_cpc_arm6_tau090_best.pth (ema_loss=0.207525)
[  17200] loss=0.216104  ema_loss=0.209016  5.7 sps  ETA 0.6h
[  17400] loss=0.205201  ema_loss=0.208624  5.7 sps  ETA 0.6h
[  17600] loss=0.218833  ema_loss=0.210567  5.7 sps  ETA 0.6h
[  17800] loss=0.188537  ema_loss=0.208334  5.7 sps  ETA 0.6h
[  18000] loss=0.216965  ema_loss=0.208437  5.7 sps  ETA 0.6h
[  18200] loss=0.199953  ema_loss=0.208071  5.7 sps  ETA 0.6h
[  18400] loss=0.212958  ema_loss=0.207786  5.7 sps  ETA 0.6h
[  18600] loss=0.182363  ema_loss=0.207307  5.7 sps  ETA 0.6h
  -> New best: /tmp/contrastive-forecasting-374/experiments/2026-07-10_split_pred_rep/runs_arm6/qhead_2L_lalignmoco_xftrip_nobn_enc3_emateach_sigreg_qk_aon_b512_cpc_arm6_tau090_best.pth (ema_loss=0.207307)
[  18800] loss=0.201746  ema_loss=0.207226  5.7 sps  ETA 0.5h
  -> New best: /tmp/contrastive-forecasting-374/experiments/2026-07-10_split_pred_rep/runs_arm6/qhead_2L_lalignmoco_xftrip_nobn_enc3_emateach_sigreg_qk_aon_b512_cpc_arm6_tau090_best.pth (ema_loss=0.207226)
[  19000] loss=0.218401  ema_loss=0.208616  5.7 sps  ETA 0.5h
[  19200] loss=0.198165  ema_loss=0.208084  5.7 sps  ETA 0.5h
[  19400] loss=0.208843  ema_loss=0.208183  5.7 sps  ETA 0.5h
[  19600] loss=0.206941  ema_loss=0.208114  5.7 sps  ETA 0.5h
[  19800] loss=0.212402  ema_loss=0.207948  5.7 sps  ETA 0.5h
[  20000] loss=0.207092  ema_loss=0.208245  5.7 sps  ETA 0.5h
[  20200] loss=0.207992  ema_loss=0.208115  5.7 sps  ETA 0.5h
[  20400] loss=0.204106  ema_loss=0.206771  5.7 sps  ETA 0.5h
  -> New best: /tmp/contrastive-forecasting-374/experiments/2026-07-10_split_pred_rep/runs_arm6/qhead_2L_lalignmoco_xftrip_nobn_enc3_emateach_sigreg_qk_aon_b512_cpc_arm6_tau090_best.pth (ema_loss=0.206771)
[  20600] loss=0.218456  ema_loss=0.207638  5.7 sps  ETA 0.5h
[  20800] loss=0.200256  ema_loss=0.207532  5.7 sps  ETA 0.4h
[  21000] loss=0.218356  ema_loss=0.208201  5.7 sps  ETA 0.4h
[  21200] loss=0.204694  ema_loss=0.207269  5.7 sps  ETA 0.4h
[  21400] loss=0.194671  ema_loss=0.208033  5.7 sps  ETA 0.4h
[  21600] loss=0.209213  ema_loss=0.207684  5.7 sps  ETA 0.4h
[  21800] loss=0.201133  ema_loss=0.207043  5.7 sps  ETA 0.4h
[  22000] loss=0.214957  ema_loss=0.207914  5.7 sps  ETA 0.4h
[  22200] loss=0.211902  ema_loss=0.207226  5.7 sps  ETA 0.4h
[  22400] loss=0.212272  ema_loss=0.206976  5.7 sps  ETA 0.4h
[  22600] loss=0.219671  ema_loss=0.207723  5.7 sps  ETA 0.4h
[  22800] loss=0.205982  ema_loss=0.207816  5.7 sps  ETA 0.4h
[  23000] loss=0.208518  ema_loss=0.207748  5.7 sps  ETA 0.3h
[  23200] loss=0.217431  ema_loss=0.207135  5.7 sps  ETA 0.3h
[  23400] loss=0.218035  ema_loss=0.207432  5.7 sps  ETA 0.3h
[  23600] loss=0.194016  ema_loss=0.206492  5.7 sps  ETA 0.3h
  -> New best: /tmp/contrastive-forecasting-374/experiments/2026-07-10_split_pred_rep/runs_arm6/qhead_2L_lalignmoco_xftrip_nobn_enc3_emateach_sigreg_qk_aon_b512_cpc_arm6_tau090_best.pth (ema_loss=0.206492)
[  23800] loss=0.206253  ema_loss=0.206959  5.7 sps  ETA 0.3h
[  24000] loss=0.211426  ema_loss=0.207354  5.7 sps  ETA 0.3h
[  24200] loss=0.200433  ema_loss=0.206847  5.7 sps  ETA 0.3h
[  24400] loss=0.215568  ema_loss=0.207674  5.7 sps  ETA 0.3h
[  24600] loss=0.211007  ema_loss=0.207950  5.7 sps  ETA 0.3h
[  24800] loss=0.215917  ema_loss=0.207186  5.7 sps  ETA 0.3h
[  25000] loss=0.190922  ema_loss=0.207757  5.7 sps  ETA 0.2h
[  25200] loss=0.209817  ema_loss=0.206588  5.7 sps  ETA 0.2h
[  25400] loss=0.220827  ema_loss=0.207804  5.7 sps  ETA 0.2h
[  25600] loss=0.204338  ema_loss=0.207062  5.7 sps  ETA 0.2h
[  25800] loss=0.211366  ema_loss=0.206205  5.7 sps  ETA 0.2h
  -> New best: /tmp/contrastive-forecasting-374/experiments/2026-07-10_split_pred_rep/runs_arm6/qhead_2L_lalignmoco_xftrip_nobn_enc3_emateach_sigreg_qk_aon_b512_cpc_arm6_tau090_best.pth (ema_loss=0.206205)
[  26000] loss=0.206418  ema_loss=0.206894  5.7 sps  ETA 0.2h
[  26200] loss=0.204338  ema_loss=0.206387  5.7 sps  ETA 0.2h
[  26400] loss=0.203541  ema_loss=0.207309  5.7 sps  ETA 0.2h
[  26600] loss=0.210105  ema_loss=0.206978  5.7 sps  ETA 0.2h
[  26800] loss=0.207025  ema_loss=0.206135  5.7 sps  ETA 0.2h
  -> New best: /tmp/contrastive-forecasting-374/experiments/2026-07-10_split_pred_rep/runs_arm6/qhead_2L_lalignmoco_xftrip_nobn_enc3_emateach_sigreg_qk_aon_b512_cpc_arm6_tau090_best.pth (ema_loss=0.206135)
[  27000] loss=0.216434  ema_loss=0.207408  5.7 sps  ETA 0.1h
[  27200] loss=0.208627  ema_loss=0.208078  5.7 sps  ETA 0.1h
[  27400] loss=0.222918  ema_loss=0.207402  5.7 sps  ETA 0.1h
[  27600] loss=0.218883  ema_loss=0.207360  5.7 sps  ETA 0.1h
[  27800] loss=0.212301  ema_loss=0.207189  5.7 sps  ETA 0.1h
[  28000] loss=0.213479  ema_loss=0.207072  5.7 sps  ETA 0.1h
[  28200] loss=0.206093  ema_loss=0.207339  5.7 sps  ETA 0.1h
[  28400] loss=0.217948  ema_loss=0.206549  5.7 sps  ETA 0.1h
[  28600] loss=0.199623  ema_loss=0.206343  5.7 sps  ETA 0.1h
[  28800] loss=0.204292  ema_loss=0.207074  5.7 sps  ETA 0.1h
[  29000] loss=0.200953  ema_loss=0.207642  5.7 sps  ETA 0.0h
[  29200] loss=0.204818  ema_loss=0.206868  5.7 sps  ETA 0.0h
[  29400] loss=0.220462  ema_loss=0.207457  5.7 sps  ETA 0.0h
[  29600] loss=0.205800  ema_loss=0.207582  5.7 sps  ETA 0.0h
[  29800] loss=0.204903  ema_loss=0.206978  5.7 sps  ETA 0.0h
[  30000] loss=0.197947  ema_loss=0.206008  5.7 sps  ETA 0.0h
  -> New best: /tmp/contrastive-forecasting-374/experiments/2026-07-10_split_pred_rep/runs_arm6/qhead_2L_lalignmoco_xftrip_nobn_enc3_emateach_sigreg_qk_aon_b512_cpc_arm6_tau090_best.pth (ema_loss=0.206008)

Done in 1.5h. Best loss=0.206008 at step 30000
