  [head-train] auto-detected freq_emb_dim=3 from backbone checkpoint
  [head-train] auto-detected seasonality_emb_dim=3 from backbone checkpoint
  [head-train] auto-detected num_encoder_layers=3 from backbone checkpoint
  [head-train] auto-detected qk_norm=True from backbone checkpoint
  [head-train] auto-detected attn_out_norm=True from backbone checkpoint
  [head-train] auto-detected patch_stats=none
Backbone loaded from /tmp/contrastive-forecasting-355/reports/2026-06-20_lejepa_sigreg/runs/bb_allt08_xftrip_nobn_enc3_emateach_sigreg_qk_aon_b512_cpc_final.pth (0 params, frozen)
/home/jupyter/.local/lib/python3.10/site-packages/torch/nn/modules/transformer.py:392: UserWarning: enable_nested_tensor is True, but self.use_nested_tensor is False because encoder_layer.norm_first was True
  warnings.warn(
Forecasting head [transformer-q (6L H384 nhead6 causal)]: 10,702,992 trainable params
Optimizer: AdamW lr=0.001 betas=(0.9,0.98) wd=0.1 eps=1e-08
Schedule: cosine warmup=1000 decay_start=8000 final_ratio=0.1
Loaded head weights from /tmp/contrastive-forecasting-355/reports/2026-06-20_lejepa_sigreg/runs/qhead_6L_allt08_xftrip_nobn_enc3_emateach_sigreg_qk_aon_b512_cpc_FINAL.pth (no optimizer state)
Loss CSV: /tmp/contrastive-forecasting-355/reports/2026-06-20_lejepa_sigreg/runs/qhead_6L_allt08_xftrip_nobn_enc3_emateach_sigreg_qk_aon_b512_cpc_last_losses.csv
Data: MIX 100% HF + 0% synth, hf_bs=256, synth_bs=0, synth_seed=20042, emit_labels=True

Training for 10000 steps, bs=256, lr=0.001, forecast_len=16
RECONSTRUCTION mode: forecaster (head decodes what latent represents, not future)
Checkpoints: /tmp/contrastive-forecasting-355/reports/2026-06-20_lejepa_sigreg/runs/qhead_6L_allt08_xftrip_nobn_enc3_emateach_sigreg_qk_aon_b512_cpc_last_*.pth
[    200] loss=0.209358  ema_loss=0.232199  3.9 sps  ETA 0.7h
  -> New best: /tmp/contrastive-forecasting-355/reports/2026-06-20_lejepa_sigreg/runs/qhead_6L_allt08_xftrip_nobn_enc3_emateach_sigreg_qk_aon_b512_cpc_last_best.pth (ema_loss=0.232199)
[    400] loss=0.206756  ema_loss=0.209163  4.1 sps  ETA 0.6h
  -> New best: /tmp/contrastive-forecasting-355/reports/2026-06-20_lejepa_sigreg/runs/qhead_6L_allt08_xftrip_nobn_enc3_emateach_sigreg_qk_aon_b512_cpc_last_best.pth (ema_loss=0.209163)
[    600] loss=0.203604  ema_loss=0.204734  4.2 sps  ETA 0.6h
  -> New best: /tmp/contrastive-forecasting-355/reports/2026-06-20_lejepa_sigreg/runs/qhead_6L_allt08_xftrip_nobn_enc3_emateach_sigreg_qk_aon_b512_cpc_last_best.pth (ema_loss=0.204734)
[    800] loss=0.189634  ema_loss=0.202510  4.2 sps  ETA 0.6h
  -> New best: /tmp/contrastive-forecasting-355/reports/2026-06-20_lejepa_sigreg/runs/qhead_6L_allt08_xftrip_nobn_enc3_emateach_sigreg_qk_aon_b512_cpc_last_best.pth (ema_loss=0.202510)
[   1000] loss=0.206315  ema_loss=0.202400  4.3 sps  ETA 0.6h
  -> New best: /tmp/contrastive-forecasting-355/reports/2026-06-20_lejepa_sigreg/runs/qhead_6L_allt08_xftrip_nobn_enc3_emateach_sigreg_qk_aon_b512_cpc_last_best.pth (ema_loss=0.202400)
[   1200] loss=0.199501  ema_loss=0.200374  4.3 sps  ETA 0.6h
  -> New best: /tmp/contrastive-forecasting-355/reports/2026-06-20_lejepa_sigreg/runs/qhead_6L_allt08_xftrip_nobn_enc3_emateach_sigreg_qk_aon_b512_cpc_last_best.pth (ema_loss=0.200374)
[   1400] loss=0.195506  ema_loss=0.200379  4.3 sps  ETA 0.6h
[   1600] loss=0.189669  ema_loss=0.199114  4.3 sps  ETA 0.5h
  -> New best: /tmp/contrastive-forecasting-355/reports/2026-06-20_lejepa_sigreg/runs/qhead_6L_allt08_xftrip_nobn_enc3_emateach_sigreg_qk_aon_b512_cpc_last_best.pth (ema_loss=0.199114)
[   1800] loss=0.209322  ema_loss=0.200078  4.3 sps  ETA 0.5h
[   2000] loss=0.194372  ema_loss=0.199453  4.3 sps  ETA 0.5h
[   2200] loss=0.207722  ema_loss=0.199873  4.3 sps  ETA 0.5h
[   2400] loss=0.198995  ema_loss=0.199444  4.3 sps  ETA 0.5h
[   2600] loss=0.187275  ema_loss=0.198540  4.3 sps  ETA 0.5h
  -> New best: /tmp/contrastive-forecasting-355/reports/2026-06-20_lejepa_sigreg/runs/qhead_6L_allt08_xftrip_nobn_enc3_emateach_sigreg_qk_aon_b512_cpc_last_best.pth (ema_loss=0.198540)
[   2800] loss=0.188390  ema_loss=0.198682  4.3 sps  ETA 0.5h
[   3000] loss=0.194586  ema_loss=0.197924  4.3 sps  ETA 0.4h
  -> New best: /tmp/contrastive-forecasting-355/reports/2026-06-20_lejepa_sigreg/runs/qhead_6L_allt08_xftrip_nobn_enc3_emateach_sigreg_qk_aon_b512_cpc_last_best.pth (ema_loss=0.197924)
[   3200] loss=0.190755  ema_loss=0.199197  4.3 sps  ETA 0.4h
[   3400] loss=0.200636  ema_loss=0.198252  4.3 sps  ETA 0.4h
[   3600] loss=0.183724  ema_loss=0.197422  4.3 sps  ETA 0.4h
  -> New best: /tmp/contrastive-forecasting-355/reports/2026-06-20_lejepa_sigreg/runs/qhead_6L_allt08_xftrip_nobn_enc3_emateach_sigreg_qk_aon_b512_cpc_last_best.pth (ema_loss=0.197422)
[   3800] loss=0.192252  ema_loss=0.198118  4.3 sps  ETA 0.4h
[   4000] loss=0.218267  ema_loss=0.197403  4.3 sps  ETA 0.4h
  -> New best: /tmp/contrastive-forecasting-355/reports/2026-06-20_lejepa_sigreg/runs/qhead_6L_allt08_xftrip_nobn_enc3_emateach_sigreg_qk_aon_b512_cpc_last_best.pth (ema_loss=0.197403)
[   4200] loss=0.197567  ema_loss=0.197652  4.4 sps  ETA 0.4h
[   4400] loss=0.195138  ema_loss=0.197731  4.3 sps  ETA 0.4h
[   4600] loss=0.189133  ema_loss=0.197662  4.4 sps  ETA 0.3h
[   4800] loss=0.194979  ema_loss=0.196965  4.4 sps  ETA 0.3h
  -> New best: /tmp/contrastive-forecasting-355/reports/2026-06-20_lejepa_sigreg/runs/qhead_6L_allt08_xftrip_nobn_enc3_emateach_sigreg_qk_aon_b512_cpc_last_best.pth (ema_loss=0.196965)
[   5000] loss=0.198967  ema_loss=0.197554  4.4 sps  ETA 0.3h
[   5200] loss=0.207921  ema_loss=0.197100  4.4 sps  ETA 0.3h
[   5400] loss=0.196886  ema_loss=0.197907  4.4 sps  ETA 0.3h
[   5600] loss=0.187859  ema_loss=0.196715  4.4 sps  ETA 0.3h
  -> New best: /tmp/contrastive-forecasting-355/reports/2026-06-20_lejepa_sigreg/runs/qhead_6L_allt08_xftrip_nobn_enc3_emateach_sigreg_qk_aon_b512_cpc_last_best.pth (ema_loss=0.196715)
[   5800] loss=0.187051  ema_loss=0.196855  4.4 sps  ETA 0.3h
[   6000] loss=0.189054  ema_loss=0.196560  4.4 sps  ETA 0.3h
  -> New best: /tmp/contrastive-forecasting-355/reports/2026-06-20_lejepa_sigreg/runs/qhead_6L_allt08_xftrip_nobn_enc3_emateach_sigreg_qk_aon_b512_cpc_last_best.pth (ema_loss=0.196560)
[   6200] loss=0.189496  ema_loss=0.196623  4.4 sps  ETA 0.2h
[   6400] loss=0.213182  ema_loss=0.195860  4.4 sps  ETA 0.2h
  -> New best: /tmp/contrastive-forecasting-355/reports/2026-06-20_lejepa_sigreg/runs/qhead_6L_allt08_xftrip_nobn_enc3_emateach_sigreg_qk_aon_b512_cpc_last_best.pth (ema_loss=0.195860)
[   6600] loss=0.196006  ema_loss=0.195555  4.4 sps  ETA 0.2h
  -> New best: /tmp/contrastive-forecasting-355/reports/2026-06-20_lejepa_sigreg/runs/qhead_6L_allt08_xftrip_nobn_enc3_emateach_sigreg_qk_aon_b512_cpc_last_best.pth (ema_loss=0.195555)
[   6800] loss=0.206402  ema_loss=0.196886  4.4 sps  ETA 0.2h
[   7000] loss=0.183047  ema_loss=0.196569  4.4 sps  ETA 0.2h
[   7200] loss=0.182441  ema_loss=0.196372  4.4 sps  ETA 0.2h
[   7400] loss=0.197979  ema_loss=0.197171  4.4 sps  ETA 0.2h
[   7600] loss=0.201870  ema_loss=0.196469  4.4 sps  ETA 0.2h
[   7800] loss=0.187277  ema_loss=0.196398  4.4 sps  ETA 0.1h
[   8000] loss=0.190724  ema_loss=0.196120  4.4 sps  ETA 0.1h
[   8200] loss=0.204594  ema_loss=0.196224  4.4 sps  ETA 0.1h
[   8400] loss=0.196738  ema_loss=0.195114  4.4 sps  ETA 0.1h
  -> New best: /tmp/contrastive-forecasting-355/reports/2026-06-20_lejepa_sigreg/runs/qhead_6L_allt08_xftrip_nobn_enc3_emateach_sigreg_qk_aon_b512_cpc_last_best.pth (ema_loss=0.195114)
[   8600] loss=0.201507  ema_loss=0.195692  4.4 sps  ETA 0.1h
[   8800] loss=0.199631  ema_loss=0.195986  4.4 sps  ETA 0.1h
[   9000] loss=0.185936  ema_loss=0.195188  4.4 sps  ETA 0.1h
[   9200] loss=0.176129  ema_loss=0.195430  4.4 sps  ETA 0.1h
[   9400] loss=0.200351  ema_loss=0.196384  4.4 sps  ETA 0.0h
[   9600] loss=0.200700  ema_loss=0.196419  4.4 sps  ETA 0.0h
[   9800] loss=0.206772  ema_loss=0.196142  4.4 sps  ETA 0.0h
[  10000] loss=0.193562  ema_loss=0.195767  4.4 sps  ETA 0.0h

Done in 0.6h. Best loss=0.195114 at step 8400
