[07-14 03:46:24] [elisa-bimoco] BB START (bimoco: split_pred_rep + moco-negatives + moco-rep-keys) gpu=1 steps=12500 bs=512 
[07-14 03:46:33] [elisa-bimoco] BB train exited rc=1 — NOT creating FINAL. tail:   File "/tmp/contrastive-forecasting-374/src/loss.py", line 2413, in contrastive_latent_loss     raise ValueError( ValueError: moco_rep_keys requires an EMA teacher (pass teacher_original_latent, i.e. --ema-embedding / --ema-encoder at training time). 
[07-14 03:47:46] [elisa-bimoco] BB START (bimoco: split_pred_rep + moco-negatives + moco-rep-keys) gpu=1 steps=12500 bs=512 
[07-14 09:03:14] [elisa-bimoco] BB DONE -> bb_split_pred_rep_bimoco_xftrip_nobn_enc3_emateach_sigreg_qk_aon_b512_cpc_tau090_FINAL.pth (87M)
[07-14 09:03:14] [elisa-bimoco] downstream start: 2L on GPU 0 + 6L on GPU 1 (parallel)
[07-14 09:03:14] [elisa-bimoco] downstream PIDs: 2L=1277082  6L=1277083
[07-14 09:03:14] [elisa-bimoco] QH qhead_2L_split_pred_rep_bimoco_xftrip_nobn_enc3_emateach_sigreg_qk_aon_b512_cpc_tau090 train 30000 on bb_split_pred_rep_bimoco_xftrip_nobn_enc3_emateach_sigreg_qk_aon_b512_cpc_tau090_FINAL.pth (gpu 0)
[07-14 09:03:14] [elisa-bimoco] QH qhead_6L_split_pred_rep_bimoco_xftrip_nobn_enc3_emateach_sigreg_qk_aon_b512_cpc_tau090 train 30000 on bb_split_pred_rep_bimoco_xftrip_nobn_enc3_emateach_sigreg_qk_aon_b512_cpc_tau090_FINAL.pth (gpu 1)
[07-14 10:29:27] [elisa-bimoco] QH qhead_2L_split_pred_rep_bimoco_xftrip_nobn_enc3_emateach_sigreg_qk_aon_b512_cpc_tau090 done
[07-14 10:29:27] [elisa-bimoco] EVAL split_pred_rep_bimoco_xftrip_nobn_enc3_emateach_sigreg_qk_aon_b512_cpc_tau090 2L full-97 start (gpu 0)
[07-14 10:59:34] [elisa-bimoco] QH qhead_6L_split_pred_rep_bimoco_xftrip_nobn_enc3_emateach_sigreg_qk_aon_b512_cpc_tau090 done
[07-14 10:59:34] [elisa-bimoco] EVAL split_pred_rep_bimoco_xftrip_nobn_enc3_emateach_sigreg_qk_aon_b512_cpc_tau090 6L full-97 start (gpu 1)
[07-14 13:48:33] [elisa-bimoco] EVAL split_pred_rep_bimoco_xftrip_nobn_enc3_emateach_sigreg_qk_aon_b512_cpc_tau090 2L done GM=1.1486
[07-14 13:48:33] [elisa-bimoco] QH qhead_2L_split_pred_rep_bimoco_xftrip_nobn_enc3_emateach_sigreg_qk_aon_b512_cpc_tau090_last train 10000 on bb_split_pred_rep_bimoco_xftrip_nobn_enc3_emateach_sigreg_qk_aon_b512_cpc_tau090_final.pth (gpu 0)
[07-14 14:17:55] [elisa-bimoco] QH qhead_2L_split_pred_rep_bimoco_xftrip_nobn_enc3_emateach_sigreg_qk_aon_b512_cpc_tau090_last done
[07-14 14:17:55] [elisa-bimoco] EVAL split_pred_rep_bimoco_xftrip_nobn_enc3_emateach_sigreg_qk_aon_b512_cpc_tau090_last 2L full-97 start (gpu 0)
[07-14 14:22:59] [elisa-bimoco] EVAL split_pred_rep_bimoco_xftrip_nobn_enc3_emateach_sigreg_qk_aon_b512_cpc_tau090 6L done GM=1.1413
[07-14 14:22:59] [elisa-bimoco] QH qhead_6L_split_pred_rep_bimoco_xftrip_nobn_enc3_emateach_sigreg_qk_aon_b512_cpc_tau090_last train 10000 on bb_split_pred_rep_bimoco_xftrip_nobn_enc3_emateach_sigreg_qk_aon_b512_cpc_tau090_final.pth (gpu 1)
[07-14 15:01:34] [elisa-bimoco] QH qhead_6L_split_pred_rep_bimoco_xftrip_nobn_enc3_emateach_sigreg_qk_aon_b512_cpc_tau090_last done
[07-14 15:01:34] [elisa-bimoco] EVAL split_pred_rep_bimoco_xftrip_nobn_enc3_emateach_sigreg_qk_aon_b512_cpc_tau090_last 6L full-97 start (gpu 1)
[07-14 17:35:40] [elisa-bimoco] EVAL split_pred_rep_bimoco_xftrip_nobn_enc3_emateach_sigreg_qk_aon_b512_cpc_tau090_last 2L done GM=1.1569
[07-14 18:26:10] [elisa-bimoco] EVAL split_pred_rep_bimoco_xftrip_nobn_enc3_emateach_sigreg_qk_aon_b512_cpc_tau090_last 6L done GM=1.1417
[07-14 18:26:10] [elisa-bimoco] arm bimoco complete: 2L failed-cells=0  6L failed-cells=0
