  [head-train] auto-detected freq_emb_dim=3 from backbone checkpoint
  [head-train] auto-detected seasonality_emb_dim=3 from backbone checkpoint
  [head-train] auto-detected num_encoder_layers=3 from backbone checkpoint
  [head-train] auto-detected qk_norm=True from backbone checkpoint
  [head-train] auto-detected attn_out_norm=True from backbone checkpoint
  [head-train] auto-detected patch_stats=none
Backbone loaded from /tmp/contrastive-forecasting-374/experiments/2026-07-10_split_pred_rep/runs_bimoco/bb_split_pred_rep_bimoco_xftrip_nobn_enc3_emateach_sigreg_qk_aon_b512_cpc_tau090_final.pth (0 params, frozen)
/home/jupyter/.local/lib/python3.10/site-packages/torch/nn/modules/transformer.py:392: UserWarning: enable_nested_tensor is True, but self.use_nested_tensor is False because encoder_layer.norm_first was True
  warnings.warn(
Forecasting head [transformer-q (2L H384 nhead6 causal)]: 3,605,136 trainable params
Optimizer: AdamW lr=0.001 betas=(0.9,0.98) wd=0.1 eps=1e-08
Schedule: cosine warmup=1000 decay_start=8000 final_ratio=0.1
Loaded head weights from /tmp/contrastive-forecasting-374/experiments/2026-07-10_split_pred_rep/runs_bimoco/qhead_2L_split_pred_rep_bimoco_xftrip_nobn_enc3_emateach_sigreg_qk_aon_b512_cpc_tau090_FINAL.pth (no optimizer state)
Loss CSV: /tmp/contrastive-forecasting-374/experiments/2026-07-10_split_pred_rep/runs_bimoco/qhead_2L_split_pred_rep_bimoco_xftrip_nobn_enc3_emateach_sigreg_qk_aon_b512_cpc_tau090_last_losses.csv
Data: MIX 100% HF + 0% synth, hf_bs=256, synth_bs=0, synth_seed=20042, emit_labels=True

Training for 10000 steps, bs=256, lr=0.001, forecast_len=16
RECONSTRUCTION mode: forecaster (head decodes what latent represents, not future)
Checkpoints: /tmp/contrastive-forecasting-374/experiments/2026-07-10_split_pred_rep/runs_bimoco/qhead_2L_split_pred_rep_bimoco_xftrip_nobn_enc3_emateach_sigreg_qk_aon_b512_cpc_tau090_last_*.pth
[    200] loss=0.209640  ema_loss=0.223476  5.1 sps  ETA 0.5h
  -> New best: /tmp/contrastive-forecasting-374/experiments/2026-07-10_split_pred_rep/runs_bimoco/qhead_2L_split_pred_rep_bimoco_xftrip_nobn_enc3_emateach_sigreg_qk_aon_b512_cpc_tau090_last_best.pth (ema_loss=0.223476)
[    400] loss=0.208475  ema_loss=0.209408  5.4 sps  ETA 0.5h
  -> New best: /tmp/contrastive-forecasting-374/experiments/2026-07-10_split_pred_rep/runs_bimoco/qhead_2L_split_pred_rep_bimoco_xftrip_nobn_enc3_emateach_sigreg_qk_aon_b512_cpc_tau090_last_best.pth (ema_loss=0.209408)
[    600] loss=0.206108  ema_loss=0.206854  5.5 sps  ETA 0.5h
  -> New best: /tmp/contrastive-forecasting-374/experiments/2026-07-10_split_pred_rep/runs_bimoco/qhead_2L_split_pred_rep_bimoco_xftrip_nobn_enc3_emateach_sigreg_qk_aon_b512_cpc_tau090_last_best.pth (ema_loss=0.206854)
[    800] loss=0.193079  ema_loss=0.205501  5.5 sps  ETA 0.5h
  -> New best: /tmp/contrastive-forecasting-374/experiments/2026-07-10_split_pred_rep/runs_bimoco/qhead_2L_split_pred_rep_bimoco_xftrip_nobn_enc3_emateach_sigreg_qk_aon_b512_cpc_tau090_last_best.pth (ema_loss=0.205501)
[   1000] loss=0.209980  ema_loss=0.205955  5.6 sps  ETA 0.4h
[   1200] loss=0.204013  ema_loss=0.204351  5.6 sps  ETA 0.4h
  -> New best: /tmp/contrastive-forecasting-374/experiments/2026-07-10_split_pred_rep/runs_bimoco/qhead_2L_split_pred_rep_bimoco_xftrip_nobn_enc3_emateach_sigreg_qk_aon_b512_cpc_tau090_last_best.pth (ema_loss=0.204351)
[   1400] loss=0.200313  ema_loss=0.204719  5.6 sps  ETA 0.4h
[   1600] loss=0.195084  ema_loss=0.203703  5.6 sps  ETA 0.4h
  -> New best: /tmp/contrastive-forecasting-374/experiments/2026-07-10_split_pred_rep/runs_bimoco/qhead_2L_split_pred_rep_bimoco_xftrip_nobn_enc3_emateach_sigreg_qk_aon_b512_cpc_tau090_last_best.pth (ema_loss=0.203703)
[   1800] loss=0.213541  ema_loss=0.204833  5.6 sps  ETA 0.4h
[   2000] loss=0.199245  ema_loss=0.204266  5.6 sps  ETA 0.4h
[   2200] loss=0.212822  ema_loss=0.204852  5.6 sps  ETA 0.4h
[   2400] loss=0.203380  ema_loss=0.204525  5.6 sps  ETA 0.4h
[   2600] loss=0.192984  ema_loss=0.203745  5.6 sps  ETA 0.4h
[   2800] loss=0.193432  ema_loss=0.203904  5.7 sps  ETA 0.4h
[   3000] loss=0.200028  ema_loss=0.203227  5.6 sps  ETA 0.3h
  -> New best: /tmp/contrastive-forecasting-374/experiments/2026-07-10_split_pred_rep/runs_bimoco/qhead_2L_split_pred_rep_bimoco_xftrip_nobn_enc3_emateach_sigreg_qk_aon_b512_cpc_tau090_last_best.pth (ema_loss=0.203227)
[   3200] loss=0.196582  ema_loss=0.204593  5.7 sps  ETA 0.3h
[   3400] loss=0.205995  ema_loss=0.203836  5.7 sps  ETA 0.3h
[   3600] loss=0.190102  ema_loss=0.203028  5.7 sps  ETA 0.3h
  -> New best: /tmp/contrastive-forecasting-374/experiments/2026-07-10_split_pred_rep/runs_bimoco/qhead_2L_split_pred_rep_bimoco_xftrip_nobn_enc3_emateach_sigreg_qk_aon_b512_cpc_tau090_last_best.pth (ema_loss=0.203028)
[   3800] loss=0.198093  ema_loss=0.203783  5.7 sps  ETA 0.3h
[   4000] loss=0.224203  ema_loss=0.203138  5.7 sps  ETA 0.3h
[   4200] loss=0.204674  ema_loss=0.203385  5.7 sps  ETA 0.3h
[   4400] loss=0.201268  ema_loss=0.203466  5.7 sps  ETA 0.3h
[   4600] loss=0.195004  ema_loss=0.203535  5.7 sps  ETA 0.3h
[   4800] loss=0.200740  ema_loss=0.202804  5.7 sps  ETA 0.3h
  -> New best: /tmp/contrastive-forecasting-374/experiments/2026-07-10_split_pred_rep/runs_bimoco/qhead_2L_split_pred_rep_bimoco_xftrip_nobn_enc3_emateach_sigreg_qk_aon_b512_cpc_tau090_last_best.pth (ema_loss=0.202804)
[   5000] loss=0.204388  ema_loss=0.203481  5.7 sps  ETA 0.2h
[   5200] loss=0.213503  ema_loss=0.203030  5.7 sps  ETA 0.2h
[   5400] loss=0.202479  ema_loss=0.203872  5.7 sps  ETA 0.2h
[   5600] loss=0.194772  ema_loss=0.202768  5.7 sps  ETA 0.2h
  -> New best: /tmp/contrastive-forecasting-374/experiments/2026-07-10_split_pred_rep/runs_bimoco/qhead_2L_split_pred_rep_bimoco_xftrip_nobn_enc3_emateach_sigreg_qk_aon_b512_cpc_tau090_last_best.pth (ema_loss=0.202768)
[   5800] loss=0.192806  ema_loss=0.202938  5.7 sps  ETA 0.2h
[   6000] loss=0.194854  ema_loss=0.202663  5.7 sps  ETA 0.2h
  -> New best: /tmp/contrastive-forecasting-374/experiments/2026-07-10_split_pred_rep/runs_bimoco/qhead_2L_split_pred_rep_bimoco_xftrip_nobn_enc3_emateach_sigreg_qk_aon_b512_cpc_tau090_last_best.pth (ema_loss=0.202663)
[   6200] loss=0.196292  ema_loss=0.202732  5.7 sps  ETA 0.2h
[   6400] loss=0.218283  ema_loss=0.202059  5.7 sps  ETA 0.2h
  -> New best: /tmp/contrastive-forecasting-374/experiments/2026-07-10_split_pred_rep/runs_bimoco/qhead_2L_split_pred_rep_bimoco_xftrip_nobn_enc3_emateach_sigreg_qk_aon_b512_cpc_tau090_last_best.pth (ema_loss=0.202059)
[   6600] loss=0.202156  ema_loss=0.201744  5.7 sps  ETA 0.2h
  -> New best: /tmp/contrastive-forecasting-374/experiments/2026-07-10_split_pred_rep/runs_bimoco/qhead_2L_split_pred_rep_bimoco_xftrip_nobn_enc3_emateach_sigreg_qk_aon_b512_cpc_tau090_last_best.pth (ema_loss=0.201744)
[   6800] loss=0.212379  ema_loss=0.203048  5.7 sps  ETA 0.2h
[   7000] loss=0.190469  ema_loss=0.202797  5.7 sps  ETA 0.1h
[   7200] loss=0.189997  ema_loss=0.202702  5.7 sps  ETA 0.1h
[   7400] loss=0.204362  ema_loss=0.203280  5.7 sps  ETA 0.1h
[   7600] loss=0.207777  ema_loss=0.202636  5.7 sps  ETA 0.1h
[   7800] loss=0.192684  ema_loss=0.202736  5.7 sps  ETA 0.1h
[   8000] loss=0.197999  ema_loss=0.202516  5.7 sps  ETA 0.1h
[   8200] loss=0.210326  ema_loss=0.202679  5.7 sps  ETA 0.1h
[   8400] loss=0.203664  ema_loss=0.201563  5.7 sps  ETA 0.1h
  -> New best: /tmp/contrastive-forecasting-374/experiments/2026-07-10_split_pred_rep/runs_bimoco/qhead_2L_split_pred_rep_bimoco_xftrip_nobn_enc3_emateach_sigreg_qk_aon_b512_cpc_tau090_last_best.pth (ema_loss=0.201563)
[   8600] loss=0.207018  ema_loss=0.202137  5.7 sps  ETA 0.1h
[   8800] loss=0.206065  ema_loss=0.202423  5.7 sps  ETA 0.1h
[   9000] loss=0.191963  ema_loss=0.201609  5.7 sps  ETA 0.0h
[   9200] loss=0.182924  ema_loss=0.201869  5.7 sps  ETA 0.0h
[   9400] loss=0.206320  ema_loss=0.202757  5.7 sps  ETA 0.0h
[   9600] loss=0.207246  ema_loss=0.202922  5.7 sps  ETA 0.0h
[   9800] loss=0.213018  ema_loss=0.202591  5.7 sps  ETA 0.0h
[  10000] loss=0.200314  ema_loss=0.202165  5.7 sps  ETA 0.0h

Done in 0.5h. Best loss=0.201563 at step 8400
