Device: cuda | Params: 16,894,908
Training for 12500 steps, bs=512, lr=0.001, T=4096, C=1, mix_ratio=0.0078125, freq_emb_dim=3, seasonality_emb_dim=3, mixup_p=0.3, rev_norm_kind=ewma(span=128), patch_stats=none, encoder_type=gru
Checkpoints: /tmp/contrastive-forecasting-363/experiments/2026-06-24_sigreg_lambda_sweep/runs/bb_allt08_xftrip_nobn_enc3_emateach_sigreg_qk_aon_b512_cpc_emb100_enc10_*.pth
Loss CSV: /tmp/contrastive-forecasting-363/experiments/2026-06-24_sigreg_lambda_sweep/runs/bb_allt08_xftrip_nobn_enc3_emateach_sigreg_qk_aon_b512_cpc_emb100_enc10_losses.csv
Attn-amplitude CSV: /tmp/contrastive-forecasting-363/experiments/2026-06-24_sigreg_lambda_sweep/runs/bb_allt08_xftrip_nobn_enc3_emateach_sigreg_qk_aon_b512_cpc_emb100_enc10_attn_amplitude.csv (every 200 steps)
Data: MIX 99% HF + 1% synth (forked-arma) + 0% crossfade + 1 triplet(s)=3 rows, hf_bs=508, synth_bs=4, cross_bs=0, total_bs=515
[    100] loss=3.0642  ema_loss=10.3896  gap=-0.2500  ema_gap=-0.2819  mixup=34/100  0.6 sps  ETA 5.7h  cpc=0.2222
              R²_rand=0.2441  R²_naive=0.1464  U_t=0.1166  U_b=0.1856  AUC=0.9404  Top1=0.1916
  timing: data=63.3ms  fwd=783.4ms  bwd=626.4ms  total=1473.9ms
  -> Saved /tmp/contrastive-forecasting-363/experiments/2026-06-24_sigreg_lambda_sweep/runs/bb_allt08_xftrip_nobn_enc3_emateach_sigreg_qk_aon_b512_cpc_emb100_enc10_best_gap.pth
  -> Saved /tmp/contrastive-forecasting-363/experiments/2026-06-24_sigreg_lambda_sweep/runs/bb_allt08_xftrip_nobn_enc3_emateach_sigreg_qk_aon_b512_cpc_emb100_enc10_best_loss.pth
[    200] loss=3.0177  ema_loss=5.6748  gap=-0.2023  ema_gap=-0.2447  mixup=28/100  0.6 sps  ETA 5.6h  cpc=0.0808
              R²_rand=0.2570  R²_naive=0.1850  U_t=0.1992  U_b=0.3572  AUC=0.9800  Top1=0.4070
  timing: data=10.7ms  fwd=775.0ms  bwd=619.7ms  total=1406.2ms
  -> Saved /tmp/contrastive-forecasting-363/experiments/2026-06-24_sigreg_lambda_sweep/runs/bb_allt08_xftrip_nobn_enc3_emateach_sigreg_qk_aon_b512_cpc_emb100_enc10_best_gap.pth
  -> Saved /tmp/contrastive-forecasting-363/experiments/2026-06-24_sigreg_lambda_sweep/runs/bb_allt08_xftrip_nobn_enc3_emateach_sigreg_qk_aon_b512_cpc_emb100_enc10_best_loss.pth
[    300] loss=3.1743  ema_loss=4.0770  gap=-0.1265  ema_gap=-0.1945  mixup=24/100  0.6 sps  ETA 5.5h  cpc=0.0436
              R²_rand=0.3032  R²_naive=0.2555  U_t=0.2379  U_b=0.4538  AUC=0.9947  Top1=0.7701
  timing: data=10.8ms  fwd=783.0ms  bwd=620.0ms  total=1414.6ms
  -> Saved /tmp/contrastive-forecasting-363/experiments/2026-06-24_sigreg_lambda_sweep/runs/bb_allt08_xftrip_nobn_enc3_emateach_sigreg_qk_aon_b512_cpc_emb100_enc10_best_gap.pth
  -> Saved /tmp/contrastive-forecasting-363/experiments/2026-06-24_sigreg_lambda_sweep/runs/bb_allt08_xftrip_nobn_enc3_emateach_sigreg_qk_aon_b512_cpc_emb100_enc10_best_loss.pth
[    400] loss=3.1731  ema_loss=3.5146  gap=-0.0436  ema_gap=-0.1183  mixup=26/100  0.6 sps  ETA 5.5h  cpc=0.0280
              R²_rand=0.3423  R²_naive=0.3172  U_t=0.2623  U_b=0.4548  AUC=0.9971  Top1=0.9180
  timing: data=10.3ms  fwd=785.6ms  bwd=620.2ms  total=1417.0ms
  -> Saved /tmp/contrastive-forecasting-363/experiments/2026-06-24_sigreg_lambda_sweep/runs/bb_allt08_xftrip_nobn_enc3_emateach_sigreg_qk_aon_b512_cpc_emb100_enc10_best_gap.pth
  -> Saved /tmp/contrastive-forecasting-363/experiments/2026-06-24_sigreg_lambda_sweep/runs/bb_allt08_xftrip_nobn_enc3_emateach_sigreg_qk_aon_b512_cpc_emb100_enc10_best_loss.pth
[    500] loss=2.9541  ema_loss=3.2010  gap=0.0500  ema_gap=-0.0329  mixup=33/100  0.6 sps  ETA 5.4h  cpc=0.0211
              R²_rand=0.3840  R²_naive=0.3727  U_t=0.2810  U_b=0.5320  AUC=0.9921  Top1=0.9505
  timing: data=10.1ms  fwd=785.8ms  bwd=620.7ms  total=1417.5ms
  -> Saved /tmp/contrastive-forecasting-363/experiments/2026-06-24_sigreg_lambda_sweep/runs/bb_allt08_xftrip_nobn_enc3_emateach_sigreg_qk_aon_b512_cpc_emb100_enc10_best_gap.pth
  -> Saved /tmp/contrastive-forecasting-363/experiments/2026-06-24_sigreg_lambda_sweep/runs/bb_allt08_xftrip_nobn_enc3_emateach_sigreg_qk_aon_b512_cpc_emb100_enc10_best_loss.pth
[    600] loss=2.9876  ema_loss=3.0627  gap=0.1080  ema_gap=0.0414  mixup=37/100  0.6 sps  ETA 5.4h  cpc=0.0275
              R²_rand=0.4086  R²_naive=0.3983  U_t=0.2851  U_b=0.5406  AUC=0.9994  Top1=0.9810
  timing: data=10.8ms  fwd=781.4ms  bwd=620.2ms  total=1413.3ms
  -> Saved /tmp/contrastive-forecasting-363/experiments/2026-06-24_sigreg_lambda_sweep/runs/bb_allt08_xftrip_nobn_enc3_emateach_sigreg_qk_aon_b512_cpc_emb100_enc10_best_gap.pth
  -> Saved /tmp/contrastive-forecasting-363/experiments/2026-06-24_sigreg_lambda_sweep/runs/bb_allt08_xftrip_nobn_enc3_emateach_sigreg_qk_aon_b512_cpc_emb100_enc10_best_loss.pth
[    700] loss=2.9900  ema_loss=3.0096  gap=0.1593  ema_gap=0.1046  mixup=34/100  0.6 sps  ETA 5.3h  cpc=0.0173
              R²_rand=0.4193  R²_naive=0.4209  U_t=0.2899  U_b=0.5389  AUC=0.9921  Top1=0.9729
  timing: data=10.5ms  fwd=778.2ms  bwd=620.1ms  total=1409.5ms
  -> Saved /tmp/contrastive-forecasting-363/experiments/2026-06-24_sigreg_lambda_sweep/runs/bb_allt08_xftrip_nobn_enc3_emateach_sigreg_qk_aon_b512_cpc_emb100_enc10_best_gap.pth
  -> Saved /tmp/contrastive-forecasting-363/experiments/2026-06-24_sigreg_lambda_sweep/runs/bb_allt08_xftrip_nobn_enc3_emateach_sigreg_qk_aon_b512_cpc_emb100_enc10_best_loss.pth
[    800] loss=2.8175  ema_loss=2.9321  gap=0.1926  ema_gap=0.1575  mixup=28/100  0.6 sps  ETA 5.3h  cpc=0.0119
              R²_rand=0.4384  R²_naive=0.4359  U_t=0.3250  U_b=0.5918  AUC=0.9955  Top1=0.9737
  timing: data=11.0ms  fwd=778.6ms  bwd=620.1ms  total=1410.6ms
  -> Saved /tmp/contrastive-forecasting-363/experiments/2026-06-24_sigreg_lambda_sweep/runs/bb_allt08_xftrip_nobn_enc3_emateach_sigreg_qk_aon_b512_cpc_emb100_enc10_best_gap.pth
  -> Saved /tmp/contrastive-forecasting-363/experiments/2026-06-24_sigreg_lambda_sweep/runs/bb_allt08_xftrip_nobn_enc3_emateach_sigreg_qk_aon_b512_cpc_emb100_enc10_best_loss.pth
[    900] loss=2.8276  ema_loss=2.8979  gap=0.2307  ema_gap=0.1968  mixup=28/100  0.6 sps  ETA 5.2h  cpc=0.0107
              R²_rand=0.4570  R²_naive=0.4532  U_t=0.3408  U_b=0.6115  AUC=0.9981  Top1=0.9850
  timing: data=10.9ms  fwd=777.8ms  bwd=619.8ms  total=1409.4ms
  -> Saved /tmp/contrastive-forecasting-363/experiments/2026-06-24_sigreg_lambda_sweep/runs/bb_allt08_xftrip_nobn_enc3_emateach_sigreg_qk_aon_b512_cpc_emb100_enc10_best_gap.pth
  -> Saved /tmp/contrastive-forecasting-363/experiments/2026-06-24_sigreg_lambda_sweep/runs/bb_allt08_xftrip_nobn_enc3_emateach_sigreg_qk_aon_b512_cpc_emb100_enc10_best_loss.pth
[   1000] loss=2.9196  ema_loss=2.8715  gap=0.2555  ema_gap=0.2272  mixup=31/100  0.6 sps  ETA 5.2h  cpc=0.0649
              R²_rand=0.4711  R²_naive=0.4612  U_t=0.3476  U_b=0.5979  AUC=0.9983  Top1=0.9927
  timing: data=10.4ms  fwd=774.9ms  bwd=621.9ms  total=1407.9ms
  -> Saved /tmp/contrastive-forecasting-363/experiments/2026-06-24_sigreg_lambda_sweep/runs/bb_allt08_xftrip_nobn_enc3_emateach_sigreg_qk_aon_b512_cpc_emb100_enc10_best_gap.pth
  -> Saved /tmp/contrastive-forecasting-363/experiments/2026-06-24_sigreg_lambda_sweep/runs/bb_allt08_xftrip_nobn_enc3_emateach_sigreg_qk_aon_b512_cpc_emb100_enc10_best_loss.pth
[   1100] loss=2.8928  ema_loss=2.8691  gap=0.2766  ema_gap=0.2482  mixup=30/100  0.6 sps  ETA 5.1h  cpc=0.0709
              R²_rand=0.4687  R²_naive=0.4728  U_t=0.3774  U_b=0.5955  AUC=1.0000  Top1=0.9975
  timing: data=11.2ms  fwd=775.6ms  bwd=619.3ms  total=1406.9ms
  -> Saved /tmp/contrastive-forecasting-363/experiments/2026-06-24_sigreg_lambda_sweep/runs/bb_allt08_xftrip_nobn_enc3_emateach_sigreg_qk_aon_b512_cpc_emb100_enc10_best_gap.pth
  -> Saved /tmp/contrastive-forecasting-363/experiments/2026-06-24_sigreg_lambda_sweep/runs/bb_allt08_xftrip_nobn_enc3_emateach_sigreg_qk_aon_b512_cpc_emb100_enc10_best_loss.pth
[   1200] loss=2.8960  ema_loss=2.8682  gap=0.2938  ema_gap=0.2642  mixup=29/100  0.6 sps  ETA 5.1h  cpc=0.0858
              R²_rand=0.4865  R²_naive=0.4793  U_t=0.3800  U_b=0.6096  AUC=1.0000  Top1=0.9989
  timing: data=10.2ms  fwd=778.9ms  bwd=619.4ms  total=1409.3ms
  -> Saved /tmp/contrastive-forecasting-363/experiments/2026-06-24_sigreg_lambda_sweep/runs/bb_allt08_xftrip_nobn_enc3_emateach_sigreg_qk_aon_b512_cpc_emb100_enc10_best_gap.pth
  -> Saved /tmp/contrastive-forecasting-363/experiments/2026-06-24_sigreg_lambda_sweep/runs/bb_allt08_xftrip_nobn_enc3_emateach_sigreg_qk_aon_b512_cpc_emb100_enc10_best_loss.pth
[   1300] loss=2.8713  ema_loss=2.8443  gap=0.2926  ema_gap=0.2766  mixup=31/100  0.6 sps  ETA 5.0h  cpc=0.0074
              R²_rand=0.4797  R²_naive=0.4778  U_t=0.3680  U_b=0.6613  AUC=0.9989  Top1=0.9882
  timing: data=9.9ms  fwd=778.2ms  bwd=619.9ms  total=1408.8ms
  -> Saved /tmp/contrastive-forecasting-363/experiments/2026-06-24_sigreg_lambda_sweep/runs/bb_allt08_xftrip_nobn_enc3_emateach_sigreg_qk_aon_b512_cpc_emb100_enc10_best_gap.pth
  -> Saved /tmp/contrastive-forecasting-363/experiments/2026-06-24_sigreg_lambda_sweep/runs/bb_allt08_xftrip_nobn_enc3_emateach_sigreg_qk_aon_b512_cpc_emb100_enc10_best_loss.pth
[   1400] loss=2.8016  ema_loss=2.8246  gap=0.3016  ema_gap=0.2874  mixup=27/100  0.6 sps  ETA 5.0h  cpc=0.0089
              R²_rand=0.4841  R²_naive=0.4806  U_t=0.3877  U_b=0.6690  AUC=0.9984  Top1=0.9883
  timing: data=10.1ms  fwd=778.6ms  bwd=619.9ms  total=1409.3ms
  -> Saved /tmp/contrastive-forecasting-363/experiments/2026-06-24_sigreg_lambda_sweep/runs/bb_allt08_xftrip_nobn_enc3_emateach_sigreg_qk_aon_b512_cpc_emb100_enc10_best_gap.pth
  -> Saved /tmp/contrastive-forecasting-363/experiments/2026-06-24_sigreg_lambda_sweep/runs/bb_allt08_xftrip_nobn_enc3_emateach_sigreg_qk_aon_b512_cpc_emb100_enc10_best_loss.pth
[   1500] loss=2.8509  ema_loss=2.8339  gap=0.2990  ema_gap=0.2970  mixup=36/100  0.6 sps  ETA 4.9h  cpc=0.0048
              R²_rand=0.4732  R²_naive=0.4808  U_t=0.3998  U_b=0.6594  AUC=0.9992  Top1=0.9936
  timing: data=9.5ms  fwd=779.0ms  bwd=619.9ms  total=1409.1ms
  -> Saved /tmp/contrastive-forecasting-363/experiments/2026-06-24_sigreg_lambda_sweep/runs/bb_allt08_xftrip_nobn_enc3_emateach_sigreg_qk_aon_b512_cpc_emb100_enc10_best_gap.pth
[   1600] loss=2.8724  ema_loss=2.8552  gap=0.3170  ema_gap=0.3066  mixup=30/100  0.6 sps  ETA 4.9h  cpc=0.0101
              R²_rand=0.4862  R²_naive=0.4878  U_t=0.3911  U_b=0.6670  AUC=0.9986  Top1=0.9861
  timing: data=9.6ms  fwd=774.2ms  bwd=620.3ms  total=1404.8ms
  -> Saved /tmp/contrastive-forecasting-363/experiments/2026-06-24_sigreg_lambda_sweep/runs/bb_allt08_xftrip_nobn_enc3_emateach_sigreg_qk_aon_b512_cpc_emb100_enc10_best_gap.pth
[   1700] loss=2.8889  ema_loss=2.8632  gap=0.3278  ema_gap=0.3121  mixup=35/100  0.6 sps  ETA 4.8h  cpc=0.0063
              R²_rand=0.4920  R²_naive=0.4945  U_t=0.3949  U_b=0.6802  AUC=0.9995  Top1=0.9918
  timing: data=10.0ms  fwd=769.3ms  bwd=622.8ms  total=1402.9ms
  -> Saved /tmp/contrastive-forecasting-363/experiments/2026-06-24_sigreg_lambda_sweep/runs/bb_allt08_xftrip_nobn_enc3_emateach_sigreg_qk_aon_b512_cpc_emb100_enc10_best_gap.pth
[   1800] loss=2.9385  ema_loss=2.8723  gap=0.3100  ema_gap=0.3196  mixup=26/100  0.6 sps  ETA 4.8h  cpc=0.0041
              R²_rand=0.4804  R²_naive=0.4830  U_t=0.3915  U_b=0.6791  AUC=0.9991  Top1=0.9848
  timing: data=10.6ms  fwd=769.7ms  bwd=619.6ms  total=1400.6ms
  -> Saved /tmp/contrastive-forecasting-363/experiments/2026-06-24_sigreg_lambda_sweep/runs/bb_allt08_xftrip_nobn_enc3_emateach_sigreg_qk_aon_b512_cpc_emb100_enc10_best_gap.pth
[   1900] loss=2.9258  ema_loss=2.9090  gap=0.3288  ema_gap=0.3232  mixup=32/100  0.6 sps  ETA 4.8h  cpc=0.0056
              R²_rand=0.4918  R²_naive=0.4940  U_t=0.3928  U_b=0.6825  AUC=0.9997  Top1=0.9967
  timing: data=11.0ms  fwd=774.9ms  bwd=620.4ms  total=1407.0ms
  -> Saved /tmp/contrastive-forecasting-363/experiments/2026-06-24_sigreg_lambda_sweep/runs/bb_allt08_xftrip_nobn_enc3_emateach_sigreg_qk_aon_b512_cpc_emb100_enc10_best_gap.pth
[   2000] loss=2.9538  ema_loss=2.9287  gap=0.3379  ema_gap=0.3296  mixup=25/100  0.6 sps  ETA 4.7h  cpc=0.0059
              R²_rand=0.4963  R²_naive=0.4953  U_t=0.4229  U_b=0.6997  AUC=0.9995  Top1=0.9897
  timing: data=9.7ms  fwd=769.9ms  bwd=622.6ms  total=1403.0ms
  -> Saved /tmp/contrastive-forecasting-363/experiments/2026-06-24_sigreg_lambda_sweep/runs/bb_allt08_xftrip_nobn_enc3_emateach_sigreg_qk_aon_b512_cpc_emb100_enc10_best_gap.pth
[   2100] loss=3.0758  ema_loss=3.0016  gap=0.3378  ema_gap=0.3315  mixup=34/100  0.6 sps  ETA 4.7h  cpc=0.0072
              R²_rand=0.4969  R²_naive=0.4952  U_t=0.4077  U_b=0.6954  AUC=0.9997  Top1=0.9964
  timing: data=11.3ms  fwd=768.9ms  bwd=622.9ms  total=1403.9ms
  -> Saved /tmp/contrastive-forecasting-363/experiments/2026-06-24_sigreg_lambda_sweep/runs/bb_allt08_xftrip_nobn_enc3_emateach_sigreg_qk_aon_b512_cpc_emb100_enc10_best_gap.pth
[   2200] loss=3.2481  ema_loss=3.1020  gap=0.3391  ema_gap=0.3310  mixup=24/100  0.6 sps  ETA 4.6h  cpc=0.0069
              R²_rand=0.4914  R²_naive=0.4895  U_t=0.3948  U_b=0.6906  AUC=0.9997  Top1=0.9933
  timing: data=9.6ms  fwd=770.7ms  bwd=619.8ms  total=1400.9ms
[   2300] loss=3.3017  ema_loss=3.1973  gap=0.3231  ema_gap=0.3346  mixup=25/100  0.6 sps  ETA 4.6h  cpc=0.0063
              R²_rand=0.4795  R²_naive=0.4778  U_t=0.3790  U_b=0.6886  AUC=0.9990  Top1=0.9720
  timing: data=9.2ms  fwd=778.2ms  bwd=619.9ms  total=1408.2ms
  -> Saved /tmp/contrastive-forecasting-363/experiments/2026-06-24_sigreg_lambda_sweep/runs/bb_allt08_xftrip_nobn_enc3_emateach_sigreg_qk_aon_b512_cpc_emb100_enc10_best_gap.pth
[   2400] loss=3.4572  ema_loss=3.3027  gap=0.3321  ema_gap=0.3333  mixup=37/100  0.6 sps  ETA 4.5h  cpc=0.0070
              R²_rand=0.4820  R²_naive=0.4829  U_t=0.3881  U_b=0.6913  AUC=1.0000  Top1=0.9974
  timing: data=10.1ms  fwd=770.5ms  bwd=622.2ms  total=1403.6ms
[   2500] loss=3.4017  ema_loss=3.3794  gap=0.3358  ema_gap=0.3349  mixup=19/100  0.6 sps  ETA 4.5h  cpc=0.0077
              R²_rand=0.4838  R²_naive=0.4844  U_t=0.3901  U_b=0.6907  AUC=0.9996  Top1=0.9909
  timing: data=9.8ms  fwd=770.0ms  bwd=622.5ms  total=1403.2ms
  -> Saved /tmp/contrastive-forecasting-363/experiments/2026-06-24_sigreg_lambda_sweep/runs/bb_allt08_xftrip_nobn_enc3_emateach_sigreg_qk_aon_b512_cpc_emb100_enc10_best_gap.pth
  -> Saved /tmp/contrastive-forecasting-363/experiments/2026-06-24_sigreg_lambda_sweep/runs/bb_allt08_xftrip_nobn_enc3_emateach_sigreg_qk_aon_b512_cpc_emb100_enc10_2k.pth
[   2600] loss=3.5434  ema_loss=3.4446  gap=0.3330  ema_gap=0.3347  mixup=33/100  0.6 sps  ETA 4.4h  cpc=0.0421
              R²_rand=0.4802  R²_naive=0.4818  U_t=0.4033  U_b=0.6429  AUC=1.0000  Top1=0.9981
  timing: data=10.4ms  fwd=774.6ms  bwd=622.5ms  total=1408.3ms
[   2700] loss=3.6126  ema_loss=3.5160  gap=0.3397  ema_gap=0.3336  mixup=33/100  0.6 sps  ETA 4.4h  cpc=0.0325
              R²_rand=0.4827  R²_naive=0.4810  U_t=0.4122  U_b=0.6751  AUC=1.0000  Top1=0.9983
  timing: data=10.7ms  fwd=769.1ms  bwd=623.0ms  total=1403.5ms
[   2800] loss=3.5716  ema_loss=3.5634  gap=0.3370  ema_gap=0.3362  mixup=24/100  0.6 sps  ETA 4.3h  cpc=0.0376
              R²_rand=0.4871  R²_naive=0.4825  U_t=0.3958  U_b=0.6590  AUC=1.0000  Top1=0.9987
  timing: data=9.5ms  fwd=774.6ms  bwd=620.1ms  total=1405.0ms
  -> Saved /tmp/contrastive-forecasting-363/experiments/2026-06-24_sigreg_lambda_sweep/runs/bb_allt08_xftrip_nobn_enc3_emateach_sigreg_qk_aon_b512_cpc_emb100_enc10_best_gap.pth
[   2900] loss=3.6985  ema_loss=3.6123  gap=0.3496  ema_gap=0.3354  mixup=35/100  0.6 sps  ETA 4.3h  cpc=0.0453
              R²_rand=0.4775  R²_naive=0.4831  U_t=0.4238  U_b=0.6457  AUC=1.0000  Top1=0.9974
  timing: data=11.0ms  fwd=770.5ms  bwd=620.0ms  total=1402.4ms
[   3000] loss=3.6255  ema_loss=3.6430  gap=0.3396  ema_gap=0.3354  mixup=32/100  0.6 sps  ETA 4.2h  cpc=0.0080
              R²_rand=0.4742  R²_naive=0.4766  U_t=0.3928  U_b=0.7129  AUC=0.9997  Top1=0.9945
  timing: data=10.0ms  fwd=775.0ms  bwd=620.2ms  total=1405.9ms
[   3100] loss=3.5969  ema_loss=3.6804  gap=0.3307  ema_gap=0.3359  mixup=29/100  0.6 sps  ETA 4.2h  cpc=0.0057
              R²_rand=0.4744  R²_naive=0.4728  U_t=0.4151  U_b=0.6991  AUC=0.9977  Top1=0.9797
  timing: data=10.4ms  fwd=773.2ms  bwd=620.1ms  total=1404.5ms
[   3200] loss=3.6962  ema_loss=3.7030  gap=0.3242  ema_gap=0.3375  mixup=28/100  0.6 sps  ETA 4.2h  cpc=0.0078
              R²_rand=0.4697  R²_naive=0.4673  U_t=0.3989  U_b=0.7226  AUC=0.9992  Top1=0.9777
  timing: data=10.2ms  fwd=774.6ms  bwd=619.7ms  total=1405.4ms
  -> Saved /tmp/contrastive-forecasting-363/experiments/2026-06-24_sigreg_lambda_sweep/runs/bb_allt08_xftrip_nobn_enc3_emateach_sigreg_qk_aon_b512_cpc_emb100_enc10_best_gap.pth
[   3300] loss=3.7219  ema_loss=3.7248  gap=0.3442  ema_gap=0.3405  mixup=29/100  0.6 sps  ETA 4.1h  cpc=0.0326
              R²_rand=0.4814  R²_naive=0.4795  U_t=0.4181  U_b=0.6818  AUC=1.0000  Top1=0.9973
  timing: data=9.9ms  fwd=783.7ms  bwd=620.8ms  total=1415.4ms
  -> Saved /tmp/contrastive-forecasting-363/experiments/2026-06-24_sigreg_lambda_sweep/runs/bb_allt08_xftrip_nobn_enc3_emateach_sigreg_qk_aon_b512_cpc_emb100_enc10_best_gap.pth
[   3400] loss=3.7287  ema_loss=3.7305  gap=0.3558  ema_gap=0.3453  mixup=31/100  0.6 sps  ETA 4.1h  cpc=0.0095
              R²_rand=0.4860  R²_naive=0.4835  U_t=0.4171  U_b=0.7225  AUC=1.0000  Top1=0.9952
  timing: data=10.8ms  fwd=787.9ms  bwd=623.4ms  total=1423.0ms
  -> Saved /tmp/contrastive-forecasting-363/experiments/2026-06-24_sigreg_lambda_sweep/runs/bb_allt08_xftrip_nobn_enc3_emateach_sigreg_qk_aon_b512_cpc_emb100_enc10_best_gap.pth
[   3500] loss=3.7210  ema_loss=3.7402  gap=0.3507  ema_gap=0.3485  mixup=28/100  0.6 sps  ETA 4.0h  cpc=0.0458
              R²_rand=0.4786  R²_naive=0.4811  U_t=0.4125  U_b=0.6655  AUC=0.9999  Top1=0.9950
  timing: data=9.7ms  fwd=800.8ms  bwd=620.9ms  total=1432.4ms
  -> Saved /tmp/contrastive-forecasting-363/experiments/2026-06-24_sigreg_lambda_sweep/runs/bb_allt08_xftrip_nobn_enc3_emateach_sigreg_qk_aon_b512_cpc_emb100_enc10_best_gap.pth
[   3600] loss=3.7564  ema_loss=3.7427  gap=0.3622  ema_gap=0.3542  mixup=26/100  0.6 sps  ETA 4.0h  cpc=0.0069
              R²_rand=0.4785  R²_naive=0.4816  U_t=0.4293  U_b=0.7255  AUC=0.9998  Top1=0.9948
  timing: data=10.6ms  fwd=790.8ms  bwd=620.8ms  total=1423.1ms
  -> Saved /tmp/contrastive-forecasting-363/experiments/2026-06-24_sigreg_lambda_sweep/runs/bb_allt08_xftrip_nobn_enc3_emateach_sigreg_qk_aon_b512_cpc_emb100_enc10_best_gap.pth
[   3700] loss=3.7768  ema_loss=3.7519  gap=0.3523  ema_gap=0.3580  mixup=34/100  0.6 sps  ETA 3.9h  cpc=0.0089
              R²_rand=0.4729  R²_naive=0.4739  U_t=0.4216  U_b=0.7200  AUC=0.9993  Top1=0.9826
  timing: data=9.9ms  fwd=822.2ms  bwd=622.1ms  total=1455.1ms
  -> Saved /tmp/contrastive-forecasting-363/experiments/2026-06-24_sigreg_lambda_sweep/runs/bb_allt08_xftrip_nobn_enc3_emateach_sigreg_qk_aon_b512_cpc_emb100_enc10_best_gap.pth
[   3800] loss=3.7429  ema_loss=3.7586  gap=0.3647  ema_gap=0.3622  mixup=34/100  0.6 sps  ETA 3.9h  cpc=0.0251
              R²_rand=0.4834  R²_naive=0.4865  U_t=0.4308  U_b=0.6993  AUC=1.0000  Top1=0.9963
  timing: data=10.3ms  fwd=800.6ms  bwd=621.5ms  total=1433.3ms
  -> Saved /tmp/contrastive-forecasting-363/experiments/2026-06-24_sigreg_lambda_sweep/runs/bb_allt08_xftrip_nobn_enc3_emateach_sigreg_qk_aon_b512_cpc_emb100_enc10_best_gap.pth
[   3900] loss=3.7537  ema_loss=3.7589  gap=0.3809  ema_gap=0.3674  mixup=23/100  0.6 sps  ETA 3.9h  cpc=0.0354
              R²_rand=0.4882  R²_naive=0.4925  U_t=0.4775  U_b=0.6859  AUC=1.0000  Top1=0.9962
  timing: data=10.5ms  fwd=807.0ms  bwd=620.8ms  total=1439.3ms
  -> Saved /tmp/contrastive-forecasting-363/experiments/2026-06-24_sigreg_lambda_sweep/runs/bb_allt08_xftrip_nobn_enc3_emateach_sigreg_qk_aon_b512_cpc_emb100_enc10_best_gap.pth
[   4000] loss=3.6979  ema_loss=3.7833  gap=0.3751  ema_gap=0.3719  mixup=31/100  0.6 sps  ETA 3.8h  cpc=0.0071
              R²_rand=0.4856  R²_naive=0.4877  U_t=0.4597  U_b=0.7277  AUC=0.9999  Top1=0.9940
  timing: data=9.7ms  fwd=800.0ms  bwd=622.3ms  total=1433.1ms
  -> Saved /tmp/contrastive-forecasting-363/experiments/2026-06-24_sigreg_lambda_sweep/runs/bb_allt08_xftrip_nobn_enc3_emateach_sigreg_qk_aon_b512_cpc_emb100_enc10_best_gap.pth
[   4100] loss=3.8056  ema_loss=3.7734  gap=0.3817  ema_gap=0.3786  mixup=29/100  0.6 sps  ETA 3.8h  cpc=0.0362
              R²_rand=0.4869  R²_naive=0.4898  U_t=0.4643  U_b=0.6994  AUC=1.0000  Top1=0.9974
  timing: data=11.5ms  fwd=798.5ms  bwd=620.9ms  total=1431.8ms
  -> Saved /tmp/contrastive-forecasting-363/experiments/2026-06-24_sigreg_lambda_sweep/runs/bb_allt08_xftrip_nobn_enc3_emateach_sigreg_qk_aon_b512_cpc_emb100_enc10_best_gap.pth
[   4200] loss=3.7515  ema_loss=3.7810  gap=0.3840  ema_gap=0.3821  mixup=31/100  0.6 sps  ETA 3.7h  cpc=0.0042
              R²_rand=0.4778  R²_naive=0.4867  U_t=0.4771  U_b=0.7509  AUC=0.9991  Top1=0.9915
  timing: data=10.3ms  fwd=793.1ms  bwd=621.3ms  total=1425.6ms
  -> Saved /tmp/contrastive-forecasting-363/experiments/2026-06-24_sigreg_lambda_sweep/runs/bb_allt08_xftrip_nobn_enc3_emateach_sigreg_qk_aon_b512_cpc_emb100_enc10_best_gap.pth
[   4300] loss=3.7654  ema_loss=3.7962  gap=0.3903  ema_gap=0.3876  mixup=36/100  0.6 sps  ETA 3.7h  cpc=0.0037
              R²_rand=0.4864  R²_naive=0.4919  U_t=0.4897  U_b=0.7436  AUC=0.9998  Top1=0.9940
  timing: data=11.5ms  fwd=774.2ms  bwd=620.7ms  total=1407.3ms
  -> Saved /tmp/contrastive-forecasting-363/experiments/2026-06-24_sigreg_lambda_sweep/runs/bb_allt08_xftrip_nobn_enc3_emateach_sigreg_qk_aon_b512_cpc_emb100_enc10_best_gap.pth
[   4400] loss=3.7479  ema_loss=3.8122  gap=0.3811  ema_gap=0.3915  mixup=30/100  0.6 sps  ETA 3.6h  cpc=0.0071
              R²_rand=0.4782  R²_naive=0.4844  U_t=0.4753  U_b=0.7564  AUC=0.9994  Top1=0.9767
  timing: data=10.6ms  fwd=771.5ms  bwd=619.9ms  total=1402.8ms
  -> Saved /tmp/contrastive-forecasting-363/experiments/2026-06-24_sigreg_lambda_sweep/runs/bb_allt08_xftrip_nobn_enc3_emateach_sigreg_qk_aon_b512_cpc_emb100_enc10_best_gap.pth
[   4500] loss=3.8757  ema_loss=3.8329  gap=0.3925  ema_gap=0.3928  mixup=36/100  0.6 sps  ETA 3.6h  cpc=0.0079
              R²_rand=0.4827  R²_naive=0.4913  U_t=0.4915  U_b=0.7627  AUC=0.9996  Top1=0.9902
  timing: data=10.0ms  fwd=774.3ms  bwd=620.6ms  total=1405.8ms
  -> Saved /tmp/contrastive-forecasting-363/experiments/2026-06-24_sigreg_lambda_sweep/runs/bb_allt08_xftrip_nobn_enc3_emateach_sigreg_qk_aon_b512_cpc_emb100_enc10_best_gap.pth
[   4600] loss=3.8380  ema_loss=3.8451  gap=0.4046  ema_gap=0.3956  mixup=30/100  0.6 sps  ETA 3.5h  cpc=0.0040
              R²_rand=0.4939  R²_naive=0.4980  U_t=0.5248  U_b=0.7624  AUC=1.0000  Top1=0.9980
  timing: data=10.0ms  fwd=773.2ms  bwd=619.9ms  total=1403.8ms
  -> Saved /tmp/contrastive-forecasting-363/experiments/2026-06-24_sigreg_lambda_sweep/runs/bb_allt08_xftrip_nobn_enc3_emateach_sigreg_qk_aon_b512_cpc_emb100_enc10_best_gap.pth
[   4700] loss=3.8652  ema_loss=3.8805  gap=0.4012  ema_gap=0.3988  mixup=35/100  0.6 sps  ETA 3.5h  cpc=0.0071
              R²_rand=0.4840  R²_naive=0.4918  U_t=0.4957  U_b=0.7627  AUC=0.9998  Top1=0.9906
  timing: data=10.7ms  fwd=770.1ms  bwd=620.4ms  total=1401.9ms
  -> Saved /tmp/contrastive-forecasting-363/experiments/2026-06-24_sigreg_lambda_sweep/runs/bb_allt08_xftrip_nobn_enc3_emateach_sigreg_qk_aon_b512_cpc_emb100_enc10_best_gap.pth
[   4800] loss=3.9063  ema_loss=3.8837  gap=0.4148  ema_gap=0.4023  mixup=32/100  0.6 sps  ETA 3.5h  cpc=0.0044
              R²_rand=0.4885  R²_naive=0.4972  U_t=0.5416  U_b=0.7600  AUC=1.0000  Top1=0.9941
  timing: data=8.9ms  fwd=776.3ms  bwd=620.1ms  total=1406.1ms
  -> Saved /tmp/contrastive-forecasting-363/experiments/2026-06-24_sigreg_lambda_sweep/runs/bb_allt08_xftrip_nobn_enc3_emateach_sigreg_qk_aon_b512_cpc_emb100_enc10_best_gap.pth
[   4900] loss=3.9192  ema_loss=3.8972  gap=0.4075  ema_gap=0.4058  mixup=27/100  0.6 sps  ETA 3.4h  cpc=0.0040
              R²_rand=0.4835  R²_naive=0.4939  U_t=0.5191  U_b=0.7706  AUC=0.9997  Top1=0.9863
  timing: data=10.0ms  fwd=771.2ms  bwd=620.2ms  total=1402.2ms
  -> Saved /tmp/contrastive-forecasting-363/experiments/2026-06-24_sigreg_lambda_sweep/runs/bb_allt08_xftrip_nobn_enc3_emateach_sigreg_qk_aon_b512_cpc_emb100_enc10_best_gap.pth
[   5000] loss=3.9674  ema_loss=3.9263  gap=0.4187  ema_gap=0.4078  mixup=39/100  0.6 sps  ETA 3.4h  cpc=0.0362
              R²_rand=0.4917  R²_naive=0.5008  U_t=0.5288  U_b=0.6809  AUC=1.0000  Top1=0.9980
  timing: data=10.3ms  fwd=772.9ms  bwd=620.1ms  total=1404.1ms
  -> Saved /tmp/contrastive-forecasting-363/experiments/2026-06-24_sigreg_lambda_sweep/runs/bb_allt08_xftrip_nobn_enc3_emateach_sigreg_qk_aon_b512_cpc_emb100_enc10_best_gap.pth
  -> Saved /tmp/contrastive-forecasting-363/experiments/2026-06-24_sigreg_lambda_sweep/runs/bb_allt08_xftrip_nobn_enc3_emateach_sigreg_qk_aon_b512_cpc_emb100_enc10_5k.pth
[   5100] loss=3.9393  ema_loss=3.9378  gap=0.4224  ema_gap=0.4096  mixup=29/100  0.6 sps  ETA 3.3h  cpc=0.0397
              R²_rand=0.5011  R²_naive=0.5071  U_t=0.5071  U_b=0.6926  AUC=1.0000  Top1=0.9959
  timing: data=11.4ms  fwd=773.5ms  bwd=619.9ms  total=1405.6ms
  -> Saved /tmp/contrastive-forecasting-363/experiments/2026-06-24_sigreg_lambda_sweep/runs/bb_allt08_xftrip_nobn_enc3_emateach_sigreg_qk_aon_b512_cpc_emb100_enc10_best_gap.pth
[   5200] loss=3.9698  ema_loss=3.9735  gap=0.3948  ema_gap=0.4095  mixup=30/100  0.6 sps  ETA 3.3h  cpc=0.0093
              R²_rand=0.4787  R²_naive=0.4864  U_t=0.4924  U_b=0.7787  AUC=0.9998  Top1=0.9821
  timing: data=10.5ms  fwd=776.5ms  bwd=620.6ms  total=1408.5ms
[   5300] loss=3.9637  ema_loss=3.9932  gap=0.4226  ema_gap=0.4121  mixup=30/100  0.6 sps  ETA 3.2h  cpc=0.0037
              R²_rand=0.4880  R²_naive=0.4992  U_t=0.5429  U_b=0.7771  AUC=0.9999  Top1=0.9936
  timing: data=10.3ms  fwd=772.1ms  bwd=620.1ms  total=1403.2ms
  -> Saved /tmp/contrastive-forecasting-363/experiments/2026-06-24_sigreg_lambda_sweep/runs/bb_allt08_xftrip_nobn_enc3_emateach_sigreg_qk_aon_b512_cpc_emb100_enc10_best_gap.pth
[   5400] loss=4.0114  ema_loss=4.0274  gap=0.4103  ema_gap=0.4136  mixup=31/100  0.6 sps  ETA 3.2h  cpc=0.0064
              R²_rand=0.4850  R²_naive=0.4924  U_t=0.5325  U_b=0.7787  AUC=0.9999  Top1=0.9881
  timing: data=10.8ms  fwd=771.1ms  bwd=620.3ms  total=1403.0ms
  -> Saved /tmp/contrastive-forecasting-363/experiments/2026-06-24_sigreg_lambda_sweep/runs/bb_allt08_xftrip_nobn_enc3_emateach_sigreg_qk_aon_b512_cpc_emb100_enc10_best_gap.pth
[   5500] loss=4.0934  ema_loss=4.0408  gap=0.4215  ema_gap=0.4162  mixup=28/100  0.6 sps  ETA 3.1h  cpc=0.0265
              R²_rand=0.4869  R²_naive=0.4947  U_t=0.5495  U_b=0.7237  AUC=1.0000  Top1=0.9976
  timing: data=9.9ms  fwd=773.8ms  bwd=620.1ms  total=1404.6ms
  -> Saved /tmp/contrastive-forecasting-363/experiments/2026-06-24_sigreg_lambda_sweep/runs/bb_allt08_xftrip_nobn_enc3_emateach_sigreg_qk_aon_b512_cpc_emb100_enc10_best_gap.pth
[   5600] loss=4.1182  ema_loss=4.0934  gap=0.4299  ema_gap=0.4185  mixup=29/100  0.6 sps  ETA 3.1h  cpc=0.0194
              R²_rand=0.4905  R²_naive=0.5007  U_t=0.5215  U_b=0.7458  AUC=1.0000  Top1=0.9975
  timing: data=10.3ms  fwd=773.8ms  bwd=620.0ms  total=1404.9ms
  -> Saved /tmp/contrastive-forecasting-363/experiments/2026-06-24_sigreg_lambda_sweep/runs/bb_allt08_xftrip_nobn_enc3_emateach_sigreg_qk_aon_b512_cpc_emb100_enc10_best_gap.pth
[   5700] loss=4.0781  ema_loss=4.1048  gap=0.4098  ema_gap=0.4201  mixup=43/100  0.6 sps  ETA 3.0h  cpc=0.0042
              R²_rand=0.4739  R²_naive=0.4847  U_t=0.5576  U_b=0.7814  AUC=0.9998  Top1=0.9846
  timing: data=10.6ms  fwd=771.7ms  bwd=620.1ms  total=1403.2ms
  -> Saved /tmp/contrastive-forecasting-363/experiments/2026-06-24_sigreg_lambda_sweep/runs/bb_allt08_xftrip_nobn_enc3_emateach_sigreg_qk_aon_b512_cpc_emb100_enc10_best_gap.pth
[   5800] loss=4.0933  ema_loss=4.1306  gap=0.4227  ema_gap=0.4226  mixup=29/100  0.6 sps  ETA 3.0h  cpc=0.0082
              R²_rand=0.4893  R²_naive=0.4969  U_t=0.5233  U_b=0.7838  AUC=0.9999  Top1=0.9946
  timing: data=10.9ms  fwd=773.0ms  bwd=620.1ms  total=1404.9ms
  -> Saved /tmp/contrastive-forecasting-363/experiments/2026-06-24_sigreg_lambda_sweep/runs/bb_allt08_xftrip_nobn_enc3_emateach_sigreg_qk_aon_b512_cpc_emb100_enc10_best_gap.pth
[   5900] loss=4.1360  ema_loss=4.1421  gap=0.4189  ema_gap=0.4237  mixup=28/100  0.6 sps  ETA 3.0h  cpc=0.0036
              R²_rand=0.4806  R²_naive=0.4906  U_t=0.5480  U_b=0.7831  AUC=0.9999  Top1=0.9957
  timing: data=10.3ms  fwd=773.8ms  bwd=619.9ms  total=1404.8ms
  -> Saved /tmp/contrastive-forecasting-363/experiments/2026-06-24_sigreg_lambda_sweep/runs/bb_allt08_xftrip_nobn_enc3_emateach_sigreg_qk_aon_b512_cpc_emb100_enc10_best_gap.pth
[   6000] loss=4.2351  ema_loss=4.1678  gap=0.4360  ema_gap=0.4245  mixup=35/100  0.6 sps  ETA 2.9h  cpc=0.0135
              R²_rand=0.4844  R²_naive=0.4967  U_t=0.5664  U_b=0.7603  AUC=1.0000  Top1=0.9980
  timing: data=11.0ms  fwd=771.3ms  bwd=620.2ms  total=1403.3ms
  -> Saved /tmp/contrastive-forecasting-363/experiments/2026-06-24_sigreg_lambda_sweep/runs/bb_allt08_xftrip_nobn_enc3_emateach_sigreg_qk_aon_b512_cpc_emb100_enc10_best_gap.pth
[   6100] loss=4.1592  ema_loss=4.1745  gap=0.4218  ema_gap=0.4267  mixup=34/100  0.6 sps  ETA 2.9h  cpc=0.0352
              R²_rand=0.4874  R²_naive=0.4951  U_t=0.5045  U_b=0.7097  AUC=1.0000  Top1=0.9945
  timing: data=10.0ms  fwd=772.8ms  bwd=620.0ms  total=1403.6ms
  -> Saved /tmp/contrastive-forecasting-363/experiments/2026-06-24_sigreg_lambda_sweep/runs/bb_allt08_xftrip_nobn_enc3_emateach_sigreg_qk_aon_b512_cpc_emb100_enc10_best_gap.pth
[   6200] loss=4.1826  ema_loss=4.2019  gap=0.4283  ema_gap=0.4264  mixup=47/100  0.6 sps  ETA 2.8h  cpc=0.0017
              R²_rand=0.4825  R²_naive=0.4940  U_t=0.5761  U_b=0.7933  AUC=1.0000  Top1=0.9969
  timing: data=10.6ms  fwd=771.6ms  bwd=620.5ms  total=1403.5ms
[   6300] loss=4.2242  ema_loss=4.2159  gap=0.4224  ema_gap=0.4276  mixup=28/100  0.6 sps  ETA 2.8h  cpc=0.0045
              R²_rand=0.4756  R²_naive=0.4870  U_t=0.5768  U_b=0.7940  AUC=1.0000  Top1=0.9965
  timing: data=9.6ms  fwd=774.5ms  bwd=620.2ms  total=1405.1ms
  -> Saved /tmp/contrastive-forecasting-363/experiments/2026-06-24_sigreg_lambda_sweep/runs/bb_allt08_xftrip_nobn_enc3_emateach_sigreg_qk_aon_b512_cpc_emb100_enc10_best_gap.pth
[   6400] loss=4.2747  ema_loss=4.2423  gap=0.4372  ema_gap=0.4285  mixup=23/100  0.6 sps  ETA 2.7h  cpc=0.0028
              R²_rand=0.4839  R²_naive=0.4975  U_t=0.6014  U_b=0.8005  AUC=1.0000  Top1=0.9979
  timing: data=11.1ms  fwd=771.4ms  bwd=620.2ms  total=1403.4ms
  -> Saved /tmp/contrastive-forecasting-363/experiments/2026-06-24_sigreg_lambda_sweep/runs/bb_allt08_xftrip_nobn_enc3_emateach_sigreg_qk_aon_b512_cpc_emb100_enc10_best_gap.pth
[   6500] loss=4.3554  ema_loss=4.2523  gap=0.4357  ema_gap=0.4306  mixup=22/100  0.6 sps  ETA 2.7h  cpc=0.0399
              R²_rand=0.4835  R²_naive=0.4940  U_t=0.6091  U_b=0.7321  AUC=1.0000  Top1=0.9978
  timing: data=9.0ms  fwd=771.7ms  bwd=619.9ms  total=1401.4ms
  -> Saved /tmp/contrastive-forecasting-363/experiments/2026-06-24_sigreg_lambda_sweep/runs/bb_allt08_xftrip_nobn_enc3_emateach_sigreg_qk_aon_b512_cpc_emb100_enc10_best_gap.pth
[   6600] loss=4.2957  ema_loss=4.2780  gap=0.4479  ema_gap=0.4322  mixup=29/100  0.6 sps  ETA 2.6h  cpc=0.0031
              R²_rand=0.4840  R²_naive=0.5000  U_t=0.5821  U_b=0.7987  AUC=0.9999  Top1=0.9971
  timing: data=10.5ms  fwd=775.8ms  bwd=620.1ms  total=1407.2ms
  -> Saved /tmp/contrastive-forecasting-363/experiments/2026-06-24_sigreg_lambda_sweep/runs/bb_allt08_xftrip_nobn_enc3_emateach_sigreg_qk_aon_b512_cpc_emb100_enc10_best_gap.pth
[   6700] loss=4.3765  ema_loss=4.2856  gap=0.4387  ema_gap=0.4357  mixup=31/100  0.6 sps  ETA 2.6h  cpc=0.0397
              R²_rand=0.4816  R²_naive=0.4935  U_t=0.5750  U_b=0.7092  AUC=1.0000  Top1=0.9988
  timing: data=10.8ms  fwd=774.4ms  bwd=619.8ms  total=1405.8ms
  -> Saved /tmp/contrastive-forecasting-363/experiments/2026-06-24_sigreg_lambda_sweep/runs/bb_allt08_xftrip_nobn_enc3_emateach_sigreg_qk_aon_b512_cpc_emb100_enc10_best_gap.pth
[   6800] loss=4.2636  ema_loss=4.2981  gap=0.4403  ema_gap=0.4378  mixup=34/100  0.6 sps  ETA 2.6h  cpc=0.0033
              R²_rand=0.4874  R²_naive=0.4965  U_t=0.5738  U_b=0.8079  AUC=1.0000  Top1=0.9974
  timing: data=10.9ms  fwd=770.9ms  bwd=620.2ms  total=1402.7ms
  -> Saved /tmp/contrastive-forecasting-363/experiments/2026-06-24_sigreg_lambda_sweep/runs/bb_allt08_xftrip_nobn_enc3_emateach_sigreg_qk_aon_b512_cpc_emb100_enc10_best_gap.pth
[   6900] loss=4.3408  ema_loss=4.3135  gap=0.4321  ema_gap=0.4396  mixup=23/100  0.6 sps  ETA 2.5h  cpc=0.0039
              R²_rand=0.4763  R²_naive=0.4887  U_t=0.5930  U_b=0.8106  AUC=1.0000  Top1=0.9972
  timing: data=10.6ms  fwd=773.1ms  bwd=619.8ms  total=1404.2ms
  -> Saved /tmp/contrastive-forecasting-363/experiments/2026-06-24_sigreg_lambda_sweep/runs/bb_allt08_xftrip_nobn_enc3_emateach_sigreg_qk_aon_b512_cpc_emb100_enc10_best_gap.pth
[   7000] loss=4.2707  ema_loss=4.3239  gap=0.4310  ema_gap=0.4400  mixup=28/100  0.6 sps  ETA 2.5h  cpc=0.0039
              R²_rand=0.4818  R²_naive=0.4902  U_t=0.6080  U_b=0.8054  AUC=0.9998  Top1=0.9836
  timing: data=10.5ms  fwd=770.8ms  bwd=620.0ms  total=1402.0ms
  -> Saved /tmp/contrastive-forecasting-363/experiments/2026-06-24_sigreg_lambda_sweep/runs/bb_allt08_xftrip_nobn_enc3_emateach_sigreg_qk_aon_b512_cpc_emb100_enc10_best_gap.pth
[   7100] loss=4.3300  ema_loss=4.3658  gap=0.4458  ema_gap=0.4402  mixup=39/100  0.6 sps  ETA 2.4h  cpc=0.0036
              R²_rand=0.4855  R²_naive=0.4983  U_t=0.5972  U_b=0.8081  AUC=0.9999  Top1=0.9966
  timing: data=11.3ms  fwd=772.3ms  bwd=620.4ms  total=1404.7ms
  -> Saved /tmp/contrastive-forecasting-363/experiments/2026-06-24_sigreg_lambda_sweep/runs/bb_allt08_xftrip_nobn_enc3_emateach_sigreg_qk_aon_b512_cpc_emb100_enc10_best_gap.pth
[   7200] loss=4.4433  ema_loss=4.3695  gap=0.4452  ema_gap=0.4424  mixup=25/100  0.6 sps  ETA 2.4h  cpc=0.0340
              R²_rand=0.4880  R²_naive=0.4973  U_t=0.5913  U_b=0.7407  AUC=1.0000  Top1=0.9990
  timing: data=10.2ms  fwd=771.7ms  bwd=620.0ms  total=1402.6ms
  -> Saved /tmp/contrastive-forecasting-363/experiments/2026-06-24_sigreg_lambda_sweep/runs/bb_allt08_xftrip_nobn_enc3_emateach_sigreg_qk_aon_b512_cpc_emb100_enc10_best_gap.pth
[   7300] loss=4.4123  ema_loss=4.4156  gap=0.4639  ema_gap=0.4440  mixup=33/100  0.6 sps  ETA 2.3h  cpc=0.0300
              R²_rand=0.4943  R²_naive=0.5096  U_t=0.5990  U_b=0.7280  AUC=1.0000  Top1=0.9996
  timing: data=10.5ms  fwd=773.2ms  bwd=619.9ms  total=1404.3ms
  -> Saved /tmp/contrastive-forecasting-363/experiments/2026-06-24_sigreg_lambda_sweep/runs/bb_allt08_xftrip_nobn_enc3_emateach_sigreg_qk_aon_b512_cpc_emb100_enc10_best_gap.pth
[   7400] loss=4.4034  ema_loss=4.4449  gap=0.4681  ema_gap=0.4530  mixup=32/100  0.6 sps  ETA 2.3h  cpc=0.0044
              R²_rand=0.4831  R²_naive=0.5045  U_t=0.6170  U_b=0.7972  AUC=0.9999  Top1=0.9915
  timing: data=11.2ms  fwd=772.0ms  bwd=619.8ms  total=1403.7ms
  -> Saved /tmp/contrastive-forecasting-363/experiments/2026-06-24_sigreg_lambda_sweep/runs/bb_allt08_xftrip_nobn_enc3_emateach_sigreg_qk_aon_b512_cpc_emb100_enc10_best_gap.pth
[   7500] loss=4.3869  ema_loss=4.4236  gap=0.4615  ema_gap=0.4594  mixup=30/100  0.6 sps  ETA 2.2h  cpc=0.0055
              R²_rand=0.4808  R²_naive=0.4979  U_t=0.6285  U_b=0.8113  AUC=0.9999  Top1=0.9920
  timing: data=10.4ms  fwd=772.6ms  bwd=620.0ms  total=1403.9ms
  -> Saved /tmp/contrastive-forecasting-363/experiments/2026-06-24_sigreg_lambda_sweep/runs/bb_allt08_xftrip_nobn_enc3_emateach_sigreg_qk_aon_b512_cpc_emb100_enc10_best_gap.pth
  -> Saved /tmp/contrastive-forecasting-363/experiments/2026-06-24_sigreg_lambda_sweep/runs/bb_allt08_xftrip_nobn_enc3_emateach_sigreg_qk_aon_b512_cpc_emb100_enc10_7k.pth
[   7600] loss=4.4587  ema_loss=4.4371  gap=0.4659  ema_gap=0.4591  mixup=33/100  0.6 sps  ETA 2.2h  cpc=0.0027
              R²_rand=0.4837  R²_naive=0.4997  U_t=0.6163  U_b=0.8068  AUC=1.0000  Top1=0.9997
  timing: data=9.9ms  fwd=773.7ms  bwd=620.2ms  total=1404.5ms
[   7700] loss=4.4894  ema_loss=4.4355  gap=0.4673  ema_gap=0.4642  mixup=28/100  0.6 sps  ETA 2.1h  cpc=0.0270
              R²_rand=0.4889  R²_naive=0.5025  U_t=0.6293  U_b=0.7550  AUC=1.0000  Top1=0.9994
  timing: data=10.6ms  fwd=770.4ms  bwd=620.0ms  total=1401.7ms
  -> Saved /tmp/contrastive-forecasting-363/experiments/2026-06-24_sigreg_lambda_sweep/runs/bb_allt08_xftrip_nobn_enc3_emateach_sigreg_qk_aon_b512_cpc_emb100_enc10_best_gap.pth
[   7800] loss=4.4812  ema_loss=4.4503  gap=0.4676  ema_gap=0.4628  mixup=27/100  0.6 sps  ETA 2.1h  cpc=0.0038
              R²_rand=0.4876  R²_naive=0.5005  U_t=0.6621  U_b=0.8134  AUC=1.0000  Top1=0.9994
  timing: data=10.2ms  fwd=775.7ms  bwd=620.2ms  total=1406.9ms
[   7900] loss=4.4880  ema_loss=4.4733  gap=0.4742  ema_gap=0.4644  mixup=30/100  0.6 sps  ETA 2.1h  cpc=0.0091
              R²_rand=0.4820  R²_naive=0.4998  U_t=0.6051  U_b=0.8008  AUC=0.9999  Top1=0.9863
  timing: data=9.9ms  fwd=770.9ms  bwd=620.3ms  total=1401.8ms
  -> Saved /tmp/contrastive-forecasting-363/experiments/2026-06-24_sigreg_lambda_sweep/runs/bb_allt08_xftrip_nobn_enc3_emateach_sigreg_qk_aon_b512_cpc_emb100_enc10_best_gap.pth
[   8000] loss=4.4823  ema_loss=4.4870  gap=0.4747  ema_gap=0.4748  mixup=35/100  0.6 sps  ETA 2.0h  cpc=0.0044
              R²_rand=0.4819  R²_naive=0.5012  U_t=0.6064  U_b=0.8134  AUC=1.0000  Top1=0.9996
  timing: data=10.3ms  fwd=772.8ms  bwd=620.0ms  total=1403.9ms
  -> Saved /tmp/contrastive-forecasting-363/experiments/2026-06-24_sigreg_lambda_sweep/runs/bb_allt08_xftrip_nobn_enc3_emateach_sigreg_qk_aon_b512_cpc_emb100_enc10_best_gap.pth
[   8100] loss=4.4577  ema_loss=4.4939  gap=0.4810  ema_gap=0.4751  mixup=31/100  0.6 sps  ETA 2.0h  cpc=0.0038
              R²_rand=0.4894  R²_naive=0.5065  U_t=0.6324  U_b=0.8112  AUC=1.0000  Top1=0.9963
  timing: data=10.4ms  fwd=772.4ms  bwd=620.3ms  total=1403.8ms
  -> Saved /tmp/contrastive-forecasting-363/experiments/2026-06-24_sigreg_lambda_sweep/runs/bb_allt08_xftrip_nobn_enc3_emateach_sigreg_qk_aon_b512_cpc_emb100_enc10_best_gap.pth
[   8200] loss=4.4474  ema_loss=4.5064  gap=0.4637  ema_gap=0.4761  mixup=34/100  0.6 sps  ETA 1.9h  cpc=0.0046
              R²_rand=0.4805  R²_naive=0.4948  U_t=0.6170  U_b=0.8172  AUC=0.9998  Top1=0.9792
  timing: data=9.8ms  fwd=777.3ms  bwd=620.3ms  total=1408.3ms
  -> Saved /tmp/contrastive-forecasting-363/experiments/2026-06-24_sigreg_lambda_sweep/runs/bb_allt08_xftrip_nobn_enc3_emateach_sigreg_qk_aon_b512_cpc_emb100_enc10_best_gap.pth
[   8300] loss=4.4729  ema_loss=4.5089  gap=0.4656  ema_gap=0.4779  mixup=28/100  0.6 sps  ETA 1.9h  cpc=0.0026
              R²_rand=0.4841  R²_naive=0.4960  U_t=0.6125  U_b=0.8154  AUC=1.0000  Top1=0.9984
  timing: data=10.4ms  fwd=773.3ms  bwd=620.0ms  total=1404.5ms
  -> Saved /tmp/contrastive-forecasting-363/experiments/2026-06-24_sigreg_lambda_sweep/runs/bb_allt08_xftrip_nobn_enc3_emateach_sigreg_qk_aon_b512_cpc_emb100_enc10_best_gap.pth
[   8400] loss=4.5147  ema_loss=4.5286  gap=0.4780  ema_gap=0.4776  mixup=24/100  0.6 sps  ETA 1.8h  cpc=0.0054
              R²_rand=0.4839  R²_naive=0.5000  U_t=0.6335  U_b=0.8221  AUC=1.0000  Top1=0.9984
  timing: data=10.2ms  fwd=774.3ms  bwd=620.4ms  total=1405.6ms
[   8500] loss=4.3562  ema_loss=4.5442  gap=0.4937  ema_gap=0.4842  mixup=34/100  0.6 sps  ETA 1.8h  cpc=0.0061
              R²_rand=0.5004  R²_naive=0.5166  U_t=0.5744  U_b=0.8135  AUC=1.0000  Top1=0.9939
  timing: data=10.6ms  fwd=774.9ms  bwd=620.3ms  total=1406.6ms
  -> Saved /tmp/contrastive-forecasting-363/experiments/2026-06-24_sigreg_lambda_sweep/runs/bb_allt08_xftrip_nobn_enc3_emateach_sigreg_qk_aon_b512_cpc_emb100_enc10_best_gap.pth
[   8600] loss=4.5475  ema_loss=4.5132  gap=0.4904  ema_gap=0.4880  mixup=27/100  0.6 sps  ETA 1.7h  cpc=0.0069
              R²_rand=0.4916  R²_naive=0.5073  U_t=0.6268  U_b=0.8151  AUC=1.0000  Top1=0.9995
  timing: data=10.3ms  fwd=775.3ms  bwd=620.0ms  total=1406.5ms
  -> Saved /tmp/contrastive-forecasting-363/experiments/2026-06-24_sigreg_lambda_sweep/runs/bb_allt08_xftrip_nobn_enc3_emateach_sigreg_qk_aon_b512_cpc_emb100_enc10_best_gap.pth
[   8700] loss=4.6161  ema_loss=4.5364  gap=0.4654  ema_gap=0.4897  mixup=27/100  0.6 sps  ETA 1.7h  cpc=0.0092
              R²_rand=0.4736  R²_naive=0.4871  U_t=0.6114  U_b=0.8125  AUC=1.0000  Top1=0.9963
  timing: data=10.9ms  fwd=774.8ms  bwd=619.5ms  total=1406.0ms
  -> Saved /tmp/contrastive-forecasting-363/experiments/2026-06-24_sigreg_lambda_sweep/runs/bb_allt08_xftrip_nobn_enc3_emateach_sigreg_qk_aon_b512_cpc_emb100_enc10_best_gap.pth
[   8800] loss=4.5243  ema_loss=4.5847  gap=0.4922  ema_gap=0.4979  mixup=35/100  0.6 sps  ETA 1.7h  cpc=0.0033
              R²_rand=0.4883  R²_naive=0.5072  U_t=0.6256  U_b=0.8179  AUC=1.0000  Top1=0.9998
  timing: data=9.5ms  fwd=772.4ms  bwd=619.2ms  total=1401.9ms
  -> Saved /tmp/contrastive-forecasting-363/experiments/2026-06-24_sigreg_lambda_sweep/runs/bb_allt08_xftrip_nobn_enc3_emateach_sigreg_qk_aon_b512_cpc_emb100_enc10_best_gap.pth
[   8900] loss=4.5520  ema_loss=4.5844  gap=0.5039  ema_gap=0.4991  mixup=23/100  0.6 sps  ETA 1.6h  cpc=0.0083
              R²_rand=0.4923  R²_naive=0.5114  U_t=0.6264  U_b=0.8147  AUC=0.9998  Top1=0.9929
  timing: data=12.3ms  fwd=773.1ms  bwd=619.4ms  total=1405.5ms
  -> Saved /tmp/contrastive-forecasting-363/experiments/2026-06-24_sigreg_lambda_sweep/runs/bb_allt08_xftrip_nobn_enc3_emateach_sigreg_qk_aon_b512_cpc_emb100_enc10_best_gap.pth
[   9000] loss=4.6925  ema_loss=4.5914  gap=0.5114  ema_gap=0.5011  mixup=23/100  0.6 sps  ETA 1.6h  cpc=0.0462
              R²_rand=0.4967  R²_naive=0.5173  U_t=0.6200  U_b=0.7242  AUC=1.0000  Top1=0.9997
  timing: data=9.6ms  fwd=771.3ms  bwd=619.4ms  total=1401.0ms
  -> Saved /tmp/contrastive-forecasting-363/experiments/2026-06-24_sigreg_lambda_sweep/runs/bb_allt08_xftrip_nobn_enc3_emateach_sigreg_qk_aon_b512_cpc_emb100_enc10_best_gap.pth
[   9100] loss=4.6706  ema_loss=4.6066  gap=0.5003  ema_gap=0.5019  mixup=33/100  0.6 sps  ETA 1.5h  cpc=0.0324
              R²_rand=0.4951  R²_naive=0.5109  U_t=0.6537  U_b=0.7555  AUC=1.0000  Top1=0.9998
  timing: data=11.9ms  fwd=774.2ms  bwd=619.3ms  total=1406.1ms
  -> Saved /tmp/contrastive-forecasting-363/experiments/2026-06-24_sigreg_lambda_sweep/runs/bb_allt08_xftrip_nobn_enc3_emateach_sigreg_qk_aon_b512_cpc_emb100_enc10_best_gap.pth
[   9200] loss=4.6227  ema_loss=4.6157  gap=0.5173  ema_gap=0.5040  mixup=34/100  0.6 sps  ETA 1.5h  cpc=0.0143
              R²_rand=0.5051  R²_naive=0.5219  U_t=0.6228  U_b=0.7880  AUC=1.0000  Top1=0.9993
  timing: data=11.3ms  fwd=772.2ms  bwd=619.1ms  total=1403.4ms
  -> Saved /tmp/contrastive-forecasting-363/experiments/2026-06-24_sigreg_lambda_sweep/runs/bb_allt08_xftrip_nobn_enc3_emateach_sigreg_qk_aon_b512_cpc_emb100_enc10_best_gap.pth
[   9300] loss=4.6844  ema_loss=4.6331  gap=0.5212  ema_gap=0.5060  mixup=34/100  0.6 sps  ETA 1.4h  cpc=0.0269
              R²_rand=0.4996  R²_naive=0.5234  U_t=0.5927  U_b=0.7670  AUC=1.0000  Top1=0.9995
  timing: data=10.9ms  fwd=775.2ms  bwd=619.6ms  total=1406.5ms
  -> Saved /tmp/contrastive-forecasting-363/experiments/2026-06-24_sigreg_lambda_sweep/runs/bb_allt08_xftrip_nobn_enc3_emateach_sigreg_qk_aon_b512_cpc_emb100_enc10_best_gap.pth
[   9400] loss=4.6157  ema_loss=4.6264  gap=0.5154  ema_gap=0.5100  mixup=32/100  0.6 sps  ETA 1.4h  cpc=0.0030
              R²_rand=0.4949  R²_naive=0.5156  U_t=0.6521  U_b=0.8112  AUC=0.9999  Top1=0.9924
  timing: data=10.1ms  fwd=773.1ms  bwd=619.2ms  total=1403.3ms
  -> Saved /tmp/contrastive-forecasting-363/experiments/2026-06-24_sigreg_lambda_sweep/runs/bb_allt08_xftrip_nobn_enc3_emateach_sigreg_qk_aon_b512_cpc_emb100_enc10_best_gap.pth
[   9500] loss=4.6041  ema_loss=4.6379  gap=0.5086  ema_gap=0.5114  mixup=31/100  0.6 sps  ETA 1.3h  cpc=0.0053
              R²_rand=0.4898  R²_naive=0.5112  U_t=0.6099  U_b=0.8097  AUC=1.0000  Top1=0.9956
  timing: data=10.7ms  fwd=771.4ms  bwd=619.0ms  total=1401.8ms
  -> Saved /tmp/contrastive-forecasting-363/experiments/2026-06-24_sigreg_lambda_sweep/runs/bb_allt08_xftrip_nobn_enc3_emateach_sigreg_qk_aon_b512_cpc_emb100_enc10_best_gap.pth
[   9600] loss=4.6364  ema_loss=4.6347  gap=0.5099  ema_gap=0.5141  mixup=29/100  0.6 sps  ETA 1.3h  cpc=0.0034
              R²_rand=0.4966  R²_naive=0.5118  U_t=0.6488  U_b=0.8157  AUC=0.9999  Top1=0.9951
  timing: data=9.4ms  fwd=778.2ms  bwd=619.7ms  total=1408.1ms
  -> Saved /tmp/contrastive-forecasting-363/experiments/2026-06-24_sigreg_lambda_sweep/runs/bb_allt08_xftrip_nobn_enc3_emateach_sigreg_qk_aon_b512_cpc_emb100_enc10_best_gap.pth
[   9700] loss=4.6964  ema_loss=4.6456  gap=0.5130  ema_gap=0.5158  mixup=30/100  0.6 sps  ETA 1.3h  cpc=0.0403
              R²_rand=0.4978  R²_naive=0.5153  U_t=0.6393  U_b=0.7443  AUC=1.0000  Top1=0.9991
  timing: data=10.1ms  fwd=772.7ms  bwd=619.2ms  total=1402.8ms
  -> Saved /tmp/contrastive-forecasting-363/experiments/2026-06-24_sigreg_lambda_sweep/runs/bb_allt08_xftrip_nobn_enc3_emateach_sigreg_qk_aon_b512_cpc_emb100_enc10_best_gap.pth
[   9800] loss=4.6391  ema_loss=4.6359  gap=0.5098  ema_gap=0.5148  mixup=30/100  0.6 sps  ETA 1.2h  cpc=0.0089
              R²_rand=0.4916  R²_naive=0.5118  U_t=0.6485  U_b=0.8152  AUC=0.9995  Top1=0.9970
  timing: data=10.6ms  fwd=772.1ms  bwd=618.9ms  total=1402.4ms
[   9900] loss=4.7698  ema_loss=4.6347  gap=0.5241  ema_gap=0.5158  mixup=20/100  0.6 sps  ETA 1.2h  cpc=0.0599
              R²_rand=0.4961  R²_naive=0.5167  U_t=0.6216  U_b=0.8108  AUC=0.9995  Top1=0.9912
  timing: data=9.9ms  fwd=773.5ms  bwd=619.1ms  total=1403.2ms
  -> Saved /tmp/contrastive-forecasting-363/experiments/2026-06-24_sigreg_lambda_sweep/runs/bb_allt08_xftrip_nobn_enc3_emateach_sigreg_qk_aon_b512_cpc_emb100_enc10_best_gap.pth
[  10000] loss=4.6191  ema_loss=4.6371  gap=0.5251  ema_gap=0.5230  mixup=23/100  0.6 sps  ETA 1.1h  cpc=0.0077
              R²_rand=0.5052  R²_naive=0.5219  U_t=0.6302  U_b=0.8075  AUC=1.0000  Top1=0.9967
  timing: data=10.4ms  fwd=774.5ms  bwd=619.0ms  total=1404.8ms
  -> Saved /tmp/contrastive-forecasting-363/experiments/2026-06-24_sigreg_lambda_sweep/runs/bb_allt08_xftrip_nobn_enc3_emateach_sigreg_qk_aon_b512_cpc_emb100_enc10_best_gap.pth
  -> Saved /tmp/contrastive-forecasting-363/experiments/2026-06-24_sigreg_lambda_sweep/runs/bb_allt08_xftrip_nobn_enc3_emateach_sigreg_qk_aon_b512_cpc_emb100_enc10_10k.pth
[  10100] loss=4.6021  ema_loss=4.6338  gap=0.5092  ema_gap=0.5229  mixup=26/100  0.6 sps  ETA 1.1h  cpc=0.0047
              R²_rand=0.4919  R²_naive=0.5101  U_t=0.6147  U_b=0.8095  AUC=1.0000  Top1=0.9989
  timing: data=10.5ms  fwd=771.7ms  bwd=619.1ms  total=1402.0ms
[  10200] loss=4.6672  ema_loss=4.6428  gap=0.5209  ema_gap=0.5238  mixup=36/100  0.6 sps  ETA 1.0h  cpc=0.0042
              R²_rand=0.4976  R²_naive=0.5183  U_t=0.6372  U_b=0.8124  AUC=1.0000  Top1=0.9999
  timing: data=10.9ms  fwd=769.8ms  bwd=619.3ms  total=1400.8ms
  -> Saved /tmp/contrastive-forecasting-363/experiments/2026-06-24_sigreg_lambda_sweep/runs/bb_allt08_xftrip_nobn_enc3_emateach_sigreg_qk_aon_b512_cpc_emb100_enc10_best_gap.pth
[  10300] loss=4.5948  ema_loss=4.6261  gap=0.5263  ema_gap=0.5232  mixup=26/100  0.6 sps  ETA 1.0h  cpc=0.0068
              R²_rand=0.5057  R²_naive=0.5226  U_t=0.6326  U_b=0.8117  AUC=0.9999  Top1=0.9990
  timing: data=11.2ms  fwd=771.6ms  bwd=618.9ms  total=1402.4ms
[  10400] loss=4.6425  ema_loss=4.6131  gap=0.5199  ema_gap=0.5228  mixup=32/100  0.6 sps  ETA 0.9h  cpc=0.0470
              R²_rand=0.5036  R²_naive=0.5211  U_t=0.6362  U_b=0.7250  AUC=1.0000  Top1=0.9997
  timing: data=10.9ms  fwd=774.0ms  bwd=619.2ms  total=1404.9ms
[  10500] loss=4.7344  ema_loss=4.6262  gap=0.5312  ema_gap=0.5221  mixup=24/100  0.6 sps  ETA 0.9h  cpc=0.0421
              R²_rand=0.5045  R²_naive=0.5268  U_t=0.6165  U_b=0.7390  AUC=1.0000  Top1=0.9999
  timing: data=9.1ms  fwd=774.5ms  bwd=618.9ms  total=1403.2ms
[  10600] loss=4.7006  ema_loss=4.6264  gap=0.5271  ema_gap=0.5251  mixup=37/100  0.6 sps  ETA 0.8h  cpc=0.0611
              R²_rand=0.5023  R²_naive=0.5219  U_t=0.6368  U_b=0.7065  AUC=1.0000  Top1=0.9995
  timing: data=10.6ms  fwd=772.3ms  bwd=618.8ms  total=1402.4ms
  -> Saved /tmp/contrastive-forecasting-363/experiments/2026-06-24_sigreg_lambda_sweep/runs/bb_allt08_xftrip_nobn_enc3_emateach_sigreg_qk_aon_b512_cpc_emb100_enc10_best_gap.pth
[  10700] loss=4.6391  ema_loss=4.6309  gap=0.5302  ema_gap=0.5271  mixup=28/100  0.6 sps  ETA 0.8h  cpc=0.0016
              R²_rand=0.5024  R²_naive=0.5215  U_t=0.6656  U_b=0.8188  AUC=1.0000  Top1=0.9996
  timing: data=10.5ms  fwd=771.1ms  bwd=619.0ms  total=1401.4ms
  -> Saved /tmp/contrastive-forecasting-363/experiments/2026-06-24_sigreg_lambda_sweep/runs/bb_allt08_xftrip_nobn_enc3_emateach_sigreg_qk_aon_b512_cpc_emb100_enc10_best_gap.pth
[  10800] loss=4.5949  ema_loss=4.6226  gap=0.5236  ema_gap=0.5294  mixup=30/100  0.6 sps  ETA 0.8h  cpc=0.0076
              R²_rand=0.5034  R²_naive=0.5195  U_t=0.6416  U_b=0.8143  AUC=0.9999  Top1=0.9898
  timing: data=9.1ms  fwd=772.0ms  bwd=619.1ms  total=1400.9ms
  -> Saved /tmp/contrastive-forecasting-363/experiments/2026-06-24_sigreg_lambda_sweep/runs/bb_allt08_xftrip_nobn_enc3_emateach_sigreg_qk_aon_b512_cpc_emb100_enc10_best_gap.pth
[  10900] loss=4.6163  ema_loss=4.6280  gap=0.5346  ema_gap=0.5310  mixup=30/100  0.6 sps  ETA 0.7h  cpc=0.0042
              R²_rand=0.5049  R²_naive=0.5270  U_t=0.6293  U_b=0.8161  AUC=1.0000  Top1=0.9995
  timing: data=10.1ms  fwd=777.2ms  bwd=619.4ms  total=1407.5ms
  -> Saved /tmp/contrastive-forecasting-363/experiments/2026-06-24_sigreg_lambda_sweep/runs/bb_allt08_xftrip_nobn_enc3_emateach_sigreg_qk_aon_b512_cpc_emb100_enc10_best_gap.pth
[  11000] loss=4.5563  ema_loss=4.6142  gap=0.5436  ema_gap=0.5331  mixup=30/100  0.6 sps  ETA 0.7h  cpc=0.0056
              R²_rand=0.5119  R²_naive=0.5318  U_t=0.6203  U_b=0.8148  AUC=1.0000  Top1=0.9981
  timing: data=10.1ms  fwd=775.5ms  bwd=619.3ms  total=1405.7ms
  -> Saved /tmp/contrastive-forecasting-363/experiments/2026-06-24_sigreg_lambda_sweep/runs/bb_allt08_xftrip_nobn_enc3_emateach_sigreg_qk_aon_b512_cpc_emb100_enc10_best_gap.pth
[  11100] loss=4.6169  ema_loss=4.6069  gap=0.5418  ema_gap=0.5344  mixup=21/100  0.6 sps  ETA 0.6h  cpc=0.0061
              R²_rand=0.5137  R²_naive=0.5318  U_t=0.6515  U_b=0.8144  AUC=1.0000  Top1=0.9997
  timing: data=9.8ms  fwd=775.9ms  bwd=619.4ms  total=1405.8ms
  -> Saved /tmp/contrastive-forecasting-363/experiments/2026-06-24_sigreg_lambda_sweep/runs/bb_allt08_xftrip_nobn_enc3_emateach_sigreg_qk_aon_b512_cpc_emb100_enc10_best_gap.pth
[  11200] loss=4.6688  ema_loss=4.6117  gap=0.5418  ema_gap=0.5349  mixup=23/100  0.6 sps  ETA 0.6h  cpc=0.0036
              R²_rand=0.5068  R²_naive=0.5276  U_t=0.6779  U_b=0.8149  AUC=0.9999  Top1=0.9949
  timing: data=9.3ms  fwd=779.3ms  bwd=619.6ms  total=1408.9ms
  -> Saved /tmp/contrastive-forecasting-363/experiments/2026-06-24_sigreg_lambda_sweep/runs/bb_allt08_xftrip_nobn_enc3_emateach_sigreg_qk_aon_b512_cpc_emb100_enc10_best_gap.pth
[  11300] loss=4.5609  ema_loss=4.6085  gap=0.5444  ema_gap=0.5348  mixup=31/100  0.6 sps  ETA 0.5h  cpc=0.0081
              R²_rand=0.5148  R²_naive=0.5334  U_t=0.6223  U_b=0.8154  AUC=0.9999  Top1=0.9980
  timing: data=10.6ms  fwd=774.4ms  bwd=619.5ms  total=1405.3ms
[  11400] loss=4.6360  ema_loss=4.6112  gap=0.5303  ema_gap=0.5355  mixup=30/100  0.6 sps  ETA 0.5h  cpc=0.0046
              R²_rand=0.5081  R²_naive=0.5218  U_t=0.6214  U_b=0.8135  AUC=1.0000  Top1=0.9998
  timing: data=9.9ms  fwd=775.9ms  bwd=619.7ms  total=1406.3ms
  -> Saved /tmp/contrastive-forecasting-363/experiments/2026-06-24_sigreg_lambda_sweep/runs/bb_allt08_xftrip_nobn_enc3_emateach_sigreg_qk_aon_b512_cpc_emb100_enc10_best_gap.pth
[  11500] loss=4.6727  ema_loss=4.6054  gap=0.5404  ema_gap=0.5349  mixup=31/100  0.6 sps  ETA 0.4h  cpc=0.0425
              R²_rand=0.5092  R²_naive=0.5288  U_t=0.6551  U_b=0.7376  AUC=1.0000  Top1=0.9997
  timing: data=10.4ms  fwd=773.1ms  bwd=619.4ms  total=1403.6ms
[  11600] loss=4.6032  ema_loss=4.6048  gap=0.5551  ema_gap=0.5390  mixup=32/100  0.6 sps  ETA 0.4h  cpc=0.0086
              R²_rand=0.5198  R²_naive=0.5410  U_t=0.6242  U_b=0.8040  AUC=1.0000  Top1=0.9997
  timing: data=10.2ms  fwd=769.5ms  bwd=619.5ms  total=1400.0ms
  -> Saved /tmp/contrastive-forecasting-363/experiments/2026-06-24_sigreg_lambda_sweep/runs/bb_allt08_xftrip_nobn_enc3_emateach_sigreg_qk_aon_b512_cpc_emb100_enc10_best_gap.pth
[  11700] loss=4.6322  ema_loss=4.6119  gap=0.5518  ema_gap=0.5422  mixup=43/100  0.6 sps  ETA 0.4h  cpc=0.0503
              R²_rand=0.5172  R²_naive=0.5382  U_t=0.6177  U_b=0.7126  AUC=1.0000  Top1=1.0000
  timing: data=11.5ms  fwd=773.3ms  bwd=620.1ms  total=1405.7ms
  -> Saved /tmp/contrastive-forecasting-363/experiments/2026-06-24_sigreg_lambda_sweep/runs/bb_allt08_xftrip_nobn_enc3_emateach_sigreg_qk_aon_b512_cpc_emb100_enc10_best_gap.pth
[  11800] loss=4.5124  ema_loss=4.5908  gap=0.5396  ema_gap=0.5443  mixup=22/100  0.6 sps  ETA 0.3h  cpc=0.0077
              R²_rand=0.5192  R²_naive=0.5323  U_t=0.6091  U_b=0.8154  AUC=0.9999  Top1=0.9975
  timing: data=8.7ms  fwd=776.1ms  bwd=619.6ms  total=1405.2ms
  -> Saved /tmp/contrastive-forecasting-363/experiments/2026-06-24_sigreg_lambda_sweep/runs/bb_allt08_xftrip_nobn_enc3_emateach_sigreg_qk_aon_b512_cpc_emb100_enc10_best_gap.pth
[  11900] loss=4.7014  ema_loss=4.5733  gap=0.5455  ema_gap=0.5445  mixup=23/100  0.6 sps  ETA 0.3h  cpc=0.0559
              R²_rand=0.5150  R²_naive=0.5336  U_t=0.6395  U_b=0.7078  AUC=1.0000  Top1=0.9998
  timing: data=9.4ms  fwd=774.0ms  bwd=619.4ms  total=1403.5ms
  -> Saved /tmp/contrastive-forecasting-363/experiments/2026-06-24_sigreg_lambda_sweep/runs/bb_allt08_xftrip_nobn_enc3_emateach_sigreg_qk_aon_b512_cpc_emb100_enc10_best_gap.pth
[  12000] loss=4.6756  ema_loss=4.5760  gap=0.5525  ema_gap=0.5439  mixup=30/100  0.6 sps  ETA 0.2h  cpc=0.0667
              R²_rand=0.5206  R²_naive=0.5407  U_t=0.6008  U_b=0.7014  AUC=1.0000  Top1=0.9995
  timing: data=10.4ms  fwd=778.7ms  bwd=619.9ms  total=1409.8ms
[  12100] loss=4.5078  ema_loss=4.5727  gap=0.5295  ema_gap=0.5441  mixup=23/100  0.6 sps  ETA 0.2h  cpc=0.0035
              R²_rand=0.5078  R²_naive=0.5230  U_t=0.6136  U_b=0.8168  AUC=1.0000  Top1=0.9991
  timing: data=10.0ms  fwd=776.0ms  bwd=619.7ms  total=1406.5ms
[  12200] loss=4.6298  ema_loss=4.5772  gap=0.5459  ema_gap=0.5457  mixup=29/100  0.6 sps  ETA 0.1h  cpc=0.0027
              R²_rand=0.5123  R²_naive=0.5314  U_t=0.6531  U_b=0.8151  AUC=1.0000  Top1=0.9992
  timing: data=10.9ms  fwd=775.1ms  bwd=619.6ms  total=1406.4ms
  -> Saved /tmp/contrastive-forecasting-363/experiments/2026-06-24_sigreg_lambda_sweep/runs/bb_allt08_xftrip_nobn_enc3_emateach_sigreg_qk_aon_b512_cpc_emb100_enc10_best_gap.pth
[  12300] loss=4.6535  ema_loss=4.5631  gap=0.5466  ema_gap=0.5462  mixup=27/100  0.6 sps  ETA 0.1h  cpc=0.0365
              R²_rand=0.5123  R²_naive=0.5307  U_t=0.6584  U_b=0.7553  AUC=1.0000  Top1=0.9993
  timing: data=10.3ms  fwd=775.0ms  bwd=619.6ms  total=1405.7ms
  -> Saved /tmp/contrastive-forecasting-363/experiments/2026-06-24_sigreg_lambda_sweep/runs/bb_allt08_xftrip_nobn_enc3_emateach_sigreg_qk_aon_b512_cpc_emb100_enc10_best_gap.pth
[  12400] loss=4.6498  ema_loss=4.5651  gap=0.5393  ema_gap=0.5459  mixup=28/100  0.6 sps  ETA 0.0h  cpc=0.0536
              R²_rand=0.5179  R²_naive=0.5323  U_t=0.6415  U_b=0.7283  AUC=1.0000  Top1=0.9996
  timing: data=9.6ms  fwd=773.3ms  bwd=619.9ms  total=1403.5ms
[  12500] loss=4.5552  ema_loss=4.5629  gap=0.5503  ema_gap=0.5462  mixup=26/100  0.6 sps  ETA 0.0h  cpc=0.0034
              R²_rand=0.5154  R²_naive=0.5341  U_t=0.6428  U_b=0.8162  AUC=1.0000  Top1=0.9978
  timing: data=9.7ms  fwd=769.7ms  bwd=619.4ms  total=1399.4ms
  -> Saved /tmp/contrastive-forecasting-363/experiments/2026-06-24_sigreg_lambda_sweep/runs/bb_allt08_xftrip_nobn_enc3_emateach_sigreg_qk_aon_b512_cpc_emb100_enc10_best_gap.pth
  -> Saved /tmp/contrastive-forecasting-363/experiments/2026-06-24_sigreg_lambda_sweep/runs/bb_allt08_xftrip_nobn_enc3_emateach_sigreg_qk_aon_b512_cpc_emb100_enc10_12k.pth
  -> Saved /tmp/contrastive-forecasting-363/experiments/2026-06-24_sigreg_lambda_sweep/runs/bb_allt08_xftrip_nobn_enc3_emateach_sigreg_qk_aon_b512_cpc_emb100_enc10_final.pth

Done in 5.6h. Best gap=0.5462 at step 12500, Best loss=2.8246 at step 1400
