  [head-train] auto-detected freq_emb_dim=3 from backbone checkpoint
  [head-train] auto-detected seasonality_emb_dim=3 from backbone checkpoint
  [head-train] auto-detected num_encoder_layers=3 from backbone checkpoint
  [head-train] auto-detected qk_norm=True from backbone checkpoint
  [head-train] auto-detected attn_out_norm=True from backbone checkpoint
  [head-train] auto-detected patch_stats=none
Backbone loaded from /tmp/contrastive-forecasting-363/experiments/2026-06-24_sigreg_lambda_sweep/runs/bb_allt08_xftrip_nobn_enc3_emateach_sigreg_qk_aon_b512_cpc_emb1000_enc01_FINAL.pth (0 params, frozen)
/home/jupyter/.local/lib/python3.10/site-packages/torch/nn/modules/transformer.py:392: UserWarning: enable_nested_tensor is True, but self.use_nested_tensor is False because encoder_layer.norm_first was True
  warnings.warn(
Forecasting head [transformer-q (2L H384 nhead6 causal)]: 3,605,136 trainable params
Optimizer: AdamW lr=0.001 betas=(0.9,0.98) wd=0.1 eps=1e-08
Schedule: cosine warmup=2000 decay_start=24000 final_ratio=0.1
Loss CSV: /tmp/contrastive-forecasting-363/experiments/2026-06-24_sigreg_lambda_sweep/runs/qhead_2L_allt08_xftrip_nobn_enc3_emateach_sigreg_qk_aon_b512_cpc_emb1000_enc01_losses.csv
Data: MIX 100% HF + 0% synth, hf_bs=256, synth_bs=0, synth_seed=20042, emit_labels=True

Training for 30000 steps, bs=256, lr=0.001, forecast_len=16
RECONSTRUCTION mode: forecaster (head decodes what latent represents, not future)
Checkpoints: /tmp/contrastive-forecasting-363/experiments/2026-06-24_sigreg_lambda_sweep/runs/qhead_2L_allt08_xftrip_nobn_enc3_emateach_sigreg_qk_aon_b512_cpc_emb1000_enc01_*.pth
[    200] loss=0.246803  ema_loss=0.342297  5.1 sps  ETA 1.6h
  -> New best: /tmp/contrastive-forecasting-363/experiments/2026-06-24_sigreg_lambda_sweep/runs/qhead_2L_allt08_xftrip_nobn_enc3_emateach_sigreg_qk_aon_b512_cpc_emb1000_enc01_best.pth (ema_loss=0.342297)
[    400] loss=0.226748  ema_loss=0.246082  5.5 sps  ETA 1.5h
  -> New best: /tmp/contrastive-forecasting-363/experiments/2026-06-24_sigreg_lambda_sweep/runs/qhead_2L_allt08_xftrip_nobn_enc3_emateach_sigreg_qk_aon_b512_cpc_emb1000_enc01_best.pth (ema_loss=0.246082)
[    600] loss=0.214145  ema_loss=0.221201  5.6 sps  ETA 1.4h
  -> New best: /tmp/contrastive-forecasting-363/experiments/2026-06-24_sigreg_lambda_sweep/runs/qhead_2L_allt08_xftrip_nobn_enc3_emateach_sigreg_qk_aon_b512_cpc_emb1000_enc01_best.pth (ema_loss=0.221201)
[    800] loss=0.197597  ema_loss=0.212902  5.7 sps  ETA 1.4h
  -> New best: /tmp/contrastive-forecasting-363/experiments/2026-06-24_sigreg_lambda_sweep/runs/qhead_2L_allt08_xftrip_nobn_enc3_emateach_sigreg_qk_aon_b512_cpc_emb1000_enc01_best.pth (ema_loss=0.212902)
[   1000] loss=0.214307  ema_loss=0.210733  5.7 sps  ETA 1.4h
  -> New best: /tmp/contrastive-forecasting-363/experiments/2026-06-24_sigreg_lambda_sweep/runs/qhead_2L_allt08_xftrip_nobn_enc3_emateach_sigreg_qk_aon_b512_cpc_emb1000_enc01_best.pth (ema_loss=0.210733)
[   1200] loss=0.206604  ema_loss=0.207919  5.8 sps  ETA 1.4h
  -> New best: /tmp/contrastive-forecasting-363/experiments/2026-06-24_sigreg_lambda_sweep/runs/qhead_2L_allt08_xftrip_nobn_enc3_emateach_sigreg_qk_aon_b512_cpc_emb1000_enc01_best.pth (ema_loss=0.207919)
[   1400] loss=0.202811  ema_loss=0.207483  5.8 sps  ETA 1.4h
  -> New best: /tmp/contrastive-forecasting-363/experiments/2026-06-24_sigreg_lambda_sweep/runs/qhead_2L_allt08_xftrip_nobn_enc3_emateach_sigreg_qk_aon_b512_cpc_emb1000_enc01_best.pth (ema_loss=0.207483)
[   1600] loss=0.198226  ema_loss=0.206016  5.8 sps  ETA 1.4h
  -> New best: /tmp/contrastive-forecasting-363/experiments/2026-06-24_sigreg_lambda_sweep/runs/qhead_2L_allt08_xftrip_nobn_enc3_emateach_sigreg_qk_aon_b512_cpc_emb1000_enc01_best.pth (ema_loss=0.206016)
[   1800] loss=0.214587  ema_loss=0.206843  5.8 sps  ETA 1.4h
[   2000] loss=0.200905  ema_loss=0.205973  5.8 sps  ETA 1.3h
  -> New best: /tmp/contrastive-forecasting-363/experiments/2026-06-24_sigreg_lambda_sweep/runs/qhead_2L_allt08_xftrip_nobn_enc3_emateach_sigreg_qk_aon_b512_cpc_emb1000_enc01_best.pth (ema_loss=0.205973)
[   2200] loss=0.213303  ema_loss=0.206143  5.3 sps  ETA 1.4h
[   2400] loss=0.204399  ema_loss=0.205478  5.4 sps  ETA 1.4h
  -> New best: /tmp/contrastive-forecasting-363/experiments/2026-06-24_sigreg_lambda_sweep/runs/qhead_2L_allt08_xftrip_nobn_enc3_emateach_sigreg_qk_aon_b512_cpc_emb1000_enc01_best.pth (ema_loss=0.205478)
[   2600] loss=0.192896  ema_loss=0.204377  5.4 sps  ETA 1.4h
  -> New best: /tmp/contrastive-forecasting-363/experiments/2026-06-24_sigreg_lambda_sweep/runs/qhead_2L_allt08_xftrip_nobn_enc3_emateach_sigreg_qk_aon_b512_cpc_emb1000_enc01_best.pth (ema_loss=0.204377)
[   2800] loss=0.193602  ema_loss=0.204337  5.5 sps  ETA 1.4h
  -> New best: /tmp/contrastive-forecasting-363/experiments/2026-06-24_sigreg_lambda_sweep/runs/qhead_2L_allt08_xftrip_nobn_enc3_emateach_sigreg_qk_aon_b512_cpc_emb1000_enc01_best.pth (ema_loss=0.204337)
[   3000] loss=0.200425  ema_loss=0.203370  5.5 sps  ETA 1.4h
  -> New best: /tmp/contrastive-forecasting-363/experiments/2026-06-24_sigreg_lambda_sweep/runs/qhead_2L_allt08_xftrip_nobn_enc3_emateach_sigreg_qk_aon_b512_cpc_emb1000_enc01_best.pth (ema_loss=0.203370)
[   3200] loss=0.196156  ema_loss=0.204465  5.5 sps  ETA 1.4h
[   3400] loss=0.205791  ema_loss=0.203508  5.5 sps  ETA 1.3h
[   3600] loss=0.189312  ema_loss=0.202617  4.9 sps  ETA 1.5h
  -> New best: /tmp/contrastive-forecasting-363/experiments/2026-06-24_sigreg_lambda_sweep/runs/qhead_2L_allt08_xftrip_nobn_enc3_emateach_sigreg_qk_aon_b512_cpc_emb1000_enc01_best.pth (ema_loss=0.202617)
[   3800] loss=0.197923  ema_loss=0.203285  4.6 sps  ETA 1.6h
'HTTPSConnectionPool(host='us.aws.cdn.hf.co', port=443): Read timed out.' thrown while requesting GET https://huggingface.co/datasets/jeremycochoy/gift-pretrain-full-4096/resolve/main/small_v1/shard_00025.parquet
Retrying in 1s [Retry 1/5].
[   4000] loss=0.223321  ema_loss=0.202478  3.4 sps  ETA 2.1h
  -> New best: /tmp/contrastive-forecasting-363/experiments/2026-06-24_sigreg_lambda_sweep/runs/qhead_2L_allt08_xftrip_nobn_enc3_emateach_sigreg_qk_aon_b512_cpc_emb1000_enc01_best.pth (ema_loss=0.202478)
[   4200] loss=0.203829  ema_loss=0.202585  3.5 sps  ETA 2.1h
[   4400] loss=0.199959  ema_loss=0.202591  3.5 sps  ETA 2.0h
[   4600] loss=0.193927  ema_loss=0.202533  3.6 sps  ETA 2.0h
[   4800] loss=0.199630  ema_loss=0.201737  3.7 sps  ETA 1.9h
  -> New best: /tmp/contrastive-forecasting-363/experiments/2026-06-24_sigreg_lambda_sweep/runs/qhead_2L_allt08_xftrip_nobn_enc3_emateach_sigreg_qk_aon_b512_cpc_emb1000_enc01_best.pth (ema_loss=0.201737)
[   5000] loss=0.203660  ema_loss=0.202346  3.7 sps  ETA 1.9h
[   5200] loss=0.212203  ema_loss=0.201773  3.8 sps  ETA 1.8h
[   5400] loss=0.201002  ema_loss=0.202559  3.8 sps  ETA 1.8h
[   5600] loss=0.193329  ema_loss=0.201426  3.9 sps  ETA 1.8h
  -> New best: /tmp/contrastive-forecasting-363/experiments/2026-06-24_sigreg_lambda_sweep/runs/qhead_2L_allt08_xftrip_nobn_enc3_emateach_sigreg_qk_aon_b512_cpc_emb1000_enc01_best.pth (ema_loss=0.201426)
[   5800] loss=0.191373  ema_loss=0.201534  3.9 sps  ETA 1.7h
[   6000] loss=0.194353  ema_loss=0.201203  4.0 sps  ETA 1.7h
  -> New best: /tmp/contrastive-forecasting-363/experiments/2026-06-24_sigreg_lambda_sweep/runs/qhead_2L_allt08_xftrip_nobn_enc3_emateach_sigreg_qk_aon_b512_cpc_emb1000_enc01_best.pth (ema_loss=0.201203)
[   6200] loss=0.195824  ema_loss=0.201219  4.0 sps  ETA 1.7h
[   6400] loss=0.217155  ema_loss=0.200517  4.0 sps  ETA 1.6h
  -> New best: /tmp/contrastive-forecasting-363/experiments/2026-06-24_sigreg_lambda_sweep/runs/qhead_2L_allt08_xftrip_nobn_enc3_emateach_sigreg_qk_aon_b512_cpc_emb1000_enc01_best.pth (ema_loss=0.200517)
'HTTPSConnectionPool(host='us.aws.cdn.hf.co', port=443): Read timed out.' thrown while requesting GET https://huggingface.co/datasets/jeremycochoy/gift-pretrain-full-4096/resolve/main/small_v1/shard_00042.parquet
Retrying in 1s [Retry 1/5].
[   6600] loss=0.200806  ema_loss=0.200182  4.0 sps  ETA 1.6h
  -> New best: /tmp/contrastive-forecasting-363/experiments/2026-06-24_sigreg_lambda_sweep/runs/qhead_2L_allt08_xftrip_nobn_enc3_emateach_sigreg_qk_aon_b512_cpc_emb1000_enc01_best.pth (ema_loss=0.200182)
[   6800] loss=0.210751  ema_loss=0.201472  4.0 sps  ETA 1.6h
[   7000] loss=0.188584  ema_loss=0.201148  4.1 sps  ETA 1.6h
[   7200] loss=0.188081  ema_loss=0.201071  4.1 sps  ETA 1.5h
[   7400] loss=0.202622  ema_loss=0.201632  4.1 sps  ETA 1.5h
[   7600] loss=0.206131  ema_loss=0.200928  4.2 sps  ETA 1.5h
[   7800] loss=0.190950  ema_loss=0.200967  4.2 sps  ETA 1.5h
[   8000] loss=0.195970  ema_loss=0.200727  4.2 sps  ETA 1.4h
[   8200] loss=0.208770  ema_loss=0.200846  4.3 sps  ETA 1.4h
[   8400] loss=0.202005  ema_loss=0.199702  4.3 sps  ETA 1.4h
  -> New best: /tmp/contrastive-forecasting-363/experiments/2026-06-24_sigreg_lambda_sweep/runs/qhead_2L_allt08_xftrip_nobn_enc3_emateach_sigreg_qk_aon_b512_cpc_emb1000_enc01_best.pth (ema_loss=0.199702)
[   8600] loss=0.205965  ema_loss=0.200283  4.3 sps  ETA 1.4h
[   8800] loss=0.204865  ema_loss=0.200564  4.3 sps  ETA 1.4h
[   9000] loss=0.189823  ema_loss=0.199663  4.4 sps  ETA 1.3h
  -> New best: /tmp/contrastive-forecasting-363/experiments/2026-06-24_sigreg_lambda_sweep/runs/qhead_2L_allt08_xftrip_nobn_enc3_emateach_sigreg_qk_aon_b512_cpc_emb1000_enc01_best.pth (ema_loss=0.199663)
[   9200] loss=0.180692  ema_loss=0.199910  4.4 sps  ETA 1.3h
[   9400] loss=0.204627  ema_loss=0.200817  4.4 sps  ETA 1.3h
[   9600] loss=0.205100  ema_loss=0.200841  4.4 sps  ETA 1.3h
[   9800] loss=0.210910  ema_loss=0.200532  4.5 sps  ETA 1.3h
[  10000] loss=0.198180  ema_loss=0.200128  4.5 sps  ETA 1.2h
[  10200] loss=0.200559  ema_loss=0.199983  4.5 sps  ETA 1.2h
[  10400] loss=0.205156  ema_loss=0.199850  4.5 sps  ETA 1.2h
[  10600] loss=0.207484  ema_loss=0.198915  4.5 sps  ETA 1.2h
  -> New best: /tmp/contrastive-forecasting-363/experiments/2026-06-24_sigreg_lambda_sweep/runs/qhead_2L_allt08_xftrip_nobn_enc3_emateach_sigreg_qk_aon_b512_cpc_emb1000_enc01_best.pth (ema_loss=0.198915)
[  10800] loss=0.199767  ema_loss=0.198978  4.6 sps  ETA 1.2h
[  11000] loss=0.197691  ema_loss=0.200119  4.6 sps  ETA 1.2h
[  11200] loss=0.208357  ema_loss=0.199343  4.6 sps  ETA 1.1h
'HTTPSConnectionPool(host='us.aws.cdn.hf.co', port=443): Read timed out.' thrown while requesting GET https://huggingface.co/datasets/jeremycochoy/gift-pretrain-full-4096/resolve/main/small_v1/shard_00073.parquet
Retrying in 1s [Retry 1/5].
[  11400] loss=0.189911  ema_loss=0.199301  4.6 sps  ETA 1.1h
[  11600] loss=0.185791  ema_loss=0.199069  4.6 sps  ETA 1.1h
[  11800] loss=0.178725  ema_loss=0.200240  4.6 sps  ETA 1.1h
[  12000] loss=0.196032  ema_loss=0.199355  4.6 sps  ETA 1.1h
[  12200] loss=0.200736  ema_loss=0.198199  4.7 sps  ETA 1.1h
  -> New best: /tmp/contrastive-forecasting-363/experiments/2026-06-24_sigreg_lambda_sweep/runs/qhead_2L_allt08_xftrip_nobn_enc3_emateach_sigreg_qk_aon_b512_cpc_emb1000_enc01_best.pth (ema_loss=0.198199)
[  12400] loss=0.207106  ema_loss=0.199864  4.7 sps  ETA 1.0h
[  12600] loss=0.211541  ema_loss=0.200003  4.7 sps  ETA 1.0h
[  12800] loss=0.193150  ema_loss=0.198707  4.7 sps  ETA 1.0h
[  13000] loss=0.196062  ema_loss=0.198820  4.7 sps  ETA 1.0h
[  13200] loss=0.199971  ema_loss=0.199181  4.7 sps  ETA 1.0h
[  13400] loss=0.209176  ema_loss=0.198797  4.7 sps  ETA 1.0h
[  13600] loss=0.194308  ema_loss=0.199561  4.7 sps  ETA 1.0h
[  13800] loss=0.204629  ema_loss=0.198805  4.7 sps  ETA 1.0h
[  14000] loss=0.213004  ema_loss=0.200258  4.7 sps  ETA 0.9h
[  14200] loss=0.196874  ema_loss=0.198748  4.7 sps  ETA 0.9h
[  14400] loss=0.194334  ema_loss=0.199029  4.7 sps  ETA 0.9h
[  14600] loss=0.193815  ema_loss=0.198169  4.7 sps  ETA 0.9h
  -> New best: /tmp/contrastive-forecasting-363/experiments/2026-06-24_sigreg_lambda_sweep/runs/qhead_2L_allt08_xftrip_nobn_enc3_emateach_sigreg_qk_aon_b512_cpc_emb1000_enc01_best.pth (ema_loss=0.198169)
[  14800] loss=0.208888  ema_loss=0.199292  4.8 sps  ETA 0.9h
[  15000] loss=0.202933  ema_loss=0.199244  4.8 sps  ETA 0.9h
[  15200] loss=0.189422  ema_loss=0.198560  4.8 sps  ETA 0.9h
[  15400] loss=0.200224  ema_loss=0.199034  4.8 sps  ETA 0.8h
[  15600] loss=0.203984  ema_loss=0.197802  4.8 sps  ETA 0.8h
  -> New best: /tmp/contrastive-forecasting-363/experiments/2026-06-24_sigreg_lambda_sweep/runs/qhead_2L_allt08_xftrip_nobn_enc3_emateach_sigreg_qk_aon_b512_cpc_emb1000_enc01_best.pth (ema_loss=0.197802)
[  15800] loss=0.197866  ema_loss=0.198834  4.8 sps  ETA 0.8h
[  16000] loss=0.210390  ema_loss=0.199135  4.8 sps  ETA 0.8h
[  16200] loss=0.200558  ema_loss=0.198648  4.8 sps  ETA 0.8h
[  16400] loss=0.184808  ema_loss=0.198244  4.8 sps  ETA 0.8h
[  16600] loss=0.200300  ema_loss=0.199170  4.8 sps  ETA 0.8h
[  16800] loss=0.184894  ema_loss=0.198899  4.8 sps  ETA 0.8h
[  17000] loss=0.183357  ema_loss=0.197663  4.9 sps  ETA 0.7h
  -> New best: /tmp/contrastive-forecasting-363/experiments/2026-06-24_sigreg_lambda_sweep/runs/qhead_2L_allt08_xftrip_nobn_enc3_emateach_sigreg_qk_aon_b512_cpc_emb1000_enc01_best.pth (ema_loss=0.197663)
[  17200] loss=0.205770  ema_loss=0.199208  4.9 sps  ETA 0.7h
[  17400] loss=0.195403  ema_loss=0.198857  4.9 sps  ETA 0.7h
'HTTPSConnectionPool(host='us.aws.cdn.hf.co', port=443): Read timed out.' thrown while requesting GET https://huggingface.co/datasets/jeremycochoy/gift-pretrain-full-4096/resolve/main/small_v1/shard_00112.parquet
Retrying in 1s [Retry 1/5].
[  17600] loss=0.209724  ema_loss=0.200763  4.9 sps  ETA 0.7h
[  17800] loss=0.179599  ema_loss=0.198598  4.9 sps  ETA 0.7h
[  18000] loss=0.206626  ema_loss=0.198643  4.9 sps  ETA 0.7h
[  18200] loss=0.189911  ema_loss=0.198327  4.9 sps  ETA 0.7h
[  18400] loss=0.203268  ema_loss=0.198057  4.9 sps  ETA 0.7h
[  18600] loss=0.172786  ema_loss=0.197610  4.9 sps  ETA 0.6h
  -> New best: /tmp/contrastive-forecasting-363/experiments/2026-06-24_sigreg_lambda_sweep/runs/qhead_2L_allt08_xftrip_nobn_enc3_emateach_sigreg_qk_aon_b512_cpc_emb1000_enc01_best.pth (ema_loss=0.197610)
[  18800] loss=0.193383  ema_loss=0.197496  4.9 sps  ETA 0.6h
  -> New best: /tmp/contrastive-forecasting-363/experiments/2026-06-24_sigreg_lambda_sweep/runs/qhead_2L_allt08_xftrip_nobn_enc3_emateach_sigreg_qk_aon_b512_cpc_emb1000_enc01_best.pth (ema_loss=0.197496)
[  19000] loss=0.208678  ema_loss=0.198978  4.9 sps  ETA 0.6h
[  19200] loss=0.188091  ema_loss=0.198427  4.9 sps  ETA 0.6h
[  19400] loss=0.200030  ema_loss=0.198620  4.9 sps  ETA 0.6h
[  19600] loss=0.196725  ema_loss=0.198495  4.9 sps  ETA 0.6h
[  19800] loss=0.202052  ema_loss=0.198322  4.9 sps  ETA 0.6h
[  20000] loss=0.196626  ema_loss=0.198684  4.9 sps  ETA 0.6h
[  20200] loss=0.197889  ema_loss=0.198517  4.9 sps  ETA 0.6h
[  20400] loss=0.194104  ema_loss=0.197108  5.0 sps  ETA 0.5h
  -> New best: /tmp/contrastive-forecasting-363/experiments/2026-06-24_sigreg_lambda_sweep/runs/qhead_2L_allt08_xftrip_nobn_enc3_emateach_sigreg_qk_aon_b512_cpc_emb1000_enc01_best.pth (ema_loss=0.197108)
[  20600] loss=0.208185  ema_loss=0.197963  5.0 sps  ETA 0.5h
[  20800] loss=0.190571  ema_loss=0.197985  5.0 sps  ETA 0.5h
[  21000] loss=0.208245  ema_loss=0.198649  5.0 sps  ETA 0.5h
[  21200] loss=0.192398  ema_loss=0.197694  5.0 sps  ETA 0.5h
[  21400] loss=0.183956  ema_loss=0.198476  5.0 sps  ETA 0.5h
[  21600] loss=0.199908  ema_loss=0.198145  5.0 sps  ETA 0.5h
[  21800] loss=0.191736  ema_loss=0.197412  5.0 sps  ETA 0.5h
[  22000] loss=0.206032  ema_loss=0.198344  4.9 sps  ETA 0.4h
[  22200] loss=0.201446  ema_loss=0.197776  4.9 sps  ETA 0.4h
[  22400] loss=0.204040  ema_loss=0.197379  5.0 sps  ETA 0.4h
[  22600] loss=0.211178  ema_loss=0.198251  5.0 sps  ETA 0.4h
[  22800] loss=0.196873  ema_loss=0.198366  5.0 sps  ETA 0.4h
[  23000] loss=0.198982  ema_loss=0.198341  5.0 sps  ETA 0.4h
[  23200] loss=0.208221  ema_loss=0.197669  5.0 sps  ETA 0.4h
[  23400] loss=0.210152  ema_loss=0.197982  5.0 sps  ETA 0.4h
[  23600] loss=0.183361  ema_loss=0.196999  4.9 sps  ETA 0.4h
  -> New best: /tmp/contrastive-forecasting-363/experiments/2026-06-24_sigreg_lambda_sweep/runs/qhead_2L_allt08_xftrip_nobn_enc3_emateach_sigreg_qk_aon_b512_cpc_emb1000_enc01_best.pth (ema_loss=0.196999)
[  23800] loss=0.196370  ema_loss=0.197486  5.0 sps  ETA 0.3h
[  24000] loss=0.202189  ema_loss=0.197943  5.0 sps  ETA 0.3h
[  24200] loss=0.191697  ema_loss=0.197296  5.0 sps  ETA 0.3h
[  24400] loss=0.206623  ema_loss=0.198312  5.0 sps  ETA 0.3h
[  24600] loss=0.201628  ema_loss=0.198692  5.0 sps  ETA 0.3h
[  24800] loss=0.206042  ema_loss=0.197805  5.0 sps  ETA 0.3h
[  25000] loss=0.181463  ema_loss=0.198317  5.0 sps  ETA 0.3h
[  25200] loss=0.200340  ema_loss=0.197081  5.0 sps  ETA 0.3h
[  25400] loss=0.211946  ema_loss=0.198390  5.0 sps  ETA 0.3h
[  25600] loss=0.193632  ema_loss=0.197630  5.0 sps  ETA 0.2h
[  25800] loss=0.201562  ema_loss=0.196818  5.0 sps  ETA 0.2h
  -> New best: /tmp/contrastive-forecasting-363/experiments/2026-06-24_sigreg_lambda_sweep/runs/qhead_2L_allt08_xftrip_nobn_enc3_emateach_sigreg_qk_aon_b512_cpc_emb1000_enc01_best.pth (ema_loss=0.196818)
[  26000] loss=0.196689  ema_loss=0.197520  5.0 sps  ETA 0.2h
[  26200] loss=0.194882  ema_loss=0.196976  5.0 sps  ETA 0.2h
[  26400] loss=0.194198  ema_loss=0.197988  5.0 sps  ETA 0.2h
[  26600] loss=0.200775  ema_loss=0.197627  5.0 sps  ETA 0.2h
[  26800] loss=0.197216  ema_loss=0.196753  5.0 sps  ETA 0.2h
  -> New best: /tmp/contrastive-forecasting-363/experiments/2026-06-24_sigreg_lambda_sweep/runs/qhead_2L_allt08_xftrip_nobn_enc3_emateach_sigreg_qk_aon_b512_cpc_emb1000_enc01_best.pth (ema_loss=0.196753)
[  27000] loss=0.206742  ema_loss=0.198129  5.0 sps  ETA 0.2h
[  27200] loss=0.199159  ema_loss=0.198710  5.0 sps  ETA 0.2h
[  27400] loss=0.214562  ema_loss=0.198028  5.1 sps  ETA 0.1h
[  27600] loss=0.210527  ema_loss=0.198037  5.1 sps  ETA 0.1h
[  27800] loss=0.202904  ema_loss=0.197855  5.1 sps  ETA 0.1h
[  28000] loss=0.203986  ema_loss=0.197813  5.1 sps  ETA 0.1h
[  28200] loss=0.195311  ema_loss=0.198038  5.1 sps  ETA 0.1h
[  28400] loss=0.208424  ema_loss=0.197220  5.1 sps  ETA 0.1h
[  28600] loss=0.189257  ema_loss=0.196881  5.1 sps  ETA 0.1h
[  28800] loss=0.194657  ema_loss=0.197692  5.1 sps  ETA 0.1h
[  29000] loss=0.192266  ema_loss=0.198347  5.1 sps  ETA 0.1h
[  29200] loss=0.195370  ema_loss=0.197617  5.1 sps  ETA 0.0h
[  29400] loss=0.211649  ema_loss=0.198224  5.1 sps  ETA 0.0h
[  29600] loss=0.197109  ema_loss=0.198287  5.1 sps  ETA 0.0h
[  29800] loss=0.196044  ema_loss=0.197627  5.1 sps  ETA 0.0h
[  30000] loss=0.188087  ema_loss=0.196649  5.1 sps  ETA 0.0h
  -> New best: /tmp/contrastive-forecasting-363/experiments/2026-06-24_sigreg_lambda_sweep/runs/qhead_2L_allt08_xftrip_nobn_enc3_emateach_sigreg_qk_aon_b512_cpc_emb1000_enc01_best.pth (ema_loss=0.196649)

Done in 1.6h. Best loss=0.196649 at step 30000
