  [head-train] auto-detected freq_emb_dim=3 from backbone checkpoint
  [head-train] auto-detected seasonality_emb_dim=3 from backbone checkpoint
  [head-train] auto-detected num_encoder_layers=3 from backbone checkpoint
  [head-train] auto-detected qk_norm=True from backbone checkpoint
  [head-train] auto-detected attn_out_norm=True from backbone checkpoint
  [head-train] auto-detected patch_stats=none
Backbone loaded from /tmp/cf-revert-363/experiments/2026-06-24_sigreg_lambda_sweep/runs/bb_allt08_xftrip_nobn_enc3_emateach_sigreg_qk_aon_b512_cpc_emb10000_enc10_final.pth (0 params, frozen)
/home/jupyter/.local/lib/python3.10/site-packages/torch/nn/modules/transformer.py:392: UserWarning: enable_nested_tensor is True, but self.use_nested_tensor is False because encoder_layer.norm_first was True
  warnings.warn(
Forecasting head [transformer-q (6L H384 nhead6 causal)]: 10,702,992 trainable params
Optimizer: AdamW lr=0.001 betas=(0.9,0.98) wd=0.1 eps=1e-08
Schedule: cosine warmup=1000 decay_start=8000 final_ratio=0.1
Loaded head weights from /tmp/cf-revert-363/experiments/2026-06-24_sigreg_lambda_sweep/runs/qhead_6L_allt08_xftrip_nobn_enc3_emateach_sigreg_qk_aon_b512_cpc_emb10000_enc10_FINAL.pth (no optimizer state)
Loss CSV: /tmp/cf-revert-363/experiments/2026-06-24_sigreg_lambda_sweep/runs/qhead_6L_allt08_xftrip_nobn_enc3_emateach_sigreg_qk_aon_b512_cpc_emb10000_enc10_last_losses.csv
Data: MIX 100% HF + 0% synth, hf_bs=256, synth_bs=0, synth_seed=20042, emit_labels=True

Training for 10000 steps, bs=256, lr=0.001, forecast_len=16
RECONSTRUCTION mode: forecaster (head decodes what latent represents, not future)
Checkpoints: /tmp/cf-revert-363/experiments/2026-06-24_sigreg_lambda_sweep/runs/qhead_6L_allt08_xftrip_nobn_enc3_emateach_sigreg_qk_aon_b512_cpc_emb10000_enc10_last_*.pth
[    200] loss=0.214116  ema_loss=0.230989  3.8 sps  ETA 0.7h
  -> New best: /tmp/cf-revert-363/experiments/2026-06-24_sigreg_lambda_sweep/runs/qhead_6L_allt08_xftrip_nobn_enc3_emateach_sigreg_qk_aon_b512_cpc_emb10000_enc10_last_best.pth (ema_loss=0.230989)
[    400] loss=0.209160  ema_loss=0.212136  4.1 sps  ETA 0.7h
  -> New best: /tmp/cf-revert-363/experiments/2026-06-24_sigreg_lambda_sweep/runs/qhead_6L_allt08_xftrip_nobn_enc3_emateach_sigreg_qk_aon_b512_cpc_emb10000_enc10_last_best.pth (ema_loss=0.212136)
[    600] loss=0.205278  ema_loss=0.207110  4.1 sps  ETA 0.6h
  -> New best: /tmp/cf-revert-363/experiments/2026-06-24_sigreg_lambda_sweep/runs/qhead_6L_allt08_xftrip_nobn_enc3_emateach_sigreg_qk_aon_b512_cpc_emb10000_enc10_last_best.pth (ema_loss=0.207110)
[    800] loss=0.191085  ema_loss=0.203997  4.1 sps  ETA 0.6h
  -> New best: /tmp/cf-revert-363/experiments/2026-06-24_sigreg_lambda_sweep/runs/qhead_6L_allt08_xftrip_nobn_enc3_emateach_sigreg_qk_aon_b512_cpc_emb10000_enc10_last_best.pth (ema_loss=0.203997)
[   1000] loss=0.206767  ema_loss=0.203319  4.2 sps  ETA 0.6h
  -> New best: /tmp/cf-revert-363/experiments/2026-06-24_sigreg_lambda_sweep/runs/qhead_6L_allt08_xftrip_nobn_enc3_emateach_sigreg_qk_aon_b512_cpc_emb10000_enc10_last_best.pth (ema_loss=0.203319)
[   1200] loss=0.200465  ema_loss=0.201098  4.2 sps  ETA 0.6h
  -> New best: /tmp/cf-revert-363/experiments/2026-06-24_sigreg_lambda_sweep/runs/qhead_6L_allt08_xftrip_nobn_enc3_emateach_sigreg_qk_aon_b512_cpc_emb10000_enc10_last_best.pth (ema_loss=0.201098)
[   1400] loss=0.195879  ema_loss=0.200910  4.2 sps  ETA 0.6h
  -> New best: /tmp/cf-revert-363/experiments/2026-06-24_sigreg_lambda_sweep/runs/qhead_6L_allt08_xftrip_nobn_enc3_emateach_sigreg_qk_aon_b512_cpc_emb10000_enc10_last_best.pth (ema_loss=0.200910)
[   1600] loss=0.189896  ema_loss=0.199559  4.2 sps  ETA 0.6h
  -> New best: /tmp/cf-revert-363/experiments/2026-06-24_sigreg_lambda_sweep/runs/qhead_6L_allt08_xftrip_nobn_enc3_emateach_sigreg_qk_aon_b512_cpc_emb10000_enc10_last_best.pth (ema_loss=0.199559)
[   1800] loss=0.209953  ema_loss=0.200432  4.2 sps  ETA 0.5h
[   2000] loss=0.195128  ema_loss=0.199752  4.2 sps  ETA 0.5h
[   2200] loss=0.207562  ema_loss=0.200150  4.2 sps  ETA 0.5h
[   2400] loss=0.199653  ema_loss=0.199693  4.2 sps  ETA 0.5h
[   2600] loss=0.187493  ema_loss=0.198749  4.0 sps  ETA 0.5h
  -> New best: /tmp/cf-revert-363/experiments/2026-06-24_sigreg_lambda_sweep/runs/qhead_6L_allt08_xftrip_nobn_enc3_emateach_sigreg_qk_aon_b512_cpc_emb10000_enc10_last_best.pth (ema_loss=0.198749)
[   2800] loss=0.188703  ema_loss=0.198839  4.1 sps  ETA 0.5h
[   3000] loss=0.194782  ema_loss=0.198090  4.1 sps  ETA 0.5h
  -> New best: /tmp/cf-revert-363/experiments/2026-06-24_sigreg_lambda_sweep/runs/qhead_6L_allt08_xftrip_nobn_enc3_emateach_sigreg_qk_aon_b512_cpc_emb10000_enc10_last_best.pth (ema_loss=0.198090)
[   3200] loss=0.191087  ema_loss=0.199431  4.1 sps  ETA 0.5h
[   3400] loss=0.200980  ema_loss=0.198458  4.1 sps  ETA 0.4h
[   3600] loss=0.183964  ema_loss=0.197586  4.0 sps  ETA 0.4h
  -> New best: /tmp/cf-revert-363/experiments/2026-06-24_sigreg_lambda_sweep/runs/qhead_6L_allt08_xftrip_nobn_enc3_emateach_sigreg_qk_aon_b512_cpc_emb10000_enc10_last_best.pth (ema_loss=0.197586)
[   3800] loss=0.192899  ema_loss=0.198268  4.1 sps  ETA 0.4h
[   4000] loss=0.218236  ema_loss=0.197561  4.1 sps  ETA 0.4h
  -> New best: /tmp/cf-revert-363/experiments/2026-06-24_sigreg_lambda_sweep/runs/qhead_6L_allt08_xftrip_nobn_enc3_emateach_sigreg_qk_aon_b512_cpc_emb10000_enc10_last_best.pth (ema_loss=0.197561)
[   4200] loss=0.197738  ema_loss=0.197823  4.1 sps  ETA 0.4h
[   4400] loss=0.195020  ema_loss=0.197922  4.1 sps  ETA 0.4h
[   4600] loss=0.188985  ema_loss=0.197868  4.1 sps  ETA 0.4h
[   4800] loss=0.195318  ema_loss=0.197131  4.1 sps  ETA 0.4h
  -> New best: /tmp/cf-revert-363/experiments/2026-06-24_sigreg_lambda_sweep/runs/qhead_6L_allt08_xftrip_nobn_enc3_emateach_sigreg_qk_aon_b512_cpc_emb10000_enc10_last_best.pth (ema_loss=0.197131)
[   5000] loss=0.199038  ema_loss=0.197724  4.1 sps  ETA 0.3h
[   5200] loss=0.207922  ema_loss=0.197304  4.1 sps  ETA 0.3h
[   5400] loss=0.196977  ema_loss=0.198077  4.1 sps  ETA 0.3h
[   5600] loss=0.188047  ema_loss=0.196890  4.1 sps  ETA 0.3h
  -> New best: /tmp/cf-revert-363/experiments/2026-06-24_sigreg_lambda_sweep/runs/qhead_6L_allt08_xftrip_nobn_enc3_emateach_sigreg_qk_aon_b512_cpc_emb10000_enc10_last_best.pth (ema_loss=0.196890)
[   5800] loss=0.187113  ema_loss=0.197032  4.1 sps  ETA 0.3h
[   6000] loss=0.189247  ema_loss=0.196741  4.1 sps  ETA 0.3h
  -> New best: /tmp/cf-revert-363/experiments/2026-06-24_sigreg_lambda_sweep/runs/qhead_6L_allt08_xftrip_nobn_enc3_emateach_sigreg_qk_aon_b512_cpc_emb10000_enc10_last_best.pth (ema_loss=0.196741)
[   6200] loss=0.189501  ema_loss=0.196771  4.1 sps  ETA 0.3h
[   6400] loss=0.213453  ema_loss=0.196059  4.1 sps  ETA 0.2h
  -> New best: /tmp/cf-revert-363/experiments/2026-06-24_sigreg_lambda_sweep/runs/qhead_6L_allt08_xftrip_nobn_enc3_emateach_sigreg_qk_aon_b512_cpc_emb10000_enc10_last_best.pth (ema_loss=0.196059)
[   6600] loss=0.196349  ema_loss=0.195725  4.1 sps  ETA 0.2h
  -> New best: /tmp/cf-revert-363/experiments/2026-06-24_sigreg_lambda_sweep/runs/qhead_6L_allt08_xftrip_nobn_enc3_emateach_sigreg_qk_aon_b512_cpc_emb10000_enc10_last_best.pth (ema_loss=0.195725)
[   6800] loss=0.206592  ema_loss=0.197038  4.1 sps  ETA 0.2h
[   7000] loss=0.182956  ema_loss=0.196723  4.2 sps  ETA 0.2h
[   7200] loss=0.182775  ema_loss=0.196547  4.2 sps  ETA 0.2h
[   7400] loss=0.198247  ema_loss=0.197307  4.2 sps  ETA 0.2h
[   7600] loss=0.202028  ema_loss=0.196640  4.2 sps  ETA 0.2h
[   7800] loss=0.187479  ema_loss=0.196538  4.2 sps  ETA 0.1h
[   8000] loss=0.190863  ema_loss=0.196236  4.2 sps  ETA 0.1h
[   8200] loss=0.204618  ema_loss=0.196383  4.2 sps  ETA 0.1h
[   8400] loss=0.196895  ema_loss=0.195242  4.2 sps  ETA 0.1h
  -> New best: /tmp/cf-revert-363/experiments/2026-06-24_sigreg_lambda_sweep/runs/qhead_6L_allt08_xftrip_nobn_enc3_emateach_sigreg_qk_aon_b512_cpc_emb10000_enc10_last_best.pth (ema_loss=0.195242)
[   8600] loss=0.202149  ema_loss=0.195852  4.2 sps  ETA 0.1h
[   8800] loss=0.199903  ema_loss=0.196130  4.2 sps  ETA 0.1h
[   9000] loss=0.186294  ema_loss=0.195333  4.2 sps  ETA 0.1h
[   9200] loss=0.175917  ema_loss=0.195587  4.2 sps  ETA 0.1h
[   9400] loss=0.200550  ema_loss=0.196502  4.2 sps  ETA 0.0h
[   9600] loss=0.200637  ema_loss=0.196553  4.1 sps  ETA 0.0h
[   9800] loss=0.206943  ema_loss=0.196288  4.1 sps  ETA 0.0h
[  10000] loss=0.193338  ema_loss=0.195905  4.1 sps  ETA 0.0h

Done in 0.7h. Best loss=0.195242 at step 8400
