[10-06 20:44:15] [k3_r100_09_lr56_fix09_dec10k_lr100x_bb1080k_h30k_student] head-train start enc=student steps=30000 seed=20260722 gpu=0 bb=cf393_arm6_v2_combab_alignT_cf373k3_cf412_k3_r100_09_lr56_fix09_dec10k_lr100x_1080k.pth
  [head-train] auto-detected num_encoder_layers=3 from backbone checkpoint
  [head-train] auto-detected qk_norm=True from backbone checkpoint
  [head-train] auto-detected attn_out_norm=True from backbone checkpoint
  [head-train] auto-detected patch_stats=none
Backbone loaded from /workspace/ckpt/k3_r100_09_lr56_fix09_dec10k_lr100x/arm6_v2_combab_alignT/leg_1330k/cf393_arm6_v2_combab_alignT_cf373k3_cf412_k3_r100_09_lr56_fix09_dec10k_lr100x_1080k.pth (0 params, frozen, encoder=student)
/workspace/cf-412bm/src/forecasting_head.py:188: UserWarning: enable_nested_tensor is True, but self.use_nested_tensor is False because encoder_layer.norm_first was True
  self.transformer = nn.TransformerEncoder(layer, num_layers=num_layers)
Forecasting head [transformer-q (2L H384 nhead8 causal)]: 3,605,136 trainable params
Optimizer: AdamW lr=0.001 betas=(0.9,0.999) wd=0.01 eps=1e-08
Schedule: constant warmup=0 decay_start=24000 final_ratio=0.1
Loss CSV: /workspace/ckpt/cf-425/forecast/eval/k3_r100_09_lr56_fix09_dec10k_lr100x_bb1080k_h30k_student/qhead_k3_r100_09_lr56_fix09_dec10k_lr100x_bb1080k_h30k_student_s20260722_losses.csv
Data: MIX 100% HF + 0% synth, hf_bs=256, synth_bs=0, synth_seed=20280722, emit_labels=True

Training for 30000 steps, bs=256, lr=0.001, forecast_len=16
Checkpoints: /workspace/ckpt/cf-425/forecast/eval/k3_r100_09_lr56_fix09_dec10k_lr100x_bb1080k_h30k_student/qhead_k3_r100_09_lr56_fix09_dec10k_lr100x_bb1080k_h30k_student_s20260722_*.pth
[    500] loss=0.206964  ema_loss=0.209894  6.2 sps  ETA 1.3h
  -> New best: /workspace/ckpt/cf-425/forecast/eval/k3_r100_09_lr56_fix09_dec10k_lr100x_bb1080k_h30k_student/qhead_k3_r100_09_lr56_fix09_dec10k_lr100x_bb1080k_h30k_student_s20260722_best.pth (ema_loss=0.209894)
[   1000] loss=0.211454  ema_loss=0.206851  5.8 sps  ETA 1.4h
  -> New best: /workspace/ckpt/cf-425/forecast/eval/k3_r100_09_lr56_fix09_dec10k_lr100x_bb1080k_h30k_student/qhead_k3_r100_09_lr56_fix09_dec10k_lr100x_bb1080k_h30k_student_s20260722_best.pth (ema_loss=0.206851)
[   1500] loss=0.214798  ema_loss=0.204397  5.7 sps  ETA 1.4h
  -> New best: /workspace/ckpt/cf-425/forecast/eval/k3_r100_09_lr56_fix09_dec10k_lr100x_bb1080k_h30k_student/qhead_k3_r100_09_lr56_fix09_dec10k_lr100x_bb1080k_h30k_student_s20260722_best.pth (ema_loss=0.204397)
[   2000] loss=0.200378  ema_loss=0.204659  5.6 sps  ETA 1.4h
[   2500] loss=0.211315  ema_loss=0.203420  5.4 sps  ETA 1.4h
  -> New best: /workspace/ckpt/cf-425/forecast/eval/k3_r100_09_lr56_fix09_dec10k_lr100x_bb1080k_h30k_student/qhead_k3_r100_09_lr56_fix09_dec10k_lr100x_bb1080k_h30k_student_s20260722_best.pth (ema_loss=0.203420)
[   3000] loss=0.201124  ema_loss=0.203254  5.4 sps  ETA 1.4h
  -> New best: /workspace/ckpt/cf-425/forecast/eval/k3_r100_09_lr56_fix09_dec10k_lr100x_bb1080k_h30k_student/qhead_k3_r100_09_lr56_fix09_dec10k_lr100x_bb1080k_h30k_student_s20260722_best.pth (ema_loss=0.203254)
'HTTPSConnectionPool(host='us.aws.cdn.hf.co', port=443): Read timed out.' thrown while requesting GET https://huggingface.co/datasets/jeremycochoy/gift-pretrain-full-4096/resolve/main/small_v1/shard_00021.parquet
Retrying in 1s [Retry 1/5].
'HTTPSConnectionPool(host='us.aws.cdn.hf.co', port=443): Read timed out.' thrown while requesting GET https://huggingface.co/datasets/jeremycochoy/gift-pretrain-full-4096/resolve/main/small_v1/shard_00021.parquet
Retrying in 2s [Retry 2/5].
'HTTPSConnectionPool(host='us.aws.cdn.hf.co', port=443): Read timed out.' thrown while requesting GET https://huggingface.co/datasets/jeremycochoy/gift-pretrain-full-4096/resolve/main/small_v1/shard_00021.parquet
Retrying in 4s [Retry 3/5].
'HTTPSConnectionPool(host='us.aws.cdn.hf.co', port=443): Read timed out.' thrown while requesting GET https://huggingface.co/datasets/jeremycochoy/gift-pretrain-full-4096/resolve/main/small_v1/shard_00021.parquet
Retrying in 8s [Retry 4/5].
[   3500] loss=0.190679  ema_loss=0.203278  4.9 sps  ETA 1.5h
[   4000] loss=0.224240  ema_loss=0.203061  4.9 sps  ETA 1.5h
  -> New best: /workspace/ckpt/cf-425/forecast/eval/k3_r100_09_lr56_fix09_dec10k_lr100x_bb1080k_h30k_student/qhead_k3_r100_09_lr56_fix09_dec10k_lr100x_bb1080k_h30k_student_s20260722_best.pth (ema_loss=0.203061)
[   4500] loss=0.217788  ema_loss=0.203789  5.0 sps  ETA 1.4h
[   5000] loss=0.203719  ema_loss=0.203203  5.0 sps  ETA 1.4h
  -> Saved /workspace/ckpt/cf-425/forecast/eval/k3_r100_09_lr56_fix09_dec10k_lr100x_bb1080k_h30k_student/qhead_k3_r100_09_lr56_fix09_dec10k_lr100x_bb1080k_h30k_student_s20260722_5k.pth
'HTTPSConnectionPool(host='us.aws.cdn.hf.co', port=443): Read timed out.' thrown while requesting GET https://huggingface.co/datasets/jeremycochoy/gift-pretrain-full-4096/resolve/main/small_v1/shard_00033.parquet
Retrying in 1s [Retry 1/5].
'HTTPSConnectionPool(host='us.aws.cdn.hf.co', port=443): Read timed out.' thrown while requesting GET https://huggingface.co/datasets/jeremycochoy/gift-pretrain-full-4096/resolve/main/small_v1/shard_00033.parquet
Retrying in 2s [Retry 2/5].
'HTTPSConnectionPool(host='us.aws.cdn.hf.co', port=443): Read timed out.' thrown while requesting GET https://huggingface.co/datasets/jeremycochoy/gift-pretrain-full-4096/resolve/main/small_v1/shard_00033.parquet
Retrying in 4s [Retry 3/5].
'HTTPSConnectionPool(host='us.aws.cdn.hf.co', port=443): Read timed out.' thrown while requesting GET https://huggingface.co/datasets/jeremycochoy/gift-pretrain-full-4096/resolve/main/small_v1/shard_00033.parquet
Retrying in 8s [Retry 4/5].
[   5500] loss=0.204206  ema_loss=0.203176  4.7 sps  ETA 1.5h
[   6000] loss=0.195306  ema_loss=0.202367  4.7 sps  ETA 1.4h
  -> New best: /workspace/ckpt/cf-425/forecast/eval/k3_r100_09_lr56_fix09_dec10k_lr100x_bb1080k_h30k_student/qhead_k3_r100_09_lr56_fix09_dec10k_lr100x_bb1080k_h30k_student_s20260722_best.pth (ema_loss=0.202367)
[   6500] loss=0.199335  ema_loss=0.201897  4.7 sps  ETA 1.4h
  -> New best: /workspace/ckpt/cf-425/forecast/eval/k3_r100_09_lr56_fix09_dec10k_lr100x_bb1080k_h30k_student/qhead_k3_r100_09_lr56_fix09_dec10k_lr100x_bb1080k_h30k_student_s20260722_best.pth (ema_loss=0.201897)
'HTTPSConnectionPool(host='us.aws.cdn.hf.co', port=443): Read timed out.' thrown while requesting GET https://huggingface.co/datasets/jeremycochoy/gift-pretrain-full-4096/resolve/main/small_v1/shard_00043.parquet
Retrying in 1s [Retry 1/5].
'HTTPSConnectionPool(host='us.aws.cdn.hf.co', port=443): Read timed out.' thrown while requesting GET https://huggingface.co/datasets/jeremycochoy/gift-pretrain-full-4096/resolve/main/small_v1/shard_00043.parquet
Retrying in 2s [Retry 2/5].
'HTTPSConnectionPool(host='us.aws.cdn.hf.co', port=443): Read timed out.' thrown while requesting GET https://huggingface.co/datasets/jeremycochoy/gift-pretrain-full-4096/resolve/main/small_v1/shard_00043.parquet
Retrying in 4s [Retry 3/5].
'HTTPSConnectionPool(host='us.aws.cdn.hf.co', port=443): Read timed out.' thrown while requesting GET https://huggingface.co/datasets/jeremycochoy/gift-pretrain-full-4096/resolve/main/small_v1/shard_00043.parquet
Retrying in 8s [Retry 4/5].
[   7000] loss=0.190856  ema_loss=0.202432  4.5 sps  ETA 1.4h
[   7500] loss=0.204900  ema_loss=0.202573  4.5 sps  ETA 1.4h
[   8000] loss=0.197367  ema_loss=0.202094  4.6 sps  ETA 1.3h
[   8500] loss=0.209516  ema_loss=0.201025  4.6 sps  ETA 1.3h
  -> New best: /workspace/ckpt/cf-425/forecast/eval/k3_r100_09_lr56_fix09_dec10k_lr100x_bb1080k_h30k_student/qhead_k3_r100_09_lr56_fix09_dec10k_lr100x_bb1080k_h30k_student_s20260722_best.pth (ema_loss=0.201025)
[   9000] loss=0.190693  ema_loss=0.201073  4.6 sps  ETA 1.3h
[   9500] loss=0.194333  ema_loss=0.201205  4.7 sps  ETA 1.2h
[  10000] loss=0.199630  ema_loss=0.201454  4.7 sps  ETA 1.2h
  -> Saved /workspace/ckpt/cf-425/forecast/eval/k3_r100_09_lr56_fix09_dec10k_lr100x_bb1080k_h30k_student/qhead_k3_r100_09_lr56_fix09_dec10k_lr100x_bb1080k_h30k_student_s20260722_10k.pth
[  10500] loss=0.205392  ema_loss=0.199494  4.7 sps  ETA 1.1h
  -> New best: /workspace/ckpt/cf-425/forecast/eval/k3_r100_09_lr56_fix09_dec10k_lr100x_bb1080k_h30k_student/qhead_k3_r100_09_lr56_fix09_dec10k_lr100x_bb1080k_h30k_student_s20260722_best.pth (ema_loss=0.199494)
[  11000] loss=0.198909  ema_loss=0.201583  4.7 sps  ETA 1.1h
[  11500] loss=0.207698  ema_loss=0.201461  4.8 sps  ETA 1.1h
[  12000] loss=0.197502  ema_loss=0.200787  4.8 sps  ETA 1.0h
[  12500] loss=0.204432  ema_loss=0.201821  4.8 sps  ETA 1.0h
[  13000] loss=0.197557  ema_loss=0.200299  4.8 sps  ETA 1.0h
[  13500] loss=0.208205  ema_loss=0.200856  4.8 sps  ETA 1.0h
[  14000] loss=0.215369  ema_loss=0.201722  4.8 sps  ETA 0.9h
[  14500] loss=0.182671  ema_loss=0.200009  4.8 sps  ETA 0.9h
[  15000] loss=0.204839  ema_loss=0.200753  4.8 sps  ETA 0.9h
  -> Saved /workspace/ckpt/cf-425/forecast/eval/k3_r100_09_lr56_fix09_dec10k_lr100x_bb1080k_h30k_student/qhead_k3_r100_09_lr56_fix09_dec10k_lr100x_bb1080k_h30k_student_s20260722_15k.pth
[  15500] loss=0.194209  ema_loss=0.200123  4.8 sps  ETA 0.8h
[  16000] loss=0.211739  ema_loss=0.200669  4.8 sps  ETA 0.8h
[  16500] loss=0.193949  ema_loss=0.200506  4.9 sps  ETA 0.8h
[  17000] loss=0.184155  ema_loss=0.199239  4.9 sps  ETA 0.7h
  -> New best: /workspace/ckpt/cf-425/forecast/eval/k3_r100_09_lr56_fix09_dec10k_lr100x_bb1080k_h30k_student/qhead_k3_r100_09_lr56_fix09_dec10k_lr100x_bb1080k_h30k_student_s20260722_best.pth (ema_loss=0.199239)
[  17500] loss=0.205320  ema_loss=0.200710  4.9 sps  ETA 0.7h
[  18000] loss=0.208449  ema_loss=0.200279  4.9 sps  ETA 0.7h
[  18500] loss=0.193129  ema_loss=0.199691  4.9 sps  ETA 0.7h
[  19000] loss=0.210732  ema_loss=0.200595  4.9 sps  ETA 0.6h
[  19500] loss=0.174781  ema_loss=0.200653  4.9 sps  ETA 0.6h
[  20000] loss=0.198723  ema_loss=0.200359  4.9 sps  ETA 0.6h
  -> Saved /workspace/ckpt/cf-425/forecast/eval/k3_r100_09_lr56_fix09_dec10k_lr100x_bb1080k_h30k_student/qhead_k3_r100_09_lr56_fix09_dec10k_lr100x_bb1080k_h30k_student_s20260722_20k.pth
[  20500] loss=0.203871  ema_loss=0.199355  4.9 sps  ETA 0.5h
[  21000] loss=0.209920  ema_loss=0.200271  4.9 sps  ETA 0.5h
[  21500] loss=0.202588  ema_loss=0.199460  4.9 sps  ETA 0.5h
[  22000] loss=0.207834  ema_loss=0.200072  4.9 sps  ETA 0.5h
[  22500] loss=0.198934  ema_loss=0.198789  4.9 sps  ETA 0.4h
  -> New best: /workspace/ckpt/cf-425/forecast/eval/k3_r100_09_lr56_fix09_dec10k_lr100x_bb1080k_h30k_student/qhead_k3_r100_09_lr56_fix09_dec10k_lr100x_bb1080k_h30k_student_s20260722_best.pth (ema_loss=0.198789)
[  23000] loss=0.200782  ema_loss=0.200013  4.9 sps  ETA 0.4h
[  23500] loss=0.198464  ema_loss=0.199706  4.9 sps  ETA 0.4h
[  24000] loss=0.203792  ema_loss=0.199665  4.9 sps  ETA 0.3h
[  24500] loss=0.211466  ema_loss=0.199693  4.9 sps  ETA 0.3h
[  25000] loss=0.183488  ema_loss=0.200064  4.8 sps  ETA 0.3h
  -> Saved /workspace/ckpt/cf-425/forecast/eval/k3_r100_09_lr56_fix09_dec10k_lr100x_bb1080k_h30k_student/qhead_k3_r100_09_lr56_fix09_dec10k_lr100x_bb1080k_h30k_student_s20260722_25k.pth
[  25500] loss=0.194832  ema_loss=0.200009  4.8 sps  ETA 0.3h
[  26000] loss=0.197987  ema_loss=0.199273  4.9 sps  ETA 0.2h
[  26500] loss=0.204616  ema_loss=0.200501  4.9 sps  ETA 0.2h
[  27000] loss=0.208745  ema_loss=0.199901  4.9 sps  ETA 0.2h
[  27500] loss=0.198416  ema_loss=0.199749  4.8 sps  ETA 0.1h
[  28000] loss=0.206010  ema_loss=0.199442  4.8 sps  ETA 0.1h
[  28500] loss=0.208759  ema_loss=0.199271  4.8 sps  ETA 0.1h
[  29000] loss=0.194152  ema_loss=0.200018  4.8 sps  ETA 0.1h
[  29500] loss=0.195128  ema_loss=0.200246  4.9 sps  ETA 0.0h
[  30000] loss=0.189792  ema_loss=0.198314  4.8 sps  ETA 0.0h
  -> New best: /workspace/ckpt/cf-425/forecast/eval/k3_r100_09_lr56_fix09_dec10k_lr100x_bb1080k_h30k_student/qhead_k3_r100_09_lr56_fix09_dec10k_lr100x_bb1080k_h30k_student_s20260722_best.pth (ema_loss=0.198314)
  -> Saved /workspace/ckpt/cf-425/forecast/eval/k3_r100_09_lr56_fix09_dec10k_lr100x_bb1080k_h30k_student/qhead_k3_r100_09_lr56_fix09_dec10k_lr100x_bb1080k_h30k_student_s20260722_30k.pth

Done in 1.7h. Best loss=0.198314 at step 30000
[10-06 22:27:30] [k3_r100_09_lr56_fix09_dec10k_lr100x_bb1080k_h30k_student] head-train rc=0
[10-06 22:27:30] [k3_r100_09_lr56_fix09_dec10k_lr100x_bb1080k_h30k_student] eval start (97 configs, B4, forecast-len 16, elisa CPUs)
[10-06 22:27:30] START k3_r100_09_lr56_fix09_dec10k_lr100x_bb1080k_h30k_student bb1080k enc=student shards=3 slot=0
[10-06 23:48:59] merged 97 configs -> /workspace/ckpt/cf-425/forecast/eval/k3_r100_09_lr56_fix09_dec10k_lr100x_bb1080k_h30k_student/gift/all_results.csv
[10-06 23:49:01] DONE k3_r100_09_lr56_fix09_dec10k_lr100x_bb1080k_h30k_student bb1080k student — Aggregate GM-Relative MASE (97 configs): 1.1471 -> 1.1471
[10-06 23:49:01] [k3_r100_09_lr56_fix09_dec10k_lr100x_bb1080k_h30k_student] eval rc=0
[10-06 23:49:01] [k3_r100_09_lr56_fix09_dec10k_lr100x_bb1080k_h30k_student] DONE — GM-Relative MASE 1.1471
